================================================================
== Design Size Report
================================================================

* Total Instructions per Compilation Phase
+---------------+-----------------------------+--------------+----------------------------------------------------------------------------------------+
| Phase         | Step                        | Instructions | Description                                                                            |
+---------------+-----------------------------+--------------+----------------------------------------------------------------------------------------+
| Compile/Link  |                             |  2,053       | After all functions are compiled and linked into a single design                       |
|               |                             |              |                                                                                        |
| Unroll/Inline |                             |              | After user unroll and inline pragmas are applied                                       |
|               | (1) unroll                  | 68,260       | user unroll pragmas are applied                                                        |
|               | (2) simplification          | 20,543       | simplification of applied user unroll pragmas                                          |
|               | (3) inline                  | 20,460       | user inline pragmas are applied                                                        |
|               | (4) simplification          | 20,446       | simplification of applied user inline pragmas                                          |
|               |                             |              |                                                                                        |
| Array/Struct  |                             |              | After user array partition and struct aggregate/disaggregate pragmas are applied       |
|               | (1) array partition         |  8,631       | user array partition pragmas are applied                                               |
|               | (2) simplification          |  5,123       | simplification of applied user array partition & struct aggregate/disaggregate pragmas |
|               | (3) aggregate/disaggregate  |  5,123       | user struct aggregate/disaggregate pragmas are applied                                 |
|               | (4) array reshape           |  5,155       | apply array reshape pragmas                                                            |
|               | (5) access patterns         |  5,107       | array access pattern optmizations                                                      |
|               |                             |              |                                                                                        |
| Performance   |                             |              | After transformations are applied to meet performance pragma targets                   |
|               | (1) loop simplification     |  5,107       | loop and instruction simplification                                                    |
|               | (2) parallelization         |  4,933       | loops are unrolled or pipelined to meet performance targets                            |
|               | (3) array partition         |  4,757       | arrays are partitioned to meet performance targets                                     |
|               | (4) simplification          |  4,757       | simplification of design after performance transformations                             |
|               |                             |              |                                                                                        |
| HW Transforms |                             |              | After hardware transfomations                                                          |
|               | (1) lowering                |  4,761       | initial conversion to HW specific instructions                                         |
|               | (2) optimizations           |  4,766       | high level synthesis optimizations                                                     |
+---------------+-----------------------------+--------------+----------------------------------------------------------------------------------------+

* Instructions per Function for each Compilation Phase
+--------------------------------------+-------------------------+--------------+------------------+-----------------+-------------+---------------+
| Function                             | Location                | Compile/Link | Unroll/Inline    | Array/Struct    | Performance | HW Transforms |
+--------------------------------------+-------------------------+--------------+------------------+-----------------+-------------+---------------+
| + myproject                          | myproject.cpp:6         | 2,053        | 20,446           | 5,107           | 4,757       | 4,766         |
|  + dense<ap_fixed<16, 6, AP_TRN...   | nnet_dense.h:36         |  605         |                  |                 |             |               |
|   + dense_latency<ap_fixed<16, 6...  | nnet_dense_latency.h:13 |  603         |                  |                 |             |               |
|      product                         | nnet_mult.h:70          |  141         |                  |                 |             |               |
|      cast<ap_fixed<16, 6, AP_TRN,... | nnet_mult.h:110         |    3         |                  |                 |             |               |
|    relu<ap_fixed<16, 6, AP_TRN,...   | nnet_activation.h:39    |  819         | 2,492            | 2,553           | 2,495       | 2,496         |
|  + dense<ap_ufixed<8, 0, AP_RND...   | nnet_dense.h:36         |  605         |                  |                 |             |               |
|   + dense_latency<ap_ufixed<8, 0...  | nnet_dense_latency.h:13 |  603         |                  |                 |             |               |
|      product                         | nnet_mult.h:70          |  141         |                  |                 |             |               |
|      cast<ap_ufixed<8, 0, AP_RND_... | nnet_mult.h:110         |    3         |                  |                 |             |               |
|  + dense_latency<ap_fixed<16, 6...   | nnet_dense_latency.h:13 |              | 14,846           | 1,432           | 1,081       | 1,082         |
|     cast<ap_fixed<16, 6, AP_TRN,...  | nnet_mult.h:110         |              |   116 (58 calls) |  116 (58 calls) |             |               |
|    dense_latency<ap_ufixed<8, 0...   | nnet_dense_latency.h:13 |              | 3,094            |  998            |  940        |  941          |
+--------------------------------------+-------------------------+--------------+------------------+-----------------+-------------+---------------+

* Design Size Message Settings
+---------------------------------------------+--------+------------------------------------------------------------------+
| Message Setting                             | Value  | Description                                                      |
+---------------------------------------------+--------+------------------------------------------------------------------+
| config_compile -design_size_maximum_warning | 100000 | Show a warning when total design instructions exceeds this value |
+---------------------------------------------+--------+------------------------------------------------------------------+


