

================================================================
== Vitis HLS Report for 'dense_latency_ap_ufixed_2_0_4_0_0_ap_fixed_16_6_5_3_0_config7_s'
================================================================
* Date:           Mon Oct 20 15:01:57 2025

* Version:        2024.1 (Build 5069499 on May 21 2024)
* Project:        myproject_prj
* Solution:       solution1 (Vivado IP Flow Target)
* Product family: zynq
* Target device:  xc7z020-clg400-1


================================================================
== Performance Estimates
================================================================
+ Timing: 
    * Summary: 
    +--------+---------+----------+------------+
    |  Clock |  Target | Estimated| Uncertainty|
    +--------+---------+----------+------------+
    |ap_clk  |  5.00 ns|  3.786 ns|     0.62 ns|
    +--------+---------+----------+------------+

+ Latency: 
    * Summary: 
    +---------+---------+-----------+-----------+-----+-----+---------+
    |  Latency (cycles) |   Latency (absolute)  |  Interval | Pipeline|
    |   min   |   max   |    min    |    max    | min | max |   Type  |
    +---------+---------+-----------+-----------+-----+-----+---------+
    |        3|        3|  15.000 ns|  15.000 ns|    1|    1|      yes|
    +---------+---------+-----------+-----------+-----+-----+---------+

    + Detail: 
        * Instance: 
        N/A

        * Loop: 
        N/A



================================================================
== Utilization Estimates
================================================================
* Summary: 
+-----------------+---------+-----+--------+-------+-----+
|       Name      | BRAM_18K| DSP |   FF   |  LUT  | URAM|
+-----------------+---------+-----+--------+-------+-----+
|DSP              |        -|    -|       -|      -|    -|
|Expression       |        -|    -|       0|   1846|    -|
|FIFO             |        -|    -|       -|      -|    -|
|Instance         |        -|    -|       -|      -|    -|
|Memory           |        -|    -|       -|      -|    -|
|Multiplexer      |        -|    -|       0|    280|    -|
|Register         |        -|    -|     624|      -|    -|
+-----------------+---------+-----+--------+-------+-----+
|Total            |        0|    0|     624|   2126|    0|
+-----------------+---------+-----+--------+-------+-----+
|Available        |      280|  220|  106400|  53200|    0|
+-----------------+---------+-----+--------+-------+-----+
|Utilization (%)  |        0|    0|      ~0|      3|    0|
+-----------------+---------+-----+--------+-------+-----+

+ Detail: 
    * Instance: 
    N/A

    * DSP: 
    N/A

    * Memory: 
    N/A

    * FIFO: 
    N/A

    * Expression: 
    +-------------------------+----------+----+---+----+------------+------------+
    |      Variable Name      | Operation| DSP| FF| LUT| Bitwidth P0| Bitwidth P1|
    +-------------------------+----------+----+---+----+------------+------------+
    |add_ln58_100_fu_1841_p2  |         +|   0|  0|  12|          12|          12|
    |add_ln58_101_fu_1417_p2  |         +|   0|  0|  13|          10|          10|
    |add_ln58_102_fu_638_p2   |         +|   0|  0|  13|          10|          10|
    |add_ln58_103_fu_1430_p2  |         +|   0|  0|  12|          11|          11|
    |add_ln58_104_fu_1439_p2  |         +|   0|  0|  12|          12|          12|
    |add_ln58_105_fu_1847_p2  |         +|   0|  0|  12|          12|          12|
    |add_ln58_106_fu_1445_p2  |         +|   0|  0|  12|          11|          11|
    |add_ln58_107_fu_1458_p2  |         +|   0|  0|  12|          11|          11|
    |add_ln58_108_fu_1468_p2  |         +|   0|  0|  12|          12|          12|
    |add_ln58_109_fu_644_p2   |         +|   0|  0|  13|          10|          10|
    |add_ln58_10_fu_1591_p2   |         +|   0|  0|  12|          12|          12|
    |add_ln58_110_fu_654_p2   |         +|   0|  0|  12|          11|          11|
    |add_ln58_111_fu_1480_p2  |         +|   0|  0|  12|          12|          12|
    |add_ln58_112_fu_1486_p2  |         +|   0|  0|  12|          12|          12|
    |add_ln58_113_fu_1862_p2  |         +|   0|  0|  14|          13|          13|
    |add_ln58_114_fu_1492_p2  |         +|   0|  0|  13|          10|          10|
    |add_ln58_115_fu_1875_p2  |         +|   0|  0|  12|          12|          12|
    |add_ln58_116_fu_1497_p2  |         +|   0|  0|  12|          11|          11|
    |add_ln58_117_fu_1883_p2  |         +|   0|  0|  12|          12|          12|
    |add_ln58_118_fu_1503_p2  |         +|   0|  0|  11|          11|          11|
    |add_ln58_119_fu_1509_p2  |         +|   0|  0|  11|          11|          11|
    |add_ln58_11_fu_901_p2    |         +|   0|  0|  12|          11|          11|
    |add_ln58_120_fu_1515_p2  |         +|   0|  0|  12|          11|          11|
    |add_ln58_121_fu_1899_p2  |         +|   0|  0|  12|          12|          12|
    |add_ln58_122_fu_1905_p2  |         +|   0|  0|  12|          12|          12|
    |add_ln58_123_fu_1520_p2  |         +|   0|  0|  13|          10|          10|
    |add_ln58_124_fu_1528_p2  |         +|   0|  0|  12|          12|          12|
    |add_ln58_125_fu_1534_p2  |         +|   0|  0|  12|          11|          11|
    |add_ln58_126_fu_1540_p2  |         +|   0|  0|  13|          10|          10|
    |add_ln58_127_fu_1550_p2  |         +|   0|  0|  12|          11|          11|
    |add_ln58_128_fu_1924_p2  |         +|   0|  0|  12|          12|          12|
    |add_ln58_129_fu_660_p2   |         +|   0|  0|  13|          10|          10|
    |add_ln58_12_fu_910_p2    |         +|   0|  0|  13|          10|          10|
    |add_ln58_130_fu_666_p2   |         +|   0|  0|  12|          11|          11|
    |add_ln58_131_fu_1561_p2  |         +|   0|  0|  12|          12|          12|
    |add_ln58_132_fu_1567_p2  |         +|   0|  0|  12|          12|          12|
    |add_ln58_133_fu_1937_p2  |         +|   0|  0|  14|          13|          13|
    |add_ln58_13_fu_920_p2    |         +|   0|  0|  12|          12|          12|
    |add_ln58_14_fu_584_p2    |         +|   0|  0|  13|          10|          10|
    |add_ln58_15_fu_929_p2    |         +|   0|  0|  12|          11|          11|
    |add_ln58_16_fu_590_p2    |         +|   0|  0|  13|          10|          10|
    |add_ln58_17_fu_942_p2    |         +|   0|  0|  12|          11|          11|
    |add_ln58_18_fu_952_p2    |         +|   0|  0|  12|          12|          12|
    |add_ln58_19_fu_958_p2    |         +|   0|  0|  12|          11|          11|
    |add_ln58_1_fu_556_p2     |         +|   0|  0|  13|          10|          10|
    |add_ln58_20_fu_596_p2    |         +|   0|  0|  13|          10|          10|
    |add_ln58_21_fu_970_p2    |         +|   0|  0|  12|          11|          11|
    |add_ln58_22_fu_980_p2    |         +|   0|  0|  12|          12|          12|
    |add_ln58_23_fu_986_p2    |         +|   0|  0|  12|          11|          11|
    |add_ln58_24_fu_992_p2    |         +|   0|  0|  13|          10|          10|
    |add_ln58_25_fu_1001_p2   |         +|   0|  0|  12|          11|          11|
    |add_ln58_26_fu_1616_p2   |         +|   0|  0|  12|          12|          12|
    |add_ln58_27_fu_1007_p2   |         +|   0|  0|  12|          11|          11|
    |add_ln58_28_fu_1012_p2   |         +|   0|  0|  13|          10|          10|
    |add_ln58_29_fu_1020_p2   |         +|   0|  0|  12|          11|          11|
    |add_ln58_2_fu_562_p2     |         +|   0|  0|  13|          10|          10|
    |add_ln58_30_fu_1632_p2   |         +|   0|  0|  12|          12|          12|
    |add_ln58_31_fu_1642_p2   |         +|   0|  0|  14|          13|          13|
    |add_ln58_32_fu_1026_p2   |         +|   0|  0|  12|          11|          11|
    |add_ln58_33_fu_1035_p2   |         +|   0|  0|  13|          10|          10|
    |add_ln58_34_fu_1045_p2   |         +|   0|  0|  12|          12|          12|
    |add_ln58_35_fu_1051_p2   |         +|   0|  0|  12|          11|          11|
    |add_ln58_36_fu_1056_p2   |         +|   0|  0|  13|          10|          10|
    |add_ln58_37_fu_1066_p2   |         +|   0|  0|  12|          11|          11|
    |add_ln58_38_fu_1661_p2   |         +|   0|  0|  12|          12|          12|
    |add_ln58_39_fu_1671_p2   |         +|   0|  0|  14|          13|          13|
    |add_ln58_3_fu_568_p2     |         +|   0|  0|  13|          10|          10|
    |add_ln58_40_fu_1071_p2   |         +|   0|  0|  13|          10|          10|
    |add_ln58_41_fu_1080_p2   |         +|   0|  0|  13|          10|          10|
    |add_ln58_42_fu_1090_p2   |         +|   0|  0|  12|          11|          11|
    |add_ln58_43_fu_1096_p2   |         +|   0|  0|  12|          11|          11|
    |add_ln58_44_fu_1105_p2   |         +|   0|  0|  12|          11|          11|
    |add_ln58_45_fu_1113_p2   |         +|   0|  0|  12|          12|          12|
    |add_ln58_46_fu_1687_p2   |         +|   0|  0|  14|          13|          13|
    |add_ln58_47_fu_1119_p2   |         +|   0|  0|  12|          11|          11|
    |add_ln58_48_fu_1128_p2   |         +|   0|  0|  12|          11|          11|
    |add_ln58_49_fu_1138_p2   |         +|   0|  0|  12|          12|          12|
    |add_ln58_4_fu_578_p2     |         +|   0|  0|  12|          11|          11|
    |add_ln58_50_fu_1144_p2   |         +|   0|  0|  13|          10|          10|
    |add_ln58_51_fu_1153_p2   |         +|   0|  0|  13|          10|          10|
    |add_ln58_52_fu_1162_p2   |         +|   0|  0|  12|          11|          11|
    |add_ln58_53_fu_1703_p2   |         +|   0|  0|  14|          13|          13|
    |add_ln58_54_fu_1168_p2   |         +|   0|  0|  13|          10|          10|
    |add_ln58_55_fu_1177_p2   |         +|   0|  0|  13|          10|          10|
    |add_ln58_56_fu_1186_p2   |         +|   0|  0|  12|          12|          12|
    |add_ln58_57_fu_1195_p2   |         +|   0|  0|  13|          10|          10|
    |add_ln58_58_fu_1204_p2   |         +|   0|  0|  12|          12|          12|
    |add_ln58_59_fu_1719_p2   |         +|   0|  0|  14|          13|          13|
    |add_ln58_5_fu_878_p2     |         +|   0|  0|  11|          11|          11|
    |add_ln58_60_fu_1210_p2   |         +|   0|  0|  11|          11|          11|
    |add_ln58_61_fu_1216_p2   |         +|   0|  0|  11|          11|          11|
    |add_ln58_62_fu_1222_p2   |         +|   0|  0|  13|          10|          10|
    |add_ln58_63_fu_1231_p2   |         +|   0|  0|  12|          11|          11|
    |add_ln58_64_fu_1735_p2   |         +|   0|  0|  12|          12|          12|
    |add_ln58_65_fu_1237_p2   |         +|   0|  0|  12|          11|          11|
    |add_ln58_66_fu_1246_p2   |         +|   0|  0|  12|          12|          12|
    |add_ln58_67_fu_602_p2    |         +|   0|  0|  13|          10|          10|
    |add_ln58_68_fu_608_p2    |         +|   0|  0|  13|          10|          10|
    |add_ln58_69_fu_1258_p2   |         +|   0|  0|  12|          11|          11|
    |add_ln58_6_fu_884_p2     |         +|   0|  0|  11|          11|          11|
    |add_ln58_70_fu_1268_p2   |         +|   0|  0|  12|          12|          12|
    |add_ln58_71_fu_1751_p2   |         +|   0|  0|  14|          13|          13|
    |add_ln58_72_fu_614_p2    |         +|   0|  0|  12|          11|          11|
    |add_ln58_73_fu_620_p2    |         +|   0|  0|  12|          11|          11|
    |add_ln58_74_fu_1280_p2   |         +|   0|  0|  12|          12|          12|
    |add_ln58_75_fu_1286_p2   |         +|   0|  0|  12|          12|          12|
    |add_ln58_76_fu_1292_p2   |         +|   0|  0|  12|          11|          11|
    |add_ln58_77_fu_626_p2    |         +|   0|  0|  12|          11|          11|
    |add_ln58_78_fu_1301_p2   |         +|   0|  0|  12|          11|          11|
    |add_ln58_79_fu_1310_p2   |         +|   0|  0|  12|          12|          12|
    |add_ln58_7_fu_890_p2     |         +|   0|  0|  12|          11|          11|
    |add_ln58_80_fu_1767_p2   |         +|   0|  0|  14|          13|          13|
    |add_ln58_81_fu_1316_p2   |         +|   0|  0|  13|          10|          10|
    |add_ln58_82_fu_1325_p2   |         +|   0|  0|  12|          11|          11|
    |add_ln58_83_fu_1331_p2   |         +|   0|  0|  13|          10|          10|
    |add_ln58_84_fu_1340_p2   |         +|   0|  0|  12|          11|          11|
    |add_ln58_85_fu_1783_p2   |         +|   0|  0|  12|          12|          12|
    |add_ln58_86_fu_1346_p2   |         +|   0|  0|  13|          10|          10|
    |add_ln58_87_fu_1355_p2   |         +|   0|  0|  12|          11|          11|
    |add_ln58_88_fu_1361_p2   |         +|   0|  0|  12|          11|          11|
    |add_ln58_89_fu_1799_p2   |         +|   0|  0|  12|          12|          12|
    |add_ln58_8_fu_895_p2     |         +|   0|  0|  13|          10|          10|
    |add_ln58_90_fu_1809_p2   |         +|   0|  0|  14|          13|          13|
    |add_ln58_91_fu_1367_p2   |         +|   0|  0|  12|          12|          12|
    |add_ln58_92_fu_632_p2    |         +|   0|  0|  13|          10|          10|
    |add_ln58_93_fu_1376_p2   |         +|   0|  0|  12|          12|          12|
    |add_ln58_94_fu_1382_p2   |         +|   0|  0|  12|          11|          11|
    |add_ln58_95_fu_1392_p2   |         +|   0|  0|  12|          11|          11|
    |add_ln58_96_fu_1401_p2   |         +|   0|  0|  12|          12|          12|
    |add_ln58_97_fu_1825_p2   |         +|   0|  0|  14|          13|          13|
    |add_ln58_98_fu_1407_p2   |         +|   0|  0|  13|          10|          10|
    |add_ln58_99_fu_1411_p2   |         +|   0|  0|  12|          11|          11|
    |add_ln58_9_fu_1585_p2    |         +|   0|  0|  12|          12|          12|
    |add_ln58_fu_546_p2       |         +|   0|  0|  13|          10|          10|
    |sub_ln73_10_fu_394_p2    |         -|   0|  0|  11|           1|           3|
    |sub_ln73_11_fu_425_p2    |         -|   0|  0|  11|           1|           3|
    |sub_ln73_12_fu_445_p2    |         -|   0|  0|  11|           1|           3|
    |sub_ln73_13_fu_186_p2    |         -|   0|  0|  11|           1|           3|
    |sub_ln73_14_fu_465_p2    |         -|   0|  0|  11|           1|           3|
    |sub_ln73_15_fu_496_p2    |         -|   0|  0|  11|           1|           3|
    |sub_ln73_16_fu_528_p2    |         -|   0|  0|  11|           1|           3|
    |sub_ln73_1_fu_213_p2     |         -|   0|  0|  11|           1|           3|
    |sub_ln73_2_fu_176_p2     |         -|   0|  0|  11|           1|           3|
    |sub_ln73_3_fu_263_p2     |         -|   0|  0|  11|           1|           3|
    |sub_ln73_4_fu_283_p2     |         -|   0|  0|  11|           1|           3|
    |sub_ln73_5_fu_292_p2     |         -|   0|  0|  11|           1|           3|
    |sub_ln73_6_fu_312_p2     |         -|   0|  0|  11|           1|           3|
    |sub_ln73_7_fu_321_p2     |         -|   0|  0|  11|           1|           3|
    |sub_ln73_8_fu_353_p2     |         -|   0|  0|  11|           1|           3|
    |sub_ln73_9_fu_373_p2     |         -|   0|  0|  11|           1|           3|
    |sub_ln73_fu_166_p2       |         -|   0|  0|  11|           1|           3|
    +-------------------------+----------+----+---+----+------------+------------+
    |Total                    |          |   0|  0|1846|        1516|        1550|
    +-------------------------+----------+----+---+----+------------+------------+

    * Multiplexer: 
    +--------------+----+-----------+-----+-----------+
    |     Name     | LUT| Input Size| Bits| Total Bits|
    +--------------+----+-----------+-----+-----------+
    |ap_return_0   |  14|          3|   16|         48|
    |ap_return_1   |  14|          3|   16|         48|
    |ap_return_10  |  14|          3|   16|         48|
    |ap_return_11  |  14|          3|   16|         48|
    |ap_return_12  |  14|          3|   16|         48|
    |ap_return_13  |  14|          3|   16|         48|
    |ap_return_14  |  14|          3|   16|         48|
    |ap_return_15  |  14|          3|   16|         48|
    |ap_return_16  |  14|          3|   16|         48|
    |ap_return_17  |  14|          3|   16|         48|
    |ap_return_18  |  14|          3|   16|         48|
    |ap_return_19  |  14|          3|   16|         48|
    |ap_return_2   |  14|          3|   16|         48|
    |ap_return_3   |  14|          3|   16|         48|
    |ap_return_4   |  14|          3|   16|         48|
    |ap_return_5   |  14|          3|   16|         48|
    |ap_return_6   |  14|          3|   16|         48|
    |ap_return_7   |  14|          3|   16|         48|
    |ap_return_8   |  14|          3|   16|         48|
    |ap_return_9   |  14|          3|   16|         48|
    +--------------+----+-----------+-----+-----------+
    |Total         | 280|         60|  320|        960|
    +--------------+----+-----------+-----+-----------+

    * Register: 
    +-----------------------------------------+---+----+-----+-----------+
    |                   Name                  | FF| LUT| Bits| Const Bits|
    +-----------------------------------------+---+----+-----+-----------+
    |add_ln58_102_reg_2446                    |  3|   0|   10|          7|
    |add_ln58_104_reg_2641                    |  5|   0|   12|          7|
    |add_ln58_108_reg_2646                    |  5|   0|   12|          7|
    |add_ln58_110_reg_2451                    |  4|   0|   11|          7|
    |add_ln58_112_reg_2651                    |  5|   0|   12|          7|
    |add_ln58_114_reg_2656                    |  3|   0|   10|          7|
    |add_ln58_116_reg_2661                    |  4|   0|   11|          7|
    |add_ln58_119_reg_2666                    |  4|   0|   11|          7|
    |add_ln58_120_reg_2671                    |  4|   0|   11|          7|
    |add_ln58_124_reg_2676                    |  5|   0|   12|          7|
    |add_ln58_125_reg_2681                    |  4|   0|   11|          7|
    |add_ln58_127_reg_2686                    |  4|   0|   11|          7|
    |add_ln58_129_reg_2456                    |  3|   0|   10|          7|
    |add_ln58_130_reg_2461                    |  4|   0|   11|          7|
    |add_ln58_132_reg_2691                    |  5|   0|   12|          7|
    |add_ln58_13_reg_2491                     |  5|   0|   12|          7|
    |add_ln58_14_reg_2397                     |  3|   0|   10|          7|
    |add_ln58_16_reg_2402                     |  3|   0|   10|          7|
    |add_ln58_18_reg_2496                     |  5|   0|   12|          7|
    |add_ln58_1_reg_2377                      |  3|   0|   10|          7|
    |add_ln58_20_reg_2407                     |  3|   0|   10|          7|
    |add_ln58_22_reg_2501                     |  5|   0|   12|          7|
    |add_ln58_23_reg_2506                     |  4|   0|   11|          7|
    |add_ln58_25_reg_2511                     |  4|   0|   11|          7|
    |add_ln58_27_reg_2516                     |  4|   0|   11|          7|
    |add_ln58_29_reg_2521                     |  4|   0|   11|          7|
    |add_ln58_2_reg_2382                      |  3|   0|   10|          7|
    |add_ln58_34_reg_2526                     |  5|   0|   12|          7|
    |add_ln58_35_reg_2531                     |  4|   0|   11|          7|
    |add_ln58_37_reg_2536                     |  4|   0|   11|          7|
    |add_ln58_42_reg_2541                     |  4|   0|   11|          7|
    |add_ln58_45_reg_2546                     |  5|   0|   12|          7|
    |add_ln58_49_reg_2551                     |  5|   0|   12|          7|
    |add_ln58_4_reg_2392                      |  4|   0|   11|          7|
    |add_ln58_52_reg_2556                     |  4|   0|   11|          7|
    |add_ln58_56_reg_2561                     |  5|   0|   12|          7|
    |add_ln58_58_reg_2566                     |  5|   0|   12|          7|
    |add_ln58_61_reg_2571                     |  4|   0|   11|          7|
    |add_ln58_63_reg_2576                     |  4|   0|   11|          7|
    |add_ln58_66_reg_2581                     |  5|   0|   12|          7|
    |add_ln58_67_reg_2413                     |  3|   0|   10|          7|
    |add_ln58_68_reg_2419                     |  3|   0|   10|          7|
    |add_ln58_6_reg_2476                      |  4|   0|   11|          7|
    |add_ln58_70_reg_2586                     |  5|   0|   12|          7|
    |add_ln58_72_reg_2424                     |  4|   0|   11|          7|
    |add_ln58_73_reg_2429                     |  4|   0|   11|          7|
    |add_ln58_75_reg_2591                     |  5|   0|   12|          7|
    |add_ln58_77_reg_2434                     |  4|   0|   11|          7|
    |add_ln58_79_reg_2596                     |  5|   0|   12|          7|
    |add_ln58_7_reg_2481                      |  4|   0|   11|          7|
    |add_ln58_82_reg_2601                     |  4|   0|   11|          7|
    |add_ln58_84_reg_2606                     |  4|   0|   11|          7|
    |add_ln58_87_reg_2611                     |  4|   0|   11|          7|
    |add_ln58_88_reg_2616                     |  4|   0|   11|          7|
    |add_ln58_8_reg_2486                      |  3|   0|   10|          7|
    |add_ln58_92_reg_2441                     |  3|   0|   10|          7|
    |add_ln58_93_reg_2621                     |  5|   0|   12|          7|
    |add_ln58_96_reg_2626                     |  5|   0|   12|          7|
    |add_ln58_98_reg_2631                     |  3|   0|   10|          7|
    |add_ln58_99_reg_2636                     |  4|   0|   11|          7|
    |ap_ce_reg                                |  1|   0|    1|          0|
    |ap_return_0_int_reg                      |  9|   0|   16|          7|
    |ap_return_10_int_reg                     |  9|   0|   16|          7|
    |ap_return_11_int_reg                     |  9|   0|   16|          7|
    |ap_return_12_int_reg                     |  9|   0|   16|          7|
    |ap_return_13_int_reg                     |  9|   0|   16|          7|
    |ap_return_14_int_reg                     |  9|   0|   16|          7|
    |ap_return_15_int_reg                     |  9|   0|   16|          7|
    |ap_return_16_int_reg                     |  9|   0|   16|          7|
    |ap_return_17_int_reg                     |  9|   0|   16|          7|
    |ap_return_18_int_reg                     |  9|   0|   16|          7|
    |ap_return_19_int_reg                     |  9|   0|   16|          7|
    |ap_return_1_int_reg                      |  9|   0|   16|          7|
    |ap_return_2_int_reg                      |  9|   0|   16|          7|
    |ap_return_3_int_reg                      |  9|   0|   16|          7|
    |ap_return_4_int_reg                      |  9|   0|   16|          7|
    |ap_return_5_int_reg                      |  9|   0|   16|          7|
    |ap_return_6_int_reg                      |  9|   0|   16|          7|
    |ap_return_7_int_reg                      |  9|   0|   16|          7|
    |ap_return_8_int_reg                      |  9|   0|   16|          7|
    |ap_return_9_int_reg                      |  9|   0|   16|          7|
    |data_0_val_int_reg                       |  2|   0|    2|          0|
    |data_0_val_read_reg_2161                 |  2|   0|    2|          0|
    |data_10_val_int_reg                      |  2|   0|    2|          0|
    |data_10_val_read_reg_2102                |  2|   0|    2|          0|
    |data_11_val_int_reg                      |  2|   0|    2|          0|
    |data_11_val_read_reg_2096                |  2|   0|    2|          0|
    |data_12_val_int_reg                      |  2|   0|    2|          0|
    |data_12_val_read_reg_2090                |  2|   0|    2|          0|
    |data_13_val_int_reg                      |  2|   0|    2|          0|
    |data_13_val_read_reg_2085                |  2|   0|    2|          0|
    |data_13_val_read_reg_2085_pp0_iter1_reg  |  2|   0|    2|          0|
    |data_14_val_int_reg                      |  2|   0|    2|          0|
    |data_14_val_read_reg_2079                |  2|   0|    2|          0|
    |data_15_val_int_reg                      |  2|   0|    2|          0|
    |data_15_val_read_reg_2073                |  2|   0|    2|          0|
    |data_16_val_int_reg                      |  2|   0|    2|          0|
    |data_16_val_read_reg_2067                |  2|   0|    2|          0|
    |data_1_val_int_reg                       |  2|   0|    2|          0|
    |data_1_val_read_reg_2155                 |  2|   0|    2|          0|
    |data_2_val_int_reg                       |  2|   0|    2|          0|
    |data_2_val_read_reg_2150                 |  2|   0|    2|          0|
    |data_3_val_int_reg                       |  2|   0|    2|          0|
    |data_3_val_read_reg_2144                 |  2|   0|    2|          0|
    |data_4_val_int_reg                       |  2|   0|    2|          0|
    |data_4_val_read_reg_2138                 |  2|   0|    2|          0|
    |data_4_val_read_reg_2138_pp0_iter1_reg   |  2|   0|    2|          0|
    |data_5_val_int_reg                       |  2|   0|    2|          0|
    |data_5_val_read_reg_2132                 |  2|   0|    2|          0|
    |data_6_val_int_reg                       |  2|   0|    2|          0|
    |data_6_val_read_reg_2126                 |  2|   0|    2|          0|
    |data_6_val_read_reg_2126_pp0_iter1_reg   |  2|   0|    2|          0|
    |data_7_val_int_reg                       |  2|   0|    2|          0|
    |data_7_val_read_reg_2120                 |  2|   0|    2|          0|
    |data_8_val_int_reg                       |  2|   0|    2|          0|
    |data_8_val_read_reg_2114                 |  2|   0|    2|          0|
    |data_8_val_read_reg_2114_pp0_iter1_reg   |  2|   0|    2|          0|
    |data_9_val_int_reg                       |  2|   0|    2|          0|
    |data_9_val_read_reg_2108                 |  2|   0|    2|          0|
    |sext_ln42_6_reg_2266                     |  4|   0|   11|          7|
    |sext_ln58_1_reg_2371                     |  4|   0|   11|          7|
    |sext_ln58_3_reg_2387                     |  4|   0|   11|          7|
    |sext_ln58_4_reg_2471                     |  5|   0|   12|          7|
    |sext_ln58_reg_2366                       |  4|   0|   11|          7|
    |shl_ln42_10_reg_2244                     |  2|   0|    9|          7|
    |shl_ln42_11_cast134_reg_2249             |  2|   0|   10|          8|
    |shl_ln42_13_reg_2260                     |  3|   0|   10|          7|
    |shl_ln42_17_reg_2277                     |  2|   0|    9|          7|
    |shl_ln42_19_cast_reg_2282                |  4|   0|   11|          7|
    |shl_ln42_19_reg_2466                     |  3|   0|   10|          7|
    |shl_ln42_1_cast_reg_2186                 |  2|   0|   10|          8|
    |shl_ln42_20_reg_2294                     |  2|   0|    9|          7|
    |shl_ln42_21_reg_2299                     |  2|   0|    9|          7|
    |shl_ln42_23_reg_2309                     |  2|   0|    9|          7|
    |shl_ln42_26_cast_reg_2332                |  4|   0|   11|          7|
    |shl_ln42_26_reg_2326                     |  3|   0|   10|          7|
    |shl_ln42_28_reg_2344                     |  2|   0|    9|          7|
    |shl_ln42_2_reg_2192                      |  3|   0|   10|          7|
    |shl_ln42_30_cast_reg_2355                |  4|   0|   11|          7|
    |shl_ln42_3_cast_reg_2197                 |  2|   0|   10|          8|
    |shl_ln42_4_reg_2202                      |  2|   0|    9|          7|
    |shl_ln42_5_cast_reg_2213                 |  4|   0|   11|          7|
    |shl_ln42_5_reg_2207                      |  3|   0|   10|          7|
    |shl_ln42_7_cast140_reg_2229              |  2|   0|   11|          9|
    |shl_ln42_7_reg_2224                      |  2|   0|    9|          7|
    |shl_ln_reg_2181                          |  3|   0|   10|          7|
    |sub_ln73_10_reg_2289                     |  3|   0|    3|          0|
    |sub_ln73_11_reg_2304                     |  3|   0|    3|          0|
    |sub_ln73_12_reg_2321                     |  3|   0|    3|          0|
    |sub_ln73_13_reg_2176                     |  3|   0|    3|          0|
    |sub_ln73_14_reg_2339                     |  3|   0|    3|          0|
    |sub_ln73_2_reg_2171                      |  3|   0|    3|          0|
    |sub_ln73_3_reg_2219                      |  3|   0|    3|          0|
    |sub_ln73_4_reg_2234                      |  3|   0|    3|          0|
    |sub_ln73_5_reg_2239                      |  3|   0|    3|          0|
    |sub_ln73_6_reg_2255                      |  3|   0|    3|          0|
    |sub_ln73_8_reg_2272                      |  3|   0|    3|          0|
    |sub_ln73_reg_2166                        |  3|   0|    3|          0|
    |zext_ln73_11_reg_2314                    |  2|   0|   10|          8|
    |zext_ln73_14_reg_2349                    |  2|   0|   10|          8|
    |zext_ln73_15_reg_2360                    |  2|   0|   10|          8|
    +-----------------------------------------+---+----+-----+-----------+
    |Total                                    |624|   0| 1402|        778|
    +-----------------------------------------+---+----+-----+-----------+



================================================================
== Interface
================================================================
* Summary: 
+--------------+-----+-----+------------+----------------------------------------------------------------------------+--------------+
|   RTL Ports  | Dir | Bits|  Protocol  |                                Source Object                               |    C Type    |
+--------------+-----+-----+------------+----------------------------------------------------------------------------+--------------+
|ap_clk        |   in|    1|  ap_ctrl_hs|  dense_latency<ap_ufixed<2, 0, 4, 0, 0>, ap_fixed<16, 6, 5, 3, 0>, config7>|  return value|
|ap_rst        |   in|    1|  ap_ctrl_hs|  dense_latency<ap_ufixed<2, 0, 4, 0, 0>, ap_fixed<16, 6, 5, 3, 0>, config7>|  return value|
|ap_return_0   |  out|   16|  ap_ctrl_hs|  dense_latency<ap_ufixed<2, 0, 4, 0, 0>, ap_fixed<16, 6, 5, 3, 0>, config7>|  return value|
|ap_return_1   |  out|   16|  ap_ctrl_hs|  dense_latency<ap_ufixed<2, 0, 4, 0, 0>, ap_fixed<16, 6, 5, 3, 0>, config7>|  return value|
|ap_return_2   |  out|   16|  ap_ctrl_hs|  dense_latency<ap_ufixed<2, 0, 4, 0, 0>, ap_fixed<16, 6, 5, 3, 0>, config7>|  return value|
|ap_return_3   |  out|   16|  ap_ctrl_hs|  dense_latency<ap_ufixed<2, 0, 4, 0, 0>, ap_fixed<16, 6, 5, 3, 0>, config7>|  return value|
|ap_return_4   |  out|   16|  ap_ctrl_hs|  dense_latency<ap_ufixed<2, 0, 4, 0, 0>, ap_fixed<16, 6, 5, 3, 0>, config7>|  return value|
|ap_return_5   |  out|   16|  ap_ctrl_hs|  dense_latency<ap_ufixed<2, 0, 4, 0, 0>, ap_fixed<16, 6, 5, 3, 0>, config7>|  return value|
|ap_return_6   |  out|   16|  ap_ctrl_hs|  dense_latency<ap_ufixed<2, 0, 4, 0, 0>, ap_fixed<16, 6, 5, 3, 0>, config7>|  return value|
|ap_return_7   |  out|   16|  ap_ctrl_hs|  dense_latency<ap_ufixed<2, 0, 4, 0, 0>, ap_fixed<16, 6, 5, 3, 0>, config7>|  return value|
|ap_return_8   |  out|   16|  ap_ctrl_hs|  dense_latency<ap_ufixed<2, 0, 4, 0, 0>, ap_fixed<16, 6, 5, 3, 0>, config7>|  return value|
|ap_return_9   |  out|   16|  ap_ctrl_hs|  dense_latency<ap_ufixed<2, 0, 4, 0, 0>, ap_fixed<16, 6, 5, 3, 0>, config7>|  return value|
|ap_return_10  |  out|   16|  ap_ctrl_hs|  dense_latency<ap_ufixed<2, 0, 4, 0, 0>, ap_fixed<16, 6, 5, 3, 0>, config7>|  return value|
|ap_return_11  |  out|   16|  ap_ctrl_hs|  dense_latency<ap_ufixed<2, 0, 4, 0, 0>, ap_fixed<16, 6, 5, 3, 0>, config7>|  return value|
|ap_return_12  |  out|   16|  ap_ctrl_hs|  dense_latency<ap_ufixed<2, 0, 4, 0, 0>, ap_fixed<16, 6, 5, 3, 0>, config7>|  return value|
|ap_return_13  |  out|   16|  ap_ctrl_hs|  dense_latency<ap_ufixed<2, 0, 4, 0, 0>, ap_fixed<16, 6, 5, 3, 0>, config7>|  return value|
|ap_return_14  |  out|   16|  ap_ctrl_hs|  dense_latency<ap_ufixed<2, 0, 4, 0, 0>, ap_fixed<16, 6, 5, 3, 0>, config7>|  return value|
|ap_return_15  |  out|   16|  ap_ctrl_hs|  dense_latency<ap_ufixed<2, 0, 4, 0, 0>, ap_fixed<16, 6, 5, 3, 0>, config7>|  return value|
|ap_return_16  |  out|   16|  ap_ctrl_hs|  dense_latency<ap_ufixed<2, 0, 4, 0, 0>, ap_fixed<16, 6, 5, 3, 0>, config7>|  return value|
|ap_return_17  |  out|   16|  ap_ctrl_hs|  dense_latency<ap_ufixed<2, 0, 4, 0, 0>, ap_fixed<16, 6, 5, 3, 0>, config7>|  return value|
|ap_return_18  |  out|   16|  ap_ctrl_hs|  dense_latency<ap_ufixed<2, 0, 4, 0, 0>, ap_fixed<16, 6, 5, 3, 0>, config7>|  return value|
|ap_return_19  |  out|   16|  ap_ctrl_hs|  dense_latency<ap_ufixed<2, 0, 4, 0, 0>, ap_fixed<16, 6, 5, 3, 0>, config7>|  return value|
|ap_ce         |   in|    1|  ap_ctrl_hs|  dense_latency<ap_ufixed<2, 0, 4, 0, 0>, ap_fixed<16, 6, 5, 3, 0>, config7>|  return value|
|data_0_val    |   in|    2|     ap_none|                                                                  data_0_val|        scalar|
|data_1_val    |   in|    2|     ap_none|                                                                  data_1_val|        scalar|
|data_2_val    |   in|    2|     ap_none|                                                                  data_2_val|        scalar|
|data_3_val    |   in|    2|     ap_none|                                                                  data_3_val|        scalar|
|data_4_val    |   in|    2|     ap_none|                                                                  data_4_val|        scalar|
|data_5_val    |   in|    2|     ap_none|                                                                  data_5_val|        scalar|
|data_6_val    |   in|    2|     ap_none|                                                                  data_6_val|        scalar|
|data_7_val    |   in|    2|     ap_none|                                                                  data_7_val|        scalar|
|data_8_val    |   in|    2|     ap_none|                                                                  data_8_val|        scalar|
|data_9_val    |   in|    2|     ap_none|                                                                  data_9_val|        scalar|
|data_10_val   |   in|    2|     ap_none|                                                                 data_10_val|        scalar|
|data_11_val   |   in|    2|     ap_none|                                                                 data_11_val|        scalar|
|data_12_val   |   in|    2|     ap_none|                                                                 data_12_val|        scalar|
|data_13_val   |   in|    2|     ap_none|                                                                 data_13_val|        scalar|
|data_14_val   |   in|    2|     ap_none|                                                                 data_14_val|        scalar|
|data_15_val   |   in|    2|     ap_none|                                                                 data_15_val|        scalar|
|data_16_val   |   in|    2|     ap_none|                                                                 data_16_val|        scalar|
+--------------+-----+-----+------------+----------------------------------------------------------------------------+--------------+

