

================================================================
== Vitis HLS Report for 'dense_latency_ap_ufixed_8_0_4_0_0_ap_fixed_16_6_5_3_0_config5_s'
================================================================
* Date:           Fri Oct 17 13:15:32 2025

* Version:        2024.1 (Build 5069499 on May 21 2024)
* Project:        myproject_prj
* Solution:       solution1 (Vivado IP Flow Target)
* Product family: virtexuplus
* Target device:  xcvu13p-flga2577-2-e


================================================================
== Performance Estimates
================================================================
+ Timing: 
    * Summary: 
    +--------+---------+----------+------------+
    |  Clock |  Target | Estimated| Uncertainty|
    +--------+---------+----------+------------+
    |ap_clk  |  5.00 ns|  4.360 ns|     0.62 ns|
    +--------+---------+----------+------------+

+ Latency: 
    * Summary: 
    +---------+---------+----------+----------+-----+-----+---------+
    |  Latency (cycles) |  Latency (absolute) |  Interval | Pipeline|
    |   min   |   max   |    min   |    max   | min | max |   Type  |
    +---------+---------+----------+----------+-----+-----+---------+
    |        1|        1|  5.000 ns|  5.000 ns|    1|    1|      yes|
    +---------+---------+----------+----------+-----+-----+---------+

    + Detail: 
        * Instance: 
        N/A

        * Loop: 
        N/A



================================================================
== Utilization Estimates
================================================================
* Summary: 
+---------------------+---------+-------+---------+---------+------+
|         Name        | BRAM_18K|  DSP  |    FF   |   LUT   | URAM |
+---------------------+---------+-------+---------+---------+------+
|DSP                  |        -|      -|        -|        -|     -|
|Expression           |        -|      -|        0|     4755|     -|
|FIFO                 |        -|      -|        -|        -|     -|
|Instance             |        -|      -|        -|        -|     -|
|Memory               |        -|      -|        -|        -|     -|
|Multiplexer          |        -|      -|        -|        -|     -|
|Register             |        -|      -|      140|        -|     -|
+---------------------+---------+-------+---------+---------+------+
|Total                |        0|      0|      140|     4755|     0|
+---------------------+---------+-------+---------+---------+------+
|Available SLR        |     1344|   3072|   864000|   432000|   320|
+---------------------+---------+-------+---------+---------+------+
|Utilization SLR (%)  |        0|      0|       ~0|        1|     0|
+---------------------+---------+-------+---------+---------+------+
|Available            |     5376|  12288|  3456000|  1728000|  1280|
+---------------------+---------+-------+---------+---------+------+
|Utilization (%)      |        0|      0|       ~0|       ~0|     0|
+---------------------+---------+-------+---------+---------+------+

+ Detail: 
    * Instance: 
    N/A

    * DSP: 
    N/A

    * Memory: 
    N/A

    * FIFO: 
    N/A

    * Expression: 
    +-------------------------+----------+----+---+----+------------+------------+
    |      Variable Name      | Operation| DSP| FF| LUT| Bitwidth P0| Bitwidth P1|
    +-------------------------+----------+----+---+----+------------+------------+
    |add_ln58_100_fu_5100_p2  |         +|   0|  0|  17|          13|          13|
    |add_ln58_101_fu_5106_p2  |         +|   0|  0|  17|          13|          13|
    |add_ln58_102_fu_5116_p2  |         +|   0|  0|  21|          14|          14|
    |add_ln58_103_fu_5622_p2  |         +|   0|  0|  22|          15|          15|
    |add_ln58_104_fu_5632_p2  |         +|   0|  0|  23|          16|          16|
    |add_ln58_105_fu_5122_p2  |         +|   0|  0|  18|          10|          10|
    |add_ln58_106_fu_5128_p2  |         +|   0|  0|  18|          10|          10|
    |add_ln58_107_fu_5138_p2  |         +|   0|  0|  16|           9|           9|
    |add_ln58_108_fu_5148_p2  |         +|   0|  0|  17|          10|          10|
    |add_ln58_109_fu_5158_p2  |         +|   0|  0|  18|          11|          11|
    |add_ln58_10_fu_4300_p2   |         +|   0|  0|  19|          12|          12|
    |add_ln58_110_fu_5168_p2  |         +|   0|  0|  15|           8|           8|
    |add_ln58_111_fu_5178_p2  |         +|   0|  0|  16|           9|           9|
    |add_ln58_112_fu_5188_p2  |         +|   0|  0|  17|          10|          10|
    |add_ln58_113_fu_5198_p2  |         +|   0|  0|  17|          10|          10|
    |add_ln58_114_fu_5208_p2  |         +|   0|  0|  18|          11|          11|
    |add_ln58_115_fu_5218_p2  |         +|   0|  0|  17|          12|          12|
    |add_ln58_116_fu_5224_p2  |         +|   0|  0|  17|          12|          12|
    |add_ln58_117_fu_5230_p2  |         +|   0|  0|  18|          10|          10|
    |add_ln58_118_fu_5236_p2  |         +|   0|  0|  18|          10|          10|
    |add_ln58_119_fu_5246_p2  |         +|   0|  0|  16|           9|           9|
    |add_ln58_11_fu_4310_p2   |         +|   0|  0|  15|           8|           8|
    |add_ln58_120_fu_5256_p2  |         +|   0|  0|  17|          10|          10|
    |add_ln58_121_fu_5266_p2  |         +|   0|  0|  18|          11|          11|
    |add_ln58_122_fu_5276_p2  |         +|   0|  0|  19|          12|          12|
    |add_ln58_123_fu_5286_p2  |         +|   0|  0|  18|          10|          10|
    |add_ln58_124_fu_5292_p2  |         +|   0|  0|  18|          10|          10|
    |add_ln58_125_fu_5302_p2  |         +|   0|  0|  18|          11|          11|
    |add_ln58_126_fu_5312_p2  |         +|   0|  0|  19|          12|          12|
    |add_ln58_127_fu_5322_p2  |         +|   0|  0|  17|          13|          13|
    |add_ln58_128_fu_5328_p2  |         +|   0|  0|  17|          13|          13|
    |add_ln58_129_fu_5338_p2  |         +|   0|  0|  21|          14|          14|
    |add_ln58_12_fu_4320_p2   |         +|   0|  0|  16|           9|           9|
    |add_ln58_130_fu_5644_p2  |         +|   0|  0|  22|          15|          15|
    |add_ln58_131_fu_5344_p2  |         +|   0|  0|  19|          12|          12|
    |add_ln58_132_fu_5354_p2  |         +|   0|  0|  20|          13|          13|
    |add_ln58_133_fu_5364_p2  |         +|   0|  0|  19|          12|          12|
    |add_ln58_134_fu_5374_p2  |         +|   0|  0|  19|          12|          12|
    |add_ln58_135_fu_5384_p2  |         +|   0|  0|  20|          13|          13|
    |add_ln58_136_fu_5394_p2  |         +|   0|  0|  21|          14|          14|
    |add_ln58_137_fu_5404_p2  |         +|   0|  0|  19|          12|          12|
    |add_ln58_138_fu_5414_p2  |         +|   0|  0|  20|          13|          13|
    |add_ln58_139_fu_5424_p2  |         +|   0|  0|  19|          12|          12|
    |add_ln58_13_fu_4330_p2   |         +|   0|  0|  15|           8|           8|
    |add_ln58_140_fu_5434_p2  |         +|   0|  0|  19|          12|          12|
    |add_ln58_141_fu_5444_p2  |         +|   0|  0|  20|          13|          13|
    |add_ln58_142_fu_5454_p2  |         +|   0|  0|  21|          14|          14|
    |add_ln58_143_fu_5464_p2  |         +|   0|  0|  22|          15|          15|
    |add_ln58_144_fu_5470_p2  |         +|   0|  0|  17|          12|          12|
    |add_ln58_145_fu_5476_p2  |         +|   0|  0|  17|          12|          12|
    |add_ln58_146_fu_5486_p2  |         +|   0|  0|  19|          12|          12|
    |add_ln58_147_fu_5496_p2  |         +|   0|  0|  19|          12|          12|
    |add_ln58_148_fu_5506_p2  |         +|   0|  0|  20|          13|          13|
    |add_ln58_149_fu_5516_p2  |         +|   0|  0|  21|          14|          14|
    |add_ln58_14_fu_4340_p2   |         +|   0|  0|  17|          10|          10|
    |add_ln58_150_fu_5526_p2  |         +|   0|  0|  19|          12|          12|
    |add_ln58_151_fu_5536_p2  |         +|   0|  0|  20|          13|          13|
    |add_ln58_152_fu_5546_p2  |         +|   0|  0|  17|          12|          12|
    |add_ln58_153_fu_5552_p2  |         +|   0|  0|  18|          11|           9|
    |add_ln58_154_fu_5562_p2  |         +|   0|  0|  17|          12|          12|
    |add_ln58_155_fu_5572_p2  |         +|   0|  0|  21|          14|          14|
    |add_ln58_156_fu_5582_p2  |         +|   0|  0|  22|          15|          15|
    |add_ln58_157_fu_5660_p2  |         +|   0|  0|  16|          16|          16|
    |add_ln58_158_fu_5666_p2  |         +|   0|  0|  16|          16|          16|
    |add_ln58_15_fu_4350_p2   |         +|   0|  0|  18|          11|          11|
    |add_ln58_16_fu_4360_p2   |         +|   0|  0|  18|          10|          10|
    |add_ln58_17_fu_4366_p2   |         +|   0|  0|  18|          10|          10|
    |add_ln58_18_fu_4376_p2   |         +|   0|  0|  15|           8|           8|
    |add_ln58_19_fu_4386_p2   |         +|   0|  0|  16|           9|           9|
    |add_ln58_1_fu_4222_p2    |         +|   0|  0|  17|          10|          10|
    |add_ln58_20_fu_4396_p2   |         +|   0|  0|  17|          10|          10|
    |add_ln58_21_fu_4406_p2   |         +|   0|  0|  18|          11|          11|
    |add_ln58_22_fu_4416_p2   |         +|   0|  0|  19|          12|          12|
    |add_ln58_23_fu_4426_p2   |         +|   0|  0|  20|          13|          13|
    |add_ln58_24_fu_4432_p2   |         +|   0|  0|  17|          12|          12|
    |add_ln58_25_fu_4438_p2   |         +|   0|  0|  17|          12|          12|
    |add_ln58_26_fu_4448_p2   |         +|   0|  0|  17|          11|          11|
    |add_ln58_27_fu_4454_p2   |         +|   0|  0|  17|          11|          11|
    |add_ln58_28_fu_4464_p2   |         +|   0|  0|  20|          13|          13|
    |add_ln58_29_fu_4474_p2   |         +|   0|  0|  17|          12|          12|
    |add_ln58_2_fu_4232_p2    |         +|   0|  0|  18|          10|          10|
    |add_ln58_30_fu_4480_p2   |         +|   0|  0|  17|          12|          12|
    |add_ln58_31_fu_4490_p2   |         +|   0|  0|  16|           9|           9|
    |add_ln58_32_fu_4500_p2   |         +|   0|  0|  18|          11|          11|
    |add_ln58_33_fu_4510_p2   |         +|   0|  0|  19|          12|          12|
    |add_ln58_34_fu_4520_p2   |         +|   0|  0|  20|          13|          13|
    |add_ln58_35_fu_4530_p2   |         +|   0|  0|  21|          14|          14|
    |add_ln58_36_fu_4536_p2   |         +|   0|  0|  17|          10|          10|
    |add_ln58_37_fu_4546_p2   |         +|   0|  0|  18|          11|          11|
    |add_ln58_38_fu_4556_p2   |         +|   0|  0|  18|          11|          11|
    |add_ln58_39_fu_4566_p2   |         +|   0|  0|  19|          12|          12|
    |add_ln58_3_fu_4238_p2    |         +|   0|  0|  18|          10|          10|
    |add_ln58_40_fu_4576_p2   |         +|   0|  0|  17|          13|          13|
    |add_ln58_41_fu_4582_p2   |         +|   0|  0|  17|          10|          10|
    |add_ln58_42_fu_4592_p2   |         +|   0|  0|  18|          11|          11|
    |add_ln58_43_fu_4602_p2   |         +|   0|  0|  17|          10|          10|
    |add_ln58_44_fu_4612_p2   |         +|   0|  0|  17|          10|          10|
    |add_ln58_45_fu_4622_p2   |         +|   0|  0|  18|          11|          11|
    |add_ln58_46_fu_4632_p2   |         +|   0|  0|  19|          12|          12|
    |add_ln58_47_fu_4642_p2   |         +|   0|  0|  17|          13|          13|
    |add_ln58_48_fu_5597_p2   |         +|   0|  0|  16|          15|          15|
    |add_ln58_49_fu_5603_p2   |         +|   0|  0|  16|          15|          15|
    |add_ln58_4_fu_4248_p2    |         +|   0|  0|  18|          11|          11|
    |add_ln58_50_fu_4648_p2   |         +|   0|  0|  17|          10|          10|
    |add_ln58_51_fu_4658_p2   |         +|   0|  0|  18|          11|          11|
    |add_ln58_52_fu_4668_p2   |         +|   0|  0|  18|          11|          11|
    |add_ln58_53_fu_4678_p2   |         +|   0|  0|  18|          11|          11|
    |add_ln58_54_fu_4688_p2   |         +|   0|  0|  19|          12|          12|
    |add_ln58_55_fu_4698_p2   |         +|   0|  0|  17|          13|          13|
    |add_ln58_56_fu_4704_p2   |         +|   0|  0|  18|          10|          10|
    |add_ln58_57_fu_4710_p2   |         +|   0|  0|  18|          10|          10|
    |add_ln58_58_fu_4720_p2   |         +|   0|  0|  17|          10|          10|
    |add_ln58_59_fu_4730_p2   |         +|   0|  0|  17|          10|          10|
    |add_ln58_5_fu_4258_p2    |         +|   0|  0|  18|          10|          10|
    |add_ln58_60_fu_4740_p2   |         +|   0|  0|  18|          11|          11|
    |add_ln58_61_fu_4750_p2   |         +|   0|  0|  19|          12|          12|
    |add_ln58_62_fu_4760_p2   |         +|   0|  0|  17|          13|          13|
    |add_ln58_63_fu_4770_p2   |         +|   0|  0|  18|          11|          11|
    |add_ln58_64_fu_4780_p2   |         +|   0|  0|  19|          12|          12|
    |add_ln58_65_fu_4790_p2   |         +|   0|  0|  17|          10|          10|
    |add_ln58_66_fu_4800_p2   |         +|   0|  0|  18|          11|          11|
    |add_ln58_67_fu_4810_p2   |         +|   0|  0|  19|          12|          12|
    |add_ln58_68_fu_4820_p2   |         +|   0|  0|  20|          13|          13|
    |add_ln58_69_fu_4830_p2   |         +|   0|  0|  18|          10|          10|
    |add_ln58_6_fu_4264_p2    |         +|   0|  0|  18|          10|          10|
    |add_ln58_70_fu_4836_p2   |         +|   0|  0|  18|          10|          10|
    |add_ln58_71_fu_4846_p2   |         +|   0|  0|  18|          11|          11|
    |add_ln58_72_fu_4856_p2   |         +|   0|  0|  18|          11|          11|
    |add_ln58_73_fu_4866_p2   |         +|   0|  0|  17|          12|          12|
    |add_ln58_74_fu_4872_p2   |         +|   0|  0|  17|          12|          12|
    |add_ln58_75_fu_4882_p2   |         +|   0|  0|  16|          14|          14|
    |add_ln58_76_fu_4888_p2   |         +|   0|  0|  16|          14|          14|
    |add_ln58_77_fu_4894_p2   |         +|   0|  0|  17|          11|          11|
    |add_ln58_78_fu_4900_p2   |         +|   0|  0|  17|          11|          11|
    |add_ln58_79_fu_4910_p2   |         +|   0|  0|  17|          10|          10|
    |add_ln58_7_fu_4274_p2    |         +|   0|  0|  18|          10|          10|
    |add_ln58_80_fu_4920_p2   |         +|   0|  0|  19|          12|          12|
    |add_ln58_81_fu_4930_p2   |         +|   0|  0|  20|          13|          13|
    |add_ln58_82_fu_4940_p2   |         +|   0|  0|  16|          14|          14|
    |add_ln58_83_fu_4946_p2   |         +|   0|  0|  18|          11|          11|
    |add_ln58_84_fu_4956_p2   |         +|   0|  0|  19|          12|          12|
    |add_ln58_85_fu_4966_p2   |         +|   0|  0|  18|          11|          11|
    |add_ln58_86_fu_4976_p2   |         +|   0|  0|  17|          12|          12|
    |add_ln58_87_fu_4982_p2   |         +|   0|  0|  17|          12|          12|
    |add_ln58_88_fu_4992_p2   |         +|   0|  0|  20|          13|          13|
    |add_ln58_89_fu_5002_p2   |         +|   0|  0|  16|          14|          14|
    |add_ln58_8_fu_4280_p2    |         +|   0|  0|  18|          10|          10|
    |add_ln58_90_fu_5008_p2   |         +|   0|  0|  18|          11|          11|
    |add_ln58_91_fu_5018_p2   |         +|   0|  0|  19|          12|          12|
    |add_ln58_92_fu_5028_p2   |         +|   0|  0|  17|          12|          12|
    |add_ln58_93_fu_5034_p2   |         +|   0|  0|  17|          10|          10|
    |add_ln58_94_fu_5044_p2   |         +|   0|  0|  17|          12|          12|
    |add_ln58_95_fu_5054_p2   |         +|   0|  0|  20|          13|          13|
    |add_ln58_96_fu_5064_p2   |         +|   0|  0|  17|          12|          12|
    |add_ln58_97_fu_5070_p2   |         +|   0|  0|  17|          12|          12|
    |add_ln58_98_fu_5080_p2   |         +|   0|  0|  18|          11|          11|
    |add_ln58_99_fu_5090_p2   |         +|   0|  0|  19|          12|          10|
    |add_ln58_9_fu_4290_p2    |         +|   0|  0|  18|          11|          11|
    |add_ln58_fu_4212_p2      |         +|   0|  0|  15|           8|           8|
    |add_ln73_1_fu_2264_p2    |         +|   0|  0|  18|          11|          11|
    |add_ln73_2_fu_2966_p2    |         +|   0|  0|  18|          11|          11|
    |add_ln73_3_fu_3026_p2    |         +|   0|  0|  18|          11|          11|
    |add_ln73_fu_1600_p2      |         +|   0|  0|  18|          11|          11|
    |sub_ln73_100_fu_4088_p2  |         -|   0|  0|  17|           1|          10|
    |sub_ln73_101_fu_4160_p2  |         -|   0|  0|  19|          12|          12|
    |sub_ln73_102_fu_4192_p2  |         -|   0|  0|  18|          11|          11|
    |sub_ln73_10_fu_4008_p2   |         -|   0|  0|  16|           1|           9|
    |sub_ln73_11_fu_4112_p2   |         -|   0|  0|  16|           1|           9|
    |sub_ln73_12_fu_542_p2    |         -|   0|  0|  19|           1|          12|
    |sub_ln73_13_fu_562_p2    |         -|   0|  0|  18|          11|          11|
    |sub_ln73_14_fu_594_p2    |         -|   0|  0|  17|           1|          10|
    |sub_ln73_15_fu_626_p2    |         -|   0|  0|  17|          10|          10|
    |sub_ln73_16_fu_650_p2    |         -|   0|  0|  18|           1|          11|
    |sub_ln73_17_fu_710_p2    |         -|   0|  0|  17|          10|          10|
    |sub_ln73_18_fu_734_p2    |         -|   0|  0|  18|          11|          11|
    |sub_ln73_19_fu_780_p2    |         -|   0|  0|  18|          11|          11|
    |sub_ln73_1_fu_998_p2     |         -|   0|  0|  16|           1|           9|
    |sub_ln73_20_fu_816_p2    |         -|   0|  0|  19|          12|          12|
    |sub_ln73_21_fu_848_p2    |         -|   0|  0|  17|          10|          10|
    |sub_ln73_22_fu_896_p2    |         -|   0|  0|  19|          12|          12|
    |sub_ln73_23_fu_946_p2    |         -|   0|  0|  18|          11|          11|
    |sub_ln73_24_fu_970_p2    |         -|   0|  0|  19|          12|          12|
    |sub_ln73_25_fu_1026_p2   |         -|   0|  0|  18|          11|          11|
    |sub_ln73_26_fu_1062_p2   |         -|   0|  0|  19|          12|          12|
    |sub_ln73_27_fu_1102_p2   |         -|   0|  0|  17|          10|          10|
    |sub_ln73_28_fu_1134_p2   |         -|   0|  0|  19|          12|          12|
    |sub_ln73_29_fu_1186_p2   |         -|   0|  0|  18|           1|          11|
    |sub_ln73_2_fu_1250_p2    |         -|   0|  0|  16|           1|           9|
    |sub_ln73_30_fu_1206_p2   |         -|   0|  0|  17|          10|          10|
    |sub_ln73_31_fu_1226_p2   |         -|   0|  0|  18|          11|          11|
    |sub_ln73_32_fu_1298_p2   |         -|   0|  0|  19|          12|          12|
    |sub_ln73_33_fu_1366_p2   |         -|   0|  0|  18|           1|          11|
    |sub_ln73_34_fu_1402_p2   |         -|   0|  0|  17|           1|          12|
    |sub_ln73_35_fu_1408_p2   |         -|   0|  0|  17|          12|          12|
    |sub_ln73_36_fu_1476_p2   |         -|   0|  0|  18|          11|          11|
    |sub_ln73_37_fu_1496_p2   |         -|   0|  0|  17|          10|          10|
    |sub_ln73_38_fu_1536_p2   |         -|   0|  0|  18|           1|          11|
    |sub_ln73_39_fu_1616_p2   |         -|   0|  0|  18|          11|          11|
    |sub_ln73_3_fu_1322_p2    |         -|   0|  0|  16|           1|           9|
    |sub_ln73_40_fu_1680_p2   |         -|   0|  0|  17|           1|          10|
    |sub_ln73_41_fu_1730_p2   |         -|   0|  0|  17|          10|          10|
    |sub_ln73_42_fu_1754_p2   |         -|   0|  0|  17|           1|          12|
    |sub_ln73_43_fu_1760_p2   |         -|   0|  0|  17|          12|          12|
    |sub_ln73_44_fu_1808_p2   |         -|   0|  0|  19|          12|          12|
    |sub_ln73_45_fu_1840_p2   |         -|   0|  0|  17|           1|          10|
    |sub_ln73_46_fu_1872_p2   |         -|   0|  0|  18|          11|          11|
    |sub_ln73_47_fu_1896_p2   |         -|   0|  0|  19|           1|          12|
    |sub_ln73_48_fu_1958_p2   |         -|   0|  0|  19|          12|          12|
    |sub_ln73_49_fu_1998_p2   |         -|   0|  0|  17|           1|          12|
    |sub_ln73_4_fu_1444_p2    |         -|   0|  0|  16|           1|           9|
    |sub_ln73_50_fu_2004_p2   |         -|   0|  0|  17|          12|          12|
    |sub_ln73_51_fu_2052_p2   |         -|   0|  0|  18|          11|          11|
    |sub_ln73_52_fu_2092_p2   |         -|   0|  0|  18|          11|          11|
    |sub_ln73_53_fu_2160_p2   |         -|   0|  0|  18|          11|          11|
    |sub_ln73_54_fu_2184_p2   |         -|   0|  0|  19|           1|          12|
    |sub_ln73_55_fu_2220_p2   |         -|   0|  0|  18|          11|          11|
    |sub_ln73_56_fu_2292_p2   |         -|   0|  0|  19|          12|          12|
    |sub_ln73_57_fu_2328_p2   |         -|   0|  0|  18|          11|          11|
    |sub_ln73_58_fu_2368_p2   |         -|   0|  0|  18|          11|          11|
    |sub_ln73_59_fu_2388_p2   |         -|   0|  0|  18|           1|          11|
    |sub_ln73_5_fu_1560_p2    |         -|   0|  0|  16|           1|           9|
    |sub_ln73_60_fu_2424_p2   |         -|   0|  0|  17|           1|          10|
    |sub_ln73_61_fu_2476_p2   |         -|   0|  0|  17|          10|          10|
    |sub_ln73_62_fu_2516_p2   |         -|   0|  0|  18|          11|          11|
    |sub_ln73_63_fu_2540_p2   |         -|   0|  0|  19|           1|          12|
    |sub_ln73_64_fu_2586_p2   |         -|   0|  0|  18|           1|          11|
    |sub_ln73_65_fu_2678_p2   |         -|   0|  0|  18|           1|          11|
    |sub_ln73_66_fu_2714_p2   |         -|   0|  0|  17|           1|          10|
    |sub_ln73_67_fu_2750_p2   |         -|   0|  0|  18|          11|          11|
    |sub_ln73_68_fu_2778_p2   |         -|   0|  0|  18|          11|          11|
    |sub_ln73_69_fu_2798_p2   |         -|   0|  0|  18|           1|          11|
    |sub_ln73_6_fu_2444_p2    |         -|   0|  0|  16|           1|           9|
    |sub_ln73_70_fu_2830_p2   |         -|   0|  0|  18|           1|          11|
    |sub_ln73_71_fu_2880_p2   |         -|   0|  0|  17|           1|          10|
    |sub_ln73_72_fu_2934_p2   |         -|   0|  0|  19|          12|          12|
    |sub_ln73_73_fu_3002_p2   |         -|   0|  0|  17|          10|          10|
    |sub_ln73_74_fu_3058_p2   |         -|   0|  0|  19|          12|          12|
    |sub_ln73_75_fu_3098_p2   |         -|   0|  0|  17|           1|          10|
    |sub_ln73_76_fu_3126_p2   |         -|   0|  0|  17|          10|          10|
    |sub_ln73_77_fu_3178_p2   |         -|   0|  0|  17|          10|          10|
    |sub_ln73_78_fu_3202_p2   |         -|   0|  0|  18|           1|          11|
    |sub_ln73_79_fu_3272_p2   |         -|   0|  0|  18|          11|          11|
    |sub_ln73_7_fu_3146_p2    |         -|   0|  0|  16|           1|           9|
    |sub_ln73_80_fu_3308_p2   |         -|   0|  0|  19|          12|          12|
    |sub_ln73_81_fu_3354_p2   |         -|   0|  0|  17|           1|          10|
    |sub_ln73_82_fu_3412_p2   |         -|   0|  0|  18|          11|          11|
    |sub_ln73_83_fu_3436_p2   |         -|   0|  0|  19|           1|          12|
    |sub_ln73_84_fu_3472_p2   |         -|   0|  0|  17|           1|          10|
    |sub_ln73_85_fu_3504_p2   |         -|   0|  0|  18|           1|          11|
    |sub_ln73_86_fu_3524_p2   |         -|   0|  0|  17|          10|          10|
    |sub_ln73_87_fu_3556_p2   |         -|   0|  0|  17|          10|          10|
    |sub_ln73_88_fu_3600_p2   |         -|   0|  0|  19|          12|          12|
    |sub_ln73_89_fu_3650_p2   |         -|   0|  0|  17|           1|          12|
    |sub_ln73_8_fu_3226_p2    |         -|   0|  0|  16|           1|           9|
    |sub_ln73_90_fu_3656_p2   |         -|   0|  0|  17|          12|          12|
    |sub_ln73_91_fu_3696_p2   |         -|   0|  0|  17|          10|          10|
    |sub_ln73_92_fu_3732_p2   |         -|   0|  0|  18|          11|          11|
    |sub_ln73_93_fu_3756_p2   |         -|   0|  0|  19|          12|          12|
    |sub_ln73_94_fu_3834_p2   |         -|   0|  0|  17|           1|          10|
    |sub_ln73_95_fu_3866_p2   |         -|   0|  0|  18|          11|          11|
    |sub_ln73_96_fu_3898_p2   |         -|   0|  0|  17|          10|          10|
    |sub_ln73_97_fu_3926_p2   |         -|   0|  0|  18|          11|          11|
    |sub_ln73_98_fu_3980_p2   |         -|   0|  0|  18|          11|          11|
    |sub_ln73_99_fu_4052_p2   |         -|   0|  0|  19|          12|          12|
    |sub_ln73_9_fu_3780_p2    |         -|   0|  0|  16|           1|           9|
    |sub_ln73_fu_682_p2       |         -|   0|  0|  16|           1|           9|
    |ap_enable_pp0            |       xor|   0|  0|   2|           1|           2|
    +-------------------------+----------+----+---+----+------------+------------+
    |Total                    |          |   0|  0|4755|        2596|        2997|
    +-------------------------+----------+----+---+----+------------+------------+

    * Multiplexer: 
    N/A

    * Register: 
    +-------------------------+----+----+-----+-----------+
    |           Name          | FF | LUT| Bits| Const Bits|
    +-------------------------+----+----+-----+-----------+
    |add_ln58_102_reg_5715    |  14|   0|   14|          0|
    |add_ln58_116_reg_5720    |  12|   0|   12|          0|
    |add_ln58_129_reg_5725    |  14|   0|   14|          0|
    |add_ln58_143_reg_5730    |  15|   0|   15|          0|
    |add_ln58_156_reg_5735    |  15|   0|   15|          0|
    |add_ln58_23_reg_5690     |  13|   0|   13|          0|
    |add_ln58_35_reg_5695     |  14|   0|   14|          0|
    |add_ln58_47_reg_5700     |  13|   0|   13|          0|
    |add_ln58_76_reg_5705     |  14|   0|   14|          0|
    |add_ln58_89_reg_5710     |  14|   0|   14|          0|
    |ap_CS_fsm                |   1|   0|    1|          0|
    |ap_enable_reg_pp0_iter1  |   1|   0|    1|          0|
    +-------------------------+----+----+-----+-----------+
    |Total                    | 140|   0|  140|          0|
    +-------------------------+----+----+-----+-----------+



================================================================
== Interface
================================================================
* Summary: 
+-------------+-----+-----+------------+----------------------------------------------------------------------------+--------------+
|  RTL Ports  | Dir | Bits|  Protocol  |                                Source Object                               |    C Type    |
+-------------+-----+-----+------------+----------------------------------------------------------------------------+--------------+
|ap_clk       |   in|    1|  ap_ctrl_hs|  dense_latency<ap_ufixed<8, 0, 4, 0, 0>, ap_fixed<16, 6, 5, 3, 0>, config5>|  return value|
|ap_rst       |   in|    1|  ap_ctrl_hs|  dense_latency<ap_ufixed<8, 0, 4, 0, 0>, ap_fixed<16, 6, 5, 3, 0>, config5>|  return value|
|ap_start     |   in|    1|  ap_ctrl_hs|  dense_latency<ap_ufixed<8, 0, 4, 0, 0>, ap_fixed<16, 6, 5, 3, 0>, config5>|  return value|
|ap_done      |  out|    1|  ap_ctrl_hs|  dense_latency<ap_ufixed<8, 0, 4, 0, 0>, ap_fixed<16, 6, 5, 3, 0>, config5>|  return value|
|ap_idle      |  out|    1|  ap_ctrl_hs|  dense_latency<ap_ufixed<8, 0, 4, 0, 0>, ap_fixed<16, 6, 5, 3, 0>, config5>|  return value|
|ap_ready     |  out|    1|  ap_ctrl_hs|  dense_latency<ap_ufixed<8, 0, 4, 0, 0>, ap_fixed<16, 6, 5, 3, 0>, config5>|  return value|
|ap_ce        |   in|    1|  ap_ctrl_hs|  dense_latency<ap_ufixed<8, 0, 4, 0, 0>, ap_fixed<16, 6, 5, 3, 0>, config5>|  return value|
|ap_return_0  |  out|   16|  ap_ctrl_hs|  dense_latency<ap_ufixed<8, 0, 4, 0, 0>, ap_fixed<16, 6, 5, 3, 0>, config5>|  return value|
|ap_return_1  |  out|   16|  ap_ctrl_hs|  dense_latency<ap_ufixed<8, 0, 4, 0, 0>, ap_fixed<16, 6, 5, 3, 0>, config5>|  return value|
|ap_return_2  |  out|   16|  ap_ctrl_hs|  dense_latency<ap_ufixed<8, 0, 4, 0, 0>, ap_fixed<16, 6, 5, 3, 0>, config5>|  return value|
|data_0_val   |   in|    8|     ap_none|                                                                  data_0_val|        scalar|
|data_1_val   |   in|    8|     ap_none|                                                                  data_1_val|        scalar|
|data_2_val   |   in|    8|     ap_none|                                                                  data_2_val|        scalar|
|data_3_val   |   in|    8|     ap_none|                                                                  data_3_val|        scalar|
|data_4_val   |   in|    8|     ap_none|                                                                  data_4_val|        scalar|
|data_5_val   |   in|    8|     ap_none|                                                                  data_5_val|        scalar|
|data_6_val   |   in|    8|     ap_none|                                                                  data_6_val|        scalar|
|data_7_val   |   in|    8|     ap_none|                                                                  data_7_val|        scalar|
|data_8_val   |   in|    8|     ap_none|                                                                  data_8_val|        scalar|
|data_9_val   |   in|    8|     ap_none|                                                                  data_9_val|        scalar|
|data_10_val  |   in|    8|     ap_none|                                                                 data_10_val|        scalar|
|data_11_val  |   in|    8|     ap_none|                                                                 data_11_val|        scalar|
|data_12_val  |   in|    8|     ap_none|                                                                 data_12_val|        scalar|
|data_13_val  |   in|    8|     ap_none|                                                                 data_13_val|        scalar|
|data_14_val  |   in|    8|     ap_none|                                                                 data_14_val|        scalar|
|data_15_val  |   in|    8|     ap_none|                                                                 data_15_val|        scalar|
|data_16_val  |   in|    8|     ap_none|                                                                 data_16_val|        scalar|
|data_17_val  |   in|    8|     ap_none|                                                                 data_17_val|        scalar|
|data_18_val  |   in|    8|     ap_none|                                                                 data_18_val|        scalar|
|data_19_val  |   in|    8|     ap_none|                                                                 data_19_val|        scalar|
|data_20_val  |   in|    8|     ap_none|                                                                 data_20_val|        scalar|
|data_21_val  |   in|    8|     ap_none|                                                                 data_21_val|        scalar|
|data_22_val  |   in|    8|     ap_none|                                                                 data_22_val|        scalar|
|data_23_val  |   in|    8|     ap_none|                                                                 data_23_val|        scalar|
|data_24_val  |   in|    8|     ap_none|                                                                 data_24_val|        scalar|
|data_25_val  |   in|    8|     ap_none|                                                                 data_25_val|        scalar|
|data_26_val  |   in|    8|     ap_none|                                                                 data_26_val|        scalar|
|data_27_val  |   in|    8|     ap_none|                                                                 data_27_val|        scalar|
|data_28_val  |   in|    8|     ap_none|                                                                 data_28_val|        scalar|
|data_29_val  |   in|    8|     ap_none|                                                                 data_29_val|        scalar|
|data_30_val  |   in|    8|     ap_none|                                                                 data_30_val|        scalar|
|data_31_val  |   in|    8|     ap_none|                                                                 data_31_val|        scalar|
|data_32_val  |   in|    8|     ap_none|                                                                 data_32_val|        scalar|
|data_33_val  |   in|    8|     ap_none|                                                                 data_33_val|        scalar|
|data_34_val  |   in|    8|     ap_none|                                                                 data_34_val|        scalar|
|data_35_val  |   in|    8|     ap_none|                                                                 data_35_val|        scalar|
|data_36_val  |   in|    8|     ap_none|                                                                 data_36_val|        scalar|
|data_37_val  |   in|    8|     ap_none|                                                                 data_37_val|        scalar|
|data_38_val  |   in|    8|     ap_none|                                                                 data_38_val|        scalar|
|data_39_val  |   in|    8|     ap_none|                                                                 data_39_val|        scalar|
|data_40_val  |   in|    8|     ap_none|                                                                 data_40_val|        scalar|
|data_41_val  |   in|    8|     ap_none|                                                                 data_41_val|        scalar|
|data_42_val  |   in|    8|     ap_none|                                                                 data_42_val|        scalar|
|data_43_val  |   in|    8|     ap_none|                                                                 data_43_val|        scalar|
|data_44_val  |   in|    8|     ap_none|                                                                 data_44_val|        scalar|
|data_45_val  |   in|    8|     ap_none|                                                                 data_45_val|        scalar|
|data_46_val  |   in|    8|     ap_none|                                                                 data_46_val|        scalar|
|data_47_val  |   in|    8|     ap_none|                                                                 data_47_val|        scalar|
|data_48_val  |   in|    8|     ap_none|                                                                 data_48_val|        scalar|
|data_49_val  |   in|    8|     ap_none|                                                                 data_49_val|        scalar|
|data_50_val  |   in|    8|     ap_none|                                                                 data_50_val|        scalar|
|data_51_val  |   in|    8|     ap_none|                                                                 data_51_val|        scalar|
|data_52_val  |   in|    8|     ap_none|                                                                 data_52_val|        scalar|
|data_53_val  |   in|    8|     ap_none|                                                                 data_53_val|        scalar|
|data_54_val  |   in|    8|     ap_none|                                                                 data_54_val|        scalar|
|data_55_val  |   in|    8|     ap_none|                                                                 data_55_val|        scalar|
|data_56_val  |   in|    8|     ap_none|                                                                 data_56_val|        scalar|
|data_57_val  |   in|    8|     ap_none|                                                                 data_57_val|        scalar|
+-------------+-----+-----+------------+----------------------------------------------------------------------------+--------------+

