

================================================================
== Vitis HLS Report for 'dense_latency_ap_ufixed_2_0_4_0_0_ap_fixed_16_6_5_3_0_config10_s'
================================================================
* Date:           Mon Oct 20 15:01:57 2025

* Version:        2024.1 (Build 5069499 on May 21 2024)
* Project:        myproject_prj
* Solution:       solution1 (Vivado IP Flow Target)
* Product family: zynq
* Target device:  xc7z020-clg400-1


================================================================
== Performance Estimates
================================================================
+ Timing: 
    * Summary: 
    +--------+---------+----------+------------+
    |  Clock |  Target | Estimated| Uncertainty|
    +--------+---------+----------+------------+
    |ap_clk  |  5.00 ns|  3.786 ns|     0.62 ns|
    +--------+---------+----------+------------+

+ Latency: 
    * Summary: 
    +---------+---------+-----------+-----------+-----+-----+---------+
    |  Latency (cycles) |   Latency (absolute)  |  Interval | Pipeline|
    |   min   |   max   |    min    |    max    | min | max |   Type  |
    +---------+---------+-----------+-----------+-----+-----+---------+
    |        3|        3|  15.000 ns|  15.000 ns|    1|    1|      yes|
    +---------+---------+-----------+-----------+-----+-----+---------+

    + Detail: 
        * Instance: 
        N/A

        * Loop: 
        N/A



================================================================
== Utilization Estimates
================================================================
* Summary: 
+-----------------+---------+-----+--------+-------+-----+
|       Name      | BRAM_18K| DSP |   FF   |  LUT  | URAM|
+-----------------+---------+-----+--------+-------+-----+
|DSP              |        -|    -|       -|      -|    -|
|Expression       |        -|    -|       0|   1103|    -|
|FIFO             |        -|    -|       -|      -|    -|
|Instance         |        -|    -|       -|      -|    -|
|Memory           |        -|    -|       -|      -|    -|
|Multiplexer      |        -|    -|       0|    126|    -|
|Register         |        -|    -|     387|      -|    -|
+-----------------+---------+-----+--------+-------+-----+
|Total            |        0|    0|     387|   1229|    0|
+-----------------+---------+-----+--------+-------+-----+
|Available        |      280|  220|  106400|  53200|    0|
+-----------------+---------+-----+--------+-------+-----+
|Utilization (%)  |        0|    0|      ~0|      2|    0|
+-----------------+---------+-----+--------+-------+-----+

+ Detail: 
    * Instance: 
    N/A

    * DSP: 
    N/A

    * Memory: 
    N/A

    * FIFO: 
    N/A

    * Expression: 
    +-------------------------+----------+----+---+----+------------+------------+
    |      Variable Name      | Operation| DSP| FF| LUT| Bitwidth P0| Bitwidth P1|
    +-------------------------+----------+----+---+----+------------+------------+
    |add_ln58_202_fu_740_p2   |         +|   0|  0|  13|          10|          10|
    |add_ln58_203_fu_750_p2   |         +|   0|  0|  13|          10|          10|
    |add_ln58_204_fu_760_p2   |         +|   0|  0|  13|          10|          10|
    |add_ln58_205_fu_770_p2   |         +|   0|  0|  12|          11|          11|
    |add_ln58_206_fu_776_p2   |         +|   0|  0|  12|          11|          11|
    |add_ln58_207_fu_782_p2   |         +|   0|  0|  13|          10|          10|
    |add_ln58_208_fu_792_p2   |         +|   0|  0|  12|          11|          11|
    |add_ln58_209_fu_1133_p2  |         +|   0|  0|  12|          12|          12|
    |add_ln58_210_fu_798_p2   |         +|   0|  0|  13|          10|          10|
    |add_ln58_211_fu_804_p2   |         +|   0|  0|  13|          10|          10|
    |add_ln58_212_fu_1371_p2  |         +|   0|  0|  12|          12|          12|
    |add_ln58_213_fu_810_p2   |         +|   0|  0|  13|          10|          10|
    |add_ln58_214_fu_816_p2   |         +|   0|  0|  12|          11|          11|
    |add_ln58_215_fu_1145_p2  |         +|   0|  0|  12|          12|          12|
    |add_ln58_216_fu_1151_p2  |         +|   0|  0|  12|          12|          12|
    |add_ln58_217_fu_1377_p2  |         +|   0|  0|  12|          12|          12|
    |add_ln58_218_fu_833_p2   |         +|   0|  0|  12|          11|          11|
    |add_ln58_219_fu_839_p2   |         +|   0|  0|  13|          10|          10|
    |add_ln58_220_fu_849_p2   |         +|   0|  0|  12|          11|          11|
    |add_ln58_221_fu_1163_p2  |         +|   0|  0|  12|          12|          12|
    |add_ln58_222_fu_859_p2   |         +|   0|  0|  12|          12|          12|
    |add_ln58_223_fu_865_p2   |         +|   0|  0|  13|          10|          10|
    |add_ln58_224_fu_875_p2   |         +|   0|  0|  12|          11|          11|
    |add_ln58_225_fu_1179_p2  |         +|   0|  0|  14|          13|          13|
    |add_ln58_226_fu_1189_p2  |         +|   0|  0|  17|          14|          14|
    |add_ln58_227_fu_892_p2   |         +|   0|  0|  13|          10|          10|
    |add_ln58_228_fu_898_p2   |         +|   0|  0|  13|          10|          10|
    |add_ln58_229_fu_908_p2   |         +|   0|  0|  12|          11|          11|
    |add_ln58_230_fu_1201_p2  |         +|   0|  0|  12|          12|          12|
    |add_ln58_231_fu_914_p2   |         +|   0|  0|  13|          10|          10|
    |add_ln58_232_fu_920_p2   |         +|   0|  0|  11|          11|          11|
    |add_ln58_233_fu_926_p2   |         +|   0|  0|  11|          11|          11|
    |add_ln58_234_fu_1217_p2  |         +|   0|  0|  12|          12|          12|
    |add_ln58_235_fu_1227_p2  |         +|   0|  0|  14|          13|          13|
    |add_ln58_236_fu_932_p2   |         +|   0|  0|  12|          11|          11|
    |add_ln58_237_fu_938_p2   |         +|   0|  0|  11|          11|          11|
    |add_ln58_238_fu_944_p2   |         +|   0|  0|  11|          11|          11|
    |add_ln58_239_fu_1239_p2  |         +|   0|  0|  12|          12|          12|
    |add_ln58_240_fu_950_p2   |         +|   0|  0|  13|          10|          10|
    |add_ln58_241_fu_960_p2   |         +|   0|  0|  12|          11|          11|
    |add_ln58_242_fu_966_p2   |         +|   0|  0|  13|          10|          10|
    |add_ln58_243_fu_976_p2   |         +|   0|  0|  12|          11|          11|
    |add_ln58_244_fu_1251_p2  |         +|   0|  0|  12|          12|          12|
    |add_ln58_245_fu_993_p2   |         +|   0|  0|  12|          11|          11|
    |add_ln58_246_fu_999_p2   |         +|   0|  0|  12|          11|          11|
    |add_ln58_247_fu_1263_p2  |         +|   0|  0|  12|          12|          12|
    |add_ln58_248_fu_1005_p2  |         +|   0|  0|  12|          12|          12|
    |add_ln58_249_fu_1011_p2  |         +|   0|  0|  13|          10|          10|
    |add_ln58_250_fu_1021_p2  |         +|   0|  0|  12|          11|          11|
    |add_ln58_251_fu_1279_p2  |         +|   0|  0|  14|          13|          13|
    |add_ln58_252_fu_1289_p2  |         +|   0|  0|  17|          14|          14|
    |add_ln58_253_fu_1038_p2  |         +|   0|  0|  12|          11|          11|
    |add_ln58_254_fu_1044_p2  |         +|   0|  0|  12|          11|          11|
    |add_ln58_255_fu_1054_p2  |         +|   0|  0|  12|          12|          12|
    |add_ln58_256_fu_1301_p2  |         +|   0|  0|  14|          13|          13|
    |add_ln58_257_fu_1060_p2  |         +|   0|  0|  13|          10|          10|
    |add_ln58_258_fu_1066_p2  |         +|   0|  0|  13|          10|          10|
    |add_ln58_259_fu_1076_p2  |         +|   0|  0|  12|          11|          11|
    |add_ln58_260_fu_1317_p2  |         +|   0|  0|  12|          12|          12|
    |add_ln58_261_fu_1327_p2  |         +|   0|  0|  17|          14|          14|
    |add_ln58_262_fu_1082_p2  |         +|   0|  0|  12|          11|          11|
    |add_ln58_263_fu_1088_p2  |         +|   0|  0|  12|          11|          11|
    |add_ln58_264_fu_1339_p2  |         +|   0|  0|  12|          12|          12|
    |add_ln58_265_fu_1344_p2  |         +|   0|  0|  12|          12|          12|
    |add_ln58_266_fu_1094_p2  |         +|   0|  0|  13|          10|          10|
    |add_ln58_267_fu_1100_p2  |         +|   0|  0|  13|          10|          10|
    |add_ln58_268_fu_1110_p2  |         +|   0|  0|  12|          11|          11|
    |add_ln58_269_fu_1356_p2  |         +|   0|  0|  12|          12|          12|
    |add_ln58_270_fu_1410_p2  |         +|   0|  0|  14|          13|          13|
    |add_ln58_fu_730_p2       |         +|   0|  0|  13|          10|          10|
    |sum_fu_330_p2            |         +|   0|  0|  11|           3|           3|
    |tmp4013_fu_324_p2        |         +|   0|  0|  11|           3|           3|
    |sub_ln73_35_fu_202_p2    |         -|   0|  0|  11|           1|           3|
    |sub_ln73_36_fu_421_p2    |         -|   0|  0|  11|           1|           3|
    |sub_ln73_37_fu_465_p2    |         -|   0|  0|  11|           1|           3|
    |sub_ln73_38_fu_228_p2    |         -|   0|  0|  11|           1|           3|
    |sub_ln73_39_fu_238_p2    |         -|   0|  0|  11|           1|           3|
    |sub_ln73_40_fu_541_p2    |         -|   0|  0|  11|           1|           3|
    |sub_ln73_41_fu_248_p2    |         -|   0|  0|  11|           1|           3|
    |sub_ln73_42_fu_599_p2    |         -|   0|  0|  11|           1|           3|
    |sub_ln73_43_fu_258_p2    |         -|   0|  0|  11|           1|           3|
    |sub_ln73_44_fu_272_p2    |         -|   0|  0|  11|           1|           3|
    |sub_ln73_45_fu_282_p2    |         -|   0|  0|  11|           1|           3|
    |sub_ln73_46_fu_292_p2    |         -|   0|  0|  11|           1|           3|
    |sub_ln73_47_fu_302_p2    |         -|   0|  0|  11|           1|           3|
    |sub_ln73_48_fu_312_p2    |         -|   0|  0|  11|           1|           3|
    |sub_ln73_fu_192_p2       |         -|   0|  0|  11|           1|           3|
    |tmp15_fu_318_p2          |         -|   0|  0|  11|           3|           3|
    |tmp4311_fu_344_p2        |         -|   0|  0|  13|           4|           4|
    |tmp459_fu_350_p2         |         -|   0|  0|  11|           3|           3|
    +-------------------------+----------+----+---+----+------------+------------+
    |Total                    |          |   0|  0|1103|         818|         848|
    +-------------------------+----------+----+---+----+------------+------------+

    * Multiplexer: 
    +-------------+----+-----------+-----+-----------+
    |     Name    | LUT| Input Size| Bits| Total Bits|
    +-------------+----+-----------+-----+-----------+
    |ap_return_0  |  14|          3|   16|         48|
    |ap_return_1  |  14|          3|   16|         48|
    |ap_return_2  |  14|          3|   16|         48|
    |ap_return_3  |  14|          3|   16|         48|
    |ap_return_4  |  14|          3|   16|         48|
    |ap_return_5  |  14|          3|   16|         48|
    |ap_return_6  |  14|          3|   16|         48|
    |ap_return_7  |  14|          3|   16|         48|
    |ap_return_8  |  14|          3|   16|         48|
    +-------------+----+-----------+-----+-----------+
    |Total        | 126|         27|  144|        432|
    +-------------+----+-----------+-----+-----------+

    * Register: 
    +-------------------------------------+---+----+-----+-----------+
    |                 Name                | FF| LUT| Bits| Const Bits|
    +-------------------------------------+---+----+-----+-----------+
    |add_ln58_205_reg_1642                |  4|   0|   11|          7|
    |add_ln58_208_reg_1647                |  4|   0|   11|          7|
    |add_ln58_209_reg_1792                |  5|   0|   12|          7|
    |add_ln58_210_reg_1652                |  3|   0|   10|          7|
    |add_ln58_210_reg_1652_pp0_iter2_reg  |  3|   0|   10|          7|
    |add_ln58_211_reg_1657                |  3|   0|   10|          7|
    |add_ln58_211_reg_1657_pp0_iter2_reg  |  3|   0|   10|          7|
    |add_ln58_213_reg_1662                |  3|   0|   10|          7|
    |add_ln58_214_reg_1667                |  4|   0|   11|          7|
    |add_ln58_216_reg_1797                |  5|   0|   12|          7|
    |add_ln58_218_reg_1672                |  4|   0|   11|          7|
    |add_ln58_220_reg_1677                |  4|   0|   11|          7|
    |add_ln58_222_reg_1682                |  5|   0|   12|          7|
    |add_ln58_224_reg_1687                |  4|   0|   11|          7|
    |add_ln58_226_reg_1802                |  7|   0|   14|          7|
    |add_ln58_227_reg_1692                |  3|   0|   10|          7|
    |add_ln58_229_reg_1697                |  4|   0|   11|          7|
    |add_ln58_231_reg_1702                |  3|   0|   10|          7|
    |add_ln58_233_reg_1707                |  4|   0|   11|          7|
    |add_ln58_235_reg_1807                |  6|   0|   13|          7|
    |add_ln58_236_reg_1712                |  4|   0|   11|          7|
    |add_ln58_238_reg_1717                |  4|   0|   11|          7|
    |add_ln58_239_reg_1812                |  5|   0|   12|          7|
    |add_ln58_241_reg_1722                |  4|   0|   11|          7|
    |add_ln58_243_reg_1727                |  4|   0|   11|          7|
    |add_ln58_244_reg_1817                |  5|   0|   12|          7|
    |add_ln58_245_reg_1732                |  4|   0|   11|          7|
    |add_ln58_246_reg_1737                |  4|   0|   11|          7|
    |add_ln58_248_reg_1742                |  5|   0|   12|          7|
    |add_ln58_250_reg_1747                |  4|   0|   11|          7|
    |add_ln58_252_reg_1822                |  7|   0|   14|          7|
    |add_ln58_253_reg_1752                |  4|   0|   11|          7|
    |add_ln58_255_reg_1757                |  5|   0|   12|          7|
    |add_ln58_257_reg_1762                |  3|   0|   10|          7|
    |add_ln58_259_reg_1767                |  4|   0|   11|          7|
    |add_ln58_261_reg_1827                |  7|   0|   14|          7|
    |add_ln58_262_reg_1772                |  4|   0|   11|          7|
    |add_ln58_263_reg_1777                |  4|   0|   11|          7|
    |add_ln58_265_reg_1832                |  5|   0|   12|          7|
    |add_ln58_266_reg_1782                |  3|   0|   10|          7|
    |add_ln58_268_reg_1787                |  4|   0|   11|          7|
    |add_ln58_269_reg_1837                |  5|   0|   12|          7|
    |ap_ce_reg                            |  1|   0|    1|          0|
    |ap_return_0_int_reg                  |  9|   0|   16|          7|
    |ap_return_1_int_reg                  |  9|   0|   16|          7|
    |ap_return_2_int_reg                  |  9|   0|   16|          7|
    |ap_return_3_int_reg                  |  9|   0|   16|          7|
    |ap_return_4_int_reg                  |  9|   0|   16|          7|
    |ap_return_5_int_reg                  |  9|   0|   16|          7|
    |ap_return_6_int_reg                  |  9|   0|   16|          7|
    |ap_return_7_int_reg                  |  9|   0|   16|          7|
    |ap_return_8_int_reg                  |  9|   0|   16|          7|
    |data_0_val_int_reg                   |  2|   0|    2|          0|
    |data_0_val_read_reg_1547             |  2|   0|    2|          0|
    |data_10_val_int_reg                  |  2|   0|    2|          0|
    |data_10_val_read_reg_1505            |  2|   0|    2|          0|
    |data_11_val_int_reg                  |  2|   0|    2|          0|
    |data_11_val_read_reg_1499            |  2|   0|    2|          0|
    |data_12_val_int_reg                  |  2|   0|    2|          0|
    |data_13_val_int_reg                  |  2|   0|    2|          0|
    |data_13_val_read_reg_1494            |  2|   0|    2|          0|
    |data_14_val_int_reg                  |  2|   0|    2|          0|
    |data_15_val_int_reg                  |  2|   0|    2|          0|
    |data_15_val_read_reg_1489            |  2|   0|    2|          0|
    |data_16_val_int_reg                  |  2|   0|    2|          0|
    |data_16_val_read_reg_1484            |  2|   0|    2|          0|
    |data_17_val_int_reg                  |  2|   0|    2|          0|
    |data_17_val_read_reg_1479            |  2|   0|    2|          0|
    |data_18_val_int_reg                  |  2|   0|    2|          0|
    |data_19_val_int_reg                  |  2|   0|    2|          0|
    |data_19_val_read_reg_1474            |  2|   0|    2|          0|
    |data_1_val_int_reg                   |  2|   0|    2|          0|
    |data_1_val_read_reg_1542             |  2|   0|    2|          0|
    |data_2_val_int_reg                   |  2|   0|    2|          0|
    |data_2_val_read_reg_1537             |  2|   0|    2|          0|
    |data_3_val_int_reg                   |  2|   0|    2|          0|
    |data_3_val_read_reg_1531             |  2|   0|    2|          0|
    |data_4_val_int_reg                   |  2|   0|    2|          0|
    |data_4_val_read_reg_1526             |  2|   0|    2|          0|
    |data_5_val_int_reg                   |  2|   0|    2|          0|
    |data_5_val_read_reg_1521             |  2|   0|    2|          0|
    |data_6_val_int_reg                   |  2|   0|    2|          0|
    |data_7_val_int_reg                   |  2|   0|    2|          0|
    |data_7_val_read_reg_1516             |  2|   0|    2|          0|
    |data_8_val_int_reg                   |  2|   0|    2|          0|
    |data_9_val_int_reg                   |  2|   0|    2|          0|
    |data_9_val_read_reg_1510             |  2|   0|    2|          0|
    |shl_ln42_69_cast2_reg_1632           |  5|   0|   12|          7|
    |sub_ln73_35_reg_1557                 |  3|   0|    3|          0|
    |sub_ln73_38_reg_1567                 |  3|   0|    3|          0|
    |sub_ln73_39_reg_1572                 |  3|   0|    3|          0|
    |sub_ln73_41_reg_1577                 |  3|   0|    3|          0|
    |sub_ln73_42_reg_1637                 |  3|   0|    3|          0|
    |sub_ln73_43_reg_1582                 |  3|   0|    3|          0|
    |sub_ln73_44_reg_1587                 |  3|   0|    3|          0|
    |sub_ln73_45_reg_1592                 |  3|   0|    3|          0|
    |sub_ln73_46_reg_1597                 |  3|   0|    3|          0|
    |sub_ln73_47_reg_1602                 |  3|   0|    3|          0|
    |sub_ln73_48_reg_1607                 |  3|   0|    3|          0|
    |sub_ln73_reg_1552                    |  3|   0|    3|          0|
    |tmp15_reg_1612                       |  3|   0|    3|          0|
    |tmp4013_reg_1617                     |  3|   0|    3|          0|
    |tmp4311_reg_1622                     |  4|   0|    4|          0|
    |tmp459_reg_1627                      |  3|   0|    3|          0|
    |zext_ln70_44_reg_1562                |  2|   0|    3|          1|
    +-------------------------------------+---+----+-----+-----------+
    |Total                                |387|   0|  752|        365|
    +-------------------------------------+---+----+-----+-----------+



================================================================
== Interface
================================================================
* Summary: 
+-------------+-----+-----+------------+-----------------------------------------------------------------------------+--------------+
|  RTL Ports  | Dir | Bits|  Protocol  |                                Source Object                                |    C Type    |
+-------------+-----+-----+------------+-----------------------------------------------------------------------------+--------------+
|ap_clk       |   in|    1|  ap_ctrl_hs|  dense_latency<ap_ufixed<2, 0, 4, 0, 0>, ap_fixed<16, 6, 5, 3, 0>, config10>|  return value|
|ap_rst       |   in|    1|  ap_ctrl_hs|  dense_latency<ap_ufixed<2, 0, 4, 0, 0>, ap_fixed<16, 6, 5, 3, 0>, config10>|  return value|
|ap_return_0  |  out|   16|  ap_ctrl_hs|  dense_latency<ap_ufixed<2, 0, 4, 0, 0>, ap_fixed<16, 6, 5, 3, 0>, config10>|  return value|
|ap_return_1  |  out|   16|  ap_ctrl_hs|  dense_latency<ap_ufixed<2, 0, 4, 0, 0>, ap_fixed<16, 6, 5, 3, 0>, config10>|  return value|
|ap_return_2  |  out|   16|  ap_ctrl_hs|  dense_latency<ap_ufixed<2, 0, 4, 0, 0>, ap_fixed<16, 6, 5, 3, 0>, config10>|  return value|
|ap_return_3  |  out|   16|  ap_ctrl_hs|  dense_latency<ap_ufixed<2, 0, 4, 0, 0>, ap_fixed<16, 6, 5, 3, 0>, config10>|  return value|
|ap_return_4  |  out|   16|  ap_ctrl_hs|  dense_latency<ap_ufixed<2, 0, 4, 0, 0>, ap_fixed<16, 6, 5, 3, 0>, config10>|  return value|
|ap_return_5  |  out|   16|  ap_ctrl_hs|  dense_latency<ap_ufixed<2, 0, 4, 0, 0>, ap_fixed<16, 6, 5, 3, 0>, config10>|  return value|
|ap_return_6  |  out|   16|  ap_ctrl_hs|  dense_latency<ap_ufixed<2, 0, 4, 0, 0>, ap_fixed<16, 6, 5, 3, 0>, config10>|  return value|
|ap_return_7  |  out|   16|  ap_ctrl_hs|  dense_latency<ap_ufixed<2, 0, 4, 0, 0>, ap_fixed<16, 6, 5, 3, 0>, config10>|  return value|
|ap_return_8  |  out|   16|  ap_ctrl_hs|  dense_latency<ap_ufixed<2, 0, 4, 0, 0>, ap_fixed<16, 6, 5, 3, 0>, config10>|  return value|
|ap_ce        |   in|    1|  ap_ctrl_hs|  dense_latency<ap_ufixed<2, 0, 4, 0, 0>, ap_fixed<16, 6, 5, 3, 0>, config10>|  return value|
|data_0_val   |   in|    2|     ap_none|                                                                   data_0_val|        scalar|
|data_1_val   |   in|    2|     ap_none|                                                                   data_1_val|        scalar|
|data_2_val   |   in|    2|     ap_none|                                                                   data_2_val|        scalar|
|data_3_val   |   in|    2|     ap_none|                                                                   data_3_val|        scalar|
|data_4_val   |   in|    2|     ap_none|                                                                   data_4_val|        scalar|
|data_5_val   |   in|    2|     ap_none|                                                                   data_5_val|        scalar|
|data_6_val   |   in|    2|     ap_none|                                                                   data_6_val|        scalar|
|data_7_val   |   in|    2|     ap_none|                                                                   data_7_val|        scalar|
|data_8_val   |   in|    2|     ap_none|                                                                   data_8_val|        scalar|
|data_9_val   |   in|    2|     ap_none|                                                                   data_9_val|        scalar|
|data_10_val  |   in|    2|     ap_none|                                                                  data_10_val|        scalar|
|data_11_val  |   in|    2|     ap_none|                                                                  data_11_val|        scalar|
|data_12_val  |   in|    2|     ap_none|                                                                  data_12_val|        scalar|
|data_13_val  |   in|    2|     ap_none|                                                                  data_13_val|        scalar|
|data_14_val  |   in|    2|     ap_none|                                                                  data_14_val|        scalar|
|data_15_val  |   in|    2|     ap_none|                                                                  data_15_val|        scalar|
|data_16_val  |   in|    2|     ap_none|                                                                  data_16_val|        scalar|
|data_17_val  |   in|    2|     ap_none|                                                                  data_17_val|        scalar|
|data_18_val  |   in|    2|     ap_none|                                                                  data_18_val|        scalar|
|data_19_val  |   in|    2|     ap_none|                                                                  data_19_val|        scalar|
+-------------+-----+-----+------------+-----------------------------------------------------------------------------+--------------+

