

================================================================
== Vitis HLS Report for 'dense_latency_ap_ufixed_2_0_4_0_0_ap_fixed_16_6_5_3_0_config19_s'
================================================================
* Date:           Mon Oct 20 15:01:59 2025

* Version:        2024.1 (Build 5069499 on May 21 2024)
* Project:        myproject_prj
* Solution:       solution1 (Vivado IP Flow Target)
* Product family: zynq
* Target device:  xc7z020-clg400-1


================================================================
== Performance Estimates
================================================================
+ Timing: 
    * Summary: 
    +--------+---------+----------+------------+
    |  Clock |  Target | Estimated| Uncertainty|
    +--------+---------+----------+------------+
    |ap_clk  |  5.00 ns|  3.385 ns|     0.62 ns|
    +--------+---------+----------+------------+

+ Latency: 
    * Summary: 
    +---------+---------+----------+----------+-----+-----+---------+
    |  Latency (cycles) |  Latency (absolute) |  Interval | Pipeline|
    |   min   |   max   |    min   |    max   | min | max |   Type  |
    +---------+---------+----------+----------+-----+-----+---------+
    |        1|        1|  5.000 ns|  5.000 ns|    1|    1|      yes|
    +---------+---------+----------+----------+-----+-----+---------+

    + Detail: 
        * Instance: 
        N/A

        * Loop: 
        N/A



================================================================
== Utilization Estimates
================================================================
* Summary: 
+-----------------+---------+-----+--------+-------+-----+
|       Name      | BRAM_18K| DSP |   FF   |  LUT  | URAM|
+-----------------+---------+-----+--------+-------+-----+
|DSP              |        -|    -|       -|      -|    -|
|Expression       |        -|    -|       0|     63|    -|
|FIFO             |        -|    -|       -|      -|    -|
|Instance         |        -|    -|       -|      -|    -|
|Memory           |        -|    -|       -|      -|    -|
|Multiplexer      |        -|    -|       -|      -|    -|
|Register         |        -|    -|       9|      -|    -|
+-----------------+---------+-----+--------+-------+-----+
|Total            |        0|    0|       9|     63|    0|
+-----------------+---------+-----+--------+-------+-----+
|Available        |      280|  220|  106400|  53200|    0|
+-----------------+---------+-----+--------+-------+-----+
|Utilization (%)  |        0|    0|      ~0|     ~0|    0|
+-----------------+---------+-----+--------+-------+-----+

+ Detail: 
    * Instance: 
    N/A

    * DSP: 
    N/A

    * Memory: 
    N/A

    * FIFO: 
    N/A

    * Expression: 
    +-----------------------+----------+----+---+----+------------+------------+
    |     Variable Name     | Operation| DSP| FF| LUT| Bitwidth P0| Bitwidth P1|
    +-----------------------+----------+----+---+----+------------+------------+
    |add_ln58_134_fu_82_p2  |         +|   0|  0|  11|           3|           3|
    |add_ln58_135_fu_88_p2  |         +|   0|  0|  11|           3|           3|
    |add_ln58_136_fu_98_p2  |         +|   0|  0|  13|           4|           4|
    |add_ln58_fu_120_p2     |         +|   0|  0|  13|           5|           5|
    |sub_ln58_fu_107_p2     |         -|   0|  0|  13|           1|           4|
    |ap_enable_pp0          |       xor|   0|  0|   2|           1|           2|
    +-----------------------+----------+----+---+----+------------+------------+
    |Total                  |          |   0|  0|  63|          17|          21|
    +-----------------------+----------+----+---+----+------------+------------+

    * Multiplexer: 
    N/A

    * Register: 
    +-------------------------+---+----+-----+-----------+
    |           Name          | FF| LUT| Bits| Const Bits|
    +-------------------------+---+----+-----+-----------+
    |add_ln58_134_reg_134     |  3|   0|    3|          0|
    |add_ln58_136_reg_139     |  4|   0|    4|          0|
    |ap_CS_fsm                |  1|   0|    1|          0|
    |ap_enable_reg_pp0_iter1  |  1|   0|    1|          0|
    +-------------------------+---+----+-----+-----------+
    |Total                    |  9|   0|    9|          0|
    +-------------------------+---+----+-----+-----------+



================================================================
== Interface
================================================================
* Summary: 
+------------+-----+-----+------------+-----------------------------------------------------------------------------+--------------+
|  RTL Ports | Dir | Bits|  Protocol  |                                Source Object                                |    C Type    |
+------------+-----+-----+------------+-----------------------------------------------------------------------------+--------------+
|ap_clk      |   in|    1|  ap_ctrl_hs|  dense_latency<ap_ufixed<2, 0, 4, 0, 0>, ap_fixed<16, 6, 5, 3, 0>, config19>|  return value|
|ap_rst      |   in|    1|  ap_ctrl_hs|  dense_latency<ap_ufixed<2, 0, 4, 0, 0>, ap_fixed<16, 6, 5, 3, 0>, config19>|  return value|
|ap_start    |   in|    1|  ap_ctrl_hs|  dense_latency<ap_ufixed<2, 0, 4, 0, 0>, ap_fixed<16, 6, 5, 3, 0>, config19>|  return value|
|ap_done     |  out|    1|  ap_ctrl_hs|  dense_latency<ap_ufixed<2, 0, 4, 0, 0>, ap_fixed<16, 6, 5, 3, 0>, config19>|  return value|
|ap_idle     |  out|    1|  ap_ctrl_hs|  dense_latency<ap_ufixed<2, 0, 4, 0, 0>, ap_fixed<16, 6, 5, 3, 0>, config19>|  return value|
|ap_ready    |  out|    1|  ap_ctrl_hs|  dense_latency<ap_ufixed<2, 0, 4, 0, 0>, ap_fixed<16, 6, 5, 3, 0>, config19>|  return value|
|ap_ce       |   in|    1|  ap_ctrl_hs|  dense_latency<ap_ufixed<2, 0, 4, 0, 0>, ap_fixed<16, 6, 5, 3, 0>, config19>|  return value|
|ap_return   |  out|   12|  ap_ctrl_hs|  dense_latency<ap_ufixed<2, 0, 4, 0, 0>, ap_fixed<16, 6, 5, 3, 0>, config19>|  return value|
|data_0_val  |   in|    2|     ap_none|                                                                   data_0_val|        scalar|
|data_1_val  |   in|    2|     ap_none|                                                                   data_1_val|        scalar|
|data_4_val  |   in|    2|     ap_none|                                                                   data_4_val|        scalar|
|data_5_val  |   in|    2|     ap_none|                                                                   data_5_val|        scalar|
|data_6_val  |   in|    2|     ap_none|                                                                   data_6_val|        scalar|
+------------+-----+-----+------------+-----------------------------------------------------------------------------+--------------+

