

================================================================
== Vitis HLS Report for 'dense_latency_ap_ufixed_2_0_4_0_0_ap_fixed_16_6_5_3_0_config13_s'
================================================================
* Date:           Mon Oct 20 15:01:58 2025

* Version:        2024.1 (Build 5069499 on May 21 2024)
* Project:        myproject_prj
* Solution:       solution1 (Vivado IP Flow Target)
* Product family: zynq
* Target device:  xc7z020-clg400-1


================================================================
== Performance Estimates
================================================================
+ Timing: 
    * Summary: 
    +--------+---------+----------+------------+
    |  Clock |  Target | Estimated| Uncertainty|
    +--------+---------+----------+------------+
    |ap_clk  |  5.00 ns|  3.786 ns|     0.62 ns|
    +--------+---------+----------+------------+

+ Latency: 
    * Summary: 
    +---------+---------+----------+----------+-----+-----+---------+
    |  Latency (cycles) |  Latency (absolute) |  Interval | Pipeline|
    |   min   |   max   |    min   |    max   | min | max |   Type  |
    +---------+---------+----------+----------+-----+-----+---------+
    |        1|        1|  5.000 ns|  5.000 ns|    1|    1|      yes|
    +---------+---------+----------+----------+-----+-----+---------+

    + Detail: 
        * Instance: 
        N/A

        * Loop: 
        N/A



================================================================
== Utilization Estimates
================================================================
* Summary: 
+-----------------+---------+-----+--------+-------+-----+
|       Name      | BRAM_18K| DSP |   FF   |  LUT  | URAM|
+-----------------+---------+-----+--------+-------+-----+
|DSP              |        -|    -|       -|      -|    -|
|Expression       |        -|    -|       0|    614|    -|
|FIFO             |        -|    -|       -|      -|    -|
|Instance         |        -|    -|       -|      -|    -|
|Memory           |        -|    -|       -|      -|    -|
|Multiplexer      |        -|    -|       -|      -|    -|
|Register         |        -|    -|      85|      -|    -|
+-----------------+---------+-----+--------+-------+-----+
|Total            |        0|    0|      85|    614|    0|
+-----------------+---------+-----+--------+-------+-----+
|Available        |      280|  220|  106400|  53200|    0|
+-----------------+---------+-----+--------+-------+-----+
|Utilization (%)  |        0|    0|      ~0|      1|    0|
+-----------------+---------+-----+--------+-------+-----+

+ Detail: 
    * Instance: 
    N/A

    * DSP: 
    N/A

    * Memory: 
    N/A

    * FIFO: 
    N/A

    * Expression: 
    +------------------------+----------+----+---+----+------------+------------+
    |      Variable Name     | Operation| DSP| FF| LUT| Bitwidth P0| Bitwidth P1|
    +------------------------+----------+----+---+----+------------+------------+
    |add_ln58_161_fu_358_p2  |         +|   0|  0|  13|          10|          10|
    |add_ln58_162_fu_501_p2  |         +|   0|  0|  13|          10|          10|
    |add_ln58_163_fu_510_p2  |         +|   0|  0|  13|          10|          10|
    |add_ln58_164_fu_518_p2  |         +|   0|  0|  12|          11|          11|
    |add_ln58_165_fu_528_p2  |         +|   0|  0|  11|          11|          11|
    |add_ln58_166_fu_364_p2  |         +|   0|  0|  13|          10|          10|
    |add_ln58_167_fu_536_p2  |         +|   0|  0|  11|          11|          11|
    |add_ln58_168_fu_546_p2  |         +|   0|  0|  13|          10|          10|
    |add_ln58_169_fu_370_p2  |         +|   0|  0|  13|          10|          10|
    |add_ln58_170_fu_557_p2  |         +|   0|  0|  12|          11|          11|
    |add_ln58_171_fu_567_p2  |         +|   0|  0|  11|          11|          11|
    |add_ln58_172_fu_572_p2  |         +|   0|  0|  11|          11|          11|
    |add_ln58_173_fu_582_p2  |         +|   0|  0|  12|          12|          12|
    |add_ln58_174_fu_376_p2  |         +|   0|  0|  13|          10|          10|
    |add_ln58_175_fu_591_p2  |         +|   0|  0|  12|          12|          12|
    |add_ln58_176_fu_382_p2  |         +|   0|  0|  13|          10|          10|
    |add_ln58_177_fu_388_p2  |         +|   0|  0|  13|          10|          10|
    |add_ln58_178_fu_607_p2  |         +|   0|  0|  12|          11|          11|
    |add_ln58_179_fu_617_p2  |         +|   0|  0|  12|          12|          12|
    |add_ln58_180_fu_394_p2  |         +|   0|  0|  13|          10|          10|
    |add_ln58_181_fu_400_p2  |         +|   0|  0|  13|          10|          10|
    |add_ln58_182_fu_633_p2  |         +|   0|  0|  11|          11|          11|
    |add_ln58_183_fu_639_p2  |         +|   0|  0|  11|          11|          11|
    |add_ln58_184_fu_649_p2  |         +|   0|  0|  12|          11|          11|
    |add_ln58_185_fu_406_p2  |         +|   0|  0|  13|          10|          10|
    |add_ln58_186_fu_661_p2  |         +|   0|  0|  12|          11|          11|
    |add_ln58_187_fu_671_p2  |         +|   0|  0|  12|          12|          12|
    |add_ln58_188_fu_681_p2  |         +|   0|  0|  12|          11|          11|
    |add_ln58_189_fu_412_p2  |         +|   0|  0|  13|          10|          10|
    |add_ln58_190_fu_693_p2  |         +|   0|  0|  12|          12|          12|
    |add_ln58_191_fu_706_p2  |         +|   0|  0|  12|          11|          11|
    |add_ln58_192_fu_718_p2  |         +|   0|  0|  12|          11|          11|
    |add_ln58_193_fu_728_p2  |         +|   0|  0|  12|          12|          12|
    |add_ln58_194_fu_738_p2  |         +|   0|  0|  12|          11|          11|
    |add_ln58_195_fu_418_p2  |         +|   0|  0|  13|          10|          10|
    |add_ln58_196_fu_751_p2  |         +|   0|  0|  12|          12|          12|
    |add_ln58_197_fu_761_p2  |         +|   0|  0|  12|          11|          11|
    |add_ln58_198_fu_771_p2  |         +|   0|  0|  12|          11|          11|
    |add_ln58_199_fu_424_p2  |         +|   0|  0|  13|          10|          10|
    |add_ln58_200_fu_784_p2  |         +|   0|  0|  12|          11|          11|
    |add_ln58_201_fu_794_p2  |         +|   0|  0|  12|          12|          12|
    |add_ln58_fu_352_p2      |         +|   0|  0|  12|          11|          11|
    |sub_ln73_27_fu_136_p2   |         -|   0|  0|  11|           1|           3|
    |sub_ln73_28_fu_182_p2   |         -|   0|  0|  11|           1|           3|
    |sub_ln73_29_fu_192_p2   |         -|   0|  0|  11|           1|           3|
    |sub_ln73_30_fu_226_p2   |         -|   0|  0|  11|           1|           3|
    |sub_ln73_31_fu_248_p2   |         -|   0|  0|  11|           1|           3|
    |sub_ln73_32_fu_278_p2   |         -|   0|  0|  11|           1|           3|
    |sub_ln73_33_fu_308_p2   |         -|   0|  0|  11|           1|           3|
    |sub_ln73_34_fu_338_p2   |         -|   0|  0|  11|           1|           3|
    |sub_ln73_fu_114_p2      |         -|   0|  0|  11|           1|           3|
    |ap_enable_pp0           |       xor|   0|  0|   2|           1|           2|
    +------------------------+----------+----+---+----+------------+------------+
    |Total                   |          |   0|  0| 614|         465|         484|
    +------------------------+----------+----+---+----+------------+------------+

    * Multiplexer: 
    N/A

    * Register: 
    +--------------------------+---+----+-----+-----------+
    |           Name           | FF| LUT| Bits| Const Bits|
    +--------------------------+---+----+-----+-----------+
    |add_ln58_161_reg_990      |  3|   0|   10|          7|
    |add_ln58_166_reg_995      |  3|   0|   10|          7|
    |add_ln58_169_reg_1000     |  3|   0|   10|          7|
    |add_ln58_174_reg_1005     |  3|   0|   10|          7|
    |add_ln58_176_reg_1010     |  3|   0|   10|          7|
    |add_ln58_177_reg_1016     |  3|   0|   10|          7|
    |add_ln58_180_reg_1021     |  3|   0|   10|          7|
    |add_ln58_181_reg_1026     |  3|   0|   10|          7|
    |add_ln58_185_reg_1031     |  3|   0|   10|          7|
    |add_ln58_189_reg_1036     |  3|   0|   10|          7|
    |add_ln58_195_reg_1042     |  3|   0|   10|          7|
    |add_ln58_199_reg_1047     |  3|   0|   10|          7|
    |add_ln58_reg_984          |  4|   0|   11|          7|
    |ap_CS_fsm                 |  1|   0|    1|          0|
    |ap_enable_reg_pp0_iter1   |  1|   0|    1|          0|
    |sext_ln42_reg_911         |  4|   0|   11|          7|
    |shl_ln42_47_cast_reg_905  |  4|   0|   11|          7|
    |shl_ln42_47_reg_917       |  2|   0|    9|          7|
    |shl_ln42_51_reg_937       |  2|   0|    9|          7|
    |shl_ln42_52_reg_947       |  2|   0|    9|          7|
    |shl_ln42_53_cast_reg_942  |  2|   0|   10|          8|
    |shl_ln42_54_reg_962       |  2|   0|    9|          7|
    |shl_ln42_55_reg_967       |  3|   0|   10|          7|
    |shl_ln42_59_reg_974       |  3|   0|   10|          7|
    |shl_ln42_61_reg_979       |  3|   0|   10|          7|
    |shl_ln42_s_reg_900        |  3|   0|   10|          7|
    |sub_ln73_28_reg_927       |  3|   0|    3|          0|
    |sub_ln73_29_reg_932       |  3|   0|    3|          0|
    |sub_ln73_30_reg_957       |  3|   0|    3|          0|
    |zext_ln73_19_reg_922      |  2|   0|   10|          8|
    |zext_ln73_21_reg_952      |  2|   0|   10|          8|
    +--------------------------+---+----+-----+-----------+
    |Total                     | 85|   0|  270|        185|
    +--------------------------+---+----+-----+-----------+



================================================================
== Interface
================================================================
* Summary: 
+--------------+-----+-----+------------+-----------------------------------------------------------------------------+--------------+
|   RTL Ports  | Dir | Bits|  Protocol  |                                Source Object                                |    C Type    |
+--------------+-----+-----+------------+-----------------------------------------------------------------------------+--------------+
|ap_clk        |   in|    1|  ap_ctrl_hs|  dense_latency<ap_ufixed<2, 0, 4, 0, 0>, ap_fixed<16, 6, 5, 3, 0>, config13>|  return value|
|ap_rst        |   in|    1|  ap_ctrl_hs|  dense_latency<ap_ufixed<2, 0, 4, 0, 0>, ap_fixed<16, 6, 5, 3, 0>, config13>|  return value|
|ap_start      |   in|    1|  ap_ctrl_hs|  dense_latency<ap_ufixed<2, 0, 4, 0, 0>, ap_fixed<16, 6, 5, 3, 0>, config13>|  return value|
|ap_done       |  out|    1|  ap_ctrl_hs|  dense_latency<ap_ufixed<2, 0, 4, 0, 0>, ap_fixed<16, 6, 5, 3, 0>, config13>|  return value|
|ap_idle       |  out|    1|  ap_ctrl_hs|  dense_latency<ap_ufixed<2, 0, 4, 0, 0>, ap_fixed<16, 6, 5, 3, 0>, config13>|  return value|
|ap_ready      |  out|    1|  ap_ctrl_hs|  dense_latency<ap_ufixed<2, 0, 4, 0, 0>, ap_fixed<16, 6, 5, 3, 0>, config13>|  return value|
|ap_ce         |   in|    1|  ap_ctrl_hs|  dense_latency<ap_ufixed<2, 0, 4, 0, 0>, ap_fixed<16, 6, 5, 3, 0>, config13>|  return value|
|ap_return_0   |  out|   16|  ap_ctrl_hs|  dense_latency<ap_ufixed<2, 0, 4, 0, 0>, ap_fixed<16, 6, 5, 3, 0>, config13>|  return value|
|ap_return_1   |  out|   16|  ap_ctrl_hs|  dense_latency<ap_ufixed<2, 0, 4, 0, 0>, ap_fixed<16, 6, 5, 3, 0>, config13>|  return value|
|ap_return_2   |  out|   16|  ap_ctrl_hs|  dense_latency<ap_ufixed<2, 0, 4, 0, 0>, ap_fixed<16, 6, 5, 3, 0>, config13>|  return value|
|ap_return_3   |  out|   16|  ap_ctrl_hs|  dense_latency<ap_ufixed<2, 0, 4, 0, 0>, ap_fixed<16, 6, 5, 3, 0>, config13>|  return value|
|ap_return_4   |  out|   16|  ap_ctrl_hs|  dense_latency<ap_ufixed<2, 0, 4, 0, 0>, ap_fixed<16, 6, 5, 3, 0>, config13>|  return value|
|ap_return_5   |  out|   16|  ap_ctrl_hs|  dense_latency<ap_ufixed<2, 0, 4, 0, 0>, ap_fixed<16, 6, 5, 3, 0>, config13>|  return value|
|ap_return_6   |  out|   16|  ap_ctrl_hs|  dense_latency<ap_ufixed<2, 0, 4, 0, 0>, ap_fixed<16, 6, 5, 3, 0>, config13>|  return value|
|ap_return_7   |  out|   16|  ap_ctrl_hs|  dense_latency<ap_ufixed<2, 0, 4, 0, 0>, ap_fixed<16, 6, 5, 3, 0>, config13>|  return value|
|ap_return_8   |  out|   16|  ap_ctrl_hs|  dense_latency<ap_ufixed<2, 0, 4, 0, 0>, ap_fixed<16, 6, 5, 3, 0>, config13>|  return value|
|ap_return_9   |  out|   16|  ap_ctrl_hs|  dense_latency<ap_ufixed<2, 0, 4, 0, 0>, ap_fixed<16, 6, 5, 3, 0>, config13>|  return value|
|ap_return_10  |  out|   16|  ap_ctrl_hs|  dense_latency<ap_ufixed<2, 0, 4, 0, 0>, ap_fixed<16, 6, 5, 3, 0>, config13>|  return value|
|ap_return_11  |  out|   16|  ap_ctrl_hs|  dense_latency<ap_ufixed<2, 0, 4, 0, 0>, ap_fixed<16, 6, 5, 3, 0>, config13>|  return value|
|ap_return_12  |  out|   16|  ap_ctrl_hs|  dense_latency<ap_ufixed<2, 0, 4, 0, 0>, ap_fixed<16, 6, 5, 3, 0>, config13>|  return value|
|ap_return_13  |  out|   16|  ap_ctrl_hs|  dense_latency<ap_ufixed<2, 0, 4, 0, 0>, ap_fixed<16, 6, 5, 3, 0>, config13>|  return value|
|ap_return_14  |  out|   16|  ap_ctrl_hs|  dense_latency<ap_ufixed<2, 0, 4, 0, 0>, ap_fixed<16, 6, 5, 3, 0>, config13>|  return value|
|ap_return_15  |  out|   16|  ap_ctrl_hs|  dense_latency<ap_ufixed<2, 0, 4, 0, 0>, ap_fixed<16, 6, 5, 3, 0>, config13>|  return value|
|data_0_val    |   in|    2|     ap_none|                                                                   data_0_val|        scalar|
|data_1_val    |   in|    2|     ap_none|                                                                   data_1_val|        scalar|
|data_2_val    |   in|    2|     ap_none|                                                                   data_2_val|        scalar|
|data_3_val    |   in|    2|     ap_none|                                                                   data_3_val|        scalar|
|data_4_val    |   in|    2|     ap_none|                                                                   data_4_val|        scalar|
|data_5_val    |   in|    2|     ap_none|                                                                   data_5_val|        scalar|
|data_6_val    |   in|    2|     ap_none|                                                                   data_6_val|        scalar|
|data_7_val    |   in|    2|     ap_none|                                                                   data_7_val|        scalar|
|data_8_val    |   in|    2|     ap_none|                                                                   data_8_val|        scalar|
+--------------+-----+-----+------------+-----------------------------------------------------------------------------+--------------+

