

================================================================
== Vitis HLS Report for 'myproject'
================================================================
* Date:           Fri Oct 17 13:15:32 2025

* Version:        2024.1 (Build 5069499 on May 21 2024)
* Project:        myproject_prj
* Solution:       solution1 (Vivado IP Flow Target)
* Product family: virtexuplus
* Target device:  xcvu13p-flga2577-2-e


================================================================
== Performance Estimates
================================================================
+ Timing: 
    * Summary: 
    +--------+---------+----------+------------+
    |  Clock |  Target | Estimated| Uncertainty|
    +--------+---------+----------+------------+
    |ap_clk  |  5.00 ns|  4.360 ns|     0.62 ns|
    +--------+---------+----------+------------+

+ Latency: 
    * Summary: 
    +---------+---------+-----------+-----------+-----+-----+---------+
    |  Latency (cycles) |   Latency (absolute)  |  Interval | Pipeline|
    |   min   |   max   |    min    |    max    | min | max |   Type  |
    +---------+---------+-----------+-----------+-----+-----+---------+
    |        3|        3|  15.000 ns|  15.000 ns|    1|    1|      yes|
    +---------+---------+-----------+-----------+-----+-----+---------+

    + Detail: 
        * Instance: 
        +---------------------------------------------------------------------------------+-----------------------------------------------------------------+---------+---------+----------+----------+-----+-----+---------+
        |                                                                                 |                                                                 |  Latency (cycles) |  Latency (absolute) |  Interval | Pipeline|
        |                                     Instance                                    |                              Module                             |   min   |   max   |    min   |    max   | min | max |   Type  |
        +---------------------------------------------------------------------------------+-----------------------------------------------------------------+---------+---------+----------+----------+-----+-----+---------+
        |call_ret1_dense_latency_ap_fixed_16_6_5_3_0_ap_fixed_16_6_5_3_0_config2_s_fu_63  |dense_latency_ap_fixed_16_6_5_3_0_ap_fixed_16_6_5_3_0_config2_s  |        0|        0|      0 ns|      0 ns|    1|    1|      yes|
        |call_ret_relu_ap_fixed_16_6_5_3_0_ap_ufixed_8_0_4_0_0_relu_config4_s_fu_69       |relu_ap_fixed_16_6_5_3_0_ap_ufixed_8_0_4_0_0_relu_config4_s      |        0|        0|      0 ns|      0 ns|    1|    1|      yes|
        |grp_dense_latency_ap_ufixed_8_0_4_0_0_ap_fixed_16_6_5_3_0_config5_s_fu_131       |dense_latency_ap_ufixed_8_0_4_0_0_ap_fixed_16_6_5_3_0_config5_s  |        1|        1|  5.000 ns|  5.000 ns|    1|    1|      yes|
        +---------------------------------------------------------------------------------+-----------------------------------------------------------------+---------+---------+----------+----------+-----+-----+---------+

        * Loop: 
        N/A



================================================================
== Utilization Estimates
================================================================
* Summary: 
+---------------------+---------+-------+---------+---------+------+
|         Name        | BRAM_18K|  DSP  |    FF   |   LUT   | URAM |
+---------------------+---------+-------+---------+---------+------+
|DSP                  |        -|      -|        -|        -|     -|
|Expression           |        -|      -|        0|        6|     -|
|FIFO                 |        -|      -|        -|        -|     -|
|Instance             |        -|      -|      140|    22498|     -|
|Memory               |        -|      -|        -|        -|     -|
|Multiplexer          |        -|      -|        0|       36|     -|
|Register             |        -|      -|     1654|        -|     -|
+---------------------+---------+-------+---------+---------+------+
|Total                |        0|      0|     1794|    22540|     0|
+---------------------+---------+-------+---------+---------+------+
|Available SLR        |     1344|   3072|   864000|   432000|   320|
+---------------------+---------+-------+---------+---------+------+
|Utilization SLR (%)  |        0|      0|       ~0|        5|     0|
+---------------------+---------+-------+---------+---------+------+
|Available            |     5376|  12288|  3456000|  1728000|  1280|
+---------------------+---------+-------+---------+---------+------+
|Utilization (%)      |        0|      0|       ~0|        1|     0|
+---------------------+---------+-------+---------+---------+------+

+ Detail: 
    * Instance: 
    +---------------------------------------------------------------------------------+-----------------------------------------------------------------+---------+----+-----+-------+-----+
    |                                     Instance                                    |                              Module                             | BRAM_18K| DSP|  FF |  LUT  | URAM|
    +---------------------------------------------------------------------------------+-----------------------------------------------------------------+---------+----+-----+-------+-----+
    |call_ret1_dense_latency_ap_fixed_16_6_5_3_0_ap_fixed_16_6_5_3_0_config2_s_fu_63  |dense_latency_ap_fixed_16_6_5_3_0_ap_fixed_16_6_5_3_0_config2_s  |        0|   0|    0|  12001|    0|
    |grp_dense_latency_ap_ufixed_8_0_4_0_0_ap_fixed_16_6_5_3_0_config5_s_fu_131       |dense_latency_ap_ufixed_8_0_4_0_0_ap_fixed_16_6_5_3_0_config5_s  |        0|   0|  140|   4755|    0|
    |call_ret_relu_ap_fixed_16_6_5_3_0_ap_ufixed_8_0_4_0_0_relu_config4_s_fu_69       |relu_ap_fixed_16_6_5_3_0_ap_ufixed_8_0_4_0_0_relu_config4_s      |        0|   0|    0|   5742|    0|
    +---------------------------------------------------------------------------------+-----------------------------------------------------------------+---------+----+-----+-------+-----+
    |Total                                                                            |                                                                 |        0|   0|  140|  22498|    0|
    +---------------------------------------------------------------------------------+-----------------------------------------------------------------+---------+----+-----+-------+-----+

    * DSP: 
    N/A

    * Memory: 
    N/A

    * FIFO: 
    N/A

    * Expression: 
    +-------------------------------------------+----------+----+---+----+------------+------------+
    |               Variable Name               | Operation| DSP| FF| LUT| Bitwidth P0| Bitwidth P1|
    +-------------------------------------------+----------+----+---+----+------------+------------+
    |ap_block_pp0_stage0_01001                  |       and|   0|  0|   2|           1|           1|
    |ap_block_pp0_stage0_11001_ignoreCallOp124  |       and|   0|  0|   2|           1|           1|
    |ap_enable_pp0                              |       xor|   0|  0|   2|           1|           2|
    +-------------------------------------------+----------+----+---+----+------------+------------+
    |Total                                      |          |   0|  0|   6|           3|           4|
    +-------------------------------------------+----------+----+---+----+------------+------------+

    * Multiplexer: 
    +----------------------+----+-----------+-----+-----------+
    |         Name         | LUT| Input Size| Bits| Total Bits|
    +----------------------+----+-----------+-----+-----------+
    |input1_ap_vld_in_sig  |   9|          2|    1|          2|
    |input1_ap_vld_preg    |   9|          2|    1|          2|
    |input1_blk_n          |   9|          2|    1|          2|
    |input1_in_sig         |   9|          2|  256|        512|
    +----------------------+----+-----------+-----+-----------+
    |Total                 |  36|          8|  259|        518|
    +----------------------+----+-----------+-----+-----------+

    * Register: 
    +-----------------------------------------------------------------------------------------+-----+----+-----+-----------+
    |                                           Name                                          |  FF | LUT| Bits| Const Bits|
    +-----------------------------------------------------------------------------------------+-----+----+-----+-----------+
    |ap_CS_fsm                                                                                |    1|   0|    1|          0|
    |ap_enable_reg_pp0_iter1                                                                  |    1|   0|    1|          0|
    |ap_enable_reg_pp0_iter2                                                                  |    1|   0|    1|          0|
    |ap_enable_reg_pp0_iter3                                                                  |    1|   0|    1|          0|
    |grp_dense_latency_ap_ufixed_8_0_4_0_0_ap_fixed_16_6_5_3_0_config5_s_fu_131_ap_start_reg  |    1|   0|    1|          0|
    |input1_ap_vld_preg                                                                       |    1|   0|    1|          0|
    |input1_preg                                                                              |  256|   0|  256|          0|
    |layer2_out_10_reg_722                                                                    |   16|   0|   16|          0|
    |layer2_out_11_reg_727                                                                    |   16|   0|   16|          0|
    |layer2_out_12_reg_732                                                                    |   16|   0|   16|          0|
    |layer2_out_13_reg_737                                                                    |   16|   0|   16|          0|
    |layer2_out_14_reg_742                                                                    |   16|   0|   16|          0|
    |layer2_out_15_reg_747                                                                    |   16|   0|   16|          0|
    |layer2_out_16_reg_752                                                                    |   16|   0|   16|          0|
    |layer2_out_17_reg_757                                                                    |   16|   0|   16|          0|
    |layer2_out_18_reg_762                                                                    |   16|   0|   16|          0|
    |layer2_out_19_reg_767                                                                    |   16|   0|   16|          0|
    |layer2_out_1_reg_677                                                                     |   16|   0|   16|          0|
    |layer2_out_20_reg_772                                                                    |   16|   0|   16|          0|
    |layer2_out_21_reg_777                                                                    |   16|   0|   16|          0|
    |layer2_out_22_reg_782                                                                    |   16|   0|   16|          0|
    |layer2_out_23_reg_787                                                                    |   16|   0|   16|          0|
    |layer2_out_24_reg_792                                                                    |   16|   0|   16|          0|
    |layer2_out_25_reg_797                                                                    |   16|   0|   16|          0|
    |layer2_out_26_reg_802                                                                    |   16|   0|   16|          0|
    |layer2_out_27_reg_807                                                                    |   16|   0|   16|          0|
    |layer2_out_28_reg_812                                                                    |   16|   0|   16|          0|
    |layer2_out_29_reg_817                                                                    |   16|   0|   16|          0|
    |layer2_out_2_reg_682                                                                     |   16|   0|   16|          0|
    |layer2_out_30_reg_822                                                                    |   16|   0|   16|          0|
    |layer2_out_31_reg_827                                                                    |   16|   0|   16|          0|
    |layer2_out_32_reg_832                                                                    |   16|   0|   16|          0|
    |layer2_out_33_reg_837                                                                    |   16|   0|   16|          0|
    |layer2_out_34_reg_842                                                                    |   16|   0|   16|          0|
    |layer2_out_35_reg_847                                                                    |   16|   0|   16|          0|
    |layer2_out_36_reg_852                                                                    |   16|   0|   16|          0|
    |layer2_out_37_reg_857                                                                    |   16|   0|   16|          0|
    |layer2_out_38_reg_862                                                                    |   16|   0|   16|          0|
    |layer2_out_39_reg_867                                                                    |   16|   0|   16|          0|
    |layer2_out_3_reg_687                                                                     |   16|   0|   16|          0|
    |layer2_out_40_reg_872                                                                    |   16|   0|   16|          0|
    |layer2_out_41_reg_877                                                                    |   16|   0|   16|          0|
    |layer2_out_42_reg_882                                                                    |   16|   0|   16|          0|
    |layer2_out_43_reg_887                                                                    |   16|   0|   16|          0|
    |layer2_out_44_reg_892                                                                    |   16|   0|   16|          0|
    |layer2_out_45_reg_897                                                                    |   16|   0|   16|          0|
    |layer2_out_46_reg_902                                                                    |   16|   0|   16|          0|
    |layer2_out_47_reg_907                                                                    |   16|   0|   16|          0|
    |layer2_out_48_reg_912                                                                    |   16|   0|   16|          0|
    |layer2_out_49_reg_917                                                                    |   16|   0|   16|          0|
    |layer2_out_4_reg_692                                                                     |   16|   0|   16|          0|
    |layer2_out_50_reg_922                                                                    |   16|   0|   16|          0|
    |layer2_out_51_reg_927                                                                    |   16|   0|   16|          0|
    |layer2_out_52_reg_932                                                                    |   16|   0|   16|          0|
    |layer2_out_53_reg_937                                                                    |   16|   0|   16|          0|
    |layer2_out_54_reg_942                                                                    |   16|   0|   16|          0|
    |layer2_out_55_reg_947                                                                    |   16|   0|   16|          0|
    |layer2_out_56_reg_952                                                                    |   16|   0|   16|          0|
    |layer2_out_57_reg_957                                                                    |   16|   0|   16|          0|
    |layer2_out_5_reg_697                                                                     |   16|   0|   16|          0|
    |layer2_out_6_reg_702                                                                     |   16|   0|   16|          0|
    |layer2_out_7_reg_707                                                                     |   16|   0|   16|          0|
    |layer2_out_8_reg_712                                                                     |   16|   0|   16|          0|
    |layer2_out_9_reg_717                                                                     |   16|   0|   16|          0|
    |layer2_out_reg_672                                                                       |   16|   0|   16|          0|
    |layer4_out_10_reg_1012                                                                   |    8|   0|    8|          0|
    |layer4_out_11_reg_1017                                                                   |    8|   0|    8|          0|
    |layer4_out_12_reg_1022                                                                   |    8|   0|    8|          0|
    |layer4_out_13_reg_1027                                                                   |    8|   0|    8|          0|
    |layer4_out_14_reg_1032                                                                   |    8|   0|    8|          0|
    |layer4_out_15_reg_1037                                                                   |    8|   0|    8|          0|
    |layer4_out_16_reg_1042                                                                   |    8|   0|    8|          0|
    |layer4_out_17_reg_1047                                                                   |    8|   0|    8|          0|
    |layer4_out_18_reg_1052                                                                   |    8|   0|    8|          0|
    |layer4_out_19_reg_1057                                                                   |    8|   0|    8|          0|
    |layer4_out_1_reg_967                                                                     |    8|   0|    8|          0|
    |layer4_out_20_reg_1062                                                                   |    8|   0|    8|          0|
    |layer4_out_21_reg_1067                                                                   |    8|   0|    8|          0|
    |layer4_out_22_reg_1072                                                                   |    8|   0|    8|          0|
    |layer4_out_23_reg_1077                                                                   |    8|   0|    8|          0|
    |layer4_out_24_reg_1082                                                                   |    8|   0|    8|          0|
    |layer4_out_25_reg_1087                                                                   |    8|   0|    8|          0|
    |layer4_out_26_reg_1092                                                                   |    8|   0|    8|          0|
    |layer4_out_27_reg_1097                                                                   |    8|   0|    8|          0|
    |layer4_out_28_reg_1102                                                                   |    8|   0|    8|          0|
    |layer4_out_29_reg_1107                                                                   |    8|   0|    8|          0|
    |layer4_out_2_reg_972                                                                     |    8|   0|    8|          0|
    |layer4_out_30_reg_1112                                                                   |    8|   0|    8|          0|
    |layer4_out_31_reg_1117                                                                   |    8|   0|    8|          0|
    |layer4_out_32_reg_1122                                                                   |    8|   0|    8|          0|
    |layer4_out_33_reg_1127                                                                   |    8|   0|    8|          0|
    |layer4_out_34_reg_1132                                                                   |    8|   0|    8|          0|
    |layer4_out_35_reg_1137                                                                   |    8|   0|    8|          0|
    |layer4_out_36_reg_1142                                                                   |    8|   0|    8|          0|
    |layer4_out_37_reg_1147                                                                   |    8|   0|    8|          0|
    |layer4_out_38_reg_1152                                                                   |    8|   0|    8|          0|
    |layer4_out_39_reg_1157                                                                   |    8|   0|    8|          0|
    |layer4_out_3_reg_977                                                                     |    8|   0|    8|          0|
    |layer4_out_40_reg_1162                                                                   |    8|   0|    8|          0|
    |layer4_out_41_reg_1167                                                                   |    8|   0|    8|          0|
    |layer4_out_42_reg_1172                                                                   |    8|   0|    8|          0|
    |layer4_out_43_reg_1177                                                                   |    8|   0|    8|          0|
    |layer4_out_44_reg_1182                                                                   |    8|   0|    8|          0|
    |layer4_out_45_reg_1187                                                                   |    8|   0|    8|          0|
    |layer4_out_46_reg_1192                                                                   |    8|   0|    8|          0|
    |layer4_out_47_reg_1197                                                                   |    8|   0|    8|          0|
    |layer4_out_48_reg_1202                                                                   |    8|   0|    8|          0|
    |layer4_out_49_reg_1207                                                                   |    8|   0|    8|          0|
    |layer4_out_4_reg_982                                                                     |    8|   0|    8|          0|
    |layer4_out_50_reg_1212                                                                   |    8|   0|    8|          0|
    |layer4_out_51_reg_1217                                                                   |    8|   0|    8|          0|
    |layer4_out_52_reg_1222                                                                   |    8|   0|    8|          0|
    |layer4_out_53_reg_1227                                                                   |    8|   0|    8|          0|
    |layer4_out_54_reg_1232                                                                   |    8|   0|    8|          0|
    |layer4_out_55_reg_1237                                                                   |    8|   0|    8|          0|
    |layer4_out_56_reg_1242                                                                   |    8|   0|    8|          0|
    |layer4_out_57_reg_1247                                                                   |    8|   0|    8|          0|
    |layer4_out_5_reg_987                                                                     |    8|   0|    8|          0|
    |layer4_out_6_reg_992                                                                     |    8|   0|    8|          0|
    |layer4_out_7_reg_997                                                                     |    8|   0|    8|          0|
    |layer4_out_8_reg_1002                                                                    |    8|   0|    8|          0|
    |layer4_out_9_reg_1007                                                                    |    8|   0|    8|          0|
    |layer4_out_reg_962                                                                       |    8|   0|    8|          0|
    +-----------------------------------------------------------------------------------------+-----+----+-----+-----------+
    |Total                                                                                    | 1654|   0| 1654|          0|
    +-----------------------------------------------------------------------------------------+-----+----+-----+-----------+



================================================================
== Interface
================================================================
* Summary: 
+---------------------+-----+-----+------------+--------------+--------------+
|      RTL Ports      | Dir | Bits|  Protocol  | Source Object|    C Type    |
+---------------------+-----+-----+------------+--------------+--------------+
|ap_clk               |   in|    1|  ap_ctrl_hs|     myproject|  return value|
|ap_rst               |   in|    1|  ap_ctrl_hs|     myproject|  return value|
|ap_start             |   in|    1|  ap_ctrl_hs|     myproject|  return value|
|ap_done              |  out|    1|  ap_ctrl_hs|     myproject|  return value|
|ap_idle              |  out|    1|  ap_ctrl_hs|     myproject|  return value|
|ap_ready             |  out|    1|  ap_ctrl_hs|     myproject|  return value|
|input1_ap_vld        |   in|    1|      ap_vld|        input1|       pointer|
|input1               |   in|  256|      ap_vld|        input1|       pointer|
|layer5_out_0         |  out|   16|      ap_vld|  layer5_out_0|       pointer|
|layer5_out_0_ap_vld  |  out|    1|      ap_vld|  layer5_out_0|       pointer|
|layer5_out_1         |  out|   16|      ap_vld|  layer5_out_1|       pointer|
|layer5_out_1_ap_vld  |  out|    1|      ap_vld|  layer5_out_1|       pointer|
|layer5_out_2         |  out|   16|      ap_vld|  layer5_out_2|       pointer|
|layer5_out_2_ap_vld  |  out|    1|      ap_vld|  layer5_out_2|       pointer|
+---------------------+-----+-----+------------+--------------+--------------+

