

================================================================
== Vitis HLS Report for 'relu_ap_fixed_16_6_5_3_0_ap_ufixed_8_0_4_0_0_relu_config4_s'
================================================================
* Date:           Fri Oct 17 13:15:31 2025

* Version:        2024.1 (Build 5069499 on May 21 2024)
* Project:        myproject_prj
* Solution:       solution1 (Vivado IP Flow Target)
* Product family: virtexuplus
* Target device:  xcvu13p-flga2577-2-e


================================================================
== Performance Estimates
================================================================
+ Timing: 
    * Summary: 
    +--------+---------+----------+------------+
    |  Clock |  Target | Estimated| Uncertainty|
    +--------+---------+----------+------------+
    |ap_clk  |  5.00 ns|  1.434 ns|     0.62 ns|
    +--------+---------+----------+------------+

+ Latency: 
    * Summary: 
    +---------+---------+----------+----------+-----+-----+---------+
    |  Latency (cycles) |  Latency (absolute) |  Interval | Pipeline|
    |   min   |   max   |    min   |    max   | min | max |   Type  |
    +---------+---------+----------+----------+-----+-----+---------+
    |        0|        0|      0 ns|      0 ns|    1|    1|      yes|
    +---------+---------+----------+----------+-----+-----+---------+

    + Detail: 
        * Instance: 
        N/A

        * Loop: 
        N/A



================================================================
== Utilization Estimates
================================================================
* Summary: 
+---------------------+---------+-------+---------+---------+------+
|         Name        | BRAM_18K|  DSP  |    FF   |   LUT   | URAM |
+---------------------+---------+-------+---------+---------+------+
|DSP                  |        -|      -|        -|        -|     -|
|Expression           |        -|      -|        0|     5742|     -|
|FIFO                 |        -|      -|        -|        -|     -|
|Instance             |        -|      -|        -|        -|     -|
|Memory               |        -|      -|        -|        -|     -|
|Multiplexer          |        -|      -|        -|        -|     -|
|Register             |        -|      -|        -|        -|     -|
+---------------------+---------+-------+---------+---------+------+
|Total                |        0|      0|        0|     5742|     0|
+---------------------+---------+-------+---------+---------+------+
|Available SLR        |     1344|   3072|   864000|   432000|   320|
+---------------------+---------+-------+---------+---------+------+
|Utilization SLR (%)  |        0|      0|        0|        1|     0|
+---------------------+---------+-------+---------+---------+------+
|Available            |     5376|  12288|  3456000|  1728000|  1280|
+---------------------+---------+-------+---------+---------+------+
|Utilization (%)      |        0|      0|        0|       ~0|     0|
+---------------------+---------+-------+---------+---------+------+

+ Detail: 
    * Instance: 
    N/A

    * DSP: 
    N/A

    * Memory: 
    N/A

    * FIFO: 
    N/A

    * Expression: 
    +-----------------------------+----------+----+---+----+------------+------------+
    |        Variable Name        | Operation| DSP| FF| LUT| Bitwidth P0| Bitwidth P1|
    +-----------------------------+----------+----+---+----+------------+------------+
    |add_ln46_10_fu_2234_p2       |         +|   0|  0|  15|           8|           8|
    |add_ln46_11_fu_2400_p2       |         +|   0|  0|  15|           8|           8|
    |add_ln46_12_fu_2566_p2       |         +|   0|  0|  15|           8|           8|
    |add_ln46_13_fu_2732_p2       |         +|   0|  0|  15|           8|           8|
    |add_ln46_14_fu_2898_p2       |         +|   0|  0|  15|           8|           8|
    |add_ln46_15_fu_3064_p2       |         +|   0|  0|  15|           8|           8|
    |add_ln46_16_fu_3230_p2       |         +|   0|  0|  15|           8|           8|
    |add_ln46_17_fu_3396_p2       |         +|   0|  0|  15|           8|           8|
    |add_ln46_18_fu_3562_p2       |         +|   0|  0|  15|           8|           8|
    |add_ln46_19_fu_3728_p2       |         +|   0|  0|  15|           8|           8|
    |add_ln46_1_fu_740_p2         |         +|   0|  0|  15|           8|           8|
    |add_ln46_20_fu_3894_p2       |         +|   0|  0|  15|           8|           8|
    |add_ln46_21_fu_4060_p2       |         +|   0|  0|  15|           8|           8|
    |add_ln46_22_fu_4226_p2       |         +|   0|  0|  15|           8|           8|
    |add_ln46_23_fu_4392_p2       |         +|   0|  0|  15|           8|           8|
    |add_ln46_24_fu_4558_p2       |         +|   0|  0|  15|           8|           8|
    |add_ln46_25_fu_4724_p2       |         +|   0|  0|  15|           8|           8|
    |add_ln46_26_fu_4890_p2       |         +|   0|  0|  15|           8|           8|
    |add_ln46_27_fu_5056_p2       |         +|   0|  0|  15|           8|           8|
    |add_ln46_28_fu_5222_p2       |         +|   0|  0|  15|           8|           8|
    |add_ln46_29_fu_5388_p2       |         +|   0|  0|  15|           8|           8|
    |add_ln46_2_fu_906_p2         |         +|   0|  0|  15|           8|           8|
    |add_ln46_30_fu_5554_p2       |         +|   0|  0|  15|           8|           8|
    |add_ln46_31_fu_5720_p2       |         +|   0|  0|  15|           8|           8|
    |add_ln46_32_fu_5886_p2       |         +|   0|  0|  15|           8|           8|
    |add_ln46_33_fu_6052_p2       |         +|   0|  0|  15|           8|           8|
    |add_ln46_34_fu_6218_p2       |         +|   0|  0|  15|           8|           8|
    |add_ln46_35_fu_6384_p2       |         +|   0|  0|  15|           8|           8|
    |add_ln46_36_fu_6550_p2       |         +|   0|  0|  15|           8|           8|
    |add_ln46_37_fu_6716_p2       |         +|   0|  0|  15|           8|           8|
    |add_ln46_38_fu_6882_p2       |         +|   0|  0|  15|           8|           8|
    |add_ln46_39_fu_7048_p2       |         +|   0|  0|  15|           8|           8|
    |add_ln46_3_fu_1072_p2        |         +|   0|  0|  15|           8|           8|
    |add_ln46_40_fu_7214_p2       |         +|   0|  0|  15|           8|           8|
    |add_ln46_41_fu_7380_p2       |         +|   0|  0|  15|           8|           8|
    |add_ln46_42_fu_7546_p2       |         +|   0|  0|  15|           8|           8|
    |add_ln46_43_fu_7712_p2       |         +|   0|  0|  15|           8|           8|
    |add_ln46_44_fu_7878_p2       |         +|   0|  0|  15|           8|           8|
    |add_ln46_45_fu_8044_p2       |         +|   0|  0|  15|           8|           8|
    |add_ln46_46_fu_8210_p2       |         +|   0|  0|  15|           8|           8|
    |add_ln46_47_fu_8376_p2       |         +|   0|  0|  15|           8|           8|
    |add_ln46_48_fu_8542_p2       |         +|   0|  0|  15|           8|           8|
    |add_ln46_49_fu_8708_p2       |         +|   0|  0|  15|           8|           8|
    |add_ln46_4_fu_1238_p2        |         +|   0|  0|  15|           8|           8|
    |add_ln46_50_fu_8874_p2       |         +|   0|  0|  15|           8|           8|
    |add_ln46_51_fu_9040_p2       |         +|   0|  0|  15|           8|           8|
    |add_ln46_52_fu_9206_p2       |         +|   0|  0|  15|           8|           8|
    |add_ln46_53_fu_9372_p2       |         +|   0|  0|  15|           8|           8|
    |add_ln46_54_fu_9538_p2       |         +|   0|  0|  15|           8|           8|
    |add_ln46_55_fu_9704_p2       |         +|   0|  0|  15|           8|           8|
    |add_ln46_56_fu_9870_p2       |         +|   0|  0|  15|           8|           8|
    |add_ln46_57_fu_10036_p2      |         +|   0|  0|  15|           8|           8|
    |add_ln46_5_fu_1404_p2        |         +|   0|  0|  15|           8|           8|
    |add_ln46_6_fu_1570_p2        |         +|   0|  0|  15|           8|           8|
    |add_ln46_7_fu_1736_p2        |         +|   0|  0|  15|           8|           8|
    |add_ln46_8_fu_1902_p2        |         +|   0|  0|  15|           8|           8|
    |add_ln46_9_fu_2068_p2        |         +|   0|  0|  15|           8|           8|
    |add_ln46_fu_574_p2           |         +|   0|  0|  15|           8|           8|
    |and_ln46_100_fu_8864_p2      |       and|   0|  0|   2|           1|           1|
    |and_ln46_102_fu_9030_p2      |       and|   0|  0|   2|           1|           1|
    |and_ln46_104_fu_9196_p2      |       and|   0|  0|   2|           1|           1|
    |and_ln46_106_fu_9362_p2      |       and|   0|  0|   2|           1|           1|
    |and_ln46_108_fu_9528_p2      |       and|   0|  0|   2|           1|           1|
    |and_ln46_10_fu_1394_p2       |       and|   0|  0|   2|           1|           1|
    |and_ln46_110_fu_9694_p2      |       and|   0|  0|   2|           1|           1|
    |and_ln46_112_fu_9860_p2      |       and|   0|  0|   2|           1|           1|
    |and_ln46_114_fu_10026_p2     |       and|   0|  0|   2|           1|           1|
    |and_ln46_12_fu_1560_p2       |       and|   0|  0|   2|           1|           1|
    |and_ln46_14_fu_1726_p2       |       and|   0|  0|   2|           1|           1|
    |and_ln46_16_fu_1892_p2       |       and|   0|  0|   2|           1|           1|
    |and_ln46_18_fu_2058_p2       |       and|   0|  0|   2|           1|           1|
    |and_ln46_20_fu_2224_p2       |       and|   0|  0|   2|           1|           1|
    |and_ln46_22_fu_2390_p2       |       and|   0|  0|   2|           1|           1|
    |and_ln46_24_fu_2556_p2       |       and|   0|  0|   2|           1|           1|
    |and_ln46_26_fu_2722_p2       |       and|   0|  0|   2|           1|           1|
    |and_ln46_28_fu_2888_p2       |       and|   0|  0|   2|           1|           1|
    |and_ln46_2_fu_730_p2         |       and|   0|  0|   2|           1|           1|
    |and_ln46_30_fu_3054_p2       |       and|   0|  0|   2|           1|           1|
    |and_ln46_32_fu_3220_p2       |       and|   0|  0|   2|           1|           1|
    |and_ln46_34_fu_3386_p2       |       and|   0|  0|   2|           1|           1|
    |and_ln46_36_fu_3552_p2       |       and|   0|  0|   2|           1|           1|
    |and_ln46_38_fu_3718_p2       |       and|   0|  0|   2|           1|           1|
    |and_ln46_40_fu_3884_p2       |       and|   0|  0|   2|           1|           1|
    |and_ln46_42_fu_4050_p2       |       and|   0|  0|   2|           1|           1|
    |and_ln46_44_fu_4216_p2       |       and|   0|  0|   2|           1|           1|
    |and_ln46_46_fu_4382_p2       |       and|   0|  0|   2|           1|           1|
    |and_ln46_48_fu_4548_p2       |       and|   0|  0|   2|           1|           1|
    |and_ln46_4_fu_896_p2         |       and|   0|  0|   2|           1|           1|
    |and_ln46_50_fu_4714_p2       |       and|   0|  0|   2|           1|           1|
    |and_ln46_52_fu_4880_p2       |       and|   0|  0|   2|           1|           1|
    |and_ln46_54_fu_5046_p2       |       and|   0|  0|   2|           1|           1|
    |and_ln46_56_fu_5212_p2       |       and|   0|  0|   2|           1|           1|
    |and_ln46_58_fu_5378_p2       |       and|   0|  0|   2|           1|           1|
    |and_ln46_60_fu_5544_p2       |       and|   0|  0|   2|           1|           1|
    |and_ln46_62_fu_5710_p2       |       and|   0|  0|   2|           1|           1|
    |and_ln46_64_fu_5876_p2       |       and|   0|  0|   2|           1|           1|
    |and_ln46_66_fu_6042_p2       |       and|   0|  0|   2|           1|           1|
    |and_ln46_68_fu_6208_p2       |       and|   0|  0|   2|           1|           1|
    |and_ln46_6_fu_1062_p2        |       and|   0|  0|   2|           1|           1|
    |and_ln46_70_fu_6374_p2       |       and|   0|  0|   2|           1|           1|
    |and_ln46_72_fu_6540_p2       |       and|   0|  0|   2|           1|           1|
    |and_ln46_74_fu_6706_p2       |       and|   0|  0|   2|           1|           1|
    |and_ln46_76_fu_6872_p2       |       and|   0|  0|   2|           1|           1|
    |and_ln46_78_fu_7038_p2       |       and|   0|  0|   2|           1|           1|
    |and_ln46_80_fu_7204_p2       |       and|   0|  0|   2|           1|           1|
    |and_ln46_82_fu_7370_p2       |       and|   0|  0|   2|           1|           1|
    |and_ln46_84_fu_7536_p2       |       and|   0|  0|   2|           1|           1|
    |and_ln46_86_fu_7702_p2       |       and|   0|  0|   2|           1|           1|
    |and_ln46_88_fu_7868_p2       |       and|   0|  0|   2|           1|           1|
    |and_ln46_8_fu_1228_p2        |       and|   0|  0|   2|           1|           1|
    |and_ln46_90_fu_8034_p2       |       and|   0|  0|   2|           1|           1|
    |and_ln46_92_fu_8200_p2       |       and|   0|  0|   2|           1|           1|
    |and_ln46_94_fu_8366_p2       |       and|   0|  0|   2|           1|           1|
    |and_ln46_96_fu_8532_p2       |       and|   0|  0|   2|           1|           1|
    |and_ln46_98_fu_8698_p2       |       and|   0|  0|   2|           1|           1|
    |and_ln46_fu_564_p2           |       and|   0|  0|   2|           1|           1|
    |empty_25_fu_782_p2           |       and|   0|  0|   2|           1|           1|
    |empty_26_fu_948_p2           |       and|   0|  0|   2|           1|           1|
    |empty_27_fu_1114_p2          |       and|   0|  0|   2|           1|           1|
    |empty_28_fu_1280_p2          |       and|   0|  0|   2|           1|           1|
    |empty_29_fu_1446_p2          |       and|   0|  0|   2|           1|           1|
    |empty_30_fu_1612_p2          |       and|   0|  0|   2|           1|           1|
    |empty_31_fu_1778_p2          |       and|   0|  0|   2|           1|           1|
    |empty_32_fu_1944_p2          |       and|   0|  0|   2|           1|           1|
    |empty_33_fu_2110_p2          |       and|   0|  0|   2|           1|           1|
    |empty_34_fu_2276_p2          |       and|   0|  0|   2|           1|           1|
    |empty_35_fu_2442_p2          |       and|   0|  0|   2|           1|           1|
    |empty_36_fu_2608_p2          |       and|   0|  0|   2|           1|           1|
    |empty_37_fu_2774_p2          |       and|   0|  0|   2|           1|           1|
    |empty_38_fu_2940_p2          |       and|   0|  0|   2|           1|           1|
    |empty_39_fu_3106_p2          |       and|   0|  0|   2|           1|           1|
    |empty_40_fu_3272_p2          |       and|   0|  0|   2|           1|           1|
    |empty_41_fu_3438_p2          |       and|   0|  0|   2|           1|           1|
    |empty_42_fu_3604_p2          |       and|   0|  0|   2|           1|           1|
    |empty_43_fu_3770_p2          |       and|   0|  0|   2|           1|           1|
    |empty_44_fu_3936_p2          |       and|   0|  0|   2|           1|           1|
    |empty_45_fu_4102_p2          |       and|   0|  0|   2|           1|           1|
    |empty_46_fu_4268_p2          |       and|   0|  0|   2|           1|           1|
    |empty_47_fu_4434_p2          |       and|   0|  0|   2|           1|           1|
    |empty_48_fu_4600_p2          |       and|   0|  0|   2|           1|           1|
    |empty_49_fu_4766_p2          |       and|   0|  0|   2|           1|           1|
    |empty_50_fu_4932_p2          |       and|   0|  0|   2|           1|           1|
    |empty_51_fu_5098_p2          |       and|   0|  0|   2|           1|           1|
    |empty_52_fu_5264_p2          |       and|   0|  0|   2|           1|           1|
    |empty_53_fu_5430_p2          |       and|   0|  0|   2|           1|           1|
    |empty_54_fu_5596_p2          |       and|   0|  0|   2|           1|           1|
    |empty_55_fu_5762_p2          |       and|   0|  0|   2|           1|           1|
    |empty_56_fu_5928_p2          |       and|   0|  0|   2|           1|           1|
    |empty_57_fu_6094_p2          |       and|   0|  0|   2|           1|           1|
    |empty_58_fu_6260_p2          |       and|   0|  0|   2|           1|           1|
    |empty_59_fu_6426_p2          |       and|   0|  0|   2|           1|           1|
    |empty_60_fu_6592_p2          |       and|   0|  0|   2|           1|           1|
    |empty_61_fu_6758_p2          |       and|   0|  0|   2|           1|           1|
    |empty_62_fu_6924_p2          |       and|   0|  0|   2|           1|           1|
    |empty_63_fu_7090_p2          |       and|   0|  0|   2|           1|           1|
    |empty_64_fu_7256_p2          |       and|   0|  0|   2|           1|           1|
    |empty_65_fu_7422_p2          |       and|   0|  0|   2|           1|           1|
    |empty_66_fu_7588_p2          |       and|   0|  0|   2|           1|           1|
    |empty_67_fu_7754_p2          |       and|   0|  0|   2|           1|           1|
    |empty_68_fu_7920_p2          |       and|   0|  0|   2|           1|           1|
    |empty_69_fu_8086_p2          |       and|   0|  0|   2|           1|           1|
    |empty_70_fu_8252_p2          |       and|   0|  0|   2|           1|           1|
    |empty_71_fu_8418_p2          |       and|   0|  0|   2|           1|           1|
    |empty_72_fu_8584_p2          |       and|   0|  0|   2|           1|           1|
    |empty_73_fu_8750_p2          |       and|   0|  0|   2|           1|           1|
    |empty_74_fu_8916_p2          |       and|   0|  0|   2|           1|           1|
    |empty_75_fu_9082_p2          |       and|   0|  0|   2|           1|           1|
    |empty_76_fu_9248_p2          |       and|   0|  0|   2|           1|           1|
    |empty_77_fu_9414_p2          |       and|   0|  0|   2|           1|           1|
    |empty_78_fu_9580_p2          |       and|   0|  0|   2|           1|           1|
    |empty_79_fu_9746_p2          |       and|   0|  0|   2|           1|           1|
    |empty_80_fu_9912_p2          |       and|   0|  0|   2|           1|           1|
    |empty_81_fu_10078_p2         |       and|   0|  0|   2|           1|           1|
    |empty_fu_616_p2              |       and|   0|  0|   2|           1|           1|
    |icmp_ln45_10_fu_2166_p2      |      icmp|   0|  0|  23|          16|           1|
    |icmp_ln45_11_fu_2332_p2      |      icmp|   0|  0|  23|          16|           1|
    |icmp_ln45_12_fu_2498_p2      |      icmp|   0|  0|  23|          16|           1|
    |icmp_ln45_13_fu_2664_p2      |      icmp|   0|  0|  23|          16|           1|
    |icmp_ln45_14_fu_2830_p2      |      icmp|   0|  0|  23|          16|           1|
    |icmp_ln45_15_fu_2996_p2      |      icmp|   0|  0|  23|          16|           1|
    |icmp_ln45_16_fu_3162_p2      |      icmp|   0|  0|  23|          16|           1|
    |icmp_ln45_17_fu_3328_p2      |      icmp|   0|  0|  23|          16|           1|
    |icmp_ln45_18_fu_3494_p2      |      icmp|   0|  0|  23|          16|           1|
    |icmp_ln45_19_fu_3660_p2      |      icmp|   0|  0|  23|          16|           1|
    |icmp_ln45_1_fu_672_p2        |      icmp|   0|  0|  23|          16|           1|
    |icmp_ln45_20_fu_3826_p2      |      icmp|   0|  0|  23|          16|           1|
    |icmp_ln45_21_fu_3992_p2      |      icmp|   0|  0|  23|          16|           1|
    |icmp_ln45_22_fu_4158_p2      |      icmp|   0|  0|  23|          16|           1|
    |icmp_ln45_23_fu_4324_p2      |      icmp|   0|  0|  23|          16|           1|
    |icmp_ln45_24_fu_4490_p2      |      icmp|   0|  0|  23|          16|           1|
    |icmp_ln45_25_fu_4656_p2      |      icmp|   0|  0|  23|          16|           1|
    |icmp_ln45_26_fu_4822_p2      |      icmp|   0|  0|  23|          16|           1|
    |icmp_ln45_27_fu_4988_p2      |      icmp|   0|  0|  23|          16|           1|
    |icmp_ln45_28_fu_5154_p2      |      icmp|   0|  0|  23|          16|           1|
    |icmp_ln45_29_fu_5320_p2      |      icmp|   0|  0|  23|          16|           1|
    |icmp_ln45_2_fu_838_p2        |      icmp|   0|  0|  23|          16|           1|
    |icmp_ln45_30_fu_5486_p2      |      icmp|   0|  0|  23|          16|           1|
    |icmp_ln45_31_fu_5652_p2      |      icmp|   0|  0|  23|          16|           1|
    |icmp_ln45_32_fu_5818_p2      |      icmp|   0|  0|  23|          16|           1|
    |icmp_ln45_33_fu_5984_p2      |      icmp|   0|  0|  23|          16|           1|
    |icmp_ln45_34_fu_6150_p2      |      icmp|   0|  0|  23|          16|           1|
    |icmp_ln45_35_fu_6316_p2      |      icmp|   0|  0|  23|          16|           1|
    |icmp_ln45_36_fu_6482_p2      |      icmp|   0|  0|  23|          16|           1|
    |icmp_ln45_37_fu_6648_p2      |      icmp|   0|  0|  23|          16|           1|
    |icmp_ln45_38_fu_6814_p2      |      icmp|   0|  0|  23|          16|           1|
    |icmp_ln45_39_fu_6980_p2      |      icmp|   0|  0|  23|          16|           1|
    |icmp_ln45_3_fu_1004_p2       |      icmp|   0|  0|  23|          16|           1|
    |icmp_ln45_40_fu_7146_p2      |      icmp|   0|  0|  23|          16|           1|
    |icmp_ln45_41_fu_7312_p2      |      icmp|   0|  0|  23|          16|           1|
    |icmp_ln45_42_fu_7478_p2      |      icmp|   0|  0|  23|          16|           1|
    |icmp_ln45_43_fu_7644_p2      |      icmp|   0|  0|  23|          16|           1|
    |icmp_ln45_44_fu_7810_p2      |      icmp|   0|  0|  23|          16|           1|
    |icmp_ln45_45_fu_7976_p2      |      icmp|   0|  0|  23|          16|           1|
    |icmp_ln45_46_fu_8142_p2      |      icmp|   0|  0|  23|          16|           1|
    |icmp_ln45_47_fu_8308_p2      |      icmp|   0|  0|  23|          16|           1|
    |icmp_ln45_48_fu_8474_p2      |      icmp|   0|  0|  23|          16|           1|
    |icmp_ln45_49_fu_8640_p2      |      icmp|   0|  0|  23|          16|           1|
    |icmp_ln45_4_fu_1170_p2       |      icmp|   0|  0|  23|          16|           1|
    |icmp_ln45_50_fu_8806_p2      |      icmp|   0|  0|  23|          16|           1|
    |icmp_ln45_51_fu_8972_p2      |      icmp|   0|  0|  23|          16|           1|
    |icmp_ln45_52_fu_9138_p2      |      icmp|   0|  0|  23|          16|           1|
    |icmp_ln45_53_fu_9304_p2      |      icmp|   0|  0|  23|          16|           1|
    |icmp_ln45_54_fu_9470_p2      |      icmp|   0|  0|  23|          16|           1|
    |icmp_ln45_55_fu_9636_p2      |      icmp|   0|  0|  23|          16|           1|
    |icmp_ln45_56_fu_9802_p2      |      icmp|   0|  0|  23|          16|           1|
    |icmp_ln45_57_fu_9968_p2      |      icmp|   0|  0|  23|          16|           1|
    |icmp_ln45_5_fu_1336_p2       |      icmp|   0|  0|  23|          16|           1|
    |icmp_ln45_6_fu_1502_p2       |      icmp|   0|  0|  23|          16|           1|
    |icmp_ln45_7_fu_1668_p2       |      icmp|   0|  0|  23|          16|           1|
    |icmp_ln45_8_fu_1834_p2       |      icmp|   0|  0|  23|          16|           1|
    |icmp_ln45_9_fu_2000_p2       |      icmp|   0|  0|  23|          16|           1|
    |icmp_ln45_fu_506_p2          |      icmp|   0|  0|  23|          16|           1|
    |icmp_ln46_10_fu_2250_p2      |      icmp|   0|  0|  13|           6|           1|
    |icmp_ln46_11_fu_2416_p2      |      icmp|   0|  0|  13|           6|           1|
    |icmp_ln46_12_fu_2582_p2      |      icmp|   0|  0|  13|           6|           1|
    |icmp_ln46_13_fu_2748_p2      |      icmp|   0|  0|  13|           6|           1|
    |icmp_ln46_14_fu_2914_p2      |      icmp|   0|  0|  13|           6|           1|
    |icmp_ln46_15_fu_3080_p2      |      icmp|   0|  0|  13|           6|           1|
    |icmp_ln46_16_fu_3246_p2      |      icmp|   0|  0|  13|           6|           1|
    |icmp_ln46_17_fu_3412_p2      |      icmp|   0|  0|  13|           6|           1|
    |icmp_ln46_18_fu_3578_p2      |      icmp|   0|  0|  13|           6|           1|
    |icmp_ln46_19_fu_3744_p2      |      icmp|   0|  0|  13|           6|           1|
    |icmp_ln46_1_fu_756_p2        |      icmp|   0|  0|  13|           6|           1|
    |icmp_ln46_20_fu_3910_p2      |      icmp|   0|  0|  13|           6|           1|
    |icmp_ln46_21_fu_4076_p2      |      icmp|   0|  0|  13|           6|           1|
    |icmp_ln46_22_fu_4242_p2      |      icmp|   0|  0|  13|           6|           1|
    |icmp_ln46_23_fu_4408_p2      |      icmp|   0|  0|  13|           6|           1|
    |icmp_ln46_24_fu_4574_p2      |      icmp|   0|  0|  13|           6|           1|
    |icmp_ln46_25_fu_4740_p2      |      icmp|   0|  0|  13|           6|           1|
    |icmp_ln46_26_fu_4906_p2      |      icmp|   0|  0|  13|           6|           1|
    |icmp_ln46_27_fu_5072_p2      |      icmp|   0|  0|  13|           6|           1|
    |icmp_ln46_28_fu_5238_p2      |      icmp|   0|  0|  13|           6|           1|
    |icmp_ln46_29_fu_5404_p2      |      icmp|   0|  0|  13|           6|           1|
    |icmp_ln46_2_fu_922_p2        |      icmp|   0|  0|  13|           6|           1|
    |icmp_ln46_30_fu_5570_p2      |      icmp|   0|  0|  13|           6|           1|
    |icmp_ln46_31_fu_5736_p2      |      icmp|   0|  0|  13|           6|           1|
    |icmp_ln46_32_fu_5902_p2      |      icmp|   0|  0|  13|           6|           1|
    |icmp_ln46_33_fu_6068_p2      |      icmp|   0|  0|  13|           6|           1|
    |icmp_ln46_34_fu_6234_p2      |      icmp|   0|  0|  13|           6|           1|
    |icmp_ln46_35_fu_6400_p2      |      icmp|   0|  0|  13|           6|           1|
    |icmp_ln46_36_fu_6566_p2      |      icmp|   0|  0|  13|           6|           1|
    |icmp_ln46_37_fu_6732_p2      |      icmp|   0|  0|  13|           6|           1|
    |icmp_ln46_38_fu_6898_p2      |      icmp|   0|  0|  13|           6|           1|
    |icmp_ln46_39_fu_7064_p2      |      icmp|   0|  0|  13|           6|           1|
    |icmp_ln46_3_fu_1088_p2       |      icmp|   0|  0|  13|           6|           1|
    |icmp_ln46_40_fu_7230_p2      |      icmp|   0|  0|  13|           6|           1|
    |icmp_ln46_41_fu_7396_p2      |      icmp|   0|  0|  13|           6|           1|
    |icmp_ln46_42_fu_7562_p2      |      icmp|   0|  0|  13|           6|           1|
    |icmp_ln46_43_fu_7728_p2      |      icmp|   0|  0|  13|           6|           1|
    |icmp_ln46_44_fu_7894_p2      |      icmp|   0|  0|  13|           6|           1|
    |icmp_ln46_45_fu_8060_p2      |      icmp|   0|  0|  13|           6|           1|
    |icmp_ln46_46_fu_8226_p2      |      icmp|   0|  0|  13|           6|           1|
    |icmp_ln46_47_fu_8392_p2      |      icmp|   0|  0|  13|           6|           1|
    |icmp_ln46_48_fu_8558_p2      |      icmp|   0|  0|  13|           6|           1|
    |icmp_ln46_49_fu_8724_p2      |      icmp|   0|  0|  13|           6|           1|
    |icmp_ln46_4_fu_1254_p2       |      icmp|   0|  0|  13|           6|           1|
    |icmp_ln46_50_fu_8890_p2      |      icmp|   0|  0|  13|           6|           1|
    |icmp_ln46_51_fu_9056_p2      |      icmp|   0|  0|  13|           6|           1|
    |icmp_ln46_52_fu_9222_p2      |      icmp|   0|  0|  13|           6|           1|
    |icmp_ln46_53_fu_9388_p2      |      icmp|   0|  0|  13|           6|           1|
    |icmp_ln46_54_fu_9554_p2      |      icmp|   0|  0|  13|           6|           1|
    |icmp_ln46_55_fu_9720_p2      |      icmp|   0|  0|  13|           6|           1|
    |icmp_ln46_56_fu_9886_p2      |      icmp|   0|  0|  13|           6|           1|
    |icmp_ln46_57_fu_10052_p2     |      icmp|   0|  0|  13|           6|           1|
    |icmp_ln46_5_fu_1420_p2       |      icmp|   0|  0|  13|           6|           1|
    |icmp_ln46_6_fu_1586_p2       |      icmp|   0|  0|  13|           6|           1|
    |icmp_ln46_7_fu_1752_p2       |      icmp|   0|  0|  13|           6|           1|
    |icmp_ln46_8_fu_1918_p2       |      icmp|   0|  0|  13|           6|           1|
    |icmp_ln46_9_fu_2084_p2       |      icmp|   0|  0|  13|           6|           1|
    |icmp_ln46_fu_590_p2          |      icmp|   0|  0|  13|           6|           1|
    |and_ln46_101_fu_8910_p2      |        or|   0|  0|   2|           1|           1|
    |and_ln46_103_fu_9076_p2      |        or|   0|  0|   2|           1|           1|
    |and_ln46_105_fu_9242_p2      |        or|   0|  0|   2|           1|           1|
    |and_ln46_107_fu_9408_p2      |        or|   0|  0|   2|           1|           1|
    |and_ln46_109_fu_9574_p2      |        or|   0|  0|   2|           1|           1|
    |and_ln46_111_fu_9740_p2      |        or|   0|  0|   2|           1|           1|
    |and_ln46_113_fu_9906_p2      |        or|   0|  0|   2|           1|           1|
    |and_ln46_115_fu_10072_p2     |        or|   0|  0|   2|           1|           1|
    |and_ln46_11_fu_1440_p2       |        or|   0|  0|   2|           1|           1|
    |and_ln46_13_fu_1606_p2       |        or|   0|  0|   2|           1|           1|
    |and_ln46_15_fu_1772_p2       |        or|   0|  0|   2|           1|           1|
    |and_ln46_17_fu_1938_p2       |        or|   0|  0|   2|           1|           1|
    |and_ln46_19_fu_2104_p2       |        or|   0|  0|   2|           1|           1|
    |and_ln46_1_fu_610_p2         |        or|   0|  0|   2|           1|           1|
    |and_ln46_21_fu_2270_p2       |        or|   0|  0|   2|           1|           1|
    |and_ln46_23_fu_2436_p2       |        or|   0|  0|   2|           1|           1|
    |and_ln46_25_fu_2602_p2       |        or|   0|  0|   2|           1|           1|
    |and_ln46_27_fu_2768_p2       |        or|   0|  0|   2|           1|           1|
    |and_ln46_29_fu_2934_p2       |        or|   0|  0|   2|           1|           1|
    |and_ln46_31_fu_3100_p2       |        or|   0|  0|   2|           1|           1|
    |and_ln46_33_fu_3266_p2       |        or|   0|  0|   2|           1|           1|
    |and_ln46_35_fu_3432_p2       |        or|   0|  0|   2|           1|           1|
    |and_ln46_37_fu_3598_p2       |        or|   0|  0|   2|           1|           1|
    |and_ln46_39_fu_3764_p2       |        or|   0|  0|   2|           1|           1|
    |and_ln46_3_fu_776_p2         |        or|   0|  0|   2|           1|           1|
    |and_ln46_41_fu_3930_p2       |        or|   0|  0|   2|           1|           1|
    |and_ln46_43_fu_4096_p2       |        or|   0|  0|   2|           1|           1|
    |and_ln46_45_fu_4262_p2       |        or|   0|  0|   2|           1|           1|
    |and_ln46_47_fu_4428_p2       |        or|   0|  0|   2|           1|           1|
    |and_ln46_49_fu_4594_p2       |        or|   0|  0|   2|           1|           1|
    |and_ln46_51_fu_4760_p2       |        or|   0|  0|   2|           1|           1|
    |and_ln46_53_fu_4926_p2       |        or|   0|  0|   2|           1|           1|
    |and_ln46_55_fu_5092_p2       |        or|   0|  0|   2|           1|           1|
    |and_ln46_57_fu_5258_p2       |        or|   0|  0|   2|           1|           1|
    |and_ln46_59_fu_5424_p2       |        or|   0|  0|   2|           1|           1|
    |and_ln46_5_fu_942_p2         |        or|   0|  0|   2|           1|           1|
    |and_ln46_61_fu_5590_p2       |        or|   0|  0|   2|           1|           1|
    |and_ln46_63_fu_5756_p2       |        or|   0|  0|   2|           1|           1|
    |and_ln46_65_fu_5922_p2       |        or|   0|  0|   2|           1|           1|
    |and_ln46_67_fu_6088_p2       |        or|   0|  0|   2|           1|           1|
    |and_ln46_69_fu_6254_p2       |        or|   0|  0|   2|           1|           1|
    |and_ln46_71_fu_6420_p2       |        or|   0|  0|   2|           1|           1|
    |and_ln46_73_fu_6586_p2       |        or|   0|  0|   2|           1|           1|
    |and_ln46_75_fu_6752_p2       |        or|   0|  0|   2|           1|           1|
    |and_ln46_77_fu_6918_p2       |        or|   0|  0|   2|           1|           1|
    |and_ln46_79_fu_7084_p2       |        or|   0|  0|   2|           1|           1|
    |and_ln46_7_fu_1108_p2        |        or|   0|  0|   2|           1|           1|
    |and_ln46_81_fu_7250_p2       |        or|   0|  0|   2|           1|           1|
    |and_ln46_83_fu_7416_p2       |        or|   0|  0|   2|           1|           1|
    |and_ln46_85_fu_7582_p2       |        or|   0|  0|   2|           1|           1|
    |and_ln46_87_fu_7748_p2       |        or|   0|  0|   2|           1|           1|
    |and_ln46_89_fu_7914_p2       |        or|   0|  0|   2|           1|           1|
    |and_ln46_91_fu_8080_p2       |        or|   0|  0|   2|           1|           1|
    |and_ln46_93_fu_8246_p2       |        or|   0|  0|   2|           1|           1|
    |and_ln46_95_fu_8412_p2       |        or|   0|  0|   2|           1|           1|
    |and_ln46_97_fu_8578_p2       |        or|   0|  0|   2|           1|           1|
    |and_ln46_99_fu_8744_p2       |        or|   0|  0|   2|           1|           1|
    |and_ln46_9_fu_1274_p2        |        or|   0|  0|   2|           1|           1|
    |or_ln46_100_fu_6100_p2       |        or|   0|  0|   2|           1|           1|
    |or_ln46_101_fu_6112_p2       |        or|   0|  0|   2|           1|           1|
    |or_ln46_102_fu_6202_p2       |        or|   0|  0|   2|           1|           1|
    |or_ln46_103_fu_6266_p2       |        or|   0|  0|   2|           1|           1|
    |or_ln46_104_fu_6278_p2       |        or|   0|  0|   2|           1|           1|
    |or_ln46_105_fu_6368_p2       |        or|   0|  0|   2|           1|           1|
    |or_ln46_106_fu_6432_p2       |        or|   0|  0|   2|           1|           1|
    |or_ln46_107_fu_6444_p2       |        or|   0|  0|   2|           1|           1|
    |or_ln46_108_fu_6534_p2       |        or|   0|  0|   2|           1|           1|
    |or_ln46_109_fu_6598_p2       |        or|   0|  0|   2|           1|           1|
    |or_ln46_10_fu_1120_p2        |        or|   0|  0|   2|           1|           1|
    |or_ln46_110_fu_6610_p2       |        or|   0|  0|   2|           1|           1|
    |or_ln46_111_fu_6700_p2       |        or|   0|  0|   2|           1|           1|
    |or_ln46_112_fu_6764_p2       |        or|   0|  0|   2|           1|           1|
    |or_ln46_113_fu_6776_p2       |        or|   0|  0|   2|           1|           1|
    |or_ln46_114_fu_6866_p2       |        or|   0|  0|   2|           1|           1|
    |or_ln46_115_fu_6930_p2       |        or|   0|  0|   2|           1|           1|
    |or_ln46_116_fu_6942_p2       |        or|   0|  0|   2|           1|           1|
    |or_ln46_117_fu_7032_p2       |        or|   0|  0|   2|           1|           1|
    |or_ln46_118_fu_7096_p2       |        or|   0|  0|   2|           1|           1|
    |or_ln46_119_fu_7108_p2       |        or|   0|  0|   2|           1|           1|
    |or_ln46_11_fu_1132_p2        |        or|   0|  0|   2|           1|           1|
    |or_ln46_120_fu_7198_p2       |        or|   0|  0|   2|           1|           1|
    |or_ln46_121_fu_7262_p2       |        or|   0|  0|   2|           1|           1|
    |or_ln46_122_fu_7274_p2       |        or|   0|  0|   2|           1|           1|
    |or_ln46_123_fu_7364_p2       |        or|   0|  0|   2|           1|           1|
    |or_ln46_124_fu_7428_p2       |        or|   0|  0|   2|           1|           1|
    |or_ln46_125_fu_7440_p2       |        or|   0|  0|   2|           1|           1|
    |or_ln46_126_fu_7530_p2       |        or|   0|  0|   2|           1|           1|
    |or_ln46_127_fu_7594_p2       |        or|   0|  0|   2|           1|           1|
    |or_ln46_128_fu_7606_p2       |        or|   0|  0|   2|           1|           1|
    |or_ln46_129_fu_7696_p2       |        or|   0|  0|   2|           1|           1|
    |or_ln46_12_fu_1222_p2        |        or|   0|  0|   2|           1|           1|
    |or_ln46_130_fu_7760_p2       |        or|   0|  0|   2|           1|           1|
    |or_ln46_131_fu_7772_p2       |        or|   0|  0|   2|           1|           1|
    |or_ln46_132_fu_7862_p2       |        or|   0|  0|   2|           1|           1|
    |or_ln46_133_fu_7926_p2       |        or|   0|  0|   2|           1|           1|
    |or_ln46_134_fu_7938_p2       |        or|   0|  0|   2|           1|           1|
    |or_ln46_135_fu_8028_p2       |        or|   0|  0|   2|           1|           1|
    |or_ln46_136_fu_8092_p2       |        or|   0|  0|   2|           1|           1|
    |or_ln46_137_fu_8104_p2       |        or|   0|  0|   2|           1|           1|
    |or_ln46_138_fu_8194_p2       |        or|   0|  0|   2|           1|           1|
    |or_ln46_139_fu_8258_p2       |        or|   0|  0|   2|           1|           1|
    |or_ln46_13_fu_1286_p2        |        or|   0|  0|   2|           1|           1|
    |or_ln46_140_fu_8270_p2       |        or|   0|  0|   2|           1|           1|
    |or_ln46_141_fu_8360_p2       |        or|   0|  0|   2|           1|           1|
    |or_ln46_142_fu_8424_p2       |        or|   0|  0|   2|           1|           1|
    |or_ln46_143_fu_8436_p2       |        or|   0|  0|   2|           1|           1|
    |or_ln46_144_fu_8526_p2       |        or|   0|  0|   2|           1|           1|
    |or_ln46_145_fu_8590_p2       |        or|   0|  0|   2|           1|           1|
    |or_ln46_146_fu_8602_p2       |        or|   0|  0|   2|           1|           1|
    |or_ln46_147_fu_8692_p2       |        or|   0|  0|   2|           1|           1|
    |or_ln46_148_fu_8756_p2       |        or|   0|  0|   2|           1|           1|
    |or_ln46_149_fu_8768_p2       |        or|   0|  0|   2|           1|           1|
    |or_ln46_14_fu_1298_p2        |        or|   0|  0|   2|           1|           1|
    |or_ln46_150_fu_8858_p2       |        or|   0|  0|   2|           1|           1|
    |or_ln46_151_fu_8922_p2       |        or|   0|  0|   2|           1|           1|
    |or_ln46_152_fu_8934_p2       |        or|   0|  0|   2|           1|           1|
    |or_ln46_153_fu_9024_p2       |        or|   0|  0|   2|           1|           1|
    |or_ln46_154_fu_9088_p2       |        or|   0|  0|   2|           1|           1|
    |or_ln46_155_fu_9100_p2       |        or|   0|  0|   2|           1|           1|
    |or_ln46_156_fu_9190_p2       |        or|   0|  0|   2|           1|           1|
    |or_ln46_157_fu_9254_p2       |        or|   0|  0|   2|           1|           1|
    |or_ln46_158_fu_9266_p2       |        or|   0|  0|   2|           1|           1|
    |or_ln46_159_fu_9356_p2       |        or|   0|  0|   2|           1|           1|
    |or_ln46_15_fu_1388_p2        |        or|   0|  0|   2|           1|           1|
    |or_ln46_160_fu_9420_p2       |        or|   0|  0|   2|           1|           1|
    |or_ln46_161_fu_9432_p2       |        or|   0|  0|   2|           1|           1|
    |or_ln46_162_fu_9522_p2       |        or|   0|  0|   2|           1|           1|
    |or_ln46_163_fu_9586_p2       |        or|   0|  0|   2|           1|           1|
    |or_ln46_164_fu_9598_p2       |        or|   0|  0|   2|           1|           1|
    |or_ln46_165_fu_9688_p2       |        or|   0|  0|   2|           1|           1|
    |or_ln46_166_fu_9752_p2       |        or|   0|  0|   2|           1|           1|
    |or_ln46_167_fu_9764_p2       |        or|   0|  0|   2|           1|           1|
    |or_ln46_168_fu_9854_p2       |        or|   0|  0|   2|           1|           1|
    |or_ln46_169_fu_9918_p2       |        or|   0|  0|   2|           1|           1|
    |or_ln46_16_fu_1452_p2        |        or|   0|  0|   2|           1|           1|
    |or_ln46_170_fu_9930_p2       |        or|   0|  0|   2|           1|           1|
    |or_ln46_171_fu_10020_p2      |        or|   0|  0|   2|           1|           1|
    |or_ln46_172_fu_10084_p2      |        or|   0|  0|   2|           1|           1|
    |or_ln46_173_fu_10096_p2      |        or|   0|  0|   2|           1|           1|
    |or_ln46_17_fu_1464_p2        |        or|   0|  0|   2|           1|           1|
    |or_ln46_18_fu_1554_p2        |        or|   0|  0|   2|           1|           1|
    |or_ln46_19_fu_1618_p2        |        or|   0|  0|   2|           1|           1|
    |or_ln46_1_fu_622_p2          |        or|   0|  0|   2|           1|           1|
    |or_ln46_20_fu_1630_p2        |        or|   0|  0|   2|           1|           1|
    |or_ln46_21_fu_1720_p2        |        or|   0|  0|   2|           1|           1|
    |or_ln46_22_fu_1784_p2        |        or|   0|  0|   2|           1|           1|
    |or_ln46_23_fu_1796_p2        |        or|   0|  0|   2|           1|           1|
    |or_ln46_24_fu_1886_p2        |        or|   0|  0|   2|           1|           1|
    |or_ln46_25_fu_1950_p2        |        or|   0|  0|   2|           1|           1|
    |or_ln46_26_fu_1962_p2        |        or|   0|  0|   2|           1|           1|
    |or_ln46_27_fu_2052_p2        |        or|   0|  0|   2|           1|           1|
    |or_ln46_28_fu_2116_p2        |        or|   0|  0|   2|           1|           1|
    |or_ln46_29_fu_2128_p2        |        or|   0|  0|   2|           1|           1|
    |or_ln46_2_fu_634_p2          |        or|   0|  0|   2|           1|           1|
    |or_ln46_30_fu_2218_p2        |        or|   0|  0|   2|           1|           1|
    |or_ln46_31_fu_2282_p2        |        or|   0|  0|   2|           1|           1|
    |or_ln46_32_fu_2294_p2        |        or|   0|  0|   2|           1|           1|
    |or_ln46_33_fu_2384_p2        |        or|   0|  0|   2|           1|           1|
    |or_ln46_34_fu_2448_p2        |        or|   0|  0|   2|           1|           1|
    |or_ln46_35_fu_2460_p2        |        or|   0|  0|   2|           1|           1|
    |or_ln46_36_fu_2550_p2        |        or|   0|  0|   2|           1|           1|
    |or_ln46_37_fu_2614_p2        |        or|   0|  0|   2|           1|           1|
    |or_ln46_38_fu_2626_p2        |        or|   0|  0|   2|           1|           1|
    |or_ln46_39_fu_2716_p2        |        or|   0|  0|   2|           1|           1|
    |or_ln46_3_fu_724_p2          |        or|   0|  0|   2|           1|           1|
    |or_ln46_40_fu_2780_p2        |        or|   0|  0|   2|           1|           1|
    |or_ln46_41_fu_2792_p2        |        or|   0|  0|   2|           1|           1|
    |or_ln46_42_fu_2882_p2        |        or|   0|  0|   2|           1|           1|
    |or_ln46_43_fu_2946_p2        |        or|   0|  0|   2|           1|           1|
    |or_ln46_44_fu_2958_p2        |        or|   0|  0|   2|           1|           1|
    |or_ln46_45_fu_3048_p2        |        or|   0|  0|   2|           1|           1|
    |or_ln46_46_fu_3112_p2        |        or|   0|  0|   2|           1|           1|
    |or_ln46_47_fu_3124_p2        |        or|   0|  0|   2|           1|           1|
    |or_ln46_48_fu_3214_p2        |        or|   0|  0|   2|           1|           1|
    |or_ln46_49_fu_3278_p2        |        or|   0|  0|   2|           1|           1|
    |or_ln46_4_fu_788_p2          |        or|   0|  0|   2|           1|           1|
    |or_ln46_50_fu_3290_p2        |        or|   0|  0|   2|           1|           1|
    |or_ln46_51_fu_3380_p2        |        or|   0|  0|   2|           1|           1|
    |or_ln46_52_fu_3444_p2        |        or|   0|  0|   2|           1|           1|
    |or_ln46_53_fu_3456_p2        |        or|   0|  0|   2|           1|           1|
    |or_ln46_54_fu_3546_p2        |        or|   0|  0|   2|           1|           1|
    |or_ln46_55_fu_3610_p2        |        or|   0|  0|   2|           1|           1|
    |or_ln46_56_fu_3622_p2        |        or|   0|  0|   2|           1|           1|
    |or_ln46_57_fu_3712_p2        |        or|   0|  0|   2|           1|           1|
    |or_ln46_58_fu_3776_p2        |        or|   0|  0|   2|           1|           1|
    |or_ln46_59_fu_3788_p2        |        or|   0|  0|   2|           1|           1|
    |or_ln46_5_fu_800_p2          |        or|   0|  0|   2|           1|           1|
    |or_ln46_60_fu_3878_p2        |        or|   0|  0|   2|           1|           1|
    |or_ln46_61_fu_3942_p2        |        or|   0|  0|   2|           1|           1|
    |or_ln46_62_fu_3954_p2        |        or|   0|  0|   2|           1|           1|
    |or_ln46_63_fu_4044_p2        |        or|   0|  0|   2|           1|           1|
    |or_ln46_64_fu_4108_p2        |        or|   0|  0|   2|           1|           1|
    |or_ln46_65_fu_4120_p2        |        or|   0|  0|   2|           1|           1|
    |or_ln46_66_fu_4210_p2        |        or|   0|  0|   2|           1|           1|
    |or_ln46_67_fu_4274_p2        |        or|   0|  0|   2|           1|           1|
    |or_ln46_68_fu_4286_p2        |        or|   0|  0|   2|           1|           1|
    |or_ln46_69_fu_4376_p2        |        or|   0|  0|   2|           1|           1|
    |or_ln46_6_fu_890_p2          |        or|   0|  0|   2|           1|           1|
    |or_ln46_70_fu_4440_p2        |        or|   0|  0|   2|           1|           1|
    |or_ln46_71_fu_4452_p2        |        or|   0|  0|   2|           1|           1|
    |or_ln46_72_fu_4542_p2        |        or|   0|  0|   2|           1|           1|
    |or_ln46_73_fu_4606_p2        |        or|   0|  0|   2|           1|           1|
    |or_ln46_74_fu_4618_p2        |        or|   0|  0|   2|           1|           1|
    |or_ln46_75_fu_4708_p2        |        or|   0|  0|   2|           1|           1|
    |or_ln46_76_fu_4772_p2        |        or|   0|  0|   2|           1|           1|
    |or_ln46_77_fu_4784_p2        |        or|   0|  0|   2|           1|           1|
    |or_ln46_78_fu_4874_p2        |        or|   0|  0|   2|           1|           1|
    |or_ln46_79_fu_4938_p2        |        or|   0|  0|   2|           1|           1|
    |or_ln46_7_fu_954_p2          |        or|   0|  0|   2|           1|           1|
    |or_ln46_80_fu_4950_p2        |        or|   0|  0|   2|           1|           1|
    |or_ln46_81_fu_5040_p2        |        or|   0|  0|   2|           1|           1|
    |or_ln46_82_fu_5104_p2        |        or|   0|  0|   2|           1|           1|
    |or_ln46_83_fu_5116_p2        |        or|   0|  0|   2|           1|           1|
    |or_ln46_84_fu_5206_p2        |        or|   0|  0|   2|           1|           1|
    |or_ln46_85_fu_5270_p2        |        or|   0|  0|   2|           1|           1|
    |or_ln46_86_fu_5282_p2        |        or|   0|  0|   2|           1|           1|
    |or_ln46_87_fu_5372_p2        |        or|   0|  0|   2|           1|           1|
    |or_ln46_88_fu_5436_p2        |        or|   0|  0|   2|           1|           1|
    |or_ln46_89_fu_5448_p2        |        or|   0|  0|   2|           1|           1|
    |or_ln46_8_fu_966_p2          |        or|   0|  0|   2|           1|           1|
    |or_ln46_90_fu_5538_p2        |        or|   0|  0|   2|           1|           1|
    |or_ln46_91_fu_5602_p2        |        or|   0|  0|   2|           1|           1|
    |or_ln46_92_fu_5614_p2        |        or|   0|  0|   2|           1|           1|
    |or_ln46_93_fu_5704_p2        |        or|   0|  0|   2|           1|           1|
    |or_ln46_94_fu_5768_p2        |        or|   0|  0|   2|           1|           1|
    |or_ln46_95_fu_5780_p2        |        or|   0|  0|   2|           1|           1|
    |or_ln46_96_fu_5870_p2        |        or|   0|  0|   2|           1|           1|
    |or_ln46_97_fu_5934_p2        |        or|   0|  0|   2|           1|           1|
    |or_ln46_98_fu_5946_p2        |        or|   0|  0|   2|           1|           1|
    |or_ln46_99_fu_6036_p2        |        or|   0|  0|   2|           1|           1|
    |or_ln46_9_fu_1056_p2         |        or|   0|  0|   2|           1|           1|
    |or_ln46_fu_558_p2            |        or|   0|  0|   2|           1|           1|
    |res_0_0_fu_664_p3            |    select|   0|  0|   8|           1|           8|
    |res_10_0_fu_2324_p3          |    select|   0|  0|   8|           1|           8|
    |res_11_0_fu_2490_p3          |    select|   0|  0|   8|           1|           8|
    |res_12_0_fu_2656_p3          |    select|   0|  0|   8|           1|           8|
    |res_13_0_fu_2822_p3          |    select|   0|  0|   8|           1|           8|
    |res_1445_0_fu_2988_p3        |    select|   0|  0|   8|           1|           8|
    |res_15_0_fu_3154_p3          |    select|   0|  0|   8|           1|           8|
    |res_16_0_fu_3320_p3          |    select|   0|  0|   8|           1|           8|
    |res_17_0_fu_3486_p3          |    select|   0|  0|   8|           1|           8|
    |res_18_0_fu_3652_p3          |    select|   0|  0|   8|           1|           8|
    |res_19_0_fu_3818_p3          |    select|   0|  0|   8|           1|           8|
    |res_1_0_fu_830_p3            |    select|   0|  0|   8|           1|           8|
    |res_20_0_fu_3984_p3          |    select|   0|  0|   8|           1|           8|
    |res_21_0_fu_4150_p3          |    select|   0|  0|   8|           1|           8|
    |res_22_0_fu_4316_p3          |    select|   0|  0|   8|           1|           8|
    |res_23_0_fu_4482_p3          |    select|   0|  0|   8|           1|           8|
    |res_24_0_fu_4648_p3          |    select|   0|  0|   8|           1|           8|
    |res_25_0_fu_4814_p3          |    select|   0|  0|   8|           1|           8|
    |res_26_0_fu_4980_p3          |    select|   0|  0|   8|           1|           8|
    |res_2786_0_fu_5146_p3        |    select|   0|  0|   8|           1|           8|
    |res_28_0_fu_5312_p3          |    select|   0|  0|   8|           1|           8|
    |res_29_0_fu_5478_p3          |    select|   0|  0|   8|           1|           8|
    |res_2_0_fu_996_p3            |    select|   0|  0|   8|           1|           8|
    |res_30_0_fu_5644_p3          |    select|   0|  0|   8|           1|           8|
    |res_31_0_fu_5810_p3          |    select|   0|  0|   8|           1|           8|
    |res_32_0_fu_5976_p3          |    select|   0|  0|   8|           1|           8|
    |res_33_0_fu_6142_p3          |    select|   0|  0|   8|           1|           8|
    |res_34_0_fu_6308_p3          |    select|   0|  0|   8|           1|           8|
    |res_35_0_fu_6474_p3          |    select|   0|  0|   8|           1|           8|
    |res_36_0_fu_6640_p3          |    select|   0|  0|   8|           1|           8|
    |res_37_0_fu_6806_p3          |    select|   0|  0|   8|           1|           8|
    |res_38_0_fu_6972_p3          |    select|   0|  0|   8|           1|           8|
    |res_39_0_fu_7138_p3          |    select|   0|  0|   8|           1|           8|
    |res_3_0_fu_1162_p3           |    select|   0|  0|   8|           1|           8|
    |res_40_0_fu_7304_p3          |    select|   0|  0|   8|           1|           8|
    |res_41_0_fu_7470_p3          |    select|   0|  0|   8|           1|           8|
    |res_42_0_fu_7636_p3          |    select|   0|  0|   8|           1|           8|
    |res_43_0_fu_7802_p3          |    select|   0|  0|   8|           1|           8|
    |res_44_0_fu_7968_p3          |    select|   0|  0|   8|           1|           8|
    |res_45_0_fu_8134_p3          |    select|   0|  0|   8|           1|           8|
    |res_46_0_fu_8300_p3          |    select|   0|  0|   8|           1|           8|
    |res_47_0_fu_8466_p3          |    select|   0|  0|   8|           1|           8|
    |res_48_0_fu_8632_p3          |    select|   0|  0|   8|           1|           8|
    |res_49_0_fu_8798_p3          |    select|   0|  0|   8|           1|           8|
    |res_4_0_fu_1328_p3           |    select|   0|  0|   8|           1|           8|
    |res_50_0_fu_8964_p3          |    select|   0|  0|   8|           1|           8|
    |res_51_0_fu_9130_p3          |    select|   0|  0|   8|           1|           8|
    |res_52_0_fu_9296_p3          |    select|   0|  0|   8|           1|           8|
    |res_53_0_fu_9462_p3          |    select|   0|  0|   8|           1|           8|
    |res_54_0_fu_9628_p3          |    select|   0|  0|   8|           1|           8|
    |res_55_0_fu_9794_p3          |    select|   0|  0|   8|           1|           8|
    |res_56_0_fu_9960_p3          |    select|   0|  0|   8|           1|           8|
    |res_57_0_fu_10126_p3         |    select|   0|  0|   8|           1|           8|
    |res_5_0_fu_1494_p3           |    select|   0|  0|   8|           1|           8|
    |res_6_0_fu_1660_p3           |    select|   0|  0|   8|           1|           8|
    |res_7_0_fu_1826_p3           |    select|   0|  0|   8|           1|           8|
    |res_8_0_fu_1992_p3           |    select|   0|  0|   8|           1|           8|
    |res_9_0_fu_2158_p3           |    select|   0|  0|   8|           1|           8|
    |select_ln46_100_fu_6126_p3   |    select|   0|  0|   8|           1|           8|
    |select_ln46_101_fu_6134_p3   |    select|   0|  0|   8|           1|           8|
    |select_ln46_102_fu_6284_p3   |    select|   0|  0|   8|           1|           1|
    |select_ln46_103_fu_6292_p3   |    select|   0|  0|   8|           1|           8|
    |select_ln46_104_fu_6300_p3   |    select|   0|  0|   8|           1|           8|
    |select_ln46_105_fu_6450_p3   |    select|   0|  0|   8|           1|           1|
    |select_ln46_106_fu_6458_p3   |    select|   0|  0|   8|           1|           8|
    |select_ln46_107_fu_6466_p3   |    select|   0|  0|   8|           1|           8|
    |select_ln46_108_fu_6616_p3   |    select|   0|  0|   8|           1|           1|
    |select_ln46_109_fu_6624_p3   |    select|   0|  0|   8|           1|           8|
    |select_ln46_10_fu_1146_p3    |    select|   0|  0|   8|           1|           8|
    |select_ln46_110_fu_6632_p3   |    select|   0|  0|   8|           1|           8|
    |select_ln46_111_fu_6782_p3   |    select|   0|  0|   8|           1|           1|
    |select_ln46_112_fu_6790_p3   |    select|   0|  0|   8|           1|           8|
    |select_ln46_113_fu_6798_p3   |    select|   0|  0|   8|           1|           8|
    |select_ln46_114_fu_6948_p3   |    select|   0|  0|   8|           1|           1|
    |select_ln46_115_fu_6956_p3   |    select|   0|  0|   8|           1|           8|
    |select_ln46_116_fu_6964_p3   |    select|   0|  0|   8|           1|           8|
    |select_ln46_117_fu_7114_p3   |    select|   0|  0|   8|           1|           1|
    |select_ln46_118_fu_7122_p3   |    select|   0|  0|   8|           1|           8|
    |select_ln46_119_fu_7130_p3   |    select|   0|  0|   8|           1|           8|
    |select_ln46_11_fu_1154_p3    |    select|   0|  0|   8|           1|           8|
    |select_ln46_120_fu_7280_p3   |    select|   0|  0|   8|           1|           1|
    |select_ln46_121_fu_7288_p3   |    select|   0|  0|   8|           1|           8|
    |select_ln46_122_fu_7296_p3   |    select|   0|  0|   8|           1|           8|
    |select_ln46_123_fu_7446_p3   |    select|   0|  0|   8|           1|           1|
    |select_ln46_124_fu_7454_p3   |    select|   0|  0|   8|           1|           8|
    |select_ln46_125_fu_7462_p3   |    select|   0|  0|   8|           1|           8|
    |select_ln46_126_fu_7612_p3   |    select|   0|  0|   8|           1|           1|
    |select_ln46_127_fu_7620_p3   |    select|   0|  0|   8|           1|           8|
    |select_ln46_128_fu_7628_p3   |    select|   0|  0|   8|           1|           8|
    |select_ln46_129_fu_7778_p3   |    select|   0|  0|   8|           1|           1|
    |select_ln46_12_fu_1304_p3    |    select|   0|  0|   8|           1|           1|
    |select_ln46_130_fu_7786_p3   |    select|   0|  0|   8|           1|           8|
    |select_ln46_131_fu_7794_p3   |    select|   0|  0|   8|           1|           8|
    |select_ln46_132_fu_7944_p3   |    select|   0|  0|   8|           1|           1|
    |select_ln46_133_fu_7952_p3   |    select|   0|  0|   8|           1|           8|
    |select_ln46_134_fu_7960_p3   |    select|   0|  0|   8|           1|           8|
    |select_ln46_135_fu_8110_p3   |    select|   0|  0|   8|           1|           1|
    |select_ln46_136_fu_8118_p3   |    select|   0|  0|   8|           1|           8|
    |select_ln46_137_fu_8126_p3   |    select|   0|  0|   8|           1|           8|
    |select_ln46_138_fu_8276_p3   |    select|   0|  0|   8|           1|           1|
    |select_ln46_139_fu_8284_p3   |    select|   0|  0|   8|           1|           8|
    |select_ln46_13_fu_1312_p3    |    select|   0|  0|   8|           1|           8|
    |select_ln46_140_fu_8292_p3   |    select|   0|  0|   8|           1|           8|
    |select_ln46_141_fu_8442_p3   |    select|   0|  0|   8|           1|           1|
    |select_ln46_142_fu_8450_p3   |    select|   0|  0|   8|           1|           8|
    |select_ln46_143_fu_8458_p3   |    select|   0|  0|   8|           1|           8|
    |select_ln46_144_fu_8608_p3   |    select|   0|  0|   8|           1|           1|
    |select_ln46_145_fu_8616_p3   |    select|   0|  0|   8|           1|           8|
    |select_ln46_146_fu_8624_p3   |    select|   0|  0|   8|           1|           8|
    |select_ln46_147_fu_8774_p3   |    select|   0|  0|   8|           1|           1|
    |select_ln46_148_fu_8782_p3   |    select|   0|  0|   8|           1|           8|
    |select_ln46_149_fu_8790_p3   |    select|   0|  0|   8|           1|           8|
    |select_ln46_14_fu_1320_p3    |    select|   0|  0|   8|           1|           8|
    |select_ln46_150_fu_8940_p3   |    select|   0|  0|   8|           1|           1|
    |select_ln46_151_fu_8948_p3   |    select|   0|  0|   8|           1|           8|
    |select_ln46_152_fu_8956_p3   |    select|   0|  0|   8|           1|           8|
    |select_ln46_153_fu_9106_p3   |    select|   0|  0|   8|           1|           1|
    |select_ln46_154_fu_9114_p3   |    select|   0|  0|   8|           1|           8|
    |select_ln46_155_fu_9122_p3   |    select|   0|  0|   8|           1|           8|
    |select_ln46_156_fu_9272_p3   |    select|   0|  0|   8|           1|           1|
    |select_ln46_157_fu_9280_p3   |    select|   0|  0|   8|           1|           8|
    |select_ln46_158_fu_9288_p3   |    select|   0|  0|   8|           1|           8|
    |select_ln46_159_fu_9438_p3   |    select|   0|  0|   8|           1|           1|
    |select_ln46_15_fu_1470_p3    |    select|   0|  0|   8|           1|           1|
    |select_ln46_160_fu_9446_p3   |    select|   0|  0|   8|           1|           8|
    |select_ln46_161_fu_9454_p3   |    select|   0|  0|   8|           1|           8|
    |select_ln46_162_fu_9604_p3   |    select|   0|  0|   8|           1|           1|
    |select_ln46_163_fu_9612_p3   |    select|   0|  0|   8|           1|           8|
    |select_ln46_164_fu_9620_p3   |    select|   0|  0|   8|           1|           8|
    |select_ln46_165_fu_9770_p3   |    select|   0|  0|   8|           1|           1|
    |select_ln46_166_fu_9778_p3   |    select|   0|  0|   8|           1|           8|
    |select_ln46_167_fu_9786_p3   |    select|   0|  0|   8|           1|           8|
    |select_ln46_168_fu_9936_p3   |    select|   0|  0|   8|           1|           1|
    |select_ln46_169_fu_9944_p3   |    select|   0|  0|   8|           1|           8|
    |select_ln46_16_fu_1478_p3    |    select|   0|  0|   8|           1|           8|
    |select_ln46_170_fu_9952_p3   |    select|   0|  0|   8|           1|           8|
    |select_ln46_171_fu_10102_p3  |    select|   0|  0|   8|           1|           1|
    |select_ln46_172_fu_10110_p3  |    select|   0|  0|   8|           1|           8|
    |select_ln46_173_fu_10118_p3  |    select|   0|  0|   8|           1|           8|
    |select_ln46_17_fu_1486_p3    |    select|   0|  0|   8|           1|           8|
    |select_ln46_18_fu_1636_p3    |    select|   0|  0|   8|           1|           1|
    |select_ln46_19_fu_1644_p3    |    select|   0|  0|   8|           1|           8|
    |select_ln46_1_fu_648_p3      |    select|   0|  0|   8|           1|           8|
    |select_ln46_20_fu_1652_p3    |    select|   0|  0|   8|           1|           8|
    |select_ln46_21_fu_1802_p3    |    select|   0|  0|   8|           1|           1|
    |select_ln46_22_fu_1810_p3    |    select|   0|  0|   8|           1|           8|
    |select_ln46_23_fu_1818_p3    |    select|   0|  0|   8|           1|           8|
    |select_ln46_24_fu_1968_p3    |    select|   0|  0|   8|           1|           1|
    |select_ln46_25_fu_1976_p3    |    select|   0|  0|   8|           1|           8|
    |select_ln46_26_fu_1984_p3    |    select|   0|  0|   8|           1|           8|
    |select_ln46_27_fu_2134_p3    |    select|   0|  0|   8|           1|           1|
    |select_ln46_28_fu_2142_p3    |    select|   0|  0|   8|           1|           8|
    |select_ln46_29_fu_2150_p3    |    select|   0|  0|   8|           1|           8|
    |select_ln46_2_fu_656_p3      |    select|   0|  0|   8|           1|           8|
    |select_ln46_30_fu_2300_p3    |    select|   0|  0|   8|           1|           1|
    |select_ln46_31_fu_2308_p3    |    select|   0|  0|   8|           1|           8|
    |select_ln46_32_fu_2316_p3    |    select|   0|  0|   8|           1|           8|
    |select_ln46_33_fu_2466_p3    |    select|   0|  0|   8|           1|           1|
    |select_ln46_34_fu_2474_p3    |    select|   0|  0|   8|           1|           8|
    |select_ln46_35_fu_2482_p3    |    select|   0|  0|   8|           1|           8|
    |select_ln46_36_fu_2632_p3    |    select|   0|  0|   8|           1|           1|
    |select_ln46_37_fu_2640_p3    |    select|   0|  0|   8|           1|           8|
    |select_ln46_38_fu_2648_p3    |    select|   0|  0|   8|           1|           8|
    |select_ln46_39_fu_2798_p3    |    select|   0|  0|   8|           1|           1|
    |select_ln46_3_fu_806_p3      |    select|   0|  0|   8|           1|           1|
    |select_ln46_40_fu_2806_p3    |    select|   0|  0|   8|           1|           8|
    |select_ln46_41_fu_2814_p3    |    select|   0|  0|   8|           1|           8|
    |select_ln46_42_fu_2964_p3    |    select|   0|  0|   8|           1|           1|
    |select_ln46_43_fu_2972_p3    |    select|   0|  0|   8|           1|           8|
    |select_ln46_44_fu_2980_p3    |    select|   0|  0|   8|           1|           8|
    |select_ln46_45_fu_3130_p3    |    select|   0|  0|   8|           1|           1|
    |select_ln46_46_fu_3138_p3    |    select|   0|  0|   8|           1|           8|
    |select_ln46_47_fu_3146_p3    |    select|   0|  0|   8|           1|           8|
    |select_ln46_48_fu_3296_p3    |    select|   0|  0|   8|           1|           1|
    |select_ln46_49_fu_3304_p3    |    select|   0|  0|   8|           1|           8|
    |select_ln46_4_fu_814_p3      |    select|   0|  0|   8|           1|           8|
    |select_ln46_50_fu_3312_p3    |    select|   0|  0|   8|           1|           8|
    |select_ln46_51_fu_3462_p3    |    select|   0|  0|   8|           1|           1|
    |select_ln46_52_fu_3470_p3    |    select|   0|  0|   8|           1|           8|
    |select_ln46_53_fu_3478_p3    |    select|   0|  0|   8|           1|           8|
    |select_ln46_54_fu_3628_p3    |    select|   0|  0|   8|           1|           1|
    |select_ln46_55_fu_3636_p3    |    select|   0|  0|   8|           1|           8|
    |select_ln46_56_fu_3644_p3    |    select|   0|  0|   8|           1|           8|
    |select_ln46_57_fu_3794_p3    |    select|   0|  0|   8|           1|           1|
    |select_ln46_58_fu_3802_p3    |    select|   0|  0|   8|           1|           8|
    |select_ln46_59_fu_3810_p3    |    select|   0|  0|   8|           1|           8|
    |select_ln46_5_fu_822_p3      |    select|   0|  0|   8|           1|           8|
    |select_ln46_60_fu_3960_p3    |    select|   0|  0|   8|           1|           1|
    |select_ln46_61_fu_3968_p3    |    select|   0|  0|   8|           1|           8|
    |select_ln46_62_fu_3976_p3    |    select|   0|  0|   8|           1|           8|
    |select_ln46_63_fu_4126_p3    |    select|   0|  0|   8|           1|           1|
    |select_ln46_64_fu_4134_p3    |    select|   0|  0|   8|           1|           8|
    |select_ln46_65_fu_4142_p3    |    select|   0|  0|   8|           1|           8|
    |select_ln46_66_fu_4292_p3    |    select|   0|  0|   8|           1|           1|
    |select_ln46_67_fu_4300_p3    |    select|   0|  0|   8|           1|           8|
    |select_ln46_68_fu_4308_p3    |    select|   0|  0|   8|           1|           8|
    |select_ln46_69_fu_4458_p3    |    select|   0|  0|   8|           1|           1|
    |select_ln46_6_fu_972_p3      |    select|   0|  0|   8|           1|           1|
    |select_ln46_70_fu_4466_p3    |    select|   0|  0|   8|           1|           8|
    |select_ln46_71_fu_4474_p3    |    select|   0|  0|   8|           1|           8|
    |select_ln46_72_fu_4624_p3    |    select|   0|  0|   8|           1|           1|
    |select_ln46_73_fu_4632_p3    |    select|   0|  0|   8|           1|           8|
    |select_ln46_74_fu_4640_p3    |    select|   0|  0|   8|           1|           8|
    |select_ln46_75_fu_4790_p3    |    select|   0|  0|   8|           1|           1|
    |select_ln46_76_fu_4798_p3    |    select|   0|  0|   8|           1|           8|
    |select_ln46_77_fu_4806_p3    |    select|   0|  0|   8|           1|           8|
    |select_ln46_78_fu_4956_p3    |    select|   0|  0|   8|           1|           1|
    |select_ln46_79_fu_4964_p3    |    select|   0|  0|   8|           1|           8|
    |select_ln46_7_fu_980_p3      |    select|   0|  0|   8|           1|           8|
    |select_ln46_80_fu_4972_p3    |    select|   0|  0|   8|           1|           8|
    |select_ln46_81_fu_5122_p3    |    select|   0|  0|   8|           1|           1|
    |select_ln46_82_fu_5130_p3    |    select|   0|  0|   8|           1|           8|
    |select_ln46_83_fu_5138_p3    |    select|   0|  0|   8|           1|           8|
    |select_ln46_84_fu_5288_p3    |    select|   0|  0|   8|           1|           1|
    |select_ln46_85_fu_5296_p3    |    select|   0|  0|   8|           1|           8|
    |select_ln46_86_fu_5304_p3    |    select|   0|  0|   8|           1|           8|
    |select_ln46_87_fu_5454_p3    |    select|   0|  0|   8|           1|           1|
    |select_ln46_88_fu_5462_p3    |    select|   0|  0|   8|           1|           8|
    |select_ln46_89_fu_5470_p3    |    select|   0|  0|   8|           1|           8|
    |select_ln46_8_fu_988_p3      |    select|   0|  0|   8|           1|           8|
    |select_ln46_90_fu_5620_p3    |    select|   0|  0|   8|           1|           1|
    |select_ln46_91_fu_5628_p3    |    select|   0|  0|   8|           1|           8|
    |select_ln46_92_fu_5636_p3    |    select|   0|  0|   8|           1|           8|
    |select_ln46_93_fu_5786_p3    |    select|   0|  0|   8|           1|           1|
    |select_ln46_94_fu_5794_p3    |    select|   0|  0|   8|           1|           8|
    |select_ln46_95_fu_5802_p3    |    select|   0|  0|   8|           1|           8|
    |select_ln46_96_fu_5952_p3    |    select|   0|  0|   8|           1|           1|
    |select_ln46_97_fu_5960_p3    |    select|   0|  0|   8|           1|           8|
    |select_ln46_98_fu_5968_p3    |    select|   0|  0|   8|           1|           8|
    |select_ln46_99_fu_6118_p3    |    select|   0|  0|   8|           1|           1|
    |select_ln46_9_fu_1138_p3     |    select|   0|  0|   8|           1|           1|
    |select_ln46_fu_640_p3        |    select|   0|  0|   8|           1|           1|
    |not_tmp_100_fu_2928_p2       |       xor|   0|  0|   2|           1|           2|
    |not_tmp_107_fu_3094_p2       |       xor|   0|  0|   2|           1|           2|
    |not_tmp_114_fu_3260_p2       |       xor|   0|  0|   2|           1|           2|
    |not_tmp_121_fu_3426_p2       |       xor|   0|  0|   2|           1|           2|
    |not_tmp_128_fu_3592_p2       |       xor|   0|  0|   2|           1|           2|
    |not_tmp_135_fu_3758_p2       |       xor|   0|  0|   2|           1|           2|
    |not_tmp_142_fu_3924_p2       |       xor|   0|  0|   2|           1|           2|
    |not_tmp_149_fu_4090_p2       |       xor|   0|  0|   2|           1|           2|
    |not_tmp_156_fu_4256_p2       |       xor|   0|  0|   2|           1|           2|
    |not_tmp_163_fu_4422_p2       |       xor|   0|  0|   2|           1|           2|
    |not_tmp_16_fu_936_p2         |       xor|   0|  0|   2|           1|           2|
    |not_tmp_170_fu_4588_p2       |       xor|   0|  0|   2|           1|           2|
    |not_tmp_177_fu_4754_p2       |       xor|   0|  0|   2|           1|           2|
    |not_tmp_184_fu_4920_p2       |       xor|   0|  0|   2|           1|           2|
    |not_tmp_191_fu_5086_p2       |       xor|   0|  0|   2|           1|           2|
    |not_tmp_198_fu_5252_p2       |       xor|   0|  0|   2|           1|           2|
    |not_tmp_205_fu_5418_p2       |       xor|   0|  0|   2|           1|           2|
    |not_tmp_212_fu_5584_p2       |       xor|   0|  0|   2|           1|           2|
    |not_tmp_219_fu_5750_p2       |       xor|   0|  0|   2|           1|           2|
    |not_tmp_226_fu_5916_p2       |       xor|   0|  0|   2|           1|           2|
    |not_tmp_233_fu_6082_p2       |       xor|   0|  0|   2|           1|           2|
    |not_tmp_23_fu_1102_p2        |       xor|   0|  0|   2|           1|           2|
    |not_tmp_240_fu_6248_p2       |       xor|   0|  0|   2|           1|           2|
    |not_tmp_247_fu_6414_p2       |       xor|   0|  0|   2|           1|           2|
    |not_tmp_254_fu_6580_p2       |       xor|   0|  0|   2|           1|           2|
    |not_tmp_261_fu_6746_p2       |       xor|   0|  0|   2|           1|           2|
    |not_tmp_268_fu_6912_p2       |       xor|   0|  0|   2|           1|           2|
    |not_tmp_275_fu_7078_p2       |       xor|   0|  0|   2|           1|           2|
    |not_tmp_282_fu_7244_p2       |       xor|   0|  0|   2|           1|           2|
    |not_tmp_289_fu_7410_p2       |       xor|   0|  0|   2|           1|           2|
    |not_tmp_296_fu_7576_p2       |       xor|   0|  0|   2|           1|           2|
    |not_tmp_303_fu_7742_p2       |       xor|   0|  0|   2|           1|           2|
    |not_tmp_30_fu_1268_p2        |       xor|   0|  0|   2|           1|           2|
    |not_tmp_310_fu_7908_p2       |       xor|   0|  0|   2|           1|           2|
    |not_tmp_317_fu_8074_p2       |       xor|   0|  0|   2|           1|           2|
    |not_tmp_324_fu_8240_p2       |       xor|   0|  0|   2|           1|           2|
    |not_tmp_331_fu_8406_p2       |       xor|   0|  0|   2|           1|           2|
    |not_tmp_338_fu_8572_p2       |       xor|   0|  0|   2|           1|           2|
    |not_tmp_345_fu_8738_p2       |       xor|   0|  0|   2|           1|           2|
    |not_tmp_352_fu_8904_p2       |       xor|   0|  0|   2|           1|           2|
    |not_tmp_359_fu_9070_p2       |       xor|   0|  0|   2|           1|           2|
    |not_tmp_366_fu_9236_p2       |       xor|   0|  0|   2|           1|           2|
    |not_tmp_373_fu_9402_p2       |       xor|   0|  0|   2|           1|           2|
    |not_tmp_37_fu_1434_p2        |       xor|   0|  0|   2|           1|           2|
    |not_tmp_380_fu_9568_p2       |       xor|   0|  0|   2|           1|           2|
    |not_tmp_387_fu_9734_p2       |       xor|   0|  0|   2|           1|           2|
    |not_tmp_394_fu_9900_p2       |       xor|   0|  0|   2|           1|           2|
    |not_tmp_3_fu_604_p2          |       xor|   0|  0|   2|           1|           2|
    |not_tmp_401_fu_10066_p2      |       xor|   0|  0|   2|           1|           2|
    |not_tmp_44_fu_1600_p2        |       xor|   0|  0|   2|           1|           2|
    |not_tmp_51_fu_1766_p2        |       xor|   0|  0|   2|           1|           2|
    |not_tmp_58_fu_1932_p2        |       xor|   0|  0|   2|           1|           2|
    |not_tmp_65_fu_2098_p2        |       xor|   0|  0|   2|           1|           2|
    |not_tmp_72_fu_2264_p2        |       xor|   0|  0|   2|           1|           2|
    |not_tmp_79_fu_2430_p2        |       xor|   0|  0|   2|           1|           2|
    |not_tmp_86_fu_2596_p2        |       xor|   0|  0|   2|           1|           2|
    |not_tmp_93_fu_2762_p2        |       xor|   0|  0|   2|           1|           2|
    |not_tmp_s_fu_770_p2          |       xor|   0|  0|   2|           1|           2|
    |xor_ln46_10_fu_2288_p2       |       xor|   0|  0|   2|           1|           2|
    |xor_ln46_11_fu_2454_p2       |       xor|   0|  0|   2|           1|           2|
    |xor_ln46_12_fu_2620_p2       |       xor|   0|  0|   2|           1|           2|
    |xor_ln46_13_fu_2786_p2       |       xor|   0|  0|   2|           1|           2|
    |xor_ln46_14_fu_2952_p2       |       xor|   0|  0|   2|           1|           2|
    |xor_ln46_15_fu_3118_p2       |       xor|   0|  0|   2|           1|           2|
    |xor_ln46_16_fu_3284_p2       |       xor|   0|  0|   2|           1|           2|
    |xor_ln46_17_fu_3450_p2       |       xor|   0|  0|   2|           1|           2|
    |xor_ln46_18_fu_3616_p2       |       xor|   0|  0|   2|           1|           2|
    |xor_ln46_19_fu_3782_p2       |       xor|   0|  0|   2|           1|           2|
    |xor_ln46_1_fu_794_p2         |       xor|   0|  0|   2|           1|           2|
    |xor_ln46_20_fu_3948_p2       |       xor|   0|  0|   2|           1|           2|
    |xor_ln46_21_fu_4114_p2       |       xor|   0|  0|   2|           1|           2|
    |xor_ln46_22_fu_4280_p2       |       xor|   0|  0|   2|           1|           2|
    |xor_ln46_23_fu_4446_p2       |       xor|   0|  0|   2|           1|           2|
    |xor_ln46_24_fu_4612_p2       |       xor|   0|  0|   2|           1|           2|
    |xor_ln46_25_fu_4778_p2       |       xor|   0|  0|   2|           1|           2|
    |xor_ln46_26_fu_4944_p2       |       xor|   0|  0|   2|           1|           2|
    |xor_ln46_27_fu_5110_p2       |       xor|   0|  0|   2|           1|           2|
    |xor_ln46_28_fu_5276_p2       |       xor|   0|  0|   2|           1|           2|
    |xor_ln46_29_fu_5442_p2       |       xor|   0|  0|   2|           1|           2|
    |xor_ln46_2_fu_960_p2         |       xor|   0|  0|   2|           1|           2|
    |xor_ln46_30_fu_5608_p2       |       xor|   0|  0|   2|           1|           2|
    |xor_ln46_31_fu_5774_p2       |       xor|   0|  0|   2|           1|           2|
    |xor_ln46_32_fu_5940_p2       |       xor|   0|  0|   2|           1|           2|
    |xor_ln46_33_fu_6106_p2       |       xor|   0|  0|   2|           1|           2|
    |xor_ln46_34_fu_6272_p2       |       xor|   0|  0|   2|           1|           2|
    |xor_ln46_35_fu_6438_p2       |       xor|   0|  0|   2|           1|           2|
    |xor_ln46_36_fu_6604_p2       |       xor|   0|  0|   2|           1|           2|
    |xor_ln46_37_fu_6770_p2       |       xor|   0|  0|   2|           1|           2|
    |xor_ln46_38_fu_6936_p2       |       xor|   0|  0|   2|           1|           2|
    |xor_ln46_39_fu_7102_p2       |       xor|   0|  0|   2|           1|           2|
    |xor_ln46_3_fu_1126_p2        |       xor|   0|  0|   2|           1|           2|
    |xor_ln46_40_fu_7268_p2       |       xor|   0|  0|   2|           1|           2|
    |xor_ln46_41_fu_7434_p2       |       xor|   0|  0|   2|           1|           2|
    |xor_ln46_42_fu_7600_p2       |       xor|   0|  0|   2|           1|           2|
    |xor_ln46_43_fu_7766_p2       |       xor|   0|  0|   2|           1|           2|
    |xor_ln46_44_fu_7932_p2       |       xor|   0|  0|   2|           1|           2|
    |xor_ln46_45_fu_8098_p2       |       xor|   0|  0|   2|           1|           2|
    |xor_ln46_46_fu_8264_p2       |       xor|   0|  0|   2|           1|           2|
    |xor_ln46_47_fu_8430_p2       |       xor|   0|  0|   2|           1|           2|
    |xor_ln46_48_fu_8596_p2       |       xor|   0|  0|   2|           1|           2|
    |xor_ln46_49_fu_8762_p2       |       xor|   0|  0|   2|           1|           2|
    |xor_ln46_4_fu_1292_p2        |       xor|   0|  0|   2|           1|           2|
    |xor_ln46_50_fu_8928_p2       |       xor|   0|  0|   2|           1|           2|
    |xor_ln46_51_fu_9094_p2       |       xor|   0|  0|   2|           1|           2|
    |xor_ln46_52_fu_9260_p2       |       xor|   0|  0|   2|           1|           2|
    |xor_ln46_53_fu_9426_p2       |       xor|   0|  0|   2|           1|           2|
    |xor_ln46_54_fu_9592_p2       |       xor|   0|  0|   2|           1|           2|
    |xor_ln46_55_fu_9758_p2       |       xor|   0|  0|   2|           1|           2|
    |xor_ln46_56_fu_9924_p2       |       xor|   0|  0|   2|           1|           2|
    |xor_ln46_57_fu_10090_p2      |       xor|   0|  0|   2|           1|           2|
    |xor_ln46_5_fu_1458_p2        |       xor|   0|  0|   2|           1|           2|
    |xor_ln46_6_fu_1624_p2        |       xor|   0|  0|   2|           1|           2|
    |xor_ln46_7_fu_1790_p2        |       xor|   0|  0|   2|           1|           2|
    |xor_ln46_8_fu_1956_p2        |       xor|   0|  0|   2|           1|           2|
    |xor_ln46_9_fu_2122_p2        |       xor|   0|  0|   2|           1|           2|
    |xor_ln46_fu_628_p2           |       xor|   0|  0|   2|           1|           2|
    +-----------------------------+----------+----+---+----+------------+------------+
    |Total                        |          |   0|  0|5742|        2436|        2610|
    +-----------------------------+----------+----+---+----+------------+------------+

    * Multiplexer: 
    N/A

    * Register: 
    N/A



================================================================
== Interface
================================================================
* Summary: 
+--------------+-----+-----+------------+------------------------------------------------------------------------+--------------+
|   RTL Ports  | Dir | Bits|  Protocol  |                              Source Object                             |    C Type    |
+--------------+-----+-----+------------+------------------------------------------------------------------------+--------------+
|ap_ready      |  out|    1|  ap_ctrl_hs|  relu<ap_fixed<16, 6, 5, 3, 0>, ap_ufixed<8, 0, 4, 0, 0>, relu_config4>|  return value|
|ap_return_0   |  out|    8|  ap_ctrl_hs|  relu<ap_fixed<16, 6, 5, 3, 0>, ap_ufixed<8, 0, 4, 0, 0>, relu_config4>|  return value|
|ap_return_1   |  out|    8|  ap_ctrl_hs|  relu<ap_fixed<16, 6, 5, 3, 0>, ap_ufixed<8, 0, 4, 0, 0>, relu_config4>|  return value|
|ap_return_2   |  out|    8|  ap_ctrl_hs|  relu<ap_fixed<16, 6, 5, 3, 0>, ap_ufixed<8, 0, 4, 0, 0>, relu_config4>|  return value|
|ap_return_3   |  out|    8|  ap_ctrl_hs|  relu<ap_fixed<16, 6, 5, 3, 0>, ap_ufixed<8, 0, 4, 0, 0>, relu_config4>|  return value|
|ap_return_4   |  out|    8|  ap_ctrl_hs|  relu<ap_fixed<16, 6, 5, 3, 0>, ap_ufixed<8, 0, 4, 0, 0>, relu_config4>|  return value|
|ap_return_5   |  out|    8|  ap_ctrl_hs|  relu<ap_fixed<16, 6, 5, 3, 0>, ap_ufixed<8, 0, 4, 0, 0>, relu_config4>|  return value|
|ap_return_6   |  out|    8|  ap_ctrl_hs|  relu<ap_fixed<16, 6, 5, 3, 0>, ap_ufixed<8, 0, 4, 0, 0>, relu_config4>|  return value|
|ap_return_7   |  out|    8|  ap_ctrl_hs|  relu<ap_fixed<16, 6, 5, 3, 0>, ap_ufixed<8, 0, 4, 0, 0>, relu_config4>|  return value|
|ap_return_8   |  out|    8|  ap_ctrl_hs|  relu<ap_fixed<16, 6, 5, 3, 0>, ap_ufixed<8, 0, 4, 0, 0>, relu_config4>|  return value|
|ap_return_9   |  out|    8|  ap_ctrl_hs|  relu<ap_fixed<16, 6, 5, 3, 0>, ap_ufixed<8, 0, 4, 0, 0>, relu_config4>|  return value|
|ap_return_10  |  out|    8|  ap_ctrl_hs|  relu<ap_fixed<16, 6, 5, 3, 0>, ap_ufixed<8, 0, 4, 0, 0>, relu_config4>|  return value|
|ap_return_11  |  out|    8|  ap_ctrl_hs|  relu<ap_fixed<16, 6, 5, 3, 0>, ap_ufixed<8, 0, 4, 0, 0>, relu_config4>|  return value|
|ap_return_12  |  out|    8|  ap_ctrl_hs|  relu<ap_fixed<16, 6, 5, 3, 0>, ap_ufixed<8, 0, 4, 0, 0>, relu_config4>|  return value|
|ap_return_13  |  out|    8|  ap_ctrl_hs|  relu<ap_fixed<16, 6, 5, 3, 0>, ap_ufixed<8, 0, 4, 0, 0>, relu_config4>|  return value|
|ap_return_14  |  out|    8|  ap_ctrl_hs|  relu<ap_fixed<16, 6, 5, 3, 0>, ap_ufixed<8, 0, 4, 0, 0>, relu_config4>|  return value|
|ap_return_15  |  out|    8|  ap_ctrl_hs|  relu<ap_fixed<16, 6, 5, 3, 0>, ap_ufixed<8, 0, 4, 0, 0>, relu_config4>|  return value|
|ap_return_16  |  out|    8|  ap_ctrl_hs|  relu<ap_fixed<16, 6, 5, 3, 0>, ap_ufixed<8, 0, 4, 0, 0>, relu_config4>|  return value|
|ap_return_17  |  out|    8|  ap_ctrl_hs|  relu<ap_fixed<16, 6, 5, 3, 0>, ap_ufixed<8, 0, 4, 0, 0>, relu_config4>|  return value|
|ap_return_18  |  out|    8|  ap_ctrl_hs|  relu<ap_fixed<16, 6, 5, 3, 0>, ap_ufixed<8, 0, 4, 0, 0>, relu_config4>|  return value|
|ap_return_19  |  out|    8|  ap_ctrl_hs|  relu<ap_fixed<16, 6, 5, 3, 0>, ap_ufixed<8, 0, 4, 0, 0>, relu_config4>|  return value|
|ap_return_20  |  out|    8|  ap_ctrl_hs|  relu<ap_fixed<16, 6, 5, 3, 0>, ap_ufixed<8, 0, 4, 0, 0>, relu_config4>|  return value|
|ap_return_21  |  out|    8|  ap_ctrl_hs|  relu<ap_fixed<16, 6, 5, 3, 0>, ap_ufixed<8, 0, 4, 0, 0>, relu_config4>|  return value|
|ap_return_22  |  out|    8|  ap_ctrl_hs|  relu<ap_fixed<16, 6, 5, 3, 0>, ap_ufixed<8, 0, 4, 0, 0>, relu_config4>|  return value|
|ap_return_23  |  out|    8|  ap_ctrl_hs|  relu<ap_fixed<16, 6, 5, 3, 0>, ap_ufixed<8, 0, 4, 0, 0>, relu_config4>|  return value|
|ap_return_24  |  out|    8|  ap_ctrl_hs|  relu<ap_fixed<16, 6, 5, 3, 0>, ap_ufixed<8, 0, 4, 0, 0>, relu_config4>|  return value|
|ap_return_25  |  out|    8|  ap_ctrl_hs|  relu<ap_fixed<16, 6, 5, 3, 0>, ap_ufixed<8, 0, 4, 0, 0>, relu_config4>|  return value|
|ap_return_26  |  out|    8|  ap_ctrl_hs|  relu<ap_fixed<16, 6, 5, 3, 0>, ap_ufixed<8, 0, 4, 0, 0>, relu_config4>|  return value|
|ap_return_27  |  out|    8|  ap_ctrl_hs|  relu<ap_fixed<16, 6, 5, 3, 0>, ap_ufixed<8, 0, 4, 0, 0>, relu_config4>|  return value|
|ap_return_28  |  out|    8|  ap_ctrl_hs|  relu<ap_fixed<16, 6, 5, 3, 0>, ap_ufixed<8, 0, 4, 0, 0>, relu_config4>|  return value|
|ap_return_29  |  out|    8|  ap_ctrl_hs|  relu<ap_fixed<16, 6, 5, 3, 0>, ap_ufixed<8, 0, 4, 0, 0>, relu_config4>|  return value|
|ap_return_30  |  out|    8|  ap_ctrl_hs|  relu<ap_fixed<16, 6, 5, 3, 0>, ap_ufixed<8, 0, 4, 0, 0>, relu_config4>|  return value|
|ap_return_31  |  out|    8|  ap_ctrl_hs|  relu<ap_fixed<16, 6, 5, 3, 0>, ap_ufixed<8, 0, 4, 0, 0>, relu_config4>|  return value|
|ap_return_32  |  out|    8|  ap_ctrl_hs|  relu<ap_fixed<16, 6, 5, 3, 0>, ap_ufixed<8, 0, 4, 0, 0>, relu_config4>|  return value|
|ap_return_33  |  out|    8|  ap_ctrl_hs|  relu<ap_fixed<16, 6, 5, 3, 0>, ap_ufixed<8, 0, 4, 0, 0>, relu_config4>|  return value|
|ap_return_34  |  out|    8|  ap_ctrl_hs|  relu<ap_fixed<16, 6, 5, 3, 0>, ap_ufixed<8, 0, 4, 0, 0>, relu_config4>|  return value|
|ap_return_35  |  out|    8|  ap_ctrl_hs|  relu<ap_fixed<16, 6, 5, 3, 0>, ap_ufixed<8, 0, 4, 0, 0>, relu_config4>|  return value|
|ap_return_36  |  out|    8|  ap_ctrl_hs|  relu<ap_fixed<16, 6, 5, 3, 0>, ap_ufixed<8, 0, 4, 0, 0>, relu_config4>|  return value|
|ap_return_37  |  out|    8|  ap_ctrl_hs|  relu<ap_fixed<16, 6, 5, 3, 0>, ap_ufixed<8, 0, 4, 0, 0>, relu_config4>|  return value|
|ap_return_38  |  out|    8|  ap_ctrl_hs|  relu<ap_fixed<16, 6, 5, 3, 0>, ap_ufixed<8, 0, 4, 0, 0>, relu_config4>|  return value|
|ap_return_39  |  out|    8|  ap_ctrl_hs|  relu<ap_fixed<16, 6, 5, 3, 0>, ap_ufixed<8, 0, 4, 0, 0>, relu_config4>|  return value|
|ap_return_40  |  out|    8|  ap_ctrl_hs|  relu<ap_fixed<16, 6, 5, 3, 0>, ap_ufixed<8, 0, 4, 0, 0>, relu_config4>|  return value|
|ap_return_41  |  out|    8|  ap_ctrl_hs|  relu<ap_fixed<16, 6, 5, 3, 0>, ap_ufixed<8, 0, 4, 0, 0>, relu_config4>|  return value|
|ap_return_42  |  out|    8|  ap_ctrl_hs|  relu<ap_fixed<16, 6, 5, 3, 0>, ap_ufixed<8, 0, 4, 0, 0>, relu_config4>|  return value|
|ap_return_43  |  out|    8|  ap_ctrl_hs|  relu<ap_fixed<16, 6, 5, 3, 0>, ap_ufixed<8, 0, 4, 0, 0>, relu_config4>|  return value|
|ap_return_44  |  out|    8|  ap_ctrl_hs|  relu<ap_fixed<16, 6, 5, 3, 0>, ap_ufixed<8, 0, 4, 0, 0>, relu_config4>|  return value|
|ap_return_45  |  out|    8|  ap_ctrl_hs|  relu<ap_fixed<16, 6, 5, 3, 0>, ap_ufixed<8, 0, 4, 0, 0>, relu_config4>|  return value|
|ap_return_46  |  out|    8|  ap_ctrl_hs|  relu<ap_fixed<16, 6, 5, 3, 0>, ap_ufixed<8, 0, 4, 0, 0>, relu_config4>|  return value|
|ap_return_47  |  out|    8|  ap_ctrl_hs|  relu<ap_fixed<16, 6, 5, 3, 0>, ap_ufixed<8, 0, 4, 0, 0>, relu_config4>|  return value|
|ap_return_48  |  out|    8|  ap_ctrl_hs|  relu<ap_fixed<16, 6, 5, 3, 0>, ap_ufixed<8, 0, 4, 0, 0>, relu_config4>|  return value|
|ap_return_49  |  out|    8|  ap_ctrl_hs|  relu<ap_fixed<16, 6, 5, 3, 0>, ap_ufixed<8, 0, 4, 0, 0>, relu_config4>|  return value|
|ap_return_50  |  out|    8|  ap_ctrl_hs|  relu<ap_fixed<16, 6, 5, 3, 0>, ap_ufixed<8, 0, 4, 0, 0>, relu_config4>|  return value|
|ap_return_51  |  out|    8|  ap_ctrl_hs|  relu<ap_fixed<16, 6, 5, 3, 0>, ap_ufixed<8, 0, 4, 0, 0>, relu_config4>|  return value|
|ap_return_52  |  out|    8|  ap_ctrl_hs|  relu<ap_fixed<16, 6, 5, 3, 0>, ap_ufixed<8, 0, 4, 0, 0>, relu_config4>|  return value|
|ap_return_53  |  out|    8|  ap_ctrl_hs|  relu<ap_fixed<16, 6, 5, 3, 0>, ap_ufixed<8, 0, 4, 0, 0>, relu_config4>|  return value|
|ap_return_54  |  out|    8|  ap_ctrl_hs|  relu<ap_fixed<16, 6, 5, 3, 0>, ap_ufixed<8, 0, 4, 0, 0>, relu_config4>|  return value|
|ap_return_55  |  out|    8|  ap_ctrl_hs|  relu<ap_fixed<16, 6, 5, 3, 0>, ap_ufixed<8, 0, 4, 0, 0>, relu_config4>|  return value|
|ap_return_56  |  out|    8|  ap_ctrl_hs|  relu<ap_fixed<16, 6, 5, 3, 0>, ap_ufixed<8, 0, 4, 0, 0>, relu_config4>|  return value|
|ap_return_57  |  out|    8|  ap_ctrl_hs|  relu<ap_fixed<16, 6, 5, 3, 0>, ap_ufixed<8, 0, 4, 0, 0>, relu_config4>|  return value|
|ap_rst        |   in|    1|  ap_ctrl_hs|  relu<ap_fixed<16, 6, 5, 3, 0>, ap_ufixed<8, 0, 4, 0, 0>, relu_config4>|  return value|
|data_0_val    |   in|   16|     ap_none|                                                              data_0_val|        scalar|
|data_1_val    |   in|   16|     ap_none|                                                              data_1_val|        scalar|
|data_2_val    |   in|   16|     ap_none|                                                              data_2_val|        scalar|
|data_3_val    |   in|   16|     ap_none|                                                              data_3_val|        scalar|
|data_4_val    |   in|   16|     ap_none|                                                              data_4_val|        scalar|
|data_5_val    |   in|   16|     ap_none|                                                              data_5_val|        scalar|
|data_6_val    |   in|   16|     ap_none|                                                              data_6_val|        scalar|
|data_7_val    |   in|   16|     ap_none|                                                              data_7_val|        scalar|
|data_8_val    |   in|   16|     ap_none|                                                              data_8_val|        scalar|
|data_9_val    |   in|   16|     ap_none|                                                              data_9_val|        scalar|
|data_10_val   |   in|   16|     ap_none|                                                             data_10_val|        scalar|
|data_11_val   |   in|   16|     ap_none|                                                             data_11_val|        scalar|
|data_12_val   |   in|   16|     ap_none|                                                             data_12_val|        scalar|
|data_13_val   |   in|   16|     ap_none|                                                             data_13_val|        scalar|
|data_14_val   |   in|   16|     ap_none|                                                             data_14_val|        scalar|
|data_15_val   |   in|   16|     ap_none|                                                             data_15_val|        scalar|
|data_16_val   |   in|   16|     ap_none|                                                             data_16_val|        scalar|
|data_17_val   |   in|   16|     ap_none|                                                             data_17_val|        scalar|
|data_18_val   |   in|   16|     ap_none|                                                             data_18_val|        scalar|
|data_19_val   |   in|   16|     ap_none|                                                             data_19_val|        scalar|
|data_20_val   |   in|   16|     ap_none|                                                             data_20_val|        scalar|
|data_21_val   |   in|   16|     ap_none|                                                             data_21_val|        scalar|
|data_22_val   |   in|   16|     ap_none|                                                             data_22_val|        scalar|
|data_23_val   |   in|   16|     ap_none|                                                             data_23_val|        scalar|
|data_24_val   |   in|   16|     ap_none|                                                             data_24_val|        scalar|
|data_25_val   |   in|   16|     ap_none|                                                             data_25_val|        scalar|
|data_26_val   |   in|   16|     ap_none|                                                             data_26_val|        scalar|
|data_27_val   |   in|   16|     ap_none|                                                             data_27_val|        scalar|
|data_28_val   |   in|   16|     ap_none|                                                             data_28_val|        scalar|
|data_29_val   |   in|   16|     ap_none|                                                             data_29_val|        scalar|
|data_30_val   |   in|   16|     ap_none|                                                             data_30_val|        scalar|
|data_31_val   |   in|   16|     ap_none|                                                             data_31_val|        scalar|
|data_32_val   |   in|   16|     ap_none|                                                             data_32_val|        scalar|
|data_33_val   |   in|   16|     ap_none|                                                             data_33_val|        scalar|
|data_34_val   |   in|   16|     ap_none|                                                             data_34_val|        scalar|
|data_35_val   |   in|   16|     ap_none|                                                             data_35_val|        scalar|
|data_36_val   |   in|   16|     ap_none|                                                             data_36_val|        scalar|
|data_37_val   |   in|   16|     ap_none|                                                             data_37_val|        scalar|
|data_38_val   |   in|   16|     ap_none|                                                             data_38_val|        scalar|
|data_39_val   |   in|   16|     ap_none|                                                             data_39_val|        scalar|
|data_40_val   |   in|   16|     ap_none|                                                             data_40_val|        scalar|
|data_41_val   |   in|   16|     ap_none|                                                             data_41_val|        scalar|
|data_42_val   |   in|   16|     ap_none|                                                             data_42_val|        scalar|
|data_43_val   |   in|   16|     ap_none|                                                             data_43_val|        scalar|
|data_44_val   |   in|   16|     ap_none|                                                             data_44_val|        scalar|
|data_45_val   |   in|   16|     ap_none|                                                             data_45_val|        scalar|
|data_46_val   |   in|   16|     ap_none|                                                             data_46_val|        scalar|
|data_47_val   |   in|   16|     ap_none|                                                             data_47_val|        scalar|
|data_48_val   |   in|   16|     ap_none|                                                             data_48_val|        scalar|
|data_49_val   |   in|   16|     ap_none|                                                             data_49_val|        scalar|
|data_50_val   |   in|   16|     ap_none|                                                             data_50_val|        scalar|
|data_51_val   |   in|   16|     ap_none|                                                             data_51_val|        scalar|
|data_52_val   |   in|   16|     ap_none|                                                             data_52_val|        scalar|
|data_53_val   |   in|   16|     ap_none|                                                             data_53_val|        scalar|
|data_54_val   |   in|   16|     ap_none|                                                             data_54_val|        scalar|
|data_55_val   |   in|   16|     ap_none|                                                             data_55_val|        scalar|
|data_56_val   |   in|   16|     ap_none|                                                             data_56_val|        scalar|
|data_57_val   |   in|   16|     ap_none|                                                             data_57_val|        scalar|
+--------------+-----+-----+------------+------------------------------------------------------------------------+--------------+

