

================================================================
== Vitis HLS Report for 'relu_ap_fixed_16_6_5_3_0_ap_ufixed_2_0_4_0_0_relu_config9_s'
================================================================
* Date:           Mon Oct 20 15:01:57 2025

* Version:        2024.1 (Build 5069499 on May 21 2024)
* Project:        myproject_prj
* Solution:       solution1 (Vivado IP Flow Target)
* Product family: zynq
* Target device:  xc7z020-clg400-1


================================================================
== Performance Estimates
================================================================
+ Timing: 
    * Summary: 
    +--------+---------+----------+------------+
    |  Clock |  Target | Estimated| Uncertainty|
    +--------+---------+----------+------------+
    |ap_clk  |  5.00 ns|  3.435 ns|     0.62 ns|
    +--------+---------+----------+------------+

+ Latency: 
    * Summary: 
    +---------+---------+----------+----------+-----+-----+---------+
    |  Latency (cycles) |  Latency (absolute) |  Interval | Pipeline|
    |   min   |   max   |    min   |    max   | min | max |   Type  |
    +---------+---------+----------+----------+-----+-----+---------+
    |        1|        1|  5.000 ns|  5.000 ns|    1|    1|      yes|
    +---------+---------+----------+----------+-----+-----+---------+

    + Detail: 
        * Instance: 
        N/A

        * Loop: 
        N/A



================================================================
== Utilization Estimates
================================================================
* Summary: 
+-----------------+---------+-----+--------+-------+-----+
|       Name      | BRAM_18K| DSP |   FF   |  LUT  | URAM|
+-----------------+---------+-----+--------+-------+-----+
|DSP              |        -|    -|       -|      -|    -|
|Expression       |        -|    -|       0|   1702|    -|
|FIFO             |        -|    -|       -|      -|    -|
|Instance         |        -|    -|       -|      -|    -|
|Memory           |        -|    -|       -|      -|    -|
|Multiplexer      |        -|    -|       -|      -|    -|
|Register         |        -|    -|     402|      -|    -|
+-----------------+---------+-----+--------+-------+-----+
|Total            |        0|    0|     402|   1702|    0|
+-----------------+---------+-----+--------+-------+-----+
|Available        |      280|  220|  106400|  53200|    0|
+-----------------+---------+-----+--------+-------+-----+
|Utilization (%)  |        0|    0|      ~0|      3|    0|
+-----------------+---------+-----+--------+-------+-----+

+ Detail: 
    * Instance: 
    N/A

    * DSP: 
    N/A

    * Memory: 
    N/A

    * FIFO: 
    N/A

    * Expression: 
    +---------------------------+----------+----+---+----+------------+------------+
    |       Variable Name       | Operation| DSP| FF| LUT| Bitwidth P0| Bitwidth P1|
    +---------------------------+----------+----+---+----+------------+------------+
    |add_ln46_10_fu_1084_p2     |         +|   0|  0|  10|           2|           2|
    |add_ln46_11_fu_1166_p2     |         +|   0|  0|  10|           2|           2|
    |add_ln46_12_fu_1248_p2     |         +|   0|  0|  10|           2|           2|
    |add_ln46_13_fu_1330_p2     |         +|   0|  0|  10|           2|           2|
    |add_ln46_14_fu_1412_p2     |         +|   0|  0|  10|           2|           2|
    |add_ln46_15_fu_1494_p2     |         +|   0|  0|  10|           2|           2|
    |add_ln46_16_fu_1576_p2     |         +|   0|  0|  10|           2|           2|
    |add_ln46_17_fu_1658_p2     |         +|   0|  0|  10|           2|           2|
    |add_ln46_18_fu_1740_p2     |         +|   0|  0|  10|           2|           2|
    |add_ln46_19_fu_1822_p2     |         +|   0|  0|  10|           2|           2|
    |add_ln46_1_fu_346_p2       |         +|   0|  0|  10|           2|           2|
    |add_ln46_2_fu_428_p2       |         +|   0|  0|  10|           2|           2|
    |add_ln46_3_fu_510_p2       |         +|   0|  0|  10|           2|           2|
    |add_ln46_4_fu_592_p2       |         +|   0|  0|  10|           2|           2|
    |add_ln46_5_fu_674_p2       |         +|   0|  0|  10|           2|           2|
    |add_ln46_6_fu_756_p2       |         +|   0|  0|  10|           2|           2|
    |add_ln46_7_fu_838_p2       |         +|   0|  0|  10|           2|           2|
    |add_ln46_8_fu_920_p2       |         +|   0|  0|  10|           2|           2|
    |add_ln46_9_fu_1002_p2      |         +|   0|  0|  10|           2|           2|
    |add_ln46_fu_264_p2         |         +|   0|  0|  10|           2|           2|
    |and_ln46_10_fu_664_p2      |       and|   0|  0|   2|           1|           1|
    |and_ln46_12_fu_746_p2      |       and|   0|  0|   2|           1|           1|
    |and_ln46_14_fu_828_p2      |       and|   0|  0|   2|           1|           1|
    |and_ln46_16_fu_910_p2      |       and|   0|  0|   2|           1|           1|
    |and_ln46_18_fu_992_p2      |       and|   0|  0|   2|           1|           1|
    |and_ln46_20_fu_1074_p2     |       and|   0|  0|   2|           1|           1|
    |and_ln46_22_fu_1156_p2     |       and|   0|  0|   2|           1|           1|
    |and_ln46_24_fu_1238_p2     |       and|   0|  0|   2|           1|           1|
    |and_ln46_26_fu_1320_p2     |       and|   0|  0|   2|           1|           1|
    |and_ln46_28_fu_1402_p2     |       and|   0|  0|   2|           1|           1|
    |and_ln46_2_fu_336_p2       |       and|   0|  0|   2|           1|           1|
    |and_ln46_30_fu_1484_p2     |       and|   0|  0|   2|           1|           1|
    |and_ln46_32_fu_1566_p2     |       and|   0|  0|   2|           1|           1|
    |and_ln46_34_fu_1648_p2     |       and|   0|  0|   2|           1|           1|
    |and_ln46_36_fu_1730_p2     |       and|   0|  0|   2|           1|           1|
    |and_ln46_38_fu_1812_p2     |       and|   0|  0|   2|           1|           1|
    |and_ln46_4_fu_418_p2       |       and|   0|  0|   2|           1|           1|
    |and_ln46_6_fu_500_p2       |       and|   0|  0|   2|           1|           1|
    |and_ln46_8_fu_582_p2       |       and|   0|  0|   2|           1|           1|
    |and_ln46_fu_254_p2         |       and|   0|  0|   2|           1|           1|
    |empty_11_fu_1956_p2        |       and|   0|  0|   2|           1|           1|
    |empty_12_fu_2037_p2        |       and|   0|  0|   2|           1|           1|
    |empty_13_fu_2118_p2        |       and|   0|  0|   2|           1|           1|
    |empty_14_fu_2199_p2        |       and|   0|  0|   2|           1|           1|
    |empty_15_fu_2280_p2        |       and|   0|  0|   2|           1|           1|
    |empty_16_fu_2361_p2        |       and|   0|  0|   2|           1|           1|
    |empty_17_fu_2442_p2        |       and|   0|  0|   2|           1|           1|
    |empty_18_fu_2523_p2        |       and|   0|  0|   2|           1|           1|
    |empty_19_fu_2604_p2        |       and|   0|  0|   2|           1|           1|
    |empty_20_fu_2685_p2        |       and|   0|  0|   2|           1|           1|
    |empty_21_fu_2766_p2        |       and|   0|  0|   2|           1|           1|
    |empty_22_fu_2847_p2        |       and|   0|  0|   2|           1|           1|
    |empty_23_fu_2928_p2        |       and|   0|  0|   2|           1|           1|
    |empty_24_fu_3009_p2        |       and|   0|  0|   2|           1|           1|
    |empty_25_fu_3090_p2        |       and|   0|  0|   2|           1|           1|
    |empty_26_fu_3171_p2        |       and|   0|  0|   2|           1|           1|
    |empty_27_fu_3252_p2        |       and|   0|  0|   2|           1|           1|
    |empty_28_fu_3333_p2        |       and|   0|  0|   2|           1|           1|
    |empty_29_fu_3414_p2        |       and|   0|  0|   2|           1|           1|
    |empty_fu_1875_p2           |       and|   0|  0|   2|           1|           1|
    |icmp_ln45_10_fu_2654_p2    |      icmp|   0|  0|  23|          16|           1|
    |icmp_ln45_11_fu_2735_p2    |      icmp|   0|  0|  23|          16|           1|
    |icmp_ln45_12_fu_2816_p2    |      icmp|   0|  0|  23|          16|           1|
    |icmp_ln45_13_fu_2897_p2    |      icmp|   0|  0|  23|          16|           1|
    |icmp_ln45_14_fu_2978_p2    |      icmp|   0|  0|  23|          16|           1|
    |icmp_ln45_15_fu_3059_p2    |      icmp|   0|  0|  23|          16|           1|
    |icmp_ln45_16_fu_3140_p2    |      icmp|   0|  0|  23|          16|           1|
    |icmp_ln45_17_fu_3221_p2    |      icmp|   0|  0|  23|          16|           1|
    |icmp_ln45_18_fu_3302_p2    |      icmp|   0|  0|  23|          16|           1|
    |icmp_ln45_19_fu_3383_p2    |      icmp|   0|  0|  23|          16|           1|
    |icmp_ln45_1_fu_1925_p2     |      icmp|   0|  0|  23|          16|           1|
    |icmp_ln45_2_fu_2006_p2     |      icmp|   0|  0|  23|          16|           1|
    |icmp_ln45_3_fu_2087_p2     |      icmp|   0|  0|  23|          16|           1|
    |icmp_ln45_4_fu_2168_p2     |      icmp|   0|  0|  23|          16|           1|
    |icmp_ln45_5_fu_2249_p2     |      icmp|   0|  0|  23|          16|           1|
    |icmp_ln45_6_fu_2330_p2     |      icmp|   0|  0|  23|          16|           1|
    |icmp_ln45_7_fu_2411_p2     |      icmp|   0|  0|  23|          16|           1|
    |icmp_ln45_8_fu_2492_p2     |      icmp|   0|  0|  23|          16|           1|
    |icmp_ln45_9_fu_2573_p2     |      icmp|   0|  0|  23|          16|           1|
    |icmp_ln45_fu_1844_p2       |      icmp|   0|  0|  23|          16|           1|
    |icmp_ln46_10_fu_644_p2     |      icmp|   0|  0|  14|           7|           1|
    |icmp_ln46_11_fu_690_p2     |      icmp|   0|  0|  14|           6|           1|
    |icmp_ln46_12_fu_726_p2     |      icmp|   0|  0|  14|           7|           1|
    |icmp_ln46_13_fu_772_p2     |      icmp|   0|  0|  14|           6|           1|
    |icmp_ln46_14_fu_808_p2     |      icmp|   0|  0|  14|           7|           1|
    |icmp_ln46_15_fu_854_p2     |      icmp|   0|  0|  14|           6|           1|
    |icmp_ln46_16_fu_890_p2     |      icmp|   0|  0|  14|           7|           1|
    |icmp_ln46_17_fu_936_p2     |      icmp|   0|  0|  14|           6|           1|
    |icmp_ln46_18_fu_972_p2     |      icmp|   0|  0|  14|           7|           1|
    |icmp_ln46_19_fu_1018_p2    |      icmp|   0|  0|  14|           6|           1|
    |icmp_ln46_1_fu_280_p2      |      icmp|   0|  0|  14|           6|           1|
    |icmp_ln46_20_fu_1054_p2    |      icmp|   0|  0|  14|           7|           1|
    |icmp_ln46_21_fu_1100_p2    |      icmp|   0|  0|  14|           6|           1|
    |icmp_ln46_22_fu_1136_p2    |      icmp|   0|  0|  14|           7|           1|
    |icmp_ln46_23_fu_1182_p2    |      icmp|   0|  0|  14|           6|           1|
    |icmp_ln46_24_fu_1218_p2    |      icmp|   0|  0|  14|           7|           1|
    |icmp_ln46_25_fu_1264_p2    |      icmp|   0|  0|  14|           6|           1|
    |icmp_ln46_26_fu_1300_p2    |      icmp|   0|  0|  14|           7|           1|
    |icmp_ln46_27_fu_1346_p2    |      icmp|   0|  0|  14|           6|           1|
    |icmp_ln46_28_fu_1382_p2    |      icmp|   0|  0|  14|           7|           1|
    |icmp_ln46_29_fu_1428_p2    |      icmp|   0|  0|  14|           6|           1|
    |icmp_ln46_2_fu_316_p2      |      icmp|   0|  0|  14|           7|           1|
    |icmp_ln46_30_fu_1464_p2    |      icmp|   0|  0|  14|           7|           1|
    |icmp_ln46_31_fu_1510_p2    |      icmp|   0|  0|  14|           6|           1|
    |icmp_ln46_32_fu_1546_p2    |      icmp|   0|  0|  14|           7|           1|
    |icmp_ln46_33_fu_1592_p2    |      icmp|   0|  0|  14|           6|           1|
    |icmp_ln46_34_fu_1628_p2    |      icmp|   0|  0|  14|           7|           1|
    |icmp_ln46_35_fu_1674_p2    |      icmp|   0|  0|  14|           6|           1|
    |icmp_ln46_36_fu_1710_p2    |      icmp|   0|  0|  14|           7|           1|
    |icmp_ln46_37_fu_1756_p2    |      icmp|   0|  0|  14|           6|           1|
    |icmp_ln46_38_fu_1792_p2    |      icmp|   0|  0|  14|           7|           1|
    |icmp_ln46_39_fu_1838_p2    |      icmp|   0|  0|  14|           6|           1|
    |icmp_ln46_3_fu_362_p2      |      icmp|   0|  0|  14|           6|           1|
    |icmp_ln46_4_fu_398_p2      |      icmp|   0|  0|  14|           7|           1|
    |icmp_ln46_5_fu_444_p2      |      icmp|   0|  0|  14|           6|           1|
    |icmp_ln46_6_fu_480_p2      |      icmp|   0|  0|  14|           7|           1|
    |icmp_ln46_7_fu_526_p2      |      icmp|   0|  0|  14|           6|           1|
    |icmp_ln46_8_fu_562_p2      |      icmp|   0|  0|  14|           7|           1|
    |icmp_ln46_9_fu_608_p2      |      icmp|   0|  0|  14|           6|           1|
    |icmp_ln46_fu_234_p2        |      icmp|   0|  0|  14|           7|           1|
    |and_ln46_11_fu_2274_p2     |        or|   0|  0|   2|           1|           1|
    |and_ln46_13_fu_2355_p2     |        or|   0|  0|   2|           1|           1|
    |and_ln46_15_fu_2436_p2     |        or|   0|  0|   2|           1|           1|
    |and_ln46_17_fu_2517_p2     |        or|   0|  0|   2|           1|           1|
    |and_ln46_19_fu_2598_p2     |        or|   0|  0|   2|           1|           1|
    |and_ln46_1_fu_1869_p2      |        or|   0|  0|   2|           1|           1|
    |and_ln46_21_fu_2679_p2     |        or|   0|  0|   2|           1|           1|
    |and_ln46_23_fu_2760_p2     |        or|   0|  0|   2|           1|           1|
    |and_ln46_25_fu_2841_p2     |        or|   0|  0|   2|           1|           1|
    |and_ln46_27_fu_2922_p2     |        or|   0|  0|   2|           1|           1|
    |and_ln46_29_fu_3003_p2     |        or|   0|  0|   2|           1|           1|
    |and_ln46_31_fu_3084_p2     |        or|   0|  0|   2|           1|           1|
    |and_ln46_33_fu_3165_p2     |        or|   0|  0|   2|           1|           1|
    |and_ln46_35_fu_3246_p2     |        or|   0|  0|   2|           1|           1|
    |and_ln46_37_fu_3327_p2     |        or|   0|  0|   2|           1|           1|
    |and_ln46_39_fu_3408_p2     |        or|   0|  0|   2|           1|           1|
    |and_ln46_3_fu_1950_p2      |        or|   0|  0|   2|           1|           1|
    |and_ln46_5_fu_2031_p2      |        or|   0|  0|   2|           1|           1|
    |and_ln46_7_fu_2112_p2      |        or|   0|  0|   2|           1|           1|
    |and_ln46_9_fu_2193_p2      |        or|   0|  0|   2|           1|           1|
    |or_ln46_10_fu_2123_p2      |        or|   0|  0|   2|           1|           1|
    |or_ln46_11_fu_2134_p2      |        or|   0|  0|   2|           1|           1|
    |or_ln46_12_fu_576_p2       |        or|   0|  0|   2|           1|           1|
    |or_ln46_13_fu_2204_p2      |        or|   0|  0|   2|           1|           1|
    |or_ln46_14_fu_2215_p2      |        or|   0|  0|   2|           1|           1|
    |or_ln46_15_fu_658_p2       |        or|   0|  0|   2|           1|           1|
    |or_ln46_16_fu_2285_p2      |        or|   0|  0|   2|           1|           1|
    |or_ln46_17_fu_2296_p2      |        or|   0|  0|   2|           1|           1|
    |or_ln46_18_fu_740_p2       |        or|   0|  0|   2|           1|           1|
    |or_ln46_19_fu_2366_p2      |        or|   0|  0|   2|           1|           1|
    |or_ln46_1_fu_1880_p2       |        or|   0|  0|   2|           1|           1|
    |or_ln46_20_fu_2377_p2      |        or|   0|  0|   2|           1|           1|
    |or_ln46_21_fu_822_p2       |        or|   0|  0|   2|           1|           1|
    |or_ln46_22_fu_2447_p2      |        or|   0|  0|   2|           1|           1|
    |or_ln46_23_fu_2458_p2      |        or|   0|  0|   2|           1|           1|
    |or_ln46_24_fu_904_p2       |        or|   0|  0|   2|           1|           1|
    |or_ln46_25_fu_2528_p2      |        or|   0|  0|   2|           1|           1|
    |or_ln46_26_fu_2539_p2      |        or|   0|  0|   2|           1|           1|
    |or_ln46_27_fu_986_p2       |        or|   0|  0|   2|           1|           1|
    |or_ln46_28_fu_2609_p2      |        or|   0|  0|   2|           1|           1|
    |or_ln46_29_fu_2620_p2      |        or|   0|  0|   2|           1|           1|
    |or_ln46_2_fu_1891_p2       |        or|   0|  0|   2|           1|           1|
    |or_ln46_30_fu_1068_p2      |        or|   0|  0|   2|           1|           1|
    |or_ln46_31_fu_2690_p2      |        or|   0|  0|   2|           1|           1|
    |or_ln46_32_fu_2701_p2      |        or|   0|  0|   2|           1|           1|
    |or_ln46_33_fu_1150_p2      |        or|   0|  0|   2|           1|           1|
    |or_ln46_34_fu_2771_p2      |        or|   0|  0|   2|           1|           1|
    |or_ln46_35_fu_2782_p2      |        or|   0|  0|   2|           1|           1|
    |or_ln46_36_fu_1232_p2      |        or|   0|  0|   2|           1|           1|
    |or_ln46_37_fu_2852_p2      |        or|   0|  0|   2|           1|           1|
    |or_ln46_38_fu_2863_p2      |        or|   0|  0|   2|           1|           1|
    |or_ln46_39_fu_1314_p2      |        or|   0|  0|   2|           1|           1|
    |or_ln46_3_fu_330_p2        |        or|   0|  0|   2|           1|           1|
    |or_ln46_40_fu_2933_p2      |        or|   0|  0|   2|           1|           1|
    |or_ln46_41_fu_2944_p2      |        or|   0|  0|   2|           1|           1|
    |or_ln46_42_fu_1396_p2      |        or|   0|  0|   2|           1|           1|
    |or_ln46_43_fu_3014_p2      |        or|   0|  0|   2|           1|           1|
    |or_ln46_44_fu_3025_p2      |        or|   0|  0|   2|           1|           1|
    |or_ln46_45_fu_1478_p2      |        or|   0|  0|   2|           1|           1|
    |or_ln46_46_fu_3095_p2      |        or|   0|  0|   2|           1|           1|
    |or_ln46_47_fu_3106_p2      |        or|   0|  0|   2|           1|           1|
    |or_ln46_48_fu_1560_p2      |        or|   0|  0|   2|           1|           1|
    |or_ln46_49_fu_3176_p2      |        or|   0|  0|   2|           1|           1|
    |or_ln46_4_fu_1961_p2       |        or|   0|  0|   2|           1|           1|
    |or_ln46_50_fu_3187_p2      |        or|   0|  0|   2|           1|           1|
    |or_ln46_51_fu_1642_p2      |        or|   0|  0|   2|           1|           1|
    |or_ln46_52_fu_3257_p2      |        or|   0|  0|   2|           1|           1|
    |or_ln46_53_fu_3268_p2      |        or|   0|  0|   2|           1|           1|
    |or_ln46_54_fu_1724_p2      |        or|   0|  0|   2|           1|           1|
    |or_ln46_55_fu_3338_p2      |        or|   0|  0|   2|           1|           1|
    |or_ln46_56_fu_3349_p2      |        or|   0|  0|   2|           1|           1|
    |or_ln46_57_fu_1806_p2      |        or|   0|  0|   2|           1|           1|
    |or_ln46_58_fu_3419_p2      |        or|   0|  0|   2|           1|           1|
    |or_ln46_59_fu_3430_p2      |        or|   0|  0|   2|           1|           1|
    |or_ln46_5_fu_1972_p2       |        or|   0|  0|   2|           1|           1|
    |or_ln46_6_fu_412_p2        |        or|   0|  0|   2|           1|           1|
    |or_ln46_7_fu_2042_p2       |        or|   0|  0|   2|           1|           1|
    |or_ln46_8_fu_2053_p2       |        or|   0|  0|   2|           1|           1|
    |or_ln46_9_fu_494_p2        |        or|   0|  0|   2|           1|           1|
    |or_ln46_fu_248_p2          |        or|   0|  0|   2|           1|           1|
    |res_0_0_fu_1917_p3         |    select|   0|  0|   2|           1|           2|
    |res_10_0_fu_2727_p3        |    select|   0|  0|   2|           1|           2|
    |res_11_0_fu_2808_p3        |    select|   0|  0|   2|           1|           2|
    |res_12_0_fu_2889_p3        |    select|   0|  0|   2|           1|           2|
    |res_13_0_fu_2970_p3        |    select|   0|  0|   2|           1|           2|
    |res_1445_0_fu_3051_p3      |    select|   0|  0|   2|           1|           2|
    |res_15_0_fu_3132_p3        |    select|   0|  0|   2|           1|           2|
    |res_16_0_fu_3213_p3        |    select|   0|  0|   2|           1|           2|
    |res_17_0_fu_3294_p3        |    select|   0|  0|   2|           1|           2|
    |res_18_0_fu_3375_p3        |    select|   0|  0|   2|           1|           2|
    |res_19_0_fu_3456_p3        |    select|   0|  0|   2|           1|           2|
    |res_1_0_fu_1998_p3         |    select|   0|  0|   2|           1|           2|
    |res_2_0_fu_2079_p3         |    select|   0|  0|   2|           1|           2|
    |res_3_0_fu_2160_p3         |    select|   0|  0|   2|           1|           2|
    |res_4_0_fu_2241_p3         |    select|   0|  0|   2|           1|           2|
    |res_5_0_fu_2322_p3         |    select|   0|  0|   2|           1|           2|
    |res_6_0_fu_2403_p3         |    select|   0|  0|   2|           1|           2|
    |res_7_0_fu_2484_p3         |    select|   0|  0|   2|           1|           2|
    |res_8_0_fu_2565_p3         |    select|   0|  0|   2|           1|           2|
    |res_9_0_fu_2646_p3         |    select|   0|  0|   2|           1|           2|
    |select_ln46_10_fu_2145_p3  |    select|   0|  0|   2|           1|           2|
    |select_ln46_11_fu_2153_p3  |    select|   0|  0|   2|           1|           2|
    |select_ln46_12_fu_2220_p3  |    select|   0|  0|   2|           1|           1|
    |select_ln46_13_fu_2226_p3  |    select|   0|  0|   2|           1|           2|
    |select_ln46_14_fu_2234_p3  |    select|   0|  0|   2|           1|           2|
    |select_ln46_15_fu_2301_p3  |    select|   0|  0|   2|           1|           1|
    |select_ln46_16_fu_2307_p3  |    select|   0|  0|   2|           1|           2|
    |select_ln46_17_fu_2315_p3  |    select|   0|  0|   2|           1|           2|
    |select_ln46_18_fu_2382_p3  |    select|   0|  0|   2|           1|           1|
    |select_ln46_19_fu_2388_p3  |    select|   0|  0|   2|           1|           2|
    |select_ln46_1_fu_1902_p3   |    select|   0|  0|   2|           1|           2|
    |select_ln46_20_fu_2396_p3  |    select|   0|  0|   2|           1|           2|
    |select_ln46_21_fu_2463_p3  |    select|   0|  0|   2|           1|           1|
    |select_ln46_22_fu_2469_p3  |    select|   0|  0|   2|           1|           2|
    |select_ln46_23_fu_2477_p3  |    select|   0|  0|   2|           1|           2|
    |select_ln46_24_fu_2544_p3  |    select|   0|  0|   2|           1|           1|
    |select_ln46_25_fu_2550_p3  |    select|   0|  0|   2|           1|           2|
    |select_ln46_26_fu_2558_p3  |    select|   0|  0|   2|           1|           2|
    |select_ln46_27_fu_2625_p3  |    select|   0|  0|   2|           1|           1|
    |select_ln46_28_fu_2631_p3  |    select|   0|  0|   2|           1|           2|
    |select_ln46_29_fu_2639_p3  |    select|   0|  0|   2|           1|           2|
    |select_ln46_2_fu_1910_p3   |    select|   0|  0|   2|           1|           2|
    |select_ln46_30_fu_2706_p3  |    select|   0|  0|   2|           1|           1|
    |select_ln46_31_fu_2712_p3  |    select|   0|  0|   2|           1|           2|
    |select_ln46_32_fu_2720_p3  |    select|   0|  0|   2|           1|           2|
    |select_ln46_33_fu_2787_p3  |    select|   0|  0|   2|           1|           1|
    |select_ln46_34_fu_2793_p3  |    select|   0|  0|   2|           1|           2|
    |select_ln46_35_fu_2801_p3  |    select|   0|  0|   2|           1|           2|
    |select_ln46_36_fu_2868_p3  |    select|   0|  0|   2|           1|           1|
    |select_ln46_37_fu_2874_p3  |    select|   0|  0|   2|           1|           2|
    |select_ln46_38_fu_2882_p3  |    select|   0|  0|   2|           1|           2|
    |select_ln46_39_fu_2949_p3  |    select|   0|  0|   2|           1|           1|
    |select_ln46_3_fu_1977_p3   |    select|   0|  0|   2|           1|           1|
    |select_ln46_40_fu_2955_p3  |    select|   0|  0|   2|           1|           2|
    |select_ln46_41_fu_2963_p3  |    select|   0|  0|   2|           1|           2|
    |select_ln46_42_fu_3030_p3  |    select|   0|  0|   2|           1|           1|
    |select_ln46_43_fu_3036_p3  |    select|   0|  0|   2|           1|           2|
    |select_ln46_44_fu_3044_p3  |    select|   0|  0|   2|           1|           2|
    |select_ln46_45_fu_3111_p3  |    select|   0|  0|   2|           1|           1|
    |select_ln46_46_fu_3117_p3  |    select|   0|  0|   2|           1|           2|
    |select_ln46_47_fu_3125_p3  |    select|   0|  0|   2|           1|           2|
    |select_ln46_48_fu_3192_p3  |    select|   0|  0|   2|           1|           1|
    |select_ln46_49_fu_3198_p3  |    select|   0|  0|   2|           1|           2|
    |select_ln46_4_fu_1983_p3   |    select|   0|  0|   2|           1|           2|
    |select_ln46_50_fu_3206_p3  |    select|   0|  0|   2|           1|           2|
    |select_ln46_51_fu_3273_p3  |    select|   0|  0|   2|           1|           1|
    |select_ln46_52_fu_3279_p3  |    select|   0|  0|   2|           1|           2|
    |select_ln46_53_fu_3287_p3  |    select|   0|  0|   2|           1|           2|
    |select_ln46_54_fu_3354_p3  |    select|   0|  0|   2|           1|           1|
    |select_ln46_55_fu_3360_p3  |    select|   0|  0|   2|           1|           2|
    |select_ln46_56_fu_3368_p3  |    select|   0|  0|   2|           1|           2|
    |select_ln46_57_fu_3435_p3  |    select|   0|  0|   2|           1|           1|
    |select_ln46_58_fu_3441_p3  |    select|   0|  0|   2|           1|           2|
    |select_ln46_59_fu_3449_p3  |    select|   0|  0|   2|           1|           2|
    |select_ln46_5_fu_1991_p3   |    select|   0|  0|   2|           1|           2|
    |select_ln46_6_fu_2058_p3   |    select|   0|  0|   2|           1|           1|
    |select_ln46_7_fu_2064_p3   |    select|   0|  0|   2|           1|           2|
    |select_ln46_8_fu_2072_p3   |    select|   0|  0|   2|           1|           2|
    |select_ln46_9_fu_2139_p3   |    select|   0|  0|   2|           1|           1|
    |select_ln46_fu_1896_p3     |    select|   0|  0|   2|           1|           1|
    |ap_enable_pp0              |       xor|   0|  0|   2|           1|           2|
    |not_tmp_100_fu_2997_p2     |       xor|   0|  0|   2|           1|           2|
    |not_tmp_107_fu_3078_p2     |       xor|   0|  0|   2|           1|           2|
    |not_tmp_114_fu_3159_p2     |       xor|   0|  0|   2|           1|           2|
    |not_tmp_121_fu_3240_p2     |       xor|   0|  0|   2|           1|           2|
    |not_tmp_128_fu_3321_p2     |       xor|   0|  0|   2|           1|           2|
    |not_tmp_135_fu_3402_p2     |       xor|   0|  0|   2|           1|           2|
    |not_tmp_16_fu_2025_p2      |       xor|   0|  0|   2|           1|           2|
    |not_tmp_23_fu_2106_p2      |       xor|   0|  0|   2|           1|           2|
    |not_tmp_30_fu_2187_p2      |       xor|   0|  0|   2|           1|           2|
    |not_tmp_37_fu_2268_p2      |       xor|   0|  0|   2|           1|           2|
    |not_tmp_3_fu_1863_p2       |       xor|   0|  0|   2|           1|           2|
    |not_tmp_44_fu_2349_p2      |       xor|   0|  0|   2|           1|           2|
    |not_tmp_51_fu_2430_p2      |       xor|   0|  0|   2|           1|           2|
    |not_tmp_58_fu_2511_p2      |       xor|   0|  0|   2|           1|           2|
    |not_tmp_65_fu_2592_p2      |       xor|   0|  0|   2|           1|           2|
    |not_tmp_72_fu_2673_p2      |       xor|   0|  0|   2|           1|           2|
    |not_tmp_79_fu_2754_p2      |       xor|   0|  0|   2|           1|           2|
    |not_tmp_86_fu_2835_p2      |       xor|   0|  0|   2|           1|           2|
    |not_tmp_93_fu_2916_p2      |       xor|   0|  0|   2|           1|           2|
    |not_tmp_s_fu_1944_p2       |       xor|   0|  0|   2|           1|           2|
    |xor_ln46_10_fu_2695_p2     |       xor|   0|  0|   2|           1|           2|
    |xor_ln46_11_fu_2776_p2     |       xor|   0|  0|   2|           1|           2|
    |xor_ln46_12_fu_2857_p2     |       xor|   0|  0|   2|           1|           2|
    |xor_ln46_13_fu_2938_p2     |       xor|   0|  0|   2|           1|           2|
    |xor_ln46_14_fu_3019_p2     |       xor|   0|  0|   2|           1|           2|
    |xor_ln46_15_fu_3100_p2     |       xor|   0|  0|   2|           1|           2|
    |xor_ln46_16_fu_3181_p2     |       xor|   0|  0|   2|           1|           2|
    |xor_ln46_17_fu_3262_p2     |       xor|   0|  0|   2|           1|           2|
    |xor_ln46_18_fu_3343_p2     |       xor|   0|  0|   2|           1|           2|
    |xor_ln46_19_fu_3424_p2     |       xor|   0|  0|   2|           1|           2|
    |xor_ln46_1_fu_1966_p2      |       xor|   0|  0|   2|           1|           2|
    |xor_ln46_2_fu_2047_p2      |       xor|   0|  0|   2|           1|           2|
    |xor_ln46_3_fu_2128_p2      |       xor|   0|  0|   2|           1|           2|
    |xor_ln46_4_fu_2209_p2      |       xor|   0|  0|   2|           1|           2|
    |xor_ln46_5_fu_2290_p2      |       xor|   0|  0|   2|           1|           2|
    |xor_ln46_6_fu_2371_p2      |       xor|   0|  0|   2|           1|           2|
    |xor_ln46_7_fu_2452_p2      |       xor|   0|  0|   2|           1|           2|
    |xor_ln46_8_fu_2533_p2      |       xor|   0|  0|   2|           1|           2|
    |xor_ln46_9_fu_2614_p2      |       xor|   0|  0|   2|           1|           2|
    |xor_ln46_fu_1885_p2        |       xor|   0|  0|   2|           1|           2|
    +---------------------------+----------+----+---+----+------------+------------+
    |Total                      |          |   0|  0|1702|         861|         442|
    +---------------------------+----------+----+---+----+------------+------------+

    * Multiplexer: 
    N/A

    * Register: 
    +---------------------------+----+----+-----+-----------+
    |            Name           | FF | LUT| Bits| Const Bits|
    +---------------------------+----+----+-----+-----------+
    |add_ln46_10_reg_3901       |   2|   0|    2|          0|
    |add_ln46_11_reg_3920       |   2|   0|    2|          0|
    |add_ln46_12_reg_3939       |   2|   0|    2|          0|
    |add_ln46_13_reg_3958       |   2|   0|    2|          0|
    |add_ln46_14_reg_3977       |   2|   0|    2|          0|
    |add_ln46_15_reg_3996       |   2|   0|    2|          0|
    |add_ln46_16_reg_4015       |   2|   0|    2|          0|
    |add_ln46_17_reg_4034       |   2|   0|    2|          0|
    |add_ln46_18_reg_4053       |   2|   0|    2|          0|
    |add_ln46_19_reg_4072       |   2|   0|    2|          0|
    |add_ln46_1_reg_3730        |   2|   0|    2|          0|
    |add_ln46_2_reg_3749        |   2|   0|    2|          0|
    |add_ln46_3_reg_3768        |   2|   0|    2|          0|
    |add_ln46_4_reg_3787        |   2|   0|    2|          0|
    |add_ln46_5_reg_3806        |   2|   0|    2|          0|
    |add_ln46_6_reg_3825        |   2|   0|    2|          0|
    |add_ln46_7_reg_3844        |   2|   0|    2|          0|
    |add_ln46_8_reg_3863        |   2|   0|    2|          0|
    |add_ln46_9_reg_3882        |   2|   0|    2|          0|
    |add_ln46_reg_3711          |   2|   0|    2|          0|
    |ap_CS_fsm                  |   1|   0|    1|          0|
    |ap_enable_reg_pp0_iter1    |   1|   0|    1|          0|
    |data_0_val_read_reg_3698   |  16|   0|   16|          0|
    |data_10_val_read_reg_3638  |  16|   0|   16|          0|
    |data_11_val_read_reg_3632  |  16|   0|   16|          0|
    |data_12_val_read_reg_3626  |  16|   0|   16|          0|
    |data_13_val_read_reg_3620  |  16|   0|   16|          0|
    |data_14_val_read_reg_3614  |  16|   0|   16|          0|
    |data_15_val_read_reg_3608  |  16|   0|   16|          0|
    |data_16_val_read_reg_3602  |  16|   0|   16|          0|
    |data_17_val_read_reg_3596  |  16|   0|   16|          0|
    |data_18_val_read_reg_3590  |  16|   0|   16|          0|
    |data_19_val_read_reg_3584  |  16|   0|   16|          0|
    |data_1_val_read_reg_3692   |  16|   0|   16|          0|
    |data_2_val_read_reg_3686   |  16|   0|   16|          0|
    |data_3_val_read_reg_3680   |  16|   0|   16|          0|
    |data_4_val_read_reg_3674   |  16|   0|   16|          0|
    |data_5_val_read_reg_3668   |  16|   0|   16|          0|
    |data_6_val_read_reg_3662   |  16|   0|   16|          0|
    |data_7_val_read_reg_3656   |  16|   0|   16|          0|
    |data_8_val_read_reg_3650   |  16|   0|   16|          0|
    |data_9_val_read_reg_3644   |  16|   0|   16|          0|
    |icmp_ln46_11_reg_3813      |   1|   0|    1|          0|
    |icmp_ln46_13_reg_3832      |   1|   0|    1|          0|
    |icmp_ln46_15_reg_3851      |   1|   0|    1|          0|
    |icmp_ln46_17_reg_3870      |   1|   0|    1|          0|
    |icmp_ln46_19_reg_3889      |   1|   0|    1|          0|
    |icmp_ln46_1_reg_3718       |   1|   0|    1|          0|
    |icmp_ln46_21_reg_3908      |   1|   0|    1|          0|
    |icmp_ln46_23_reg_3927      |   1|   0|    1|          0|
    |icmp_ln46_25_reg_3946      |   1|   0|    1|          0|
    |icmp_ln46_27_reg_3965      |   1|   0|    1|          0|
    |icmp_ln46_29_reg_3984      |   1|   0|    1|          0|
    |icmp_ln46_31_reg_4003      |   1|   0|    1|          0|
    |icmp_ln46_33_reg_4022      |   1|   0|    1|          0|
    |icmp_ln46_35_reg_4041      |   1|   0|    1|          0|
    |icmp_ln46_37_reg_4060      |   1|   0|    1|          0|
    |icmp_ln46_39_reg_4079      |   1|   0|    1|          0|
    |icmp_ln46_3_reg_3737       |   1|   0|    1|          0|
    |icmp_ln46_5_reg_3756       |   1|   0|    1|          0|
    |icmp_ln46_7_reg_3775       |   1|   0|    1|          0|
    |icmp_ln46_9_reg_3794       |   1|   0|    1|          0|
    |tmp_101_reg_4027           |   1|   0|    1|          0|
    |tmp_107_reg_4046           |   1|   0|    1|          0|
    |tmp_113_reg_4065           |   1|   0|    1|          0|
    |tmp_11_reg_3742            |   1|   0|    1|          0|
    |tmp_17_reg_3761            |   1|   0|    1|          0|
    |tmp_23_reg_3780            |   1|   0|    1|          0|
    |tmp_29_reg_3799            |   1|   0|    1|          0|
    |tmp_35_reg_3818            |   1|   0|    1|          0|
    |tmp_41_reg_3837            |   1|   0|    1|          0|
    |tmp_47_reg_3856            |   1|   0|    1|          0|
    |tmp_53_reg_3875            |   1|   0|    1|          0|
    |tmp_59_reg_3894            |   1|   0|    1|          0|
    |tmp_5_reg_3723             |   1|   0|    1|          0|
    |tmp_65_reg_3913            |   1|   0|    1|          0|
    |tmp_71_reg_3932            |   1|   0|    1|          0|
    |tmp_77_reg_3951            |   1|   0|    1|          0|
    |tmp_83_reg_3970            |   1|   0|    1|          0|
    |tmp_89_reg_3989            |   1|   0|    1|          0|
    |tmp_95_reg_4008            |   1|   0|    1|          0|
    |tmp_reg_3704               |   1|   0|    1|          0|
    +---------------------------+----+----+-----+-----------+
    |Total                      | 402|   0|  402|          0|
    +---------------------------+----+----+-----+-----------+



================================================================
== Interface
================================================================
* Summary: 
+--------------+-----+-----+------------+------------------------------------------------------------------------+--------------+
|   RTL Ports  | Dir | Bits|  Protocol  |                              Source Object                             |    C Type    |
+--------------+-----+-----+------------+------------------------------------------------------------------------+--------------+
|ap_clk        |   in|    1|  ap_ctrl_hs|  relu<ap_fixed<16, 6, 5, 3, 0>, ap_ufixed<2, 0, 4, 0, 0>, relu_config9>|  return value|
|ap_rst        |   in|    1|  ap_ctrl_hs|  relu<ap_fixed<16, 6, 5, 3, 0>, ap_ufixed<2, 0, 4, 0, 0>, relu_config9>|  return value|
|ap_start      |   in|    1|  ap_ctrl_hs|  relu<ap_fixed<16, 6, 5, 3, 0>, ap_ufixed<2, 0, 4, 0, 0>, relu_config9>|  return value|
|ap_done       |  out|    1|  ap_ctrl_hs|  relu<ap_fixed<16, 6, 5, 3, 0>, ap_ufixed<2, 0, 4, 0, 0>, relu_config9>|  return value|
|ap_idle       |  out|    1|  ap_ctrl_hs|  relu<ap_fixed<16, 6, 5, 3, 0>, ap_ufixed<2, 0, 4, 0, 0>, relu_config9>|  return value|
|ap_ready      |  out|    1|  ap_ctrl_hs|  relu<ap_fixed<16, 6, 5, 3, 0>, ap_ufixed<2, 0, 4, 0, 0>, relu_config9>|  return value|
|ap_ce         |   in|    1|  ap_ctrl_hs|  relu<ap_fixed<16, 6, 5, 3, 0>, ap_ufixed<2, 0, 4, 0, 0>, relu_config9>|  return value|
|ap_return_0   |  out|    2|  ap_ctrl_hs|  relu<ap_fixed<16, 6, 5, 3, 0>, ap_ufixed<2, 0, 4, 0, 0>, relu_config9>|  return value|
|ap_return_1   |  out|    2|  ap_ctrl_hs|  relu<ap_fixed<16, 6, 5, 3, 0>, ap_ufixed<2, 0, 4, 0, 0>, relu_config9>|  return value|
|ap_return_2   |  out|    2|  ap_ctrl_hs|  relu<ap_fixed<16, 6, 5, 3, 0>, ap_ufixed<2, 0, 4, 0, 0>, relu_config9>|  return value|
|ap_return_3   |  out|    2|  ap_ctrl_hs|  relu<ap_fixed<16, 6, 5, 3, 0>, ap_ufixed<2, 0, 4, 0, 0>, relu_config9>|  return value|
|ap_return_4   |  out|    2|  ap_ctrl_hs|  relu<ap_fixed<16, 6, 5, 3, 0>, ap_ufixed<2, 0, 4, 0, 0>, relu_config9>|  return value|
|ap_return_5   |  out|    2|  ap_ctrl_hs|  relu<ap_fixed<16, 6, 5, 3, 0>, ap_ufixed<2, 0, 4, 0, 0>, relu_config9>|  return value|
|ap_return_6   |  out|    2|  ap_ctrl_hs|  relu<ap_fixed<16, 6, 5, 3, 0>, ap_ufixed<2, 0, 4, 0, 0>, relu_config9>|  return value|
|ap_return_7   |  out|    2|  ap_ctrl_hs|  relu<ap_fixed<16, 6, 5, 3, 0>, ap_ufixed<2, 0, 4, 0, 0>, relu_config9>|  return value|
|ap_return_8   |  out|    2|  ap_ctrl_hs|  relu<ap_fixed<16, 6, 5, 3, 0>, ap_ufixed<2, 0, 4, 0, 0>, relu_config9>|  return value|
|ap_return_9   |  out|    2|  ap_ctrl_hs|  relu<ap_fixed<16, 6, 5, 3, 0>, ap_ufixed<2, 0, 4, 0, 0>, relu_config9>|  return value|
|ap_return_10  |  out|    2|  ap_ctrl_hs|  relu<ap_fixed<16, 6, 5, 3, 0>, ap_ufixed<2, 0, 4, 0, 0>, relu_config9>|  return value|
|ap_return_11  |  out|    2|  ap_ctrl_hs|  relu<ap_fixed<16, 6, 5, 3, 0>, ap_ufixed<2, 0, 4, 0, 0>, relu_config9>|  return value|
|ap_return_12  |  out|    2|  ap_ctrl_hs|  relu<ap_fixed<16, 6, 5, 3, 0>, ap_ufixed<2, 0, 4, 0, 0>, relu_config9>|  return value|
|ap_return_13  |  out|    2|  ap_ctrl_hs|  relu<ap_fixed<16, 6, 5, 3, 0>, ap_ufixed<2, 0, 4, 0, 0>, relu_config9>|  return value|
|ap_return_14  |  out|    2|  ap_ctrl_hs|  relu<ap_fixed<16, 6, 5, 3, 0>, ap_ufixed<2, 0, 4, 0, 0>, relu_config9>|  return value|
|ap_return_15  |  out|    2|  ap_ctrl_hs|  relu<ap_fixed<16, 6, 5, 3, 0>, ap_ufixed<2, 0, 4, 0, 0>, relu_config9>|  return value|
|ap_return_16  |  out|    2|  ap_ctrl_hs|  relu<ap_fixed<16, 6, 5, 3, 0>, ap_ufixed<2, 0, 4, 0, 0>, relu_config9>|  return value|
|ap_return_17  |  out|    2|  ap_ctrl_hs|  relu<ap_fixed<16, 6, 5, 3, 0>, ap_ufixed<2, 0, 4, 0, 0>, relu_config9>|  return value|
|ap_return_18  |  out|    2|  ap_ctrl_hs|  relu<ap_fixed<16, 6, 5, 3, 0>, ap_ufixed<2, 0, 4, 0, 0>, relu_config9>|  return value|
|ap_return_19  |  out|    2|  ap_ctrl_hs|  relu<ap_fixed<16, 6, 5, 3, 0>, ap_ufixed<2, 0, 4, 0, 0>, relu_config9>|  return value|
|data_0_val    |   in|   16|     ap_none|                                                              data_0_val|        scalar|
|data_1_val    |   in|   16|     ap_none|                                                              data_1_val|        scalar|
|data_2_val    |   in|   16|     ap_none|                                                              data_2_val|        scalar|
|data_3_val    |   in|   16|     ap_none|                                                              data_3_val|        scalar|
|data_4_val    |   in|   16|     ap_none|                                                              data_4_val|        scalar|
|data_5_val    |   in|   16|     ap_none|                                                              data_5_val|        scalar|
|data_6_val    |   in|   16|     ap_none|                                                              data_6_val|        scalar|
|data_7_val    |   in|   16|     ap_none|                                                              data_7_val|        scalar|
|data_8_val    |   in|   16|     ap_none|                                                              data_8_val|        scalar|
|data_9_val    |   in|   16|     ap_none|                                                              data_9_val|        scalar|
|data_10_val   |   in|   16|     ap_none|                                                             data_10_val|        scalar|
|data_11_val   |   in|   16|     ap_none|                                                             data_11_val|        scalar|
|data_12_val   |   in|   16|     ap_none|                                                             data_12_val|        scalar|
|data_13_val   |   in|   16|     ap_none|                                                             data_13_val|        scalar|
|data_14_val   |   in|   16|     ap_none|                                                             data_14_val|        scalar|
|data_15_val   |   in|   16|     ap_none|                                                             data_15_val|        scalar|
|data_16_val   |   in|   16|     ap_none|                                                             data_16_val|        scalar|
|data_17_val   |   in|   16|     ap_none|                                                             data_17_val|        scalar|
|data_18_val   |   in|   16|     ap_none|                                                             data_18_val|        scalar|
|data_19_val   |   in|   16|     ap_none|                                                             data_19_val|        scalar|
+--------------+-----+-----+------------+------------------------------------------------------------------------+--------------+

