

================================================================
== Vitis HLS Report for 'relu_ap_fixed_16_6_5_3_0_ap_ufixed_2_0_4_0_0_relu_config12_s'
================================================================
* Date:           Mon Oct 20 15:01:58 2025

* Version:        2024.1 (Build 5069499 on May 21 2024)
* Project:        myproject_prj
* Solution:       solution1 (Vivado IP Flow Target)
* Product family: zynq
* Target device:  xc7z020-clg400-1


================================================================
== Performance Estimates
================================================================
+ Timing: 
    * Summary: 
    +--------+---------+----------+------------+
    |  Clock |  Target | Estimated| Uncertainty|
    +--------+---------+----------+------------+
    |ap_clk  |  5.00 ns|  3.435 ns|     0.62 ns|
    +--------+---------+----------+------------+

+ Latency: 
    * Summary: 
    +---------+---------+----------+----------+-----+-----+---------+
    |  Latency (cycles) |  Latency (absolute) |  Interval | Pipeline|
    |   min   |   max   |    min   |    max   | min | max |   Type  |
    +---------+---------+----------+----------+-----+-----+---------+
    |        1|        1|  5.000 ns|  5.000 ns|    1|    1|      yes|
    +---------+---------+----------+----------+-----+-----+---------+

    + Detail: 
        * Instance: 
        N/A

        * Loop: 
        N/A



================================================================
== Utilization Estimates
================================================================
* Summary: 
+-----------------+---------+-----+--------+-------+-----+
|       Name      | BRAM_18K| DSP |   FF   |  LUT  | URAM|
+-----------------+---------+-----+--------+-------+-----+
|DSP              |        -|    -|       -|      -|    -|
|Expression       |        -|    -|       0|    767|    -|
|FIFO             |        -|    -|       -|      -|    -|
|Instance         |        -|    -|       -|      -|    -|
|Memory           |        -|    -|       -|      -|    -|
|Multiplexer      |        -|    -|       -|      -|    -|
|Register         |        -|    -|     182|      -|    -|
+-----------------+---------+-----+--------+-------+-----+
|Total            |        0|    0|     182|    767|    0|
+-----------------+---------+-----+--------+-------+-----+
|Available        |      280|  220|  106400|  53200|    0|
+-----------------+---------+-----+--------+-------+-----+
|Utilization (%)  |        0|    0|      ~0|      1|    0|
+-----------------+---------+-----+--------+-------+-----+

+ Detail: 
    * Instance: 
    N/A

    * DSP: 
    N/A

    * Memory: 
    N/A

    * FIFO: 
    N/A

    * Expression: 
    +----------------------------+----------+----+---+----+------------+------------+
    |        Variable Name       | Operation| DSP| FF| LUT| Bitwidth P0| Bitwidth P1|
    +----------------------------+----------+----+---+----+------------+------------+
    |add_ln46_55_fu_258_p2       |         +|   0|  0|  10|           2|           2|
    |add_ln46_56_fu_340_p2       |         +|   0|  0|  10|           2|           2|
    |add_ln46_57_fu_422_p2       |         +|   0|  0|  10|           2|           2|
    |add_ln46_58_fu_504_p2       |         +|   0|  0|  10|           2|           2|
    |add_ln46_59_fu_586_p2       |         +|   0|  0|  10|           2|           2|
    |add_ln46_60_fu_668_p2       |         +|   0|  0|  10|           2|           2|
    |add_ln46_61_fu_750_p2       |         +|   0|  0|  10|           2|           2|
    |add_ln46_62_fu_832_p2       |         +|   0|  0|  10|           2|           2|
    |add_ln46_fu_176_p2          |         +|   0|  0|  10|           2|           2|
    |and_ln46_100_fu_412_p2      |       and|   0|  0|   2|           1|           1|
    |and_ln46_101_fu_494_p2      |       and|   0|  0|   2|           1|           1|
    |and_ln46_102_fu_576_p2      |       and|   0|  0|   2|           1|           1|
    |and_ln46_103_fu_658_p2      |       and|   0|  0|   2|           1|           1|
    |and_ln46_104_fu_740_p2      |       and|   0|  0|   2|           1|           1|
    |and_ln46_105_fu_822_p2      |       and|   0|  0|   2|           1|           1|
    |and_ln46_98_fu_248_p2       |       and|   0|  0|   2|           1|           1|
    |and_ln46_99_fu_330_p2       |       and|   0|  0|   2|           1|           1|
    |and_ln46_fu_166_p2          |       and|   0|  0|   2|           1|           1|
    |empty_65_fu_966_p2          |       and|   0|  0|   2|           1|           1|
    |empty_66_fu_1047_p2         |       and|   0|  0|   2|           1|           1|
    |empty_67_fu_1128_p2         |       and|   0|  0|   2|           1|           1|
    |empty_68_fu_1209_p2         |       and|   0|  0|   2|           1|           1|
    |empty_69_fu_1290_p2         |       and|   0|  0|   2|           1|           1|
    |empty_70_fu_1371_p2         |       and|   0|  0|   2|           1|           1|
    |empty_71_fu_1452_p2         |       and|   0|  0|   2|           1|           1|
    |empty_72_fu_1533_p2         |       and|   0|  0|   2|           1|           1|
    |empty_fu_885_p2             |       and|   0|  0|   2|           1|           1|
    |icmp_ln45_55_fu_935_p2      |      icmp|   0|  0|  23|          16|           1|
    |icmp_ln45_56_fu_1016_p2     |      icmp|   0|  0|  23|          16|           1|
    |icmp_ln45_57_fu_1097_p2     |      icmp|   0|  0|  23|          16|           1|
    |icmp_ln45_58_fu_1178_p2     |      icmp|   0|  0|  23|          16|           1|
    |icmp_ln45_59_fu_1259_p2     |      icmp|   0|  0|  23|          16|           1|
    |icmp_ln45_60_fu_1340_p2     |      icmp|   0|  0|  23|          16|           1|
    |icmp_ln45_61_fu_1421_p2     |      icmp|   0|  0|  23|          16|           1|
    |icmp_ln45_62_fu_1502_p2     |      icmp|   0|  0|  23|          16|           1|
    |icmp_ln45_fu_854_p2         |      icmp|   0|  0|  23|          16|           1|
    |icmp_ln46_113_fu_192_p2     |      icmp|   0|  0|  14|           6|           1|
    |icmp_ln46_114_fu_228_p2     |      icmp|   0|  0|  14|           7|           1|
    |icmp_ln46_115_fu_274_p2     |      icmp|   0|  0|  14|           6|           1|
    |icmp_ln46_116_fu_310_p2     |      icmp|   0|  0|  14|           7|           1|
    |icmp_ln46_117_fu_356_p2     |      icmp|   0|  0|  14|           6|           1|
    |icmp_ln46_118_fu_392_p2     |      icmp|   0|  0|  14|           7|           1|
    |icmp_ln46_119_fu_438_p2     |      icmp|   0|  0|  14|           6|           1|
    |icmp_ln46_120_fu_474_p2     |      icmp|   0|  0|  14|           7|           1|
    |icmp_ln46_121_fu_520_p2     |      icmp|   0|  0|  14|           6|           1|
    |icmp_ln46_122_fu_556_p2     |      icmp|   0|  0|  14|           7|           1|
    |icmp_ln46_123_fu_602_p2     |      icmp|   0|  0|  14|           6|           1|
    |icmp_ln46_124_fu_638_p2     |      icmp|   0|  0|  14|           7|           1|
    |icmp_ln46_125_fu_684_p2     |      icmp|   0|  0|  14|           6|           1|
    |icmp_ln46_126_fu_720_p2     |      icmp|   0|  0|  14|           7|           1|
    |icmp_ln46_127_fu_766_p2     |      icmp|   0|  0|  14|           6|           1|
    |icmp_ln46_128_fu_802_p2     |      icmp|   0|  0|  14|           7|           1|
    |icmp_ln46_129_fu_848_p2     |      icmp|   0|  0|  14|           6|           1|
    |icmp_ln46_fu_146_p2         |      icmp|   0|  0|  14|           7|           1|
    |and_ln46_113_fu_879_p2      |        or|   0|  0|   2|           1|           1|
    |and_ln46_115_fu_960_p2      |        or|   0|  0|   2|           1|           1|
    |and_ln46_117_fu_1041_p2     |        or|   0|  0|   2|           1|           1|
    |and_ln46_119_fu_1122_p2     |        or|   0|  0|   2|           1|           1|
    |and_ln46_121_fu_1203_p2     |        or|   0|  0|   2|           1|           1|
    |and_ln46_123_fu_1284_p2     |        or|   0|  0|   2|           1|           1|
    |and_ln46_125_fu_1365_p2     |        or|   0|  0|   2|           1|           1|
    |and_ln46_127_fu_1446_p2     |        or|   0|  0|   2|           1|           1|
    |and_ln46_129_fu_1527_p2     |        or|   0|  0|   2|           1|           1|
    |or_ln46_171_fu_890_p2       |        or|   0|  0|   2|           1|           1|
    |or_ln46_172_fu_901_p2       |        or|   0|  0|   2|           1|           1|
    |or_ln46_173_fu_242_p2       |        or|   0|  0|   2|           1|           1|
    |or_ln46_174_fu_971_p2       |        or|   0|  0|   2|           1|           1|
    |or_ln46_175_fu_982_p2       |        or|   0|  0|   2|           1|           1|
    |or_ln46_176_fu_324_p2       |        or|   0|  0|   2|           1|           1|
    |or_ln46_177_fu_1052_p2      |        or|   0|  0|   2|           1|           1|
    |or_ln46_178_fu_1063_p2      |        or|   0|  0|   2|           1|           1|
    |or_ln46_179_fu_406_p2       |        or|   0|  0|   2|           1|           1|
    |or_ln46_180_fu_1133_p2      |        or|   0|  0|   2|           1|           1|
    |or_ln46_181_fu_1144_p2      |        or|   0|  0|   2|           1|           1|
    |or_ln46_182_fu_488_p2       |        or|   0|  0|   2|           1|           1|
    |or_ln46_183_fu_1214_p2      |        or|   0|  0|   2|           1|           1|
    |or_ln46_184_fu_1225_p2      |        or|   0|  0|   2|           1|           1|
    |or_ln46_185_fu_570_p2       |        or|   0|  0|   2|           1|           1|
    |or_ln46_186_fu_1295_p2      |        or|   0|  0|   2|           1|           1|
    |or_ln46_187_fu_1306_p2      |        or|   0|  0|   2|           1|           1|
    |or_ln46_188_fu_652_p2       |        or|   0|  0|   2|           1|           1|
    |or_ln46_189_fu_1376_p2      |        or|   0|  0|   2|           1|           1|
    |or_ln46_190_fu_1387_p2      |        or|   0|  0|   2|           1|           1|
    |or_ln46_191_fu_734_p2       |        or|   0|  0|   2|           1|           1|
    |or_ln46_192_fu_1457_p2      |        or|   0|  0|   2|           1|           1|
    |or_ln46_193_fu_1468_p2      |        or|   0|  0|   2|           1|           1|
    |or_ln46_194_fu_816_p2       |        or|   0|  0|   2|           1|           1|
    |or_ln46_195_fu_1538_p2      |        or|   0|  0|   2|           1|           1|
    |or_ln46_196_fu_1549_p2      |        or|   0|  0|   2|           1|           1|
    |or_ln46_fu_160_p2           |        or|   0|  0|   2|           1|           1|
    |res_0_0_fu_927_p3           |    select|   0|  0|   2|           1|           2|
    |res_1_0_fu_1008_p3          |    select|   0|  0|   2|           1|           2|
    |res_2_0_fu_1089_p3          |    select|   0|  0|   2|           1|           2|
    |res_3_0_fu_1170_p3          |    select|   0|  0|   2|           1|           2|
    |res_4_0_fu_1251_p3          |    select|   0|  0|   2|           1|           2|
    |res_5_0_fu_1332_p3          |    select|   0|  0|   2|           1|           2|
    |res_6_0_fu_1413_p3          |    select|   0|  0|   2|           1|           2|
    |res_7_0_fu_1494_p3          |    select|   0|  0|   2|           1|           2|
    |res_8_0_fu_1575_p3          |    select|   0|  0|   2|           1|           2|
    |select_ln46_171_fu_912_p3   |    select|   0|  0|   2|           1|           2|
    |select_ln46_172_fu_920_p3   |    select|   0|  0|   2|           1|           2|
    |select_ln46_173_fu_987_p3   |    select|   0|  0|   2|           1|           1|
    |select_ln46_174_fu_993_p3   |    select|   0|  0|   2|           1|           2|
    |select_ln46_175_fu_1001_p3  |    select|   0|  0|   2|           1|           2|
    |select_ln46_176_fu_1068_p3  |    select|   0|  0|   2|           1|           1|
    |select_ln46_177_fu_1074_p3  |    select|   0|  0|   2|           1|           2|
    |select_ln46_178_fu_1082_p3  |    select|   0|  0|   2|           1|           2|
    |select_ln46_179_fu_1149_p3  |    select|   0|  0|   2|           1|           1|
    |select_ln46_180_fu_1155_p3  |    select|   0|  0|   2|           1|           2|
    |select_ln46_181_fu_1163_p3  |    select|   0|  0|   2|           1|           2|
    |select_ln46_182_fu_1230_p3  |    select|   0|  0|   2|           1|           1|
    |select_ln46_183_fu_1236_p3  |    select|   0|  0|   2|           1|           2|
    |select_ln46_184_fu_1244_p3  |    select|   0|  0|   2|           1|           2|
    |select_ln46_185_fu_1311_p3  |    select|   0|  0|   2|           1|           1|
    |select_ln46_186_fu_1317_p3  |    select|   0|  0|   2|           1|           2|
    |select_ln46_187_fu_1325_p3  |    select|   0|  0|   2|           1|           2|
    |select_ln46_188_fu_1392_p3  |    select|   0|  0|   2|           1|           1|
    |select_ln46_189_fu_1398_p3  |    select|   0|  0|   2|           1|           2|
    |select_ln46_190_fu_1406_p3  |    select|   0|  0|   2|           1|           2|
    |select_ln46_191_fu_1473_p3  |    select|   0|  0|   2|           1|           1|
    |select_ln46_192_fu_1479_p3  |    select|   0|  0|   2|           1|           2|
    |select_ln46_193_fu_1487_p3  |    select|   0|  0|   2|           1|           2|
    |select_ln46_194_fu_1554_p3  |    select|   0|  0|   2|           1|           1|
    |select_ln46_195_fu_1560_p3  |    select|   0|  0|   2|           1|           2|
    |select_ln46_196_fu_1568_p3  |    select|   0|  0|   2|           1|           2|
    |select_ln46_fu_906_p3       |    select|   0|  0|   2|           1|           1|
    |ap_enable_pp0               |       xor|   0|  0|   2|           1|           2|
    |not_tmp_400_fu_873_p2       |       xor|   0|  0|   2|           1|           2|
    |not_tmp_407_fu_954_p2       |       xor|   0|  0|   2|           1|           2|
    |not_tmp_414_fu_1035_p2      |       xor|   0|  0|   2|           1|           2|
    |not_tmp_421_fu_1116_p2      |       xor|   0|  0|   2|           1|           2|
    |not_tmp_428_fu_1197_p2      |       xor|   0|  0|   2|           1|           2|
    |not_tmp_435_fu_1278_p2      |       xor|   0|  0|   2|           1|           2|
    |not_tmp_442_fu_1359_p2      |       xor|   0|  0|   2|           1|           2|
    |not_tmp_449_fu_1440_p2      |       xor|   0|  0|   2|           1|           2|
    |not_tmp_456_fu_1521_p2      |       xor|   0|  0|   2|           1|           2|
    |xor_ln46_55_fu_976_p2       |       xor|   0|  0|   2|           1|           2|
    |xor_ln46_56_fu_1057_p2      |       xor|   0|  0|   2|           1|           2|
    |xor_ln46_57_fu_1138_p2      |       xor|   0|  0|   2|           1|           2|
    |xor_ln46_58_fu_1219_p2      |       xor|   0|  0|   2|           1|           2|
    |xor_ln46_59_fu_1300_p2      |       xor|   0|  0|   2|           1|           2|
    |xor_ln46_60_fu_1381_p2      |       xor|   0|  0|   2|           1|           2|
    |xor_ln46_61_fu_1462_p2      |       xor|   0|  0|   2|           1|           2|
    |xor_ln46_62_fu_1543_p2      |       xor|   0|  0|   2|           1|           2|
    |xor_ln46_fu_895_p2          |       xor|   0|  0|   2|           1|           2|
    +----------------------------+----------+----+---+----+------------+------------+
    |Total                       |          |   0|  0| 767|         388|         200|
    +----------------------------+----------+----+---+----+------------+------------+

    * Multiplexer: 
    N/A

    * Register: 
    +--------------------------+----+----+-----+-----------+
    |           Name           | FF | LUT| Bits| Const Bits|
    +--------------------------+----+----+-----+-----------+
    |add_ln46_55_reg_1717      |   2|   0|    2|          0|
    |add_ln46_56_reg_1736      |   2|   0|    2|          0|
    |add_ln46_57_reg_1755      |   2|   0|    2|          0|
    |add_ln46_58_reg_1774      |   2|   0|    2|          0|
    |add_ln46_59_reg_1793      |   2|   0|    2|          0|
    |add_ln46_60_reg_1812      |   2|   0|    2|          0|
    |add_ln46_61_reg_1831      |   2|   0|    2|          0|
    |add_ln46_62_reg_1850      |   2|   0|    2|          0|
    |add_ln46_reg_1698         |   2|   0|    2|          0|
    |ap_CS_fsm                 |   1|   0|    1|          0|
    |ap_enable_reg_pp0_iter1   |   1|   0|    1|          0|
    |data_0_val_read_reg_1685  |  16|   0|   16|          0|
    |data_1_val_read_reg_1679  |  16|   0|   16|          0|
    |data_2_val_read_reg_1673  |  16|   0|   16|          0|
    |data_3_val_read_reg_1667  |  16|   0|   16|          0|
    |data_4_val_read_reg_1661  |  16|   0|   16|          0|
    |data_5_val_read_reg_1655  |  16|   0|   16|          0|
    |data_6_val_read_reg_1649  |  16|   0|   16|          0|
    |data_7_val_read_reg_1643  |  16|   0|   16|          0|
    |data_8_val_read_reg_1637  |  16|   0|   16|          0|
    |icmp_ln46_113_reg_1705    |   1|   0|    1|          0|
    |icmp_ln46_115_reg_1724    |   1|   0|    1|          0|
    |icmp_ln46_117_reg_1743    |   1|   0|    1|          0|
    |icmp_ln46_119_reg_1762    |   1|   0|    1|          0|
    |icmp_ln46_121_reg_1781    |   1|   0|    1|          0|
    |icmp_ln46_123_reg_1800    |   1|   0|    1|          0|
    |icmp_ln46_125_reg_1819    |   1|   0|    1|          0|
    |icmp_ln46_127_reg_1838    |   1|   0|    1|          0|
    |icmp_ln46_129_reg_1857    |   1|   0|    1|          0|
    |tmp_342_reg_1710          |   1|   0|    1|          0|
    |tmp_347_reg_1729          |   1|   0|    1|          0|
    |tmp_353_reg_1748          |   1|   0|    1|          0|
    |tmp_359_reg_1767          |   1|   0|    1|          0|
    |tmp_365_reg_1786          |   1|   0|    1|          0|
    |tmp_371_reg_1805          |   1|   0|    1|          0|
    |tmp_377_reg_1824          |   1|   0|    1|          0|
    |tmp_383_reg_1843          |   1|   0|    1|          0|
    |tmp_reg_1691              |   1|   0|    1|          0|
    +--------------------------+----+----+-----+-----------+
    |Total                     | 182|   0|  182|          0|
    +--------------------------+----+----+-----+-----------+



================================================================
== Interface
================================================================
* Summary: 
+-------------+-----+-----+------------+-------------------------------------------------------------------------+--------------+
|  RTL Ports  | Dir | Bits|  Protocol  |                              Source Object                              |    C Type    |
+-------------+-----+-----+------------+-------------------------------------------------------------------------+--------------+
|ap_clk       |   in|    1|  ap_ctrl_hs|  relu<ap_fixed<16, 6, 5, 3, 0>, ap_ufixed<2, 0, 4, 0, 0>, relu_config12>|  return value|
|ap_rst       |   in|    1|  ap_ctrl_hs|  relu<ap_fixed<16, 6, 5, 3, 0>, ap_ufixed<2, 0, 4, 0, 0>, relu_config12>|  return value|
|ap_start     |   in|    1|  ap_ctrl_hs|  relu<ap_fixed<16, 6, 5, 3, 0>, ap_ufixed<2, 0, 4, 0, 0>, relu_config12>|  return value|
|ap_done      |  out|    1|  ap_ctrl_hs|  relu<ap_fixed<16, 6, 5, 3, 0>, ap_ufixed<2, 0, 4, 0, 0>, relu_config12>|  return value|
|ap_idle      |  out|    1|  ap_ctrl_hs|  relu<ap_fixed<16, 6, 5, 3, 0>, ap_ufixed<2, 0, 4, 0, 0>, relu_config12>|  return value|
|ap_ready     |  out|    1|  ap_ctrl_hs|  relu<ap_fixed<16, 6, 5, 3, 0>, ap_ufixed<2, 0, 4, 0, 0>, relu_config12>|  return value|
|ap_ce        |   in|    1|  ap_ctrl_hs|  relu<ap_fixed<16, 6, 5, 3, 0>, ap_ufixed<2, 0, 4, 0, 0>, relu_config12>|  return value|
|ap_return_0  |  out|    2|  ap_ctrl_hs|  relu<ap_fixed<16, 6, 5, 3, 0>, ap_ufixed<2, 0, 4, 0, 0>, relu_config12>|  return value|
|ap_return_1  |  out|    2|  ap_ctrl_hs|  relu<ap_fixed<16, 6, 5, 3, 0>, ap_ufixed<2, 0, 4, 0, 0>, relu_config12>|  return value|
|ap_return_2  |  out|    2|  ap_ctrl_hs|  relu<ap_fixed<16, 6, 5, 3, 0>, ap_ufixed<2, 0, 4, 0, 0>, relu_config12>|  return value|
|ap_return_3  |  out|    2|  ap_ctrl_hs|  relu<ap_fixed<16, 6, 5, 3, 0>, ap_ufixed<2, 0, 4, 0, 0>, relu_config12>|  return value|
|ap_return_4  |  out|    2|  ap_ctrl_hs|  relu<ap_fixed<16, 6, 5, 3, 0>, ap_ufixed<2, 0, 4, 0, 0>, relu_config12>|  return value|
|ap_return_5  |  out|    2|  ap_ctrl_hs|  relu<ap_fixed<16, 6, 5, 3, 0>, ap_ufixed<2, 0, 4, 0, 0>, relu_config12>|  return value|
|ap_return_6  |  out|    2|  ap_ctrl_hs|  relu<ap_fixed<16, 6, 5, 3, 0>, ap_ufixed<2, 0, 4, 0, 0>, relu_config12>|  return value|
|ap_return_7  |  out|    2|  ap_ctrl_hs|  relu<ap_fixed<16, 6, 5, 3, 0>, ap_ufixed<2, 0, 4, 0, 0>, relu_config12>|  return value|
|ap_return_8  |  out|    2|  ap_ctrl_hs|  relu<ap_fixed<16, 6, 5, 3, 0>, ap_ufixed<2, 0, 4, 0, 0>, relu_config12>|  return value|
|data_0_val   |   in|   16|     ap_none|                                                               data_0_val|        scalar|
|data_1_val   |   in|   16|     ap_none|                                                               data_1_val|        scalar|
|data_2_val   |   in|   16|     ap_none|                                                               data_2_val|        scalar|
|data_3_val   |   in|   16|     ap_none|                                                               data_3_val|        scalar|
|data_4_val   |   in|   16|     ap_none|                                                               data_4_val|        scalar|
|data_5_val   |   in|   16|     ap_none|                                                               data_5_val|        scalar|
|data_6_val   |   in|   16|     ap_none|                                                               data_6_val|        scalar|
|data_7_val   |   in|   16|     ap_none|                                                               data_7_val|        scalar|
|data_8_val   |   in|   16|     ap_none|                                                               data_8_val|        scalar|
+-------------+-----+-----+------------+-------------------------------------------------------------------------+--------------+

