

================================================================
== Vitis HLS Report for 'concatenate1d_ap_fixed_ap_fixed_ap_fixed_16_6_5_3_0_config6_s'
================================================================
* Date:           Mon Oct 27 14:27:01 2025

* Version:        2024.1 (Build 5069499 on May 21 2024)
* Project:        myproject_prj
* Solution:       solution1 (Vivado IP Flow Target)
* Product family: zynq
* Target device:  xc7z020-clg400-1


================================================================
== Performance Estimates
================================================================
+ Timing: 
    * Summary: 
    +--------+---------+----------+------------+
    |  Clock |  Target | Estimated| Uncertainty|
    +--------+---------+----------+------------+
    |ap_clk  |  5.00 ns|      0 ns|     0.62 ns|
    +--------+---------+----------+------------+

+ Latency: 
    * Summary: 
    +---------+---------+----------+----------+-----+-----+---------+
    |  Latency (cycles) |  Latency (absolute) |  Interval | Pipeline|
    |   min   |   max   |    min   |    max   | min | max |   Type  |
    +---------+---------+----------+----------+-----+-----+---------+
    |        0|        0|      0 ns|      0 ns|    1|    1|      yes|
    +---------+---------+----------+----------+-----+-----+---------+

    + Detail: 
        * Instance: 
        N/A

        * Loop: 
        N/A

============================================================
+ Verbose Summary: Synthesis Manager
============================================================
InlineROM: 1
ExposeGlobal: 0
============================================================
+ Verbose Summary: CDFG Model
============================================================
IsTopModel: 0
ResetActiveHigh: 1
IsCombinational: 0
IsDatapathOnly: 0
HasWiredReturn: 1
HasMFsm: 2
HasVarLatency: 0
IsPipeline: 1
IsRtlPipelined: 0
IsInstanceOverlapped: 0
IsDontTouch: 0
HasImplIP: 0
IsGatedGlobalClock: 0

+ Individual pipeline summary: 
  * Pipeline-0: initiation interval (II) = 1, depth = 1


============================================================
+ Verbose Summary: Schedule
============================================================
* Number of FSM states : 1
* Pipeline : 1
  Pipeline-0 : II = 1, D = 1, States = { 1 }
* Dataflow Pipeline: 0

* FSM state transitions: 
1 --> 

* FSM state operations: 

State 1 <SV = 0> <Delay = 0.00>
ST_1 : Operation 2 [1/1] (0.00ns)   --->   "%specpipeline_ln120 = specpipeline void @_ssdm_op_SpecPipeline, i32 4294967295, i32 0, i32 0, i32 0, void @empty_0" [firmware/nnet_utils/nnet_merge.h:120]   --->   Operation 2 'specpipeline' 'specpipeline_ln120' <Predicate = true> <Delay = 0.00>
ST_1 : Operation 3 [1/1] (0.00ns)   --->   "%data2_val_read = read i16 @_ssdm_op_Read.ap_auto.i16, i16 %data2_val" [firmware/nnet_utils/nnet_merge.h:120]   --->   Operation 3 'read' 'data2_val_read' <Predicate = true> <Delay = 0.00>
ST_1 : Operation 4 [1/1] (0.00ns)   --->   "%data1_val_read = read i208 @_ssdm_op_Read.ap_auto.i208, i208 %data1_val" [firmware/nnet_utils/nnet_merge.h:120]   --->   Operation 4 'read' 'data1_val_read' <Predicate = true> <Delay = 0.00>
ST_1 : Operation 5 [1/1] (0.00ns)   --->   "%trunc_ln120 = trunc i208 %data1_val_read" [firmware/nnet_utils/nnet_merge.h:120]   --->   Operation 5 'trunc' 'trunc_ln120' <Predicate = true> <Delay = 0.00>
ST_1 : Operation 6 [1/1] (0.00ns)   --->   "%res_s = partselect i16 @_ssdm_op_PartSelect.i16.i208.i32.i32, i208 %data1_val_read, i32 16, i32 31" [firmware/nnet_utils/nnet_merge.h:120]   --->   Operation 6 'partselect' 'res_s' <Predicate = true> <Delay = 0.00>
ST_1 : Operation 7 [1/1] (0.00ns)   --->   "%res_1 = partselect i16 @_ssdm_op_PartSelect.i16.i208.i32.i32, i208 %data1_val_read, i32 32, i32 47" [firmware/nnet_utils/nnet_merge.h:120]   --->   Operation 7 'partselect' 'res_1' <Predicate = true> <Delay = 0.00>
ST_1 : Operation 8 [1/1] (0.00ns)   --->   "%res_2 = partselect i16 @_ssdm_op_PartSelect.i16.i208.i32.i32, i208 %data1_val_read, i32 48, i32 63" [firmware/nnet_utils/nnet_merge.h:120]   --->   Operation 8 'partselect' 'res_2' <Predicate = true> <Delay = 0.00>
ST_1 : Operation 9 [1/1] (0.00ns)   --->   "%res_3 = partselect i16 @_ssdm_op_PartSelect.i16.i208.i32.i32, i208 %data1_val_read, i32 64, i32 79" [firmware/nnet_utils/nnet_merge.h:120]   --->   Operation 9 'partselect' 'res_3' <Predicate = true> <Delay = 0.00>
ST_1 : Operation 10 [1/1] (0.00ns)   --->   "%res_4 = partselect i16 @_ssdm_op_PartSelect.i16.i208.i32.i32, i208 %data1_val_read, i32 80, i32 95" [firmware/nnet_utils/nnet_merge.h:120]   --->   Operation 10 'partselect' 'res_4' <Predicate = true> <Delay = 0.00>
ST_1 : Operation 11 [1/1] (0.00ns)   --->   "%res_5 = partselect i16 @_ssdm_op_PartSelect.i16.i208.i32.i32, i208 %data1_val_read, i32 96, i32 111" [firmware/nnet_utils/nnet_merge.h:120]   --->   Operation 11 'partselect' 'res_5' <Predicate = true> <Delay = 0.00>
ST_1 : Operation 12 [1/1] (0.00ns)   --->   "%res_6 = partselect i16 @_ssdm_op_PartSelect.i16.i208.i32.i32, i208 %data1_val_read, i32 112, i32 127" [firmware/nnet_utils/nnet_merge.h:120]   --->   Operation 12 'partselect' 'res_6' <Predicate = true> <Delay = 0.00>
ST_1 : Operation 13 [1/1] (0.00ns)   --->   "%res_7 = partselect i16 @_ssdm_op_PartSelect.i16.i208.i32.i32, i208 %data1_val_read, i32 128, i32 143" [firmware/nnet_utils/nnet_merge.h:120]   --->   Operation 13 'partselect' 'res_7' <Predicate = true> <Delay = 0.00>
ST_1 : Operation 14 [1/1] (0.00ns)   --->   "%res_8 = partselect i16 @_ssdm_op_PartSelect.i16.i208.i32.i32, i208 %data1_val_read, i32 144, i32 159" [firmware/nnet_utils/nnet_merge.h:120]   --->   Operation 14 'partselect' 'res_8' <Predicate = true> <Delay = 0.00>
ST_1 : Operation 15 [1/1] (0.00ns)   --->   "%res_9 = partselect i16 @_ssdm_op_PartSelect.i16.i208.i32.i32, i208 %data1_val_read, i32 160, i32 175" [firmware/nnet_utils/nnet_merge.h:120]   --->   Operation 15 'partselect' 'res_9' <Predicate = true> <Delay = 0.00>
ST_1 : Operation 16 [1/1] (0.00ns)   --->   "%res_10 = partselect i16 @_ssdm_op_PartSelect.i16.i208.i32.i32, i208 %data1_val_read, i32 176, i32 191" [firmware/nnet_utils/nnet_merge.h:120]   --->   Operation 16 'partselect' 'res_10' <Predicate = true> <Delay = 0.00>
ST_1 : Operation 17 [1/1] (0.00ns)   --->   "%res_11 = partselect i16 @_ssdm_op_PartSelect.i16.i208.i32.i32, i208 %data1_val_read, i32 192, i32 207" [firmware/nnet_utils/nnet_merge.h:120]   --->   Operation 17 'partselect' 'res_11' <Predicate = true> <Delay = 0.00>
ST_1 : Operation 18 [1/1] (0.00ns)   --->   "%mrv = insertvalue i224 <undef>, i16 %trunc_ln120" [firmware/nnet_utils/nnet_merge.h:125]   --->   Operation 18 'insertvalue' 'mrv' <Predicate = true> <Delay = 0.00>
ST_1 : Operation 19 [1/1] (0.00ns)   --->   "%mrv_1 = insertvalue i224 %mrv, i16 %res_s" [firmware/nnet_utils/nnet_merge.h:125]   --->   Operation 19 'insertvalue' 'mrv_1' <Predicate = true> <Delay = 0.00>
ST_1 : Operation 20 [1/1] (0.00ns)   --->   "%mrv_2 = insertvalue i224 %mrv_1, i16 %res_1" [firmware/nnet_utils/nnet_merge.h:125]   --->   Operation 20 'insertvalue' 'mrv_2' <Predicate = true> <Delay = 0.00>
ST_1 : Operation 21 [1/1] (0.00ns)   --->   "%mrv_3 = insertvalue i224 %mrv_2, i16 %res_2" [firmware/nnet_utils/nnet_merge.h:125]   --->   Operation 21 'insertvalue' 'mrv_3' <Predicate = true> <Delay = 0.00>
ST_1 : Operation 22 [1/1] (0.00ns)   --->   "%mrv_4 = insertvalue i224 %mrv_3, i16 %res_3" [firmware/nnet_utils/nnet_merge.h:125]   --->   Operation 22 'insertvalue' 'mrv_4' <Predicate = true> <Delay = 0.00>
ST_1 : Operation 23 [1/1] (0.00ns)   --->   "%mrv_5 = insertvalue i224 %mrv_4, i16 %res_4" [firmware/nnet_utils/nnet_merge.h:125]   --->   Operation 23 'insertvalue' 'mrv_5' <Predicate = true> <Delay = 0.00>
ST_1 : Operation 24 [1/1] (0.00ns)   --->   "%mrv_6 = insertvalue i224 %mrv_5, i16 %res_5" [firmware/nnet_utils/nnet_merge.h:125]   --->   Operation 24 'insertvalue' 'mrv_6' <Predicate = true> <Delay = 0.00>
ST_1 : Operation 25 [1/1] (0.00ns)   --->   "%mrv_7 = insertvalue i224 %mrv_6, i16 %res_6" [firmware/nnet_utils/nnet_merge.h:125]   --->   Operation 25 'insertvalue' 'mrv_7' <Predicate = true> <Delay = 0.00>
ST_1 : Operation 26 [1/1] (0.00ns)   --->   "%mrv_8 = insertvalue i224 %mrv_7, i16 %res_7" [firmware/nnet_utils/nnet_merge.h:125]   --->   Operation 26 'insertvalue' 'mrv_8' <Predicate = true> <Delay = 0.00>
ST_1 : Operation 27 [1/1] (0.00ns)   --->   "%mrv_9 = insertvalue i224 %mrv_8, i16 %res_8" [firmware/nnet_utils/nnet_merge.h:125]   --->   Operation 27 'insertvalue' 'mrv_9' <Predicate = true> <Delay = 0.00>
ST_1 : Operation 28 [1/1] (0.00ns)   --->   "%mrv_10 = insertvalue i224 %mrv_9, i16 %res_9" [firmware/nnet_utils/nnet_merge.h:125]   --->   Operation 28 'insertvalue' 'mrv_10' <Predicate = true> <Delay = 0.00>
ST_1 : Operation 29 [1/1] (0.00ns)   --->   "%mrv_11 = insertvalue i224 %mrv_10, i16 %res_10" [firmware/nnet_utils/nnet_merge.h:125]   --->   Operation 29 'insertvalue' 'mrv_11' <Predicate = true> <Delay = 0.00>
ST_1 : Operation 30 [1/1] (0.00ns)   --->   "%mrv_12 = insertvalue i224 %mrv_11, i16 %res_11" [firmware/nnet_utils/nnet_merge.h:125]   --->   Operation 30 'insertvalue' 'mrv_12' <Predicate = true> <Delay = 0.00>
ST_1 : Operation 31 [1/1] (0.00ns)   --->   "%mrv_13 = insertvalue i224 %mrv_12, i16 %data2_val_read" [firmware/nnet_utils/nnet_merge.h:125]   --->   Operation 31 'insertvalue' 'mrv_13' <Predicate = true> <Delay = 0.00>
ST_1 : Operation 32 [1/1] (0.00ns)   --->   "%ret_ln125 = ret i224 %mrv_13" [firmware/nnet_utils/nnet_merge.h:125]   --->   Operation 32 'ret' 'ret_ln125' <Predicate = true> <Delay = 0.00>


============================================================
+ Verbose Summary: Binding
============================================================
STG Binding: 
---------------- STG Properties BEGIN ----------------
- Is combinational: 1
- Is one-state seq: 0
- Is datapath-only: 0
- Is pipelined: 1
- Is top level: 0
Port [ Return ] is wired: 1; IO mode=ap_ctrl_hs:ce=0
Port [ data1_val]:  wired=1; compound=0; hidden=0; nouse=0; global=0; static=0; extern=0; dir=0; type=0; pingpong=0; private_global=0; IO mode=ap_none:ce=0
Port [ data2_val]:  wired=1; compound=0; hidden=0; nouse=0; global=0; static=0; extern=0; dir=0; type=0; pingpong=0; private_global=0; IO mode=ap_none:ce=0
---------------- STG Properties END ------------------

---------------- Datapath Model BEGIN ----------------

<LifeTime>
<method=bitvector/>
specpipeline_ln120 (specpipeline) [ 00]
data2_val_read     (read        ) [ 00]
data1_val_read     (read        ) [ 00]
trunc_ln120        (trunc       ) [ 00]
res_s              (partselect  ) [ 00]
res_1              (partselect  ) [ 00]
res_2              (partselect  ) [ 00]
res_3              (partselect  ) [ 00]
res_4              (partselect  ) [ 00]
res_5              (partselect  ) [ 00]
res_6              (partselect  ) [ 00]
res_7              (partselect  ) [ 00]
res_8              (partselect  ) [ 00]
res_9              (partselect  ) [ 00]
res_10             (partselect  ) [ 00]
res_11             (partselect  ) [ 00]
mrv                (insertvalue ) [ 00]
mrv_1              (insertvalue ) [ 00]
mrv_2              (insertvalue ) [ 00]
mrv_3              (insertvalue ) [ 00]
mrv_4              (insertvalue ) [ 00]
mrv_5              (insertvalue ) [ 00]
mrv_6              (insertvalue ) [ 00]
mrv_7              (insertvalue ) [ 00]
mrv_8              (insertvalue ) [ 00]
mrv_9              (insertvalue ) [ 00]
mrv_10             (insertvalue ) [ 00]
mrv_11             (insertvalue ) [ 00]
mrv_12             (insertvalue ) [ 00]
mrv_13             (insertvalue ) [ 00]
ret_ln125          (ret         ) [ 00]
</LifeTime>

<model>

<comp_list>
<comp id="0" class="1000" name="data1_val">
<pin_list>
<pin id="1" dir="1" index="0" bw="1" slack="0"/>
</pin_list>
<bind>
<StgValue><ssdm name="data1_val"/></StgValue>
</bind>
</comp>

<comp id="2" class="1000" name="data2_val">
<pin_list>
<pin id="3" dir="1" index="0" bw="1" slack="0"/>
</pin_list>
<bind>
<StgValue><ssdm name="data2_val"/></StgValue>
</bind>
</comp>

<comp id="4" class="1001" name="const_4">
<pin_list>
<pin id="5" dir="1" index="0" bw="1" slack="2147483647"/>
</pin_list>
<bind>
<StgValue><ssdm name="_ssdm_op_SpecPipeline"/></StgValue>
</bind>
</comp>

<comp id="6" class="1001" name="const_6">
<pin_list>
<pin id="7" dir="1" index="0" bw="1" slack="2147483647"/>
</pin_list>
<bind>
<StgValue><ssdm name=""/></StgValue>
</bind>
</comp>

<comp id="8" class="1001" name="const_8">
<pin_list>
<pin id="9" dir="1" index="0" bw="1" slack="2147483647"/>
</pin_list>
<bind>
<StgValue><ssdm name=""/></StgValue>
</bind>
</comp>

<comp id="10" class="1001" name="const_10">
<pin_list>
<pin id="11" dir="1" index="0" bw="1" slack="2147483647"/>
</pin_list>
<bind>
<StgValue><ssdm name="empty_0"/></StgValue>
</bind>
</comp>

<comp id="12" class="1001" name="const_12">
<pin_list>
<pin id="13" dir="1" index="0" bw="1" slack="0"/>
</pin_list>
<bind>
<StgValue><ssdm name="_ssdm_op_Read.ap_auto.i16"/></StgValue>
</bind>
</comp>

<comp id="14" class="1001" name="const_14">
<pin_list>
<pin id="15" dir="1" index="0" bw="1" slack="0"/>
</pin_list>
<bind>
<StgValue><ssdm name="_ssdm_op_Read.ap_auto.i208"/></StgValue>
</bind>
</comp>

<comp id="16" class="1001" name="const_16">
<pin_list>
<pin id="17" dir="1" index="0" bw="1" slack="0"/>
</pin_list>
<bind>
<StgValue><ssdm name="_ssdm_op_PartSelect.i16.i208.i32.i32"/></StgValue>
</bind>
</comp>

<comp id="18" class="1001" name="const_18">
<pin_list>
<pin id="19" dir="1" index="0" bw="1" slack="0"/>
</pin_list>
<bind>
<StgValue><ssdm name=""/></StgValue>
</bind>
</comp>

<comp id="20" class="1001" name="const_20">
<pin_list>
<pin id="21" dir="1" index="0" bw="1" slack="0"/>
</pin_list>
<bind>
<StgValue><ssdm name=""/></StgValue>
</bind>
</comp>

<comp id="22" class="1001" name="const_22">
<pin_list>
<pin id="23" dir="1" index="0" bw="1" slack="0"/>
</pin_list>
<bind>
<StgValue><ssdm name=""/></StgValue>
</bind>
</comp>

<comp id="24" class="1001" name="const_24">
<pin_list>
<pin id="25" dir="1" index="0" bw="1" slack="0"/>
</pin_list>
<bind>
<StgValue><ssdm name=""/></StgValue>
</bind>
</comp>

<comp id="26" class="1001" name="const_26">
<pin_list>
<pin id="27" dir="1" index="0" bw="1" slack="0"/>
</pin_list>
<bind>
<StgValue><ssdm name=""/></StgValue>
</bind>
</comp>

<comp id="28" class="1001" name="const_28">
<pin_list>
<pin id="29" dir="1" index="0" bw="1" slack="0"/>
</pin_list>
<bind>
<StgValue><ssdm name=""/></StgValue>
</bind>
</comp>

<comp id="30" class="1001" name="const_30">
<pin_list>
<pin id="31" dir="1" index="0" bw="1" slack="0"/>
</pin_list>
<bind>
<StgValue><ssdm name=""/></StgValue>
</bind>
</comp>

<comp id="32" class="1001" name="const_32">
<pin_list>
<pin id="33" dir="1" index="0" bw="1" slack="0"/>
</pin_list>
<bind>
<StgValue><ssdm name=""/></StgValue>
</bind>
</comp>

<comp id="34" class="1001" name="const_34">
<pin_list>
<pin id="35" dir="1" index="0" bw="1" slack="0"/>
</pin_list>
<bind>
<StgValue><ssdm name=""/></StgValue>
</bind>
</comp>

<comp id="36" class="1001" name="const_36">
<pin_list>
<pin id="37" dir="1" index="0" bw="1" slack="0"/>
</pin_list>
<bind>
<StgValue><ssdm name=""/></StgValue>
</bind>
</comp>

<comp id="38" class="1001" name="const_38">
<pin_list>
<pin id="39" dir="1" index="0" bw="1" slack="0"/>
</pin_list>
<bind>
<StgValue><ssdm name=""/></StgValue>
</bind>
</comp>

<comp id="40" class="1001" name="const_40">
<pin_list>
<pin id="41" dir="1" index="0" bw="1" slack="0"/>
</pin_list>
<bind>
<StgValue><ssdm name=""/></StgValue>
</bind>
</comp>

<comp id="42" class="1001" name="const_42">
<pin_list>
<pin id="43" dir="1" index="0" bw="1" slack="0"/>
</pin_list>
<bind>
<StgValue><ssdm name=""/></StgValue>
</bind>
</comp>

<comp id="44" class="1001" name="const_44">
<pin_list>
<pin id="45" dir="1" index="0" bw="1" slack="0"/>
</pin_list>
<bind>
<StgValue><ssdm name=""/></StgValue>
</bind>
</comp>

<comp id="46" class="1001" name="const_46">
<pin_list>
<pin id="47" dir="1" index="0" bw="1" slack="0"/>
</pin_list>
<bind>
<StgValue><ssdm name=""/></StgValue>
</bind>
</comp>

<comp id="48" class="1001" name="const_48">
<pin_list>
<pin id="49" dir="1" index="0" bw="1" slack="0"/>
</pin_list>
<bind>
<StgValue><ssdm name=""/></StgValue>
</bind>
</comp>

<comp id="50" class="1001" name="const_50">
<pin_list>
<pin id="51" dir="1" index="0" bw="1" slack="0"/>
</pin_list>
<bind>
<StgValue><ssdm name=""/></StgValue>
</bind>
</comp>

<comp id="52" class="1001" name="const_52">
<pin_list>
<pin id="53" dir="1" index="0" bw="1" slack="0"/>
</pin_list>
<bind>
<StgValue><ssdm name=""/></StgValue>
</bind>
</comp>

<comp id="54" class="1001" name="const_54">
<pin_list>
<pin id="55" dir="1" index="0" bw="1" slack="0"/>
</pin_list>
<bind>
<StgValue><ssdm name=""/></StgValue>
</bind>
</comp>

<comp id="56" class="1001" name="const_56">
<pin_list>
<pin id="57" dir="1" index="0" bw="1" slack="0"/>
</pin_list>
<bind>
<StgValue><ssdm name=""/></StgValue>
</bind>
</comp>

<comp id="58" class="1001" name="const_58">
<pin_list>
<pin id="59" dir="1" index="0" bw="1" slack="0"/>
</pin_list>
<bind>
<StgValue><ssdm name=""/></StgValue>
</bind>
</comp>

<comp id="60" class="1001" name="const_60">
<pin_list>
<pin id="61" dir="1" index="0" bw="1" slack="0"/>
</pin_list>
<bind>
<StgValue><ssdm name=""/></StgValue>
</bind>
</comp>

<comp id="62" class="1001" name="const_62">
<pin_list>
<pin id="63" dir="1" index="0" bw="1" slack="0"/>
</pin_list>
<bind>
<StgValue><ssdm name=""/></StgValue>
</bind>
</comp>

<comp id="64" class="1001" name="const_64">
<pin_list>
<pin id="65" dir="1" index="0" bw="1" slack="0"/>
</pin_list>
<bind>
<StgValue><ssdm name=""/></StgValue>
</bind>
</comp>

<comp id="66" class="1001" name="const_66">
<pin_list>
<pin id="67" dir="1" index="0" bw="1" slack="0"/>
</pin_list>
<bind>
<StgValue><ssdm name=""/></StgValue>
</bind>
</comp>

<comp id="68" class="1004" name="data2_val_read_read_fu_68">
<pin_list>
<pin id="69" dir="0" index="0" bw="16" slack="0"/>
<pin id="70" dir="0" index="1" bw="16" slack="0"/>
<pin id="71" dir="1" index="2" bw="16" slack="0"/>
</pin_list>
<bind>
<opcode="read(1150) " fcode="read"/>
<opset="data2_val_read/1 "/>
</bind>
</comp>

<comp id="74" class="1004" name="data1_val_read_read_fu_74">
<pin_list>
<pin id="75" dir="0" index="0" bw="208" slack="0"/>
<pin id="76" dir="0" index="1" bw="208" slack="0"/>
<pin id="77" dir="1" index="2" bw="208" slack="0"/>
</pin_list>
<bind>
<opcode="read(1150) " fcode="read"/>
<opset="data1_val_read/1 "/>
</bind>
</comp>

<comp id="80" class="1004" name="trunc_ln120_fu_80">
<pin_list>
<pin id="81" dir="0" index="0" bw="208" slack="0"/>
<pin id="82" dir="1" index="1" bw="16" slack="0"/>
</pin_list>
<bind>
<opcode="trunc(33) " fcode="trunc"/>
<opset="trunc_ln120/1 "/>
</bind>
</comp>

<comp id="84" class="1004" name="res_s_fu_84">
<pin_list>
<pin id="85" dir="0" index="0" bw="16" slack="0"/>
<pin id="86" dir="0" index="1" bw="208" slack="0"/>
<pin id="87" dir="0" index="2" bw="6" slack="0"/>
<pin id="88" dir="0" index="3" bw="6" slack="0"/>
<pin id="89" dir="1" index="4" bw="16" slack="0"/>
</pin_list>
<bind>
<opcode="partselect(1002) " fcode="partselect"/>
<opset="res_s/1 "/>
</bind>
</comp>

<comp id="94" class="1004" name="res_1_fu_94">
<pin_list>
<pin id="95" dir="0" index="0" bw="16" slack="0"/>
<pin id="96" dir="0" index="1" bw="208" slack="0"/>
<pin id="97" dir="0" index="2" bw="7" slack="0"/>
<pin id="98" dir="0" index="3" bw="7" slack="0"/>
<pin id="99" dir="1" index="4" bw="16" slack="0"/>
</pin_list>
<bind>
<opcode="partselect(1002) " fcode="partselect"/>
<opset="res_1/1 "/>
</bind>
</comp>

<comp id="104" class="1004" name="res_2_fu_104">
<pin_list>
<pin id="105" dir="0" index="0" bw="16" slack="0"/>
<pin id="106" dir="0" index="1" bw="208" slack="0"/>
<pin id="107" dir="0" index="2" bw="7" slack="0"/>
<pin id="108" dir="0" index="3" bw="7" slack="0"/>
<pin id="109" dir="1" index="4" bw="16" slack="0"/>
</pin_list>
<bind>
<opcode="partselect(1002) " fcode="partselect"/>
<opset="res_2/1 "/>
</bind>
</comp>

<comp id="114" class="1004" name="res_3_fu_114">
<pin_list>
<pin id="115" dir="0" index="0" bw="16" slack="0"/>
<pin id="116" dir="0" index="1" bw="208" slack="0"/>
<pin id="117" dir="0" index="2" bw="8" slack="0"/>
<pin id="118" dir="0" index="3" bw="8" slack="0"/>
<pin id="119" dir="1" index="4" bw="16" slack="0"/>
</pin_list>
<bind>
<opcode="partselect(1002) " fcode="partselect"/>
<opset="res_3/1 "/>
</bind>
</comp>

<comp id="124" class="1004" name="res_4_fu_124">
<pin_list>
<pin id="125" dir="0" index="0" bw="16" slack="0"/>
<pin id="126" dir="0" index="1" bw="208" slack="0"/>
<pin id="127" dir="0" index="2" bw="8" slack="0"/>
<pin id="128" dir="0" index="3" bw="8" slack="0"/>
<pin id="129" dir="1" index="4" bw="16" slack="0"/>
</pin_list>
<bind>
<opcode="partselect(1002) " fcode="partselect"/>
<opset="res_4/1 "/>
</bind>
</comp>

<comp id="134" class="1004" name="res_5_fu_134">
<pin_list>
<pin id="135" dir="0" index="0" bw="16" slack="0"/>
<pin id="136" dir="0" index="1" bw="208" slack="0"/>
<pin id="137" dir="0" index="2" bw="8" slack="0"/>
<pin id="138" dir="0" index="3" bw="8" slack="0"/>
<pin id="139" dir="1" index="4" bw="16" slack="0"/>
</pin_list>
<bind>
<opcode="partselect(1002) " fcode="partselect"/>
<opset="res_5/1 "/>
</bind>
</comp>

<comp id="144" class="1004" name="res_6_fu_144">
<pin_list>
<pin id="145" dir="0" index="0" bw="16" slack="0"/>
<pin id="146" dir="0" index="1" bw="208" slack="0"/>
<pin id="147" dir="0" index="2" bw="8" slack="0"/>
<pin id="148" dir="0" index="3" bw="8" slack="0"/>
<pin id="149" dir="1" index="4" bw="16" slack="0"/>
</pin_list>
<bind>
<opcode="partselect(1002) " fcode="partselect"/>
<opset="res_6/1 "/>
</bind>
</comp>

<comp id="154" class="1004" name="res_7_fu_154">
<pin_list>
<pin id="155" dir="0" index="0" bw="16" slack="0"/>
<pin id="156" dir="0" index="1" bw="208" slack="0"/>
<pin id="157" dir="0" index="2" bw="9" slack="0"/>
<pin id="158" dir="0" index="3" bw="9" slack="0"/>
<pin id="159" dir="1" index="4" bw="16" slack="0"/>
</pin_list>
<bind>
<opcode="partselect(1002) " fcode="partselect"/>
<opset="res_7/1 "/>
</bind>
</comp>

<comp id="164" class="1004" name="res_8_fu_164">
<pin_list>
<pin id="165" dir="0" index="0" bw="16" slack="0"/>
<pin id="166" dir="0" index="1" bw="208" slack="0"/>
<pin id="167" dir="0" index="2" bw="9" slack="0"/>
<pin id="168" dir="0" index="3" bw="9" slack="0"/>
<pin id="169" dir="1" index="4" bw="16" slack="0"/>
</pin_list>
<bind>
<opcode="partselect(1002) " fcode="partselect"/>
<opset="res_8/1 "/>
</bind>
</comp>

<comp id="174" class="1004" name="res_9_fu_174">
<pin_list>
<pin id="175" dir="0" index="0" bw="16" slack="0"/>
<pin id="176" dir="0" index="1" bw="208" slack="0"/>
<pin id="177" dir="0" index="2" bw="9" slack="0"/>
<pin id="178" dir="0" index="3" bw="9" slack="0"/>
<pin id="179" dir="1" index="4" bw="16" slack="0"/>
</pin_list>
<bind>
<opcode="partselect(1002) " fcode="partselect"/>
<opset="res_9/1 "/>
</bind>
</comp>

<comp id="184" class="1004" name="res_10_fu_184">
<pin_list>
<pin id="185" dir="0" index="0" bw="16" slack="0"/>
<pin id="186" dir="0" index="1" bw="208" slack="0"/>
<pin id="187" dir="0" index="2" bw="9" slack="0"/>
<pin id="188" dir="0" index="3" bw="9" slack="0"/>
<pin id="189" dir="1" index="4" bw="16" slack="0"/>
</pin_list>
<bind>
<opcode="partselect(1002) " fcode="partselect"/>
<opset="res_10/1 "/>
</bind>
</comp>

<comp id="194" class="1004" name="res_11_fu_194">
<pin_list>
<pin id="195" dir="0" index="0" bw="16" slack="0"/>
<pin id="196" dir="0" index="1" bw="208" slack="0"/>
<pin id="197" dir="0" index="2" bw="9" slack="0"/>
<pin id="198" dir="0" index="3" bw="9" slack="0"/>
<pin id="199" dir="1" index="4" bw="16" slack="0"/>
</pin_list>
<bind>
<opcode="partselect(1002) " fcode="partselect"/>
<opset="res_11/1 "/>
</bind>
</comp>

<comp id="204" class="1004" name="mrv_fu_204">
<pin_list>
<pin id="205" dir="0" index="0" bw="224" slack="0"/>
<pin id="206" dir="0" index="1" bw="16" slack="0"/>
<pin id="207" dir="1" index="2" bw="224" slack="0"/>
</pin_list>
<bind>
<opcode="insertvalue(57) " fcode="insertvalue"/>
<opset="mrv/1 "/>
</bind>
</comp>

<comp id="210" class="1004" name="mrv_1_fu_210">
<pin_list>
<pin id="211" dir="0" index="0" bw="224" slack="0"/>
<pin id="212" dir="0" index="1" bw="16" slack="0"/>
<pin id="213" dir="1" index="2" bw="224" slack="0"/>
</pin_list>
<bind>
<opcode="insertvalue(57) " fcode="insertvalue"/>
<opset="mrv_1/1 "/>
</bind>
</comp>

<comp id="216" class="1004" name="mrv_2_fu_216">
<pin_list>
<pin id="217" dir="0" index="0" bw="224" slack="0"/>
<pin id="218" dir="0" index="1" bw="16" slack="0"/>
<pin id="219" dir="1" index="2" bw="224" slack="0"/>
</pin_list>
<bind>
<opcode="insertvalue(57) " fcode="insertvalue"/>
<opset="mrv_2/1 "/>
</bind>
</comp>

<comp id="222" class="1004" name="mrv_3_fu_222">
<pin_list>
<pin id="223" dir="0" index="0" bw="224" slack="0"/>
<pin id="224" dir="0" index="1" bw="16" slack="0"/>
<pin id="225" dir="1" index="2" bw="224" slack="0"/>
</pin_list>
<bind>
<opcode="insertvalue(57) " fcode="insertvalue"/>
<opset="mrv_3/1 "/>
</bind>
</comp>

<comp id="228" class="1004" name="mrv_4_fu_228">
<pin_list>
<pin id="229" dir="0" index="0" bw="224" slack="0"/>
<pin id="230" dir="0" index="1" bw="16" slack="0"/>
<pin id="231" dir="1" index="2" bw="224" slack="0"/>
</pin_list>
<bind>
<opcode="insertvalue(57) " fcode="insertvalue"/>
<opset="mrv_4/1 "/>
</bind>
</comp>

<comp id="234" class="1004" name="mrv_5_fu_234">
<pin_list>
<pin id="235" dir="0" index="0" bw="224" slack="0"/>
<pin id="236" dir="0" index="1" bw="16" slack="0"/>
<pin id="237" dir="1" index="2" bw="224" slack="0"/>
</pin_list>
<bind>
<opcode="insertvalue(57) " fcode="insertvalue"/>
<opset="mrv_5/1 "/>
</bind>
</comp>

<comp id="240" class="1004" name="mrv_6_fu_240">
<pin_list>
<pin id="241" dir="0" index="0" bw="224" slack="0"/>
<pin id="242" dir="0" index="1" bw="16" slack="0"/>
<pin id="243" dir="1" index="2" bw="224" slack="0"/>
</pin_list>
<bind>
<opcode="insertvalue(57) " fcode="insertvalue"/>
<opset="mrv_6/1 "/>
</bind>
</comp>

<comp id="246" class="1004" name="mrv_7_fu_246">
<pin_list>
<pin id="247" dir="0" index="0" bw="224" slack="0"/>
<pin id="248" dir="0" index="1" bw="16" slack="0"/>
<pin id="249" dir="1" index="2" bw="224" slack="0"/>
</pin_list>
<bind>
<opcode="insertvalue(57) " fcode="insertvalue"/>
<opset="mrv_7/1 "/>
</bind>
</comp>

<comp id="252" class="1004" name="mrv_8_fu_252">
<pin_list>
<pin id="253" dir="0" index="0" bw="224" slack="0"/>
<pin id="254" dir="0" index="1" bw="16" slack="0"/>
<pin id="255" dir="1" index="2" bw="224" slack="0"/>
</pin_list>
<bind>
<opcode="insertvalue(57) " fcode="insertvalue"/>
<opset="mrv_8/1 "/>
</bind>
</comp>

<comp id="258" class="1004" name="mrv_9_fu_258">
<pin_list>
<pin id="259" dir="0" index="0" bw="224" slack="0"/>
<pin id="260" dir="0" index="1" bw="16" slack="0"/>
<pin id="261" dir="1" index="2" bw="224" slack="0"/>
</pin_list>
<bind>
<opcode="insertvalue(57) " fcode="insertvalue"/>
<opset="mrv_9/1 "/>
</bind>
</comp>

<comp id="264" class="1004" name="mrv_10_fu_264">
<pin_list>
<pin id="265" dir="0" index="0" bw="224" slack="0"/>
<pin id="266" dir="0" index="1" bw="16" slack="0"/>
<pin id="267" dir="1" index="2" bw="224" slack="0"/>
</pin_list>
<bind>
<opcode="insertvalue(57) " fcode="insertvalue"/>
<opset="mrv_10/1 "/>
</bind>
</comp>

<comp id="270" class="1004" name="mrv_11_fu_270">
<pin_list>
<pin id="271" dir="0" index="0" bw="224" slack="0"/>
<pin id="272" dir="0" index="1" bw="16" slack="0"/>
<pin id="273" dir="1" index="2" bw="224" slack="0"/>
</pin_list>
<bind>
<opcode="insertvalue(57) " fcode="insertvalue"/>
<opset="mrv_11/1 "/>
</bind>
</comp>

<comp id="276" class="1004" name="mrv_12_fu_276">
<pin_list>
<pin id="277" dir="0" index="0" bw="224" slack="0"/>
<pin id="278" dir="0" index="1" bw="16" slack="0"/>
<pin id="279" dir="1" index="2" bw="224" slack="0"/>
</pin_list>
<bind>
<opcode="insertvalue(57) " fcode="insertvalue"/>
<opset="mrv_12/1 "/>
</bind>
</comp>

<comp id="282" class="1004" name="mrv_13_fu_282">
<pin_list>
<pin id="283" dir="0" index="0" bw="224" slack="0"/>
<pin id="284" dir="0" index="1" bw="16" slack="0"/>
<pin id="285" dir="1" index="2" bw="224" slack="2147483647"/>
</pin_list>
<bind>
<opcode="insertvalue(57) " fcode="insertvalue"/>
<opset="mrv_13/1 "/>
</bind>
</comp>

</comp_list>

<net_list>
<net id="72"><net_src comp="12" pin="0"/><net_sink comp="68" pin=0"/></net>

<net id="73"><net_src comp="2" pin="0"/><net_sink comp="68" pin=1"/></net>

<net id="78"><net_src comp="14" pin="0"/><net_sink comp="74" pin=0"/></net>

<net id="79"><net_src comp="0" pin="0"/><net_sink comp="74" pin=1"/></net>

<net id="83"><net_src comp="74" pin="2"/><net_sink comp="80" pin=0"/></net>

<net id="90"><net_src comp="16" pin="0"/><net_sink comp="84" pin=0"/></net>

<net id="91"><net_src comp="74" pin="2"/><net_sink comp="84" pin=1"/></net>

<net id="92"><net_src comp="18" pin="0"/><net_sink comp="84" pin=2"/></net>

<net id="93"><net_src comp="20" pin="0"/><net_sink comp="84" pin=3"/></net>

<net id="100"><net_src comp="16" pin="0"/><net_sink comp="94" pin=0"/></net>

<net id="101"><net_src comp="74" pin="2"/><net_sink comp="94" pin=1"/></net>

<net id="102"><net_src comp="22" pin="0"/><net_sink comp="94" pin=2"/></net>

<net id="103"><net_src comp="24" pin="0"/><net_sink comp="94" pin=3"/></net>

<net id="110"><net_src comp="16" pin="0"/><net_sink comp="104" pin=0"/></net>

<net id="111"><net_src comp="74" pin="2"/><net_sink comp="104" pin=1"/></net>

<net id="112"><net_src comp="26" pin="0"/><net_sink comp="104" pin=2"/></net>

<net id="113"><net_src comp="28" pin="0"/><net_sink comp="104" pin=3"/></net>

<net id="120"><net_src comp="16" pin="0"/><net_sink comp="114" pin=0"/></net>

<net id="121"><net_src comp="74" pin="2"/><net_sink comp="114" pin=1"/></net>

<net id="122"><net_src comp="30" pin="0"/><net_sink comp="114" pin=2"/></net>

<net id="123"><net_src comp="32" pin="0"/><net_sink comp="114" pin=3"/></net>

<net id="130"><net_src comp="16" pin="0"/><net_sink comp="124" pin=0"/></net>

<net id="131"><net_src comp="74" pin="2"/><net_sink comp="124" pin=1"/></net>

<net id="132"><net_src comp="34" pin="0"/><net_sink comp="124" pin=2"/></net>

<net id="133"><net_src comp="36" pin="0"/><net_sink comp="124" pin=3"/></net>

<net id="140"><net_src comp="16" pin="0"/><net_sink comp="134" pin=0"/></net>

<net id="141"><net_src comp="74" pin="2"/><net_sink comp="134" pin=1"/></net>

<net id="142"><net_src comp="38" pin="0"/><net_sink comp="134" pin=2"/></net>

<net id="143"><net_src comp="40" pin="0"/><net_sink comp="134" pin=3"/></net>

<net id="150"><net_src comp="16" pin="0"/><net_sink comp="144" pin=0"/></net>

<net id="151"><net_src comp="74" pin="2"/><net_sink comp="144" pin=1"/></net>

<net id="152"><net_src comp="42" pin="0"/><net_sink comp="144" pin=2"/></net>

<net id="153"><net_src comp="44" pin="0"/><net_sink comp="144" pin=3"/></net>

<net id="160"><net_src comp="16" pin="0"/><net_sink comp="154" pin=0"/></net>

<net id="161"><net_src comp="74" pin="2"/><net_sink comp="154" pin=1"/></net>

<net id="162"><net_src comp="46" pin="0"/><net_sink comp="154" pin=2"/></net>

<net id="163"><net_src comp="48" pin="0"/><net_sink comp="154" pin=3"/></net>

<net id="170"><net_src comp="16" pin="0"/><net_sink comp="164" pin=0"/></net>

<net id="171"><net_src comp="74" pin="2"/><net_sink comp="164" pin=1"/></net>

<net id="172"><net_src comp="50" pin="0"/><net_sink comp="164" pin=2"/></net>

<net id="173"><net_src comp="52" pin="0"/><net_sink comp="164" pin=3"/></net>

<net id="180"><net_src comp="16" pin="0"/><net_sink comp="174" pin=0"/></net>

<net id="181"><net_src comp="74" pin="2"/><net_sink comp="174" pin=1"/></net>

<net id="182"><net_src comp="54" pin="0"/><net_sink comp="174" pin=2"/></net>

<net id="183"><net_src comp="56" pin="0"/><net_sink comp="174" pin=3"/></net>

<net id="190"><net_src comp="16" pin="0"/><net_sink comp="184" pin=0"/></net>

<net id="191"><net_src comp="74" pin="2"/><net_sink comp="184" pin=1"/></net>

<net id="192"><net_src comp="58" pin="0"/><net_sink comp="184" pin=2"/></net>

<net id="193"><net_src comp="60" pin="0"/><net_sink comp="184" pin=3"/></net>

<net id="200"><net_src comp="16" pin="0"/><net_sink comp="194" pin=0"/></net>

<net id="201"><net_src comp="74" pin="2"/><net_sink comp="194" pin=1"/></net>

<net id="202"><net_src comp="62" pin="0"/><net_sink comp="194" pin=2"/></net>

<net id="203"><net_src comp="64" pin="0"/><net_sink comp="194" pin=3"/></net>

<net id="208"><net_src comp="66" pin="0"/><net_sink comp="204" pin=0"/></net>

<net id="209"><net_src comp="80" pin="1"/><net_sink comp="204" pin=1"/></net>

<net id="214"><net_src comp="204" pin="2"/><net_sink comp="210" pin=0"/></net>

<net id="215"><net_src comp="84" pin="4"/><net_sink comp="210" pin=1"/></net>

<net id="220"><net_src comp="210" pin="2"/><net_sink comp="216" pin=0"/></net>

<net id="221"><net_src comp="94" pin="4"/><net_sink comp="216" pin=1"/></net>

<net id="226"><net_src comp="216" pin="2"/><net_sink comp="222" pin=0"/></net>

<net id="227"><net_src comp="104" pin="4"/><net_sink comp="222" pin=1"/></net>

<net id="232"><net_src comp="222" pin="2"/><net_sink comp="228" pin=0"/></net>

<net id="233"><net_src comp="114" pin="4"/><net_sink comp="228" pin=1"/></net>

<net id="238"><net_src comp="228" pin="2"/><net_sink comp="234" pin=0"/></net>

<net id="239"><net_src comp="124" pin="4"/><net_sink comp="234" pin=1"/></net>

<net id="244"><net_src comp="234" pin="2"/><net_sink comp="240" pin=0"/></net>

<net id="245"><net_src comp="134" pin="4"/><net_sink comp="240" pin=1"/></net>

<net id="250"><net_src comp="240" pin="2"/><net_sink comp="246" pin=0"/></net>

<net id="251"><net_src comp="144" pin="4"/><net_sink comp="246" pin=1"/></net>

<net id="256"><net_src comp="246" pin="2"/><net_sink comp="252" pin=0"/></net>

<net id="257"><net_src comp="154" pin="4"/><net_sink comp="252" pin=1"/></net>

<net id="262"><net_src comp="252" pin="2"/><net_sink comp="258" pin=0"/></net>

<net id="263"><net_src comp="164" pin="4"/><net_sink comp="258" pin=1"/></net>

<net id="268"><net_src comp="258" pin="2"/><net_sink comp="264" pin=0"/></net>

<net id="269"><net_src comp="174" pin="4"/><net_sink comp="264" pin=1"/></net>

<net id="274"><net_src comp="264" pin="2"/><net_sink comp="270" pin=0"/></net>

<net id="275"><net_src comp="184" pin="4"/><net_sink comp="270" pin=1"/></net>

<net id="280"><net_src comp="270" pin="2"/><net_sink comp="276" pin=0"/></net>

<net id="281"><net_src comp="194" pin="4"/><net_sink comp="276" pin=1"/></net>

<net id="286"><net_src comp="276" pin="2"/><net_sink comp="282" pin=0"/></net>

<net id="287"><net_src comp="68" pin="2"/><net_sink comp="282" pin=1"/></net>

</net_list>

</model> 
---------------- Datapath Model END ------------------

* FSMD analyzer results:
  - Output states:
 - Input state : 
	Port: concatenate1d<ap_fixed,ap_fixed,ap_fixed<16,6,5,3,0>,config6> : data1_val | {1 }
	Port: concatenate1d<ap_fixed,ap_fixed,ap_fixed<16,6,5,3,0>,config6> : data2_val | {1 }
  - Chain level:
	State 1
		mrv : 1
		mrv_1 : 2
		mrv_2 : 3
		mrv_3 : 4
		mrv_4 : 5
		mrv_5 : 6
		mrv_6 : 7
		mrv_7 : 8
		mrv_8 : 9
		mrv_9 : 10
		mrv_10 : 11
		mrv_11 : 12
		mrv_12 : 13
		mrv_13 : 14
		ret_ln125 : 15


============================================================
+ Verbose Summary: Datapath Resource usage 
============================================================

* Functional unit list:
|----------|---------------------------|
| Operation|      Functional Unit      |
|----------|---------------------------|
|   read   | data2_val_read_read_fu_68 |
|          | data1_val_read_read_fu_74 |
|----------|---------------------------|
|   trunc  |     trunc_ln120_fu_80     |
|----------|---------------------------|
|          |        res_s_fu_84        |
|          |        res_1_fu_94        |
|          |        res_2_fu_104       |
|          |        res_3_fu_114       |
|          |        res_4_fu_124       |
|partselect|        res_5_fu_134       |
|          |        res_6_fu_144       |
|          |        res_7_fu_154       |
|          |        res_8_fu_164       |
|          |        res_9_fu_174       |
|          |       res_10_fu_184       |
|          |       res_11_fu_194       |
|----------|---------------------------|
|          |         mrv_fu_204        |
|          |        mrv_1_fu_210       |
|          |        mrv_2_fu_216       |
|          |        mrv_3_fu_222       |
|          |        mrv_4_fu_228       |
|          |        mrv_5_fu_234       |
|insertvalue|        mrv_6_fu_240       |
|          |        mrv_7_fu_246       |
|          |        mrv_8_fu_252       |
|          |        mrv_9_fu_258       |
|          |       mrv_10_fu_264       |
|          |       mrv_11_fu_270       |
|          |       mrv_12_fu_276       |
|          |       mrv_13_fu_282       |
|----------|---------------------------|
|   Total  |                           |
|----------|---------------------------|

Memories:
N/A

* Register list:
N/A

* Multiplexer (MUX) list: 
|--------|------|------|------|--------|
|  Comp  |  Pin | Size |  BW  | S x BW |
|--------|------|------|------|--------|
|  Total |      |      |      |    0   |
|--------|------|------|------|--------|



* Summary:
+-----------+
|           |
+-----------+
|  Function |
|   Memory  |
|Multiplexer|
|  Register |
+-----------+
|   Total   |
+-----------+
