

================================================================
== Vitis HLS Report for 'concatenate1d_ap_fixed_ap_fixed_ap_fixed_16_6_5_3_0_config5_s'
================================================================
* Date:           Mon Oct 27 14:27:01 2025

* Version:        2024.1 (Build 5069499 on May 21 2024)
* Project:        myproject_prj
* Solution:       solution1 (Vivado IP Flow Target)
* Product family: zynq
* Target device:  xc7z020-clg400-1


================================================================
== Performance Estimates
================================================================
+ Timing: 
    * Summary: 
    +--------+---------+----------+------------+
    |  Clock |  Target | Estimated| Uncertainty|
    +--------+---------+----------+------------+
    |ap_clk  |  5.00 ns|      0 ns|     0.62 ns|
    +--------+---------+----------+------------+

+ Latency: 
    * Summary: 
    +---------+---------+----------+----------+-----+-----+---------+
    |  Latency (cycles) |  Latency (absolute) |  Interval | Pipeline|
    |   min   |   max   |    min   |    max   | min | max |   Type  |
    +---------+---------+----------+----------+-----+-----+---------+
    |        0|        0|      0 ns|      0 ns|    1|    1|      yes|
    +---------+---------+----------+----------+-----+-----+---------+

    + Detail: 
        * Instance: 
        N/A

        * Loop: 
        N/A

============================================================
+ Verbose Summary: Synthesis Manager
============================================================
InlineROM: 1
ExposeGlobal: 0
============================================================
+ Verbose Summary: CDFG Model
============================================================
IsTopModel: 0
ResetActiveHigh: 1
IsCombinational: 0
IsDatapathOnly: 0
HasWiredReturn: 1
HasMFsm: 2
HasVarLatency: 0
IsPipeline: 1
IsRtlPipelined: 0
IsInstanceOverlapped: 0
IsDontTouch: 0
HasImplIP: 0
IsGatedGlobalClock: 0

+ Individual pipeline summary: 
  * Pipeline-0: initiation interval (II) = 1, depth = 1


============================================================
+ Verbose Summary: Schedule
============================================================
* Number of FSM states : 1
* Pipeline : 1
  Pipeline-0 : II = 1, D = 1, States = { 1 }
* Dataflow Pipeline: 0

* FSM state transitions: 
1 --> 

* FSM state operations: 

State 1 <SV = 0> <Delay = 0.00>
ST_1 : Operation 2 [1/1] (0.00ns)   --->   "%specpipeline_ln120 = specpipeline void @_ssdm_op_SpecPipeline, i32 4294967295, i32 0, i32 0, i32 0, void @empty_0" [firmware/nnet_utils/nnet_merge.h:120]   --->   Operation 2 'specpipeline' 'specpipeline_ln120' <Predicate = true> <Delay = 0.00>
ST_1 : Operation 3 [1/1] (0.00ns)   --->   "%data2_val_read = read i16 @_ssdm_op_Read.ap_auto.i16, i16 %data2_val" [firmware/nnet_utils/nnet_merge.h:120]   --->   Operation 3 'read' 'data2_val_read' <Predicate = true> <Delay = 0.00>
ST_1 : Operation 4 [1/1] (0.00ns)   --->   "%data1_val_read = read i336 @_ssdm_op_Read.ap_auto.i336, i336 %data1_val" [firmware/nnet_utils/nnet_merge.h:120]   --->   Operation 4 'read' 'data1_val_read' <Predicate = true> <Delay = 0.00>
ST_1 : Operation 5 [1/1] (0.00ns)   --->   "%trunc_ln120 = trunc i336 %data1_val_read" [firmware/nnet_utils/nnet_merge.h:120]   --->   Operation 5 'trunc' 'trunc_ln120' <Predicate = true> <Delay = 0.00>
ST_1 : Operation 6 [1/1] (0.00ns)   --->   "%res_s = partselect i16 @_ssdm_op_PartSelect.i16.i336.i32.i32, i336 %data1_val_read, i32 16, i32 31" [firmware/nnet_utils/nnet_merge.h:120]   --->   Operation 6 'partselect' 'res_s' <Predicate = true> <Delay = 0.00>
ST_1 : Operation 7 [1/1] (0.00ns)   --->   "%res_12 = partselect i16 @_ssdm_op_PartSelect.i16.i336.i32.i32, i336 %data1_val_read, i32 32, i32 47" [firmware/nnet_utils/nnet_merge.h:120]   --->   Operation 7 'partselect' 'res_12' <Predicate = true> <Delay = 0.00>
ST_1 : Operation 8 [1/1] (0.00ns)   --->   "%res_13 = partselect i16 @_ssdm_op_PartSelect.i16.i336.i32.i32, i336 %data1_val_read, i32 48, i32 63" [firmware/nnet_utils/nnet_merge.h:120]   --->   Operation 8 'partselect' 'res_13' <Predicate = true> <Delay = 0.00>
ST_1 : Operation 9 [1/1] (0.00ns)   --->   "%res_14 = partselect i16 @_ssdm_op_PartSelect.i16.i336.i32.i32, i336 %data1_val_read, i32 64, i32 79" [firmware/nnet_utils/nnet_merge.h:120]   --->   Operation 9 'partselect' 'res_14' <Predicate = true> <Delay = 0.00>
ST_1 : Operation 10 [1/1] (0.00ns)   --->   "%res_15 = partselect i16 @_ssdm_op_PartSelect.i16.i336.i32.i32, i336 %data1_val_read, i32 80, i32 95" [firmware/nnet_utils/nnet_merge.h:120]   --->   Operation 10 'partselect' 'res_15' <Predicate = true> <Delay = 0.00>
ST_1 : Operation 11 [1/1] (0.00ns)   --->   "%res_16 = partselect i16 @_ssdm_op_PartSelect.i16.i336.i32.i32, i336 %data1_val_read, i32 96, i32 111" [firmware/nnet_utils/nnet_merge.h:120]   --->   Operation 11 'partselect' 'res_16' <Predicate = true> <Delay = 0.00>
ST_1 : Operation 12 [1/1] (0.00ns)   --->   "%res_17 = partselect i16 @_ssdm_op_PartSelect.i16.i336.i32.i32, i336 %data1_val_read, i32 112, i32 127" [firmware/nnet_utils/nnet_merge.h:120]   --->   Operation 12 'partselect' 'res_17' <Predicate = true> <Delay = 0.00>
ST_1 : Operation 13 [1/1] (0.00ns)   --->   "%res_18 = partselect i16 @_ssdm_op_PartSelect.i16.i336.i32.i32, i336 %data1_val_read, i32 128, i32 143" [firmware/nnet_utils/nnet_merge.h:120]   --->   Operation 13 'partselect' 'res_18' <Predicate = true> <Delay = 0.00>
ST_1 : Operation 14 [1/1] (0.00ns)   --->   "%res_19 = partselect i16 @_ssdm_op_PartSelect.i16.i336.i32.i32, i336 %data1_val_read, i32 144, i32 159" [firmware/nnet_utils/nnet_merge.h:120]   --->   Operation 14 'partselect' 'res_19' <Predicate = true> <Delay = 0.00>
ST_1 : Operation 15 [1/1] (0.00ns)   --->   "%res_20 = partselect i16 @_ssdm_op_PartSelect.i16.i336.i32.i32, i336 %data1_val_read, i32 160, i32 175" [firmware/nnet_utils/nnet_merge.h:120]   --->   Operation 15 'partselect' 'res_20' <Predicate = true> <Delay = 0.00>
ST_1 : Operation 16 [1/1] (0.00ns)   --->   "%res_22 = partselect i16 @_ssdm_op_PartSelect.i16.i336.i32.i32, i336 %data1_val_read, i32 176, i32 191" [firmware/nnet_utils/nnet_merge.h:120]   --->   Operation 16 'partselect' 'res_22' <Predicate = true> <Delay = 0.00>
ST_1 : Operation 17 [1/1] (0.00ns)   --->   "%res_21 = partselect i16 @_ssdm_op_PartSelect.i16.i336.i32.i32, i336 %data1_val_read, i32 192, i32 207" [firmware/nnet_utils/nnet_merge.h:120]   --->   Operation 17 'partselect' 'res_21' <Predicate = true> <Delay = 0.00>
ST_1 : Operation 18 [1/1] (0.00ns)   --->   "%res_23 = partselect i16 @_ssdm_op_PartSelect.i16.i336.i32.i32, i336 %data1_val_read, i32 208, i32 223" [firmware/nnet_utils/nnet_merge.h:120]   --->   Operation 18 'partselect' 'res_23' <Predicate = true> <Delay = 0.00>
ST_1 : Operation 19 [1/1] (0.00ns)   --->   "%res_24 = partselect i16 @_ssdm_op_PartSelect.i16.i336.i32.i32, i336 %data1_val_read, i32 224, i32 239" [firmware/nnet_utils/nnet_merge.h:120]   --->   Operation 19 'partselect' 'res_24' <Predicate = true> <Delay = 0.00>
ST_1 : Operation 20 [1/1] (0.00ns)   --->   "%res_25 = partselect i16 @_ssdm_op_PartSelect.i16.i336.i32.i32, i336 %data1_val_read, i32 240, i32 255" [firmware/nnet_utils/nnet_merge.h:120]   --->   Operation 20 'partselect' 'res_25' <Predicate = true> <Delay = 0.00>
ST_1 : Operation 21 [1/1] (0.00ns)   --->   "%res_26 = partselect i16 @_ssdm_op_PartSelect.i16.i336.i32.i32, i336 %data1_val_read, i32 256, i32 271" [firmware/nnet_utils/nnet_merge.h:120]   --->   Operation 21 'partselect' 'res_26' <Predicate = true> <Delay = 0.00>
ST_1 : Operation 22 [1/1] (0.00ns)   --->   "%res_27 = partselect i16 @_ssdm_op_PartSelect.i16.i336.i32.i32, i336 %data1_val_read, i32 272, i32 287" [firmware/nnet_utils/nnet_merge.h:120]   --->   Operation 22 'partselect' 'res_27' <Predicate = true> <Delay = 0.00>
ST_1 : Operation 23 [1/1] (0.00ns)   --->   "%res_28 = partselect i16 @_ssdm_op_PartSelect.i16.i336.i32.i32, i336 %data1_val_read, i32 288, i32 303" [firmware/nnet_utils/nnet_merge.h:120]   --->   Operation 23 'partselect' 'res_28' <Predicate = true> <Delay = 0.00>
ST_1 : Operation 24 [1/1] (0.00ns)   --->   "%res_29 = partselect i16 @_ssdm_op_PartSelect.i16.i336.i32.i32, i336 %data1_val_read, i32 304, i32 319" [firmware/nnet_utils/nnet_merge.h:120]   --->   Operation 24 'partselect' 'res_29' <Predicate = true> <Delay = 0.00>
ST_1 : Operation 25 [1/1] (0.00ns)   --->   "%res_30 = partselect i16 @_ssdm_op_PartSelect.i16.i336.i32.i32, i336 %data1_val_read, i32 320, i32 335" [firmware/nnet_utils/nnet_merge.h:120]   --->   Operation 25 'partselect' 'res_30' <Predicate = true> <Delay = 0.00>
ST_1 : Operation 26 [1/1] (0.00ns)   --->   "%mrv = insertvalue i352 <undef>, i16 %trunc_ln120" [firmware/nnet_utils/nnet_merge.h:125]   --->   Operation 26 'insertvalue' 'mrv' <Predicate = true> <Delay = 0.00>
ST_1 : Operation 27 [1/1] (0.00ns)   --->   "%mrv_1 = insertvalue i352 %mrv, i16 %res_s" [firmware/nnet_utils/nnet_merge.h:125]   --->   Operation 27 'insertvalue' 'mrv_1' <Predicate = true> <Delay = 0.00>
ST_1 : Operation 28 [1/1] (0.00ns)   --->   "%mrv_2 = insertvalue i352 %mrv_1, i16 %res_12" [firmware/nnet_utils/nnet_merge.h:125]   --->   Operation 28 'insertvalue' 'mrv_2' <Predicate = true> <Delay = 0.00>
ST_1 : Operation 29 [1/1] (0.00ns)   --->   "%mrv_3 = insertvalue i352 %mrv_2, i16 %res_13" [firmware/nnet_utils/nnet_merge.h:125]   --->   Operation 29 'insertvalue' 'mrv_3' <Predicate = true> <Delay = 0.00>
ST_1 : Operation 30 [1/1] (0.00ns)   --->   "%mrv_4 = insertvalue i352 %mrv_3, i16 %res_14" [firmware/nnet_utils/nnet_merge.h:125]   --->   Operation 30 'insertvalue' 'mrv_4' <Predicate = true> <Delay = 0.00>
ST_1 : Operation 31 [1/1] (0.00ns)   --->   "%mrv_5 = insertvalue i352 %mrv_4, i16 %res_15" [firmware/nnet_utils/nnet_merge.h:125]   --->   Operation 31 'insertvalue' 'mrv_5' <Predicate = true> <Delay = 0.00>
ST_1 : Operation 32 [1/1] (0.00ns)   --->   "%mrv_6 = insertvalue i352 %mrv_5, i16 %res_16" [firmware/nnet_utils/nnet_merge.h:125]   --->   Operation 32 'insertvalue' 'mrv_6' <Predicate = true> <Delay = 0.00>
ST_1 : Operation 33 [1/1] (0.00ns)   --->   "%mrv_7 = insertvalue i352 %mrv_6, i16 %res_17" [firmware/nnet_utils/nnet_merge.h:125]   --->   Operation 33 'insertvalue' 'mrv_7' <Predicate = true> <Delay = 0.00>
ST_1 : Operation 34 [1/1] (0.00ns)   --->   "%mrv_8 = insertvalue i352 %mrv_7, i16 %res_18" [firmware/nnet_utils/nnet_merge.h:125]   --->   Operation 34 'insertvalue' 'mrv_8' <Predicate = true> <Delay = 0.00>
ST_1 : Operation 35 [1/1] (0.00ns)   --->   "%mrv_9 = insertvalue i352 %mrv_8, i16 %res_19" [firmware/nnet_utils/nnet_merge.h:125]   --->   Operation 35 'insertvalue' 'mrv_9' <Predicate = true> <Delay = 0.00>
ST_1 : Operation 36 [1/1] (0.00ns)   --->   "%mrv_10 = insertvalue i352 %mrv_9, i16 %res_20" [firmware/nnet_utils/nnet_merge.h:125]   --->   Operation 36 'insertvalue' 'mrv_10' <Predicate = true> <Delay = 0.00>
ST_1 : Operation 37 [1/1] (0.00ns)   --->   "%mrv_11 = insertvalue i352 %mrv_10, i16 %res_22" [firmware/nnet_utils/nnet_merge.h:125]   --->   Operation 37 'insertvalue' 'mrv_11' <Predicate = true> <Delay = 0.00>
ST_1 : Operation 38 [1/1] (0.00ns)   --->   "%mrv_12 = insertvalue i352 %mrv_11, i16 %res_21" [firmware/nnet_utils/nnet_merge.h:125]   --->   Operation 38 'insertvalue' 'mrv_12' <Predicate = true> <Delay = 0.00>
ST_1 : Operation 39 [1/1] (0.00ns)   --->   "%mrv_13 = insertvalue i352 %mrv_12, i16 %res_23" [firmware/nnet_utils/nnet_merge.h:125]   --->   Operation 39 'insertvalue' 'mrv_13' <Predicate = true> <Delay = 0.00>
ST_1 : Operation 40 [1/1] (0.00ns)   --->   "%mrv_14 = insertvalue i352 %mrv_13, i16 %res_24" [firmware/nnet_utils/nnet_merge.h:125]   --->   Operation 40 'insertvalue' 'mrv_14' <Predicate = true> <Delay = 0.00>
ST_1 : Operation 41 [1/1] (0.00ns)   --->   "%mrv_15 = insertvalue i352 %mrv_14, i16 %res_25" [firmware/nnet_utils/nnet_merge.h:125]   --->   Operation 41 'insertvalue' 'mrv_15' <Predicate = true> <Delay = 0.00>
ST_1 : Operation 42 [1/1] (0.00ns)   --->   "%mrv_16 = insertvalue i352 %mrv_15, i16 %res_26" [firmware/nnet_utils/nnet_merge.h:125]   --->   Operation 42 'insertvalue' 'mrv_16' <Predicate = true> <Delay = 0.00>
ST_1 : Operation 43 [1/1] (0.00ns)   --->   "%mrv_17 = insertvalue i352 %mrv_16, i16 %res_27" [firmware/nnet_utils/nnet_merge.h:125]   --->   Operation 43 'insertvalue' 'mrv_17' <Predicate = true> <Delay = 0.00>
ST_1 : Operation 44 [1/1] (0.00ns)   --->   "%mrv_18 = insertvalue i352 %mrv_17, i16 %res_28" [firmware/nnet_utils/nnet_merge.h:125]   --->   Operation 44 'insertvalue' 'mrv_18' <Predicate = true> <Delay = 0.00>
ST_1 : Operation 45 [1/1] (0.00ns)   --->   "%mrv_19 = insertvalue i352 %mrv_18, i16 %res_29" [firmware/nnet_utils/nnet_merge.h:125]   --->   Operation 45 'insertvalue' 'mrv_19' <Predicate = true> <Delay = 0.00>
ST_1 : Operation 46 [1/1] (0.00ns)   --->   "%mrv_20 = insertvalue i352 %mrv_19, i16 %res_30" [firmware/nnet_utils/nnet_merge.h:125]   --->   Operation 46 'insertvalue' 'mrv_20' <Predicate = true> <Delay = 0.00>
ST_1 : Operation 47 [1/1] (0.00ns)   --->   "%mrv_21 = insertvalue i352 %mrv_20, i16 %data2_val_read" [firmware/nnet_utils/nnet_merge.h:125]   --->   Operation 47 'insertvalue' 'mrv_21' <Predicate = true> <Delay = 0.00>
ST_1 : Operation 48 [1/1] (0.00ns)   --->   "%ret_ln125 = ret i352 %mrv_21" [firmware/nnet_utils/nnet_merge.h:125]   --->   Operation 48 'ret' 'ret_ln125' <Predicate = true> <Delay = 0.00>


============================================================
+ Verbose Summary: Timing violations
============================================================
Target clock period: 5.000ns, clock uncertainty: 0.625ns.

 <State 1>: 0.000ns
The critical path consists of the following:


============================================================
+ Verbose Summary: Binding
============================================================
N/A
* FSMD analyzer results:
  - Output states:
 - Input state : 
  - Chain level:
	State 1


============================================================
+ Verbose Summary: Datapath Resource usage 
============================================================
N/A
