

================================================================
== Vitis HLS Report for 'concatenate1d_ap_fixed_ap_fixed_ap_fixed_16_6_5_3_0_config6_s'
================================================================
* Date:           Mon Oct 27 14:27:01 2025

* Version:        2024.1 (Build 5069499 on May 21 2024)
* Project:        myproject_prj
* Solution:       solution1 (Vivado IP Flow Target)
* Product family: zynq
* Target device:  xc7z020-clg400-1


================================================================
== Performance Estimates
================================================================
+ Timing: 
    * Summary: 
    +--------+---------+----------+------------+
    |  Clock |  Target | Estimated| Uncertainty|
    +--------+---------+----------+------------+
    |ap_clk  |  5.00 ns|      0 ns|     0.62 ns|
    +--------+---------+----------+------------+

+ Latency: 
    * Summary: 
    +---------+---------+----------+----------+-----+-----+---------+
    |  Latency (cycles) |  Latency (absolute) |  Interval | Pipeline|
    |   min   |   max   |    min   |    max   | min | max |   Type  |
    +---------+---------+----------+----------+-----+-----+---------+
    |        0|        0|      0 ns|      0 ns|    1|    1|      yes|
    +---------+---------+----------+----------+-----+-----+---------+

    + Detail: 
        * Instance: 
        N/A

        * Loop: 
        N/A

============================================================
+ Verbose Summary: Synthesis Manager
============================================================
InlineROM: 1
ExposeGlobal: 0
============================================================
+ Verbose Summary: CDFG Model
============================================================
IsTopModel: 0
ResetActiveHigh: 1
IsCombinational: 0
IsDatapathOnly: 0
HasWiredReturn: 1
HasMFsm: 2
HasVarLatency: 0
IsPipeline: 1
IsRtlPipelined: 0
IsInstanceOverlapped: 0
IsDontTouch: 0
HasImplIP: 0
IsGatedGlobalClock: 0

+ Individual pipeline summary: 
  * Pipeline-0: initiation interval (II) = 1, depth = 1


============================================================
+ Verbose Summary: Schedule
============================================================
* Number of FSM states : 1
* Pipeline : 1
  Pipeline-0 : II = 1, D = 1, States = { 1 }
* Dataflow Pipeline: 0

* FSM state transitions: 
1 --> 

* FSM state operations: 

State 1 <SV = 0> <Delay = 0.00>
ST_1 : Operation 2 [1/1] (0.00ns)   --->   "%specpipeline_ln120 = specpipeline void @_ssdm_op_SpecPipeline, i32 4294967295, i32 0, i32 0, i32 0, void @empty_0" [firmware/nnet_utils/nnet_merge.h:120]   --->   Operation 2 'specpipeline' 'specpipeline_ln120' <Predicate = true> <Delay = 0.00>
ST_1 : Operation 3 [1/1] (0.00ns)   --->   "%data2_val_read = read i16 @_ssdm_op_Read.ap_auto.i16, i16 %data2_val" [firmware/nnet_utils/nnet_merge.h:120]   --->   Operation 3 'read' 'data2_val_read' <Predicate = true> <Delay = 0.00>
ST_1 : Operation 4 [1/1] (0.00ns)   --->   "%data1_val_read = read i208 @_ssdm_op_Read.ap_auto.i208, i208 %data1_val" [firmware/nnet_utils/nnet_merge.h:120]   --->   Operation 4 'read' 'data1_val_read' <Predicate = true> <Delay = 0.00>
ST_1 : Operation 5 [1/1] (0.00ns)   --->   "%trunc_ln120 = trunc i208 %data1_val_read" [firmware/nnet_utils/nnet_merge.h:120]   --->   Operation 5 'trunc' 'trunc_ln120' <Predicate = true> <Delay = 0.00>
ST_1 : Operation 6 [1/1] (0.00ns)   --->   "%res_s = partselect i16 @_ssdm_op_PartSelect.i16.i208.i32.i32, i208 %data1_val_read, i32 16, i32 31" [firmware/nnet_utils/nnet_merge.h:120]   --->   Operation 6 'partselect' 'res_s' <Predicate = true> <Delay = 0.00>
ST_1 : Operation 7 [1/1] (0.00ns)   --->   "%res_1 = partselect i16 @_ssdm_op_PartSelect.i16.i208.i32.i32, i208 %data1_val_read, i32 32, i32 47" [firmware/nnet_utils/nnet_merge.h:120]   --->   Operation 7 'partselect' 'res_1' <Predicate = true> <Delay = 0.00>
ST_1 : Operation 8 [1/1] (0.00ns)   --->   "%res_2 = partselect i16 @_ssdm_op_PartSelect.i16.i208.i32.i32, i208 %data1_val_read, i32 48, i32 63" [firmware/nnet_utils/nnet_merge.h:120]   --->   Operation 8 'partselect' 'res_2' <Predicate = true> <Delay = 0.00>
ST_1 : Operation 9 [1/1] (0.00ns)   --->   "%res_3 = partselect i16 @_ssdm_op_PartSelect.i16.i208.i32.i32, i208 %data1_val_read, i32 64, i32 79" [firmware/nnet_utils/nnet_merge.h:120]   --->   Operation 9 'partselect' 'res_3' <Predicate = true> <Delay = 0.00>
ST_1 : Operation 10 [1/1] (0.00ns)   --->   "%res_4 = partselect i16 @_ssdm_op_PartSelect.i16.i208.i32.i32, i208 %data1_val_read, i32 80, i32 95" [firmware/nnet_utils/nnet_merge.h:120]   --->   Operation 10 'partselect' 'res_4' <Predicate = true> <Delay = 0.00>
ST_1 : Operation 11 [1/1] (0.00ns)   --->   "%res_5 = partselect i16 @_ssdm_op_PartSelect.i16.i208.i32.i32, i208 %data1_val_read, i32 96, i32 111" [firmware/nnet_utils/nnet_merge.h:120]   --->   Operation 11 'partselect' 'res_5' <Predicate = true> <Delay = 0.00>
ST_1 : Operation 12 [1/1] (0.00ns)   --->   "%res_6 = partselect i16 @_ssdm_op_PartSelect.i16.i208.i32.i32, i208 %data1_val_read, i32 112, i32 127" [firmware/nnet_utils/nnet_merge.h:120]   --->   Operation 12 'partselect' 'res_6' <Predicate = true> <Delay = 0.00>
ST_1 : Operation 13 [1/1] (0.00ns)   --->   "%res_7 = partselect i16 @_ssdm_op_PartSelect.i16.i208.i32.i32, i208 %data1_val_read, i32 128, i32 143" [firmware/nnet_utils/nnet_merge.h:120]   --->   Operation 13 'partselect' 'res_7' <Predicate = true> <Delay = 0.00>
ST_1 : Operation 14 [1/1] (0.00ns)   --->   "%res_8 = partselect i16 @_ssdm_op_PartSelect.i16.i208.i32.i32, i208 %data1_val_read, i32 144, i32 159" [firmware/nnet_utils/nnet_merge.h:120]   --->   Operation 14 'partselect' 'res_8' <Predicate = true> <Delay = 0.00>
ST_1 : Operation 15 [1/1] (0.00ns)   --->   "%res_9 = partselect i16 @_ssdm_op_PartSelect.i16.i208.i32.i32, i208 %data1_val_read, i32 160, i32 175" [firmware/nnet_utils/nnet_merge.h:120]   --->   Operation 15 'partselect' 'res_9' <Predicate = true> <Delay = 0.00>
ST_1 : Operation 16 [1/1] (0.00ns)   --->   "%res_10 = partselect i16 @_ssdm_op_PartSelect.i16.i208.i32.i32, i208 %data1_val_read, i32 176, i32 191" [firmware/nnet_utils/nnet_merge.h:120]   --->   Operation 16 'partselect' 'res_10' <Predicate = true> <Delay = 0.00>
ST_1 : Operation 17 [1/1] (0.00ns)   --->   "%res_11 = partselect i16 @_ssdm_op_PartSelect.i16.i208.i32.i32, i208 %data1_val_read, i32 192, i32 207" [firmware/nnet_utils/nnet_merge.h:120]   --->   Operation 17 'partselect' 'res_11' <Predicate = true> <Delay = 0.00>
ST_1 : Operation 18 [1/1] (0.00ns)   --->   "%mrv = insertvalue i224 <undef>, i16 %trunc_ln120" [firmware/nnet_utils/nnet_merge.h:125]   --->   Operation 18 'insertvalue' 'mrv' <Predicate = true> <Delay = 0.00>
ST_1 : Operation 19 [1/1] (0.00ns)   --->   "%mrv_1 = insertvalue i224 %mrv, i16 %res_s" [firmware/nnet_utils/nnet_merge.h:125]   --->   Operation 19 'insertvalue' 'mrv_1' <Predicate = true> <Delay = 0.00>
ST_1 : Operation 20 [1/1] (0.00ns)   --->   "%mrv_2 = insertvalue i224 %mrv_1, i16 %res_1" [firmware/nnet_utils/nnet_merge.h:125]   --->   Operation 20 'insertvalue' 'mrv_2' <Predicate = true> <Delay = 0.00>
ST_1 : Operation 21 [1/1] (0.00ns)   --->   "%mrv_3 = insertvalue i224 %mrv_2, i16 %res_2" [firmware/nnet_utils/nnet_merge.h:125]   --->   Operation 21 'insertvalue' 'mrv_3' <Predicate = true> <Delay = 0.00>
ST_1 : Operation 22 [1/1] (0.00ns)   --->   "%mrv_4 = insertvalue i224 %mrv_3, i16 %res_3" [firmware/nnet_utils/nnet_merge.h:125]   --->   Operation 22 'insertvalue' 'mrv_4' <Predicate = true> <Delay = 0.00>
ST_1 : Operation 23 [1/1] (0.00ns)   --->   "%mrv_5 = insertvalue i224 %mrv_4, i16 %res_4" [firmware/nnet_utils/nnet_merge.h:125]   --->   Operation 23 'insertvalue' 'mrv_5' <Predicate = true> <Delay = 0.00>
ST_1 : Operation 24 [1/1] (0.00ns)   --->   "%mrv_6 = insertvalue i224 %mrv_5, i16 %res_5" [firmware/nnet_utils/nnet_merge.h:125]   --->   Operation 24 'insertvalue' 'mrv_6' <Predicate = true> <Delay = 0.00>
ST_1 : Operation 25 [1/1] (0.00ns)   --->   "%mrv_7 = insertvalue i224 %mrv_6, i16 %res_6" [firmware/nnet_utils/nnet_merge.h:125]   --->   Operation 25 'insertvalue' 'mrv_7' <Predicate = true> <Delay = 0.00>
ST_1 : Operation 26 [1/1] (0.00ns)   --->   "%mrv_8 = insertvalue i224 %mrv_7, i16 %res_7" [firmware/nnet_utils/nnet_merge.h:125]   --->   Operation 26 'insertvalue' 'mrv_8' <Predicate = true> <Delay = 0.00>
ST_1 : Operation 27 [1/1] (0.00ns)   --->   "%mrv_9 = insertvalue i224 %mrv_8, i16 %res_8" [firmware/nnet_utils/nnet_merge.h:125]   --->   Operation 27 'insertvalue' 'mrv_9' <Predicate = true> <Delay = 0.00>
ST_1 : Operation 28 [1/1] (0.00ns)   --->   "%mrv_10 = insertvalue i224 %mrv_9, i16 %res_9" [firmware/nnet_utils/nnet_merge.h:125]   --->   Operation 28 'insertvalue' 'mrv_10' <Predicate = true> <Delay = 0.00>
ST_1 : Operation 29 [1/1] (0.00ns)   --->   "%mrv_11 = insertvalue i224 %mrv_10, i16 %res_10" [firmware/nnet_utils/nnet_merge.h:125]   --->   Operation 29 'insertvalue' 'mrv_11' <Predicate = true> <Delay = 0.00>
ST_1 : Operation 30 [1/1] (0.00ns)   --->   "%mrv_12 = insertvalue i224 %mrv_11, i16 %res_11" [firmware/nnet_utils/nnet_merge.h:125]   --->   Operation 30 'insertvalue' 'mrv_12' <Predicate = true> <Delay = 0.00>
ST_1 : Operation 31 [1/1] (0.00ns)   --->   "%mrv_13 = insertvalue i224 %mrv_12, i16 %data2_val_read" [firmware/nnet_utils/nnet_merge.h:125]   --->   Operation 31 'insertvalue' 'mrv_13' <Predicate = true> <Delay = 0.00>
ST_1 : Operation 32 [1/1] (0.00ns)   --->   "%ret_ln125 = ret i224 %mrv_13" [firmware/nnet_utils/nnet_merge.h:125]   --->   Operation 32 'ret' 'ret_ln125' <Predicate = true> <Delay = 0.00>


============================================================
+ Verbose Summary: Timing violations
============================================================
Target clock period: 5.000ns, clock uncertainty: 0.625ns.

 <State 1>: 0.000ns
The critical path consists of the following:


============================================================
+ Verbose Summary: Binding
============================================================
N/A
* FSMD analyzer results:
  - Output states:
 - Input state : 
  - Chain level:
	State 1


============================================================
+ Verbose Summary: Datapath Resource usage 
============================================================
N/A
