

================================================================
== Vitis HLS Report for 'concatenate1d_ap_fixed_ap_fixed_ap_fixed_16_6_5_3_0_config5_s'
================================================================
* Date:           Mon Oct 27 14:27:45 2025

* Version:        2024.1 (Build 5069499 on May 21 2024)
* Project:        myproject_prj
* Solution:       solution1 (Vivado IP Flow Target)
* Product family: zynq
* Target device:  xc7z020-clg400-1


================================================================
== Performance Estimates
================================================================
+ Timing: 
    * Summary: 
    +--------+---------+----------+------------+
    |  Clock |  Target | Estimated| Uncertainty|
    +--------+---------+----------+------------+
    |ap_clk  |  5.00 ns|      0 ns|     0.62 ns|
    +--------+---------+----------+------------+

+ Latency: 
    * Summary: 
    +---------+---------+----------+----------+-----+-----+---------+
    |  Latency (cycles) |  Latency (absolute) |  Interval | Pipeline|
    |   min   |   max   |    min   |    max   | min | max |   Type  |
    +---------+---------+----------+----------+-----+-----+---------+
    |        0|        0|      0 ns|      0 ns|    1|    1|      yes|
    +---------+---------+----------+----------+-----+-----+---------+

    + Detail: 
        * Instance: 
        N/A

        * Loop: 
        N/A



================================================================
== Utilization Estimates
================================================================
* Summary: 
+-----------------+---------+-----+--------+-------+-----+
|       Name      | BRAM_18K| DSP |   FF   |  LUT  | URAM|
+-----------------+---------+-----+--------+-------+-----+
|DSP              |        -|    -|       -|      -|    -|
|Expression       |        -|    -|       -|      -|    -|
|FIFO             |        -|    -|       -|      -|    -|
|Instance         |        -|    -|       -|      -|    -|
|Memory           |        -|    -|       -|      -|    -|
|Multiplexer      |        -|    -|       -|      -|    -|
|Register         |        -|    -|       -|      -|    -|
+-----------------+---------+-----+--------+-------+-----+
|Total            |        0|    0|       0|      0|    0|
+-----------------+---------+-----+--------+-------+-----+
|Available        |      280|  220|  106400|  53200|    0|
+-----------------+---------+-----+--------+-------+-----+
|Utilization (%)  |        0|    0|       0|      0|    0|
+-----------------+---------+-----+--------+-------+-----+

+ Detail: 
    * Instance: 
    N/A

    * DSP: 
    N/A

    * Memory: 
    N/A

    * FIFO: 
    N/A

    * Expression: 
    N/A

    * Multiplexer: 
    N/A

    * Register: 
    N/A



================================================================
== Interface
================================================================
* Summary: 
+--------------+-----+-----+------------+---------------------------------------------------------------+--------------+
|   RTL Ports  | Dir | Bits|  Protocol  |                         Source Object                         |    C Type    |
+--------------+-----+-----+------------+---------------------------------------------------------------+--------------+
|ap_ready      |  out|    1|  ap_ctrl_hs|  concatenate1d<ap_fixed,ap_fixed,ap_fixed<16,6,5,3,0>,config5>|  return value|
|ap_return_0   |  out|   16|  ap_ctrl_hs|  concatenate1d<ap_fixed,ap_fixed,ap_fixed<16,6,5,3,0>,config5>|  return value|
|ap_return_1   |  out|   16|  ap_ctrl_hs|  concatenate1d<ap_fixed,ap_fixed,ap_fixed<16,6,5,3,0>,config5>|  return value|
|ap_return_2   |  out|   16|  ap_ctrl_hs|  concatenate1d<ap_fixed,ap_fixed,ap_fixed<16,6,5,3,0>,config5>|  return value|
|ap_return_3   |  out|   16|  ap_ctrl_hs|  concatenate1d<ap_fixed,ap_fixed,ap_fixed<16,6,5,3,0>,config5>|  return value|
|ap_return_4   |  out|   16|  ap_ctrl_hs|  concatenate1d<ap_fixed,ap_fixed,ap_fixed<16,6,5,3,0>,config5>|  return value|
|ap_return_5   |  out|   16|  ap_ctrl_hs|  concatenate1d<ap_fixed,ap_fixed,ap_fixed<16,6,5,3,0>,config5>|  return value|
|ap_return_6   |  out|   16|  ap_ctrl_hs|  concatenate1d<ap_fixed,ap_fixed,ap_fixed<16,6,5,3,0>,config5>|  return value|
|ap_return_7   |  out|   16|  ap_ctrl_hs|  concatenate1d<ap_fixed,ap_fixed,ap_fixed<16,6,5,3,0>,config5>|  return value|
|ap_return_8   |  out|   16|  ap_ctrl_hs|  concatenate1d<ap_fixed,ap_fixed,ap_fixed<16,6,5,3,0>,config5>|  return value|
|ap_return_9   |  out|   16|  ap_ctrl_hs|  concatenate1d<ap_fixed,ap_fixed,ap_fixed<16,6,5,3,0>,config5>|  return value|
|ap_return_10  |  out|   16|  ap_ctrl_hs|  concatenate1d<ap_fixed,ap_fixed,ap_fixed<16,6,5,3,0>,config5>|  return value|
|ap_return_11  |  out|   16|  ap_ctrl_hs|  concatenate1d<ap_fixed,ap_fixed,ap_fixed<16,6,5,3,0>,config5>|  return value|
|ap_return_12  |  out|   16|  ap_ctrl_hs|  concatenate1d<ap_fixed,ap_fixed,ap_fixed<16,6,5,3,0>,config5>|  return value|
|ap_return_13  |  out|   16|  ap_ctrl_hs|  concatenate1d<ap_fixed,ap_fixed,ap_fixed<16,6,5,3,0>,config5>|  return value|
|ap_return_14  |  out|   16|  ap_ctrl_hs|  concatenate1d<ap_fixed,ap_fixed,ap_fixed<16,6,5,3,0>,config5>|  return value|
|ap_return_15  |  out|   16|  ap_ctrl_hs|  concatenate1d<ap_fixed,ap_fixed,ap_fixed<16,6,5,3,0>,config5>|  return value|
|ap_return_16  |  out|   16|  ap_ctrl_hs|  concatenate1d<ap_fixed,ap_fixed,ap_fixed<16,6,5,3,0>,config5>|  return value|
|ap_return_17  |  out|   16|  ap_ctrl_hs|  concatenate1d<ap_fixed,ap_fixed,ap_fixed<16,6,5,3,0>,config5>|  return value|
|ap_return_18  |  out|   16|  ap_ctrl_hs|  concatenate1d<ap_fixed,ap_fixed,ap_fixed<16,6,5,3,0>,config5>|  return value|
|ap_return_19  |  out|   16|  ap_ctrl_hs|  concatenate1d<ap_fixed,ap_fixed,ap_fixed<16,6,5,3,0>,config5>|  return value|
|ap_return_20  |  out|   16|  ap_ctrl_hs|  concatenate1d<ap_fixed,ap_fixed,ap_fixed<16,6,5,3,0>,config5>|  return value|
|ap_return_21  |  out|   16|  ap_ctrl_hs|  concatenate1d<ap_fixed,ap_fixed,ap_fixed<16,6,5,3,0>,config5>|  return value|
|ap_rst        |   in|    1|  ap_ctrl_hs|  concatenate1d<ap_fixed,ap_fixed,ap_fixed<16,6,5,3,0>,config5>|  return value|
|data1_val     |   in|  336|     ap_none|                                                      data1_val|        scalar|
|data2_val     |   in|   16|     ap_none|                                                      data2_val|        scalar|
+--------------+-----+-----+------------+---------------------------------------------------------------+--------------+

============================================================
+ Verbose Summary: Synthesis Manager
============================================================
InlineROM: 1
ExposeGlobal: 0
============================================================
+ Verbose Summary: CDFG Model
============================================================
IsTopModel: 0
ResetActiveHigh: 1
IsCombinational: 1
IsDatapathOnly: 2
HasWiredReturn: 1
HasMFsm: 2
HasVarLatency: 0
IsPipeline: 1
IsRtlPipelined: 0
IsInstanceOverlapped: 0
IsDontTouch: 0
HasImplIP: 0
IsGatedGlobalClock: 0

+ Individual pipeline summary: 
  * Pipeline-0: initiation interval (II) = 1, depth = 1


============================================================
+ Verbose Summary: Schedule
============================================================
* Number of FSM states : 1
* Pipeline : 1
  Pipeline-0 : II = 1, D = 1, States = { 1 }
* Dataflow Pipeline: 0

* FSM state transitions: 
1 --> 

* FSM state operations: 

State 1 <SV = 0> <Delay = 0.00>
ST_1 : Operation 2 [1/1] (0.00ns)   --->   "%specpipeline_ln120 = specpipeline void @_ssdm_op_SpecPipeline, i32 4294967295, i32 0, i32 0, i32 0, void @empty_0" [firmware/nnet_utils/nnet_merge.h:120]   --->   Operation 2 'specpipeline' 'specpipeline_ln120' <Predicate = true> <Delay = 0.00>
ST_1 : Operation 3 [1/1] (0.00ns)   --->   "%data2_val_read = read i16 @_ssdm_op_Read.ap_auto.i16, i16 %data2_val" [firmware/nnet_utils/nnet_merge.h:120]   --->   Operation 3 'read' 'data2_val_read' <Predicate = true> <Delay = 0.00>
ST_1 : Operation 4 [1/1] (0.00ns)   --->   "%data1_val_read = read i336 @_ssdm_op_Read.ap_auto.i336, i336 %data1_val" [firmware/nnet_utils/nnet_merge.h:120]   --->   Operation 4 'read' 'data1_val_read' <Predicate = true> <Delay = 0.00>
ST_1 : Operation 5 [1/1] (0.00ns)   --->   "%trunc_ln120 = trunc i336 %data1_val_read" [firmware/nnet_utils/nnet_merge.h:120]   --->   Operation 5 'trunc' 'trunc_ln120' <Predicate = true> <Delay = 0.00>
ST_1 : Operation 6 [1/1] (0.00ns)   --->   "%res_s = partselect i16 @_ssdm_op_PartSelect.i16.i336.i32.i32, i336 %data1_val_read, i32 16, i32 31" [firmware/nnet_utils/nnet_merge.h:120]   --->   Operation 6 'partselect' 'res_s' <Predicate = true> <Delay = 0.00>
ST_1 : Operation 7 [1/1] (0.00ns)   --->   "%res_12 = partselect i16 @_ssdm_op_PartSelect.i16.i336.i32.i32, i336 %data1_val_read, i32 32, i32 47" [firmware/nnet_utils/nnet_merge.h:120]   --->   Operation 7 'partselect' 'res_12' <Predicate = true> <Delay = 0.00>
ST_1 : Operation 8 [1/1] (0.00ns)   --->   "%res_13 = partselect i16 @_ssdm_op_PartSelect.i16.i336.i32.i32, i336 %data1_val_read, i32 48, i32 63" [firmware/nnet_utils/nnet_merge.h:120]   --->   Operation 8 'partselect' 'res_13' <Predicate = true> <Delay = 0.00>
ST_1 : Operation 9 [1/1] (0.00ns)   --->   "%res_14 = partselect i16 @_ssdm_op_PartSelect.i16.i336.i32.i32, i336 %data1_val_read, i32 64, i32 79" [firmware/nnet_utils/nnet_merge.h:120]   --->   Operation 9 'partselect' 'res_14' <Predicate = true> <Delay = 0.00>
ST_1 : Operation 10 [1/1] (0.00ns)   --->   "%res_15 = partselect i16 @_ssdm_op_PartSelect.i16.i336.i32.i32, i336 %data1_val_read, i32 80, i32 95" [firmware/nnet_utils/nnet_merge.h:120]   --->   Operation 10 'partselect' 'res_15' <Predicate = true> <Delay = 0.00>
ST_1 : Operation 11 [1/1] (0.00ns)   --->   "%res_16 = partselect i16 @_ssdm_op_PartSelect.i16.i336.i32.i32, i336 %data1_val_read, i32 96, i32 111" [firmware/nnet_utils/nnet_merge.h:120]   --->   Operation 11 'partselect' 'res_16' <Predicate = true> <Delay = 0.00>
ST_1 : Operation 12 [1/1] (0.00ns)   --->   "%res_17 = partselect i16 @_ssdm_op_PartSelect.i16.i336.i32.i32, i336 %data1_val_read, i32 112, i32 127" [firmware/nnet_utils/nnet_merge.h:120]   --->   Operation 12 'partselect' 'res_17' <Predicate = true> <Delay = 0.00>
ST_1 : Operation 13 [1/1] (0.00ns)   --->   "%res_18 = partselect i16 @_ssdm_op_PartSelect.i16.i336.i32.i32, i336 %data1_val_read, i32 128, i32 143" [firmware/nnet_utils/nnet_merge.h:120]   --->   Operation 13 'partselect' 'res_18' <Predicate = true> <Delay = 0.00>
ST_1 : Operation 14 [1/1] (0.00ns)   --->   "%res_19 = partselect i16 @_ssdm_op_PartSelect.i16.i336.i32.i32, i336 %data1_val_read, i32 144, i32 159" [firmware/nnet_utils/nnet_merge.h:120]   --->   Operation 14 'partselect' 'res_19' <Predicate = true> <Delay = 0.00>
ST_1 : Operation 15 [1/1] (0.00ns)   --->   "%res_20 = partselect i16 @_ssdm_op_PartSelect.i16.i336.i32.i32, i336 %data1_val_read, i32 160, i32 175" [firmware/nnet_utils/nnet_merge.h:120]   --->   Operation 15 'partselect' 'res_20' <Predicate = true> <Delay = 0.00>
ST_1 : Operation 16 [1/1] (0.00ns)   --->   "%res_22 = partselect i16 @_ssdm_op_PartSelect.i16.i336.i32.i32, i336 %data1_val_read, i32 176, i32 191" [firmware/nnet_utils/nnet_merge.h:120]   --->   Operation 16 'partselect' 'res_22' <Predicate = true> <Delay = 0.00>
ST_1 : Operation 17 [1/1] (0.00ns)   --->   "%res_21 = partselect i16 @_ssdm_op_PartSelect.i16.i336.i32.i32, i336 %data1_val_read, i32 192, i32 207" [firmware/nnet_utils/nnet_merge.h:120]   --->   Operation 17 'partselect' 'res_21' <Predicate = true> <Delay = 0.00>
ST_1 : Operation 18 [1/1] (0.00ns)   --->   "%res_23 = partselect i16 @_ssdm_op_PartSelect.i16.i336.i32.i32, i336 %data1_val_read, i32 208, i32 223" [firmware/nnet_utils/nnet_merge.h:120]   --->   Operation 18 'partselect' 'res_23' <Predicate = true> <Delay = 0.00>
ST_1 : Operation 19 [1/1] (0.00ns)   --->   "%res_24 = partselect i16 @_ssdm_op_PartSelect.i16.i336.i32.i32, i336 %data1_val_read, i32 224, i32 239" [firmware/nnet_utils/nnet_merge.h:120]   --->   Operation 19 'partselect' 'res_24' <Predicate = true> <Delay = 0.00>
ST_1 : Operation 20 [1/1] (0.00ns)   --->   "%res_25 = partselect i16 @_ssdm_op_PartSelect.i16.i336.i32.i32, i336 %data1_val_read, i32 240, i32 255" [firmware/nnet_utils/nnet_merge.h:120]   --->   Operation 20 'partselect' 'res_25' <Predicate = true> <Delay = 0.00>
ST_1 : Operation 21 [1/1] (0.00ns)   --->   "%res_26 = partselect i16 @_ssdm_op_PartSelect.i16.i336.i32.i32, i336 %data1_val_read, i32 256, i32 271" [firmware/nnet_utils/nnet_merge.h:120]   --->   Operation 21 'partselect' 'res_26' <Predicate = true> <Delay = 0.00>
ST_1 : Operation 22 [1/1] (0.00ns)   --->   "%res_27 = partselect i16 @_ssdm_op_PartSelect.i16.i336.i32.i32, i336 %data1_val_read, i32 272, i32 287" [firmware/nnet_utils/nnet_merge.h:120]   --->   Operation 22 'partselect' 'res_27' <Predicate = true> <Delay = 0.00>
ST_1 : Operation 23 [1/1] (0.00ns)   --->   "%res_28 = partselect i16 @_ssdm_op_PartSelect.i16.i336.i32.i32, i336 %data1_val_read, i32 288, i32 303" [firmware/nnet_utils/nnet_merge.h:120]   --->   Operation 23 'partselect' 'res_28' <Predicate = true> <Delay = 0.00>
ST_1 : Operation 24 [1/1] (0.00ns)   --->   "%res_29 = partselect i16 @_ssdm_op_PartSelect.i16.i336.i32.i32, i336 %data1_val_read, i32 304, i32 319" [firmware/nnet_utils/nnet_merge.h:120]   --->   Operation 24 'partselect' 'res_29' <Predicate = true> <Delay = 0.00>
ST_1 : Operation 25 [1/1] (0.00ns)   --->   "%res_30 = partselect i16 @_ssdm_op_PartSelect.i16.i336.i32.i32, i336 %data1_val_read, i32 320, i32 335" [firmware/nnet_utils/nnet_merge.h:120]   --->   Operation 25 'partselect' 'res_30' <Predicate = true> <Delay = 0.00>
ST_1 : Operation 26 [1/1] (0.00ns)   --->   "%mrv = insertvalue i352 <undef>, i16 %trunc_ln120" [firmware/nnet_utils/nnet_merge.h:125]   --->   Operation 26 'insertvalue' 'mrv' <Predicate = true> <Delay = 0.00>
ST_1 : Operation 27 [1/1] (0.00ns)   --->   "%mrv_1 = insertvalue i352 %mrv, i16 %res_s" [firmware/nnet_utils/nnet_merge.h:125]   --->   Operation 27 'insertvalue' 'mrv_1' <Predicate = true> <Delay = 0.00>
ST_1 : Operation 28 [1/1] (0.00ns)   --->   "%mrv_2 = insertvalue i352 %mrv_1, i16 %res_12" [firmware/nnet_utils/nnet_merge.h:125]   --->   Operation 28 'insertvalue' 'mrv_2' <Predicate = true> <Delay = 0.00>
ST_1 : Operation 29 [1/1] (0.00ns)   --->   "%mrv_3 = insertvalue i352 %mrv_2, i16 %res_13" [firmware/nnet_utils/nnet_merge.h:125]   --->   Operation 29 'insertvalue' 'mrv_3' <Predicate = true> <Delay = 0.00>
ST_1 : Operation 30 [1/1] (0.00ns)   --->   "%mrv_4 = insertvalue i352 %mrv_3, i16 %res_14" [firmware/nnet_utils/nnet_merge.h:125]   --->   Operation 30 'insertvalue' 'mrv_4' <Predicate = true> <Delay = 0.00>
ST_1 : Operation 31 [1/1] (0.00ns)   --->   "%mrv_5 = insertvalue i352 %mrv_4, i16 %res_15" [firmware/nnet_utils/nnet_merge.h:125]   --->   Operation 31 'insertvalue' 'mrv_5' <Predicate = true> <Delay = 0.00>
ST_1 : Operation 32 [1/1] (0.00ns)   --->   "%mrv_6 = insertvalue i352 %mrv_5, i16 %res_16" [firmware/nnet_utils/nnet_merge.h:125]   --->   Operation 32 'insertvalue' 'mrv_6' <Predicate = true> <Delay = 0.00>
ST_1 : Operation 33 [1/1] (0.00ns)   --->   "%mrv_7 = insertvalue i352 %mrv_6, i16 %res_17" [firmware/nnet_utils/nnet_merge.h:125]   --->   Operation 33 'insertvalue' 'mrv_7' <Predicate = true> <Delay = 0.00>
ST_1 : Operation 34 [1/1] (0.00ns)   --->   "%mrv_8 = insertvalue i352 %mrv_7, i16 %res_18" [firmware/nnet_utils/nnet_merge.h:125]   --->   Operation 34 'insertvalue' 'mrv_8' <Predicate = true> <Delay = 0.00>
ST_1 : Operation 35 [1/1] (0.00ns)   --->   "%mrv_9 = insertvalue i352 %mrv_8, i16 %res_19" [firmware/nnet_utils/nnet_merge.h:125]   --->   Operation 35 'insertvalue' 'mrv_9' <Predicate = true> <Delay = 0.00>
ST_1 : Operation 36 [1/1] (0.00ns)   --->   "%mrv_10 = insertvalue i352 %mrv_9, i16 %res_20" [firmware/nnet_utils/nnet_merge.h:125]   --->   Operation 36 'insertvalue' 'mrv_10' <Predicate = true> <Delay = 0.00>
ST_1 : Operation 37 [1/1] (0.00ns)   --->   "%mrv_11 = insertvalue i352 %mrv_10, i16 %res_22" [firmware/nnet_utils/nnet_merge.h:125]   --->   Operation 37 'insertvalue' 'mrv_11' <Predicate = true> <Delay = 0.00>
ST_1 : Operation 38 [1/1] (0.00ns)   --->   "%mrv_12 = insertvalue i352 %mrv_11, i16 %res_21" [firmware/nnet_utils/nnet_merge.h:125]   --->   Operation 38 'insertvalue' 'mrv_12' <Predicate = true> <Delay = 0.00>
ST_1 : Operation 39 [1/1] (0.00ns)   --->   "%mrv_13 = insertvalue i352 %mrv_12, i16 %res_23" [firmware/nnet_utils/nnet_merge.h:125]   --->   Operation 39 'insertvalue' 'mrv_13' <Predicate = true> <Delay = 0.00>
ST_1 : Operation 40 [1/1] (0.00ns)   --->   "%mrv_14 = insertvalue i352 %mrv_13, i16 %res_24" [firmware/nnet_utils/nnet_merge.h:125]   --->   Operation 40 'insertvalue' 'mrv_14' <Predicate = true> <Delay = 0.00>
ST_1 : Operation 41 [1/1] (0.00ns)   --->   "%mrv_15 = insertvalue i352 %mrv_14, i16 %res_25" [firmware/nnet_utils/nnet_merge.h:125]   --->   Operation 41 'insertvalue' 'mrv_15' <Predicate = true> <Delay = 0.00>
ST_1 : Operation 42 [1/1] (0.00ns)   --->   "%mrv_16 = insertvalue i352 %mrv_15, i16 %res_26" [firmware/nnet_utils/nnet_merge.h:125]   --->   Operation 42 'insertvalue' 'mrv_16' <Predicate = true> <Delay = 0.00>
ST_1 : Operation 43 [1/1] (0.00ns)   --->   "%mrv_17 = insertvalue i352 %mrv_16, i16 %res_27" [firmware/nnet_utils/nnet_merge.h:125]   --->   Operation 43 'insertvalue' 'mrv_17' <Predicate = true> <Delay = 0.00>
ST_1 : Operation 44 [1/1] (0.00ns)   --->   "%mrv_18 = insertvalue i352 %mrv_17, i16 %res_28" [firmware/nnet_utils/nnet_merge.h:125]   --->   Operation 44 'insertvalue' 'mrv_18' <Predicate = true> <Delay = 0.00>
ST_1 : Operation 45 [1/1] (0.00ns)   --->   "%mrv_19 = insertvalue i352 %mrv_18, i16 %res_29" [firmware/nnet_utils/nnet_merge.h:125]   --->   Operation 45 'insertvalue' 'mrv_19' <Predicate = true> <Delay = 0.00>
ST_1 : Operation 46 [1/1] (0.00ns)   --->   "%mrv_20 = insertvalue i352 %mrv_19, i16 %res_30" [firmware/nnet_utils/nnet_merge.h:125]   --->   Operation 46 'insertvalue' 'mrv_20' <Predicate = true> <Delay = 0.00>
ST_1 : Operation 47 [1/1] (0.00ns)   --->   "%mrv_21 = insertvalue i352 %mrv_20, i16 %data2_val_read" [firmware/nnet_utils/nnet_merge.h:125]   --->   Operation 47 'insertvalue' 'mrv_21' <Predicate = true> <Delay = 0.00>
ST_1 : Operation 48 [1/1] (0.00ns)   --->   "%ret_ln125 = ret i352 %mrv_21" [firmware/nnet_utils/nnet_merge.h:125]   --->   Operation 48 'ret' 'ret_ln125' <Predicate = true> <Delay = 0.00>


============================================================
+ Verbose Summary: Binding
============================================================
STG Binding: 
---------------- STG Properties BEGIN ----------------
- Is combinational: 1
- Is one-state seq: 0
- Is datapath-only: 0
- Is pipelined: 1
- Is top level: 0
Port [ Return ] is wired: 1; IO mode=ap_ctrl_hs:ce=0
Port [ data1_val]:  wired=1; compound=0; hidden=0; nouse=0; global=0; static=0; extern=0; dir=0; type=0; pingpong=0; private_global=0; IO mode=ap_none:ce=0
Port [ data2_val]:  wired=1; compound=0; hidden=0; nouse=0; global=0; static=0; extern=0; dir=0; type=0; pingpong=0; private_global=0; IO mode=ap_none:ce=0
---------------- STG Properties END ------------------

---------------- Datapath Model BEGIN ----------------

<LifeTime>
<method=bitvector/>
specpipeline_ln120 (specpipeline) [ 00]
data2_val_read     (read        ) [ 00]
data1_val_read     (read        ) [ 00]
trunc_ln120        (trunc       ) [ 00]
res_s              (partselect  ) [ 00]
res_12             (partselect  ) [ 00]
res_13             (partselect  ) [ 00]
res_14             (partselect  ) [ 00]
res_15             (partselect  ) [ 00]
res_16             (partselect  ) [ 00]
res_17             (partselect  ) [ 00]
res_18             (partselect  ) [ 00]
res_19             (partselect  ) [ 00]
res_20             (partselect  ) [ 00]
res_22             (partselect  ) [ 00]
res_21             (partselect  ) [ 00]
res_23             (partselect  ) [ 00]
res_24             (partselect  ) [ 00]
res_25             (partselect  ) [ 00]
res_26             (partselect  ) [ 00]
res_27             (partselect  ) [ 00]
res_28             (partselect  ) [ 00]
res_29             (partselect  ) [ 00]
res_30             (partselect  ) [ 00]
mrv                (insertvalue ) [ 00]
mrv_1              (insertvalue ) [ 00]
mrv_2              (insertvalue ) [ 00]
mrv_3              (insertvalue ) [ 00]
mrv_4              (insertvalue ) [ 00]
mrv_5              (insertvalue ) [ 00]
mrv_6              (insertvalue ) [ 00]
mrv_7              (insertvalue ) [ 00]
mrv_8              (insertvalue ) [ 00]
mrv_9              (insertvalue ) [ 00]
mrv_10             (insertvalue ) [ 00]
mrv_11             (insertvalue ) [ 00]
mrv_12             (insertvalue ) [ 00]
mrv_13             (insertvalue ) [ 00]
mrv_14             (insertvalue ) [ 00]
mrv_15             (insertvalue ) [ 00]
mrv_16             (insertvalue ) [ 00]
mrv_17             (insertvalue ) [ 00]
mrv_18             (insertvalue ) [ 00]
mrv_19             (insertvalue ) [ 00]
mrv_20             (insertvalue ) [ 00]
mrv_21             (insertvalue ) [ 00]
ret_ln125          (ret         ) [ 00]
</LifeTime>

<model>

<comp_list>
<comp id="0" class="1000" name="data1_val">
<pin_list>
<pin id="1" dir="1" index="0" bw="1" slack="0"/>
</pin_list>
<bind>
<StgValue><ssdm name="data1_val"/></StgValue>
</bind>
</comp>

<comp id="2" class="1000" name="data2_val">
<pin_list>
<pin id="3" dir="1" index="0" bw="1" slack="0"/>
</pin_list>
<bind>
<StgValue><ssdm name="data2_val"/></StgValue>
</bind>
</comp>

<comp id="4" class="1001" name="const_4">
<pin_list>
<pin id="5" dir="1" index="0" bw="1" slack="2147483647"/>
</pin_list>
<bind>
<StgValue><ssdm name="_ssdm_op_SpecPipeline"/></StgValue>
</bind>
</comp>

<comp id="6" class="1001" name="const_6">
<pin_list>
<pin id="7" dir="1" index="0" bw="1" slack="2147483647"/>
</pin_list>
<bind>
<StgValue><ssdm name=""/></StgValue>
</bind>
</comp>

<comp id="8" class="1001" name="const_8">
<pin_list>
<pin id="9" dir="1" index="0" bw="1" slack="2147483647"/>
</pin_list>
<bind>
<StgValue><ssdm name=""/></StgValue>
</bind>
</comp>

<comp id="10" class="1001" name="const_10">
<pin_list>
<pin id="11" dir="1" index="0" bw="1" slack="2147483647"/>
</pin_list>
<bind>
<StgValue><ssdm name="empty_0"/></StgValue>
</bind>
</comp>

<comp id="12" class="1001" name="const_12">
<pin_list>
<pin id="13" dir="1" index="0" bw="1" slack="0"/>
</pin_list>
<bind>
<StgValue><ssdm name="_ssdm_op_Read.ap_auto.i16"/></StgValue>
</bind>
</comp>

<comp id="14" class="1001" name="const_14">
<pin_list>
<pin id="15" dir="1" index="0" bw="1" slack="0"/>
</pin_list>
<bind>
<StgValue><ssdm name="_ssdm_op_Read.ap_auto.i336"/></StgValue>
</bind>
</comp>

<comp id="16" class="1001" name="const_16">
<pin_list>
<pin id="17" dir="1" index="0" bw="1" slack="0"/>
</pin_list>
<bind>
<StgValue><ssdm name="_ssdm_op_PartSelect.i16.i336.i32.i32"/></StgValue>
</bind>
</comp>

<comp id="18" class="1001" name="const_18">
<pin_list>
<pin id="19" dir="1" index="0" bw="1" slack="0"/>
</pin_list>
<bind>
<StgValue><ssdm name=""/></StgValue>
</bind>
</comp>

<comp id="20" class="1001" name="const_20">
<pin_list>
<pin id="21" dir="1" index="0" bw="1" slack="0"/>
</pin_list>
<bind>
<StgValue><ssdm name=""/></StgValue>
</bind>
</comp>

<comp id="22" class="1001" name="const_22">
<pin_list>
<pin id="23" dir="1" index="0" bw="1" slack="0"/>
</pin_list>
<bind>
<StgValue><ssdm name=""/></StgValue>
</bind>
</comp>

<comp id="24" class="1001" name="const_24">
<pin_list>
<pin id="25" dir="1" index="0" bw="1" slack="0"/>
</pin_list>
<bind>
<StgValue><ssdm name=""/></StgValue>
</bind>
</comp>

<comp id="26" class="1001" name="const_26">
<pin_list>
<pin id="27" dir="1" index="0" bw="1" slack="0"/>
</pin_list>
<bind>
<StgValue><ssdm name=""/></StgValue>
</bind>
</comp>

<comp id="28" class="1001" name="const_28">
<pin_list>
<pin id="29" dir="1" index="0" bw="1" slack="0"/>
</pin_list>
<bind>
<StgValue><ssdm name=""/></StgValue>
</bind>
</comp>

<comp id="30" class="1001" name="const_30">
<pin_list>
<pin id="31" dir="1" index="0" bw="1" slack="0"/>
</pin_list>
<bind>
<StgValue><ssdm name=""/></StgValue>
</bind>
</comp>

<comp id="32" class="1001" name="const_32">
<pin_list>
<pin id="33" dir="1" index="0" bw="1" slack="0"/>
</pin_list>
<bind>
<StgValue><ssdm name=""/></StgValue>
</bind>
</comp>

<comp id="34" class="1001" name="const_34">
<pin_list>
<pin id="35" dir="1" index="0" bw="1" slack="0"/>
</pin_list>
<bind>
<StgValue><ssdm name=""/></StgValue>
</bind>
</comp>

<comp id="36" class="1001" name="const_36">
<pin_list>
<pin id="37" dir="1" index="0" bw="1" slack="0"/>
</pin_list>
<bind>
<StgValue><ssdm name=""/></StgValue>
</bind>
</comp>

<comp id="38" class="1001" name="const_38">
<pin_list>
<pin id="39" dir="1" index="0" bw="1" slack="0"/>
</pin_list>
<bind>
<StgValue><ssdm name=""/></StgValue>
</bind>
</comp>

<comp id="40" class="1001" name="const_40">
<pin_list>
<pin id="41" dir="1" index="0" bw="1" slack="0"/>
</pin_list>
<bind>
<StgValue><ssdm name=""/></StgValue>
</bind>
</comp>

<comp id="42" class="1001" name="const_42">
<pin_list>
<pin id="43" dir="1" index="0" bw="1" slack="0"/>
</pin_list>
<bind>
<StgValue><ssdm name=""/></StgValue>
</bind>
</comp>

<comp id="44" class="1001" name="const_44">
<pin_list>
<pin id="45" dir="1" index="0" bw="1" slack="0"/>
</pin_list>
<bind>
<StgValue><ssdm name=""/></StgValue>
</bind>
</comp>

<comp id="46" class="1001" name="const_46">
<pin_list>
<pin id="47" dir="1" index="0" bw="1" slack="0"/>
</pin_list>
<bind>
<StgValue><ssdm name=""/></StgValue>
</bind>
</comp>

<comp id="48" class="1001" name="const_48">
<pin_list>
<pin id="49" dir="1" index="0" bw="1" slack="0"/>
</pin_list>
<bind>
<StgValue><ssdm name=""/></StgValue>
</bind>
</comp>

<comp id="50" class="1001" name="const_50">
<pin_list>
<pin id="51" dir="1" index="0" bw="1" slack="0"/>
</pin_list>
<bind>
<StgValue><ssdm name=""/></StgValue>
</bind>
</comp>

<comp id="52" class="1001" name="const_52">
<pin_list>
<pin id="53" dir="1" index="0" bw="1" slack="0"/>
</pin_list>
<bind>
<StgValue><ssdm name=""/></StgValue>
</bind>
</comp>

<comp id="54" class="1001" name="const_54">
<pin_list>
<pin id="55" dir="1" index="0" bw="1" slack="0"/>
</pin_list>
<bind>
<StgValue><ssdm name=""/></StgValue>
</bind>
</comp>

<comp id="56" class="1001" name="const_56">
<pin_list>
<pin id="57" dir="1" index="0" bw="1" slack="0"/>
</pin_list>
<bind>
<StgValue><ssdm name=""/></StgValue>
</bind>
</comp>

<comp id="58" class="1001" name="const_58">
<pin_list>
<pin id="59" dir="1" index="0" bw="1" slack="0"/>
</pin_list>
<bind>
<StgValue><ssdm name=""/></StgValue>
</bind>
</comp>

<comp id="60" class="1001" name="const_60">
<pin_list>
<pin id="61" dir="1" index="0" bw="1" slack="0"/>
</pin_list>
<bind>
<StgValue><ssdm name=""/></StgValue>
</bind>
</comp>

<comp id="62" class="1001" name="const_62">
<pin_list>
<pin id="63" dir="1" index="0" bw="1" slack="0"/>
</pin_list>
<bind>
<StgValue><ssdm name=""/></StgValue>
</bind>
</comp>

<comp id="64" class="1001" name="const_64">
<pin_list>
<pin id="65" dir="1" index="0" bw="1" slack="0"/>
</pin_list>
<bind>
<StgValue><ssdm name=""/></StgValue>
</bind>
</comp>

<comp id="66" class="1001" name="const_66">
<pin_list>
<pin id="67" dir="1" index="0" bw="1" slack="0"/>
</pin_list>
<bind>
<StgValue><ssdm name=""/></StgValue>
</bind>
</comp>

<comp id="68" class="1001" name="const_68">
<pin_list>
<pin id="69" dir="1" index="0" bw="1" slack="0"/>
</pin_list>
<bind>
<StgValue><ssdm name=""/></StgValue>
</bind>
</comp>

<comp id="70" class="1001" name="const_70">
<pin_list>
<pin id="71" dir="1" index="0" bw="1" slack="0"/>
</pin_list>
<bind>
<StgValue><ssdm name=""/></StgValue>
</bind>
</comp>

<comp id="72" class="1001" name="const_72">
<pin_list>
<pin id="73" dir="1" index="0" bw="1" slack="0"/>
</pin_list>
<bind>
<StgValue><ssdm name=""/></StgValue>
</bind>
</comp>

<comp id="74" class="1001" name="const_74">
<pin_list>
<pin id="75" dir="1" index="0" bw="1" slack="0"/>
</pin_list>
<bind>
<StgValue><ssdm name=""/></StgValue>
</bind>
</comp>

<comp id="76" class="1001" name="const_76">
<pin_list>
<pin id="77" dir="1" index="0" bw="1" slack="0"/>
</pin_list>
<bind>
<StgValue><ssdm name=""/></StgValue>
</bind>
</comp>

<comp id="78" class="1001" name="const_78">
<pin_list>
<pin id="79" dir="1" index="0" bw="1" slack="0"/>
</pin_list>
<bind>
<StgValue><ssdm name=""/></StgValue>
</bind>
</comp>

<comp id="80" class="1001" name="const_80">
<pin_list>
<pin id="81" dir="1" index="0" bw="1" slack="0"/>
</pin_list>
<bind>
<StgValue><ssdm name=""/></StgValue>
</bind>
</comp>

<comp id="82" class="1001" name="const_82">
<pin_list>
<pin id="83" dir="1" index="0" bw="1" slack="0"/>
</pin_list>
<bind>
<StgValue><ssdm name=""/></StgValue>
</bind>
</comp>

<comp id="84" class="1001" name="const_84">
<pin_list>
<pin id="85" dir="1" index="0" bw="1" slack="0"/>
</pin_list>
<bind>
<StgValue><ssdm name=""/></StgValue>
</bind>
</comp>

<comp id="86" class="1001" name="const_86">
<pin_list>
<pin id="87" dir="1" index="0" bw="1" slack="0"/>
</pin_list>
<bind>
<StgValue><ssdm name=""/></StgValue>
</bind>
</comp>

<comp id="88" class="1001" name="const_88">
<pin_list>
<pin id="89" dir="1" index="0" bw="1" slack="0"/>
</pin_list>
<bind>
<StgValue><ssdm name=""/></StgValue>
</bind>
</comp>

<comp id="90" class="1001" name="const_90">
<pin_list>
<pin id="91" dir="1" index="0" bw="1" slack="0"/>
</pin_list>
<bind>
<StgValue><ssdm name=""/></StgValue>
</bind>
</comp>

<comp id="92" class="1001" name="const_92">
<pin_list>
<pin id="93" dir="1" index="0" bw="1" slack="0"/>
</pin_list>
<bind>
<StgValue><ssdm name=""/></StgValue>
</bind>
</comp>

<comp id="94" class="1001" name="const_94">
<pin_list>
<pin id="95" dir="1" index="0" bw="1" slack="0"/>
</pin_list>
<bind>
<StgValue><ssdm name=""/></StgValue>
</bind>
</comp>

<comp id="96" class="1001" name="const_96">
<pin_list>
<pin id="97" dir="1" index="0" bw="1" slack="0"/>
</pin_list>
<bind>
<StgValue><ssdm name=""/></StgValue>
</bind>
</comp>

<comp id="98" class="1001" name="const_98">
<pin_list>
<pin id="99" dir="1" index="0" bw="1" slack="0"/>
</pin_list>
<bind>
<StgValue><ssdm name=""/></StgValue>
</bind>
</comp>

<comp id="100" class="1004" name="data2_val_read_read_fu_100">
<pin_list>
<pin id="101" dir="0" index="0" bw="16" slack="0"/>
<pin id="102" dir="0" index="1" bw="16" slack="0"/>
<pin id="103" dir="1" index="2" bw="16" slack="0"/>
</pin_list>
<bind>
<opcode="read(1150) " fcode="read"/>
<opset="data2_val_read/1 "/>
</bind>
</comp>

<comp id="106" class="1004" name="data1_val_read_read_fu_106">
<pin_list>
<pin id="107" dir="0" index="0" bw="336" slack="0"/>
<pin id="108" dir="0" index="1" bw="336" slack="0"/>
<pin id="109" dir="1" index="2" bw="336" slack="0"/>
</pin_list>
<bind>
<opcode="read(1150) " fcode="read"/>
<opset="data1_val_read/1 "/>
</bind>
</comp>

<comp id="112" class="1004" name="trunc_ln120_fu_112">
<pin_list>
<pin id="113" dir="0" index="0" bw="336" slack="0"/>
<pin id="114" dir="1" index="1" bw="16" slack="0"/>
</pin_list>
<bind>
<opcode="trunc(33) " fcode="trunc"/>
<opset="trunc_ln120/1 "/>
</bind>
</comp>

<comp id="116" class="1004" name="res_s_fu_116">
<pin_list>
<pin id="117" dir="0" index="0" bw="16" slack="0"/>
<pin id="118" dir="0" index="1" bw="336" slack="0"/>
<pin id="119" dir="0" index="2" bw="6" slack="0"/>
<pin id="120" dir="0" index="3" bw="6" slack="0"/>
<pin id="121" dir="1" index="4" bw="16" slack="0"/>
</pin_list>
<bind>
<opcode="partselect(1002) " fcode="partselect"/>
<opset="res_s/1 "/>
</bind>
</comp>

<comp id="126" class="1004" name="res_12_fu_126">
<pin_list>
<pin id="127" dir="0" index="0" bw="16" slack="0"/>
<pin id="128" dir="0" index="1" bw="336" slack="0"/>
<pin id="129" dir="0" index="2" bw="7" slack="0"/>
<pin id="130" dir="0" index="3" bw="7" slack="0"/>
<pin id="131" dir="1" index="4" bw="16" slack="0"/>
</pin_list>
<bind>
<opcode="partselect(1002) " fcode="partselect"/>
<opset="res_12/1 "/>
</bind>
</comp>

<comp id="136" class="1004" name="res_13_fu_136">
<pin_list>
<pin id="137" dir="0" index="0" bw="16" slack="0"/>
<pin id="138" dir="0" index="1" bw="336" slack="0"/>
<pin id="139" dir="0" index="2" bw="7" slack="0"/>
<pin id="140" dir="0" index="3" bw="7" slack="0"/>
<pin id="141" dir="1" index="4" bw="16" slack="0"/>
</pin_list>
<bind>
<opcode="partselect(1002) " fcode="partselect"/>
<opset="res_13/1 "/>
</bind>
</comp>

<comp id="146" class="1004" name="res_14_fu_146">
<pin_list>
<pin id="147" dir="0" index="0" bw="16" slack="0"/>
<pin id="148" dir="0" index="1" bw="336" slack="0"/>
<pin id="149" dir="0" index="2" bw="8" slack="0"/>
<pin id="150" dir="0" index="3" bw="8" slack="0"/>
<pin id="151" dir="1" index="4" bw="16" slack="0"/>
</pin_list>
<bind>
<opcode="partselect(1002) " fcode="partselect"/>
<opset="res_14/1 "/>
</bind>
</comp>

<comp id="156" class="1004" name="res_15_fu_156">
<pin_list>
<pin id="157" dir="0" index="0" bw="16" slack="0"/>
<pin id="158" dir="0" index="1" bw="336" slack="0"/>
<pin id="159" dir="0" index="2" bw="8" slack="0"/>
<pin id="160" dir="0" index="3" bw="8" slack="0"/>
<pin id="161" dir="1" index="4" bw="16" slack="0"/>
</pin_list>
<bind>
<opcode="partselect(1002) " fcode="partselect"/>
<opset="res_15/1 "/>
</bind>
</comp>

<comp id="166" class="1004" name="res_16_fu_166">
<pin_list>
<pin id="167" dir="0" index="0" bw="16" slack="0"/>
<pin id="168" dir="0" index="1" bw="336" slack="0"/>
<pin id="169" dir="0" index="2" bw="8" slack="0"/>
<pin id="170" dir="0" index="3" bw="8" slack="0"/>
<pin id="171" dir="1" index="4" bw="16" slack="0"/>
</pin_list>
<bind>
<opcode="partselect(1002) " fcode="partselect"/>
<opset="res_16/1 "/>
</bind>
</comp>

<comp id="176" class="1004" name="res_17_fu_176">
<pin_list>
<pin id="177" dir="0" index="0" bw="16" slack="0"/>
<pin id="178" dir="0" index="1" bw="336" slack="0"/>
<pin id="179" dir="0" index="2" bw="8" slack="0"/>
<pin id="180" dir="0" index="3" bw="8" slack="0"/>
<pin id="181" dir="1" index="4" bw="16" slack="0"/>
</pin_list>
<bind>
<opcode="partselect(1002) " fcode="partselect"/>
<opset="res_17/1 "/>
</bind>
</comp>

<comp id="186" class="1004" name="res_18_fu_186">
<pin_list>
<pin id="187" dir="0" index="0" bw="16" slack="0"/>
<pin id="188" dir="0" index="1" bw="336" slack="0"/>
<pin id="189" dir="0" index="2" bw="9" slack="0"/>
<pin id="190" dir="0" index="3" bw="9" slack="0"/>
<pin id="191" dir="1" index="4" bw="16" slack="0"/>
</pin_list>
<bind>
<opcode="partselect(1002) " fcode="partselect"/>
<opset="res_18/1 "/>
</bind>
</comp>

<comp id="196" class="1004" name="res_19_fu_196">
<pin_list>
<pin id="197" dir="0" index="0" bw="16" slack="0"/>
<pin id="198" dir="0" index="1" bw="336" slack="0"/>
<pin id="199" dir="0" index="2" bw="9" slack="0"/>
<pin id="200" dir="0" index="3" bw="9" slack="0"/>
<pin id="201" dir="1" index="4" bw="16" slack="0"/>
</pin_list>
<bind>
<opcode="partselect(1002) " fcode="partselect"/>
<opset="res_19/1 "/>
</bind>
</comp>

<comp id="206" class="1004" name="res_20_fu_206">
<pin_list>
<pin id="207" dir="0" index="0" bw="16" slack="0"/>
<pin id="208" dir="0" index="1" bw="336" slack="0"/>
<pin id="209" dir="0" index="2" bw="9" slack="0"/>
<pin id="210" dir="0" index="3" bw="9" slack="0"/>
<pin id="211" dir="1" index="4" bw="16" slack="0"/>
</pin_list>
<bind>
<opcode="partselect(1002) " fcode="partselect"/>
<opset="res_20/1 "/>
</bind>
</comp>

<comp id="216" class="1004" name="res_22_fu_216">
<pin_list>
<pin id="217" dir="0" index="0" bw="16" slack="0"/>
<pin id="218" dir="0" index="1" bw="336" slack="0"/>
<pin id="219" dir="0" index="2" bw="9" slack="0"/>
<pin id="220" dir="0" index="3" bw="9" slack="0"/>
<pin id="221" dir="1" index="4" bw="16" slack="0"/>
</pin_list>
<bind>
<opcode="partselect(1002) " fcode="partselect"/>
<opset="res_22/1 "/>
</bind>
</comp>

<comp id="226" class="1004" name="res_21_fu_226">
<pin_list>
<pin id="227" dir="0" index="0" bw="16" slack="0"/>
<pin id="228" dir="0" index="1" bw="336" slack="0"/>
<pin id="229" dir="0" index="2" bw="9" slack="0"/>
<pin id="230" dir="0" index="3" bw="9" slack="0"/>
<pin id="231" dir="1" index="4" bw="16" slack="0"/>
</pin_list>
<bind>
<opcode="partselect(1002) " fcode="partselect"/>
<opset="res_21/1 "/>
</bind>
</comp>

<comp id="236" class="1004" name="res_23_fu_236">
<pin_list>
<pin id="237" dir="0" index="0" bw="16" slack="0"/>
<pin id="238" dir="0" index="1" bw="336" slack="0"/>
<pin id="239" dir="0" index="2" bw="9" slack="0"/>
<pin id="240" dir="0" index="3" bw="9" slack="0"/>
<pin id="241" dir="1" index="4" bw="16" slack="0"/>
</pin_list>
<bind>
<opcode="partselect(1002) " fcode="partselect"/>
<opset="res_23/1 "/>
</bind>
</comp>

<comp id="246" class="1004" name="res_24_fu_246">
<pin_list>
<pin id="247" dir="0" index="0" bw="16" slack="0"/>
<pin id="248" dir="0" index="1" bw="336" slack="0"/>
<pin id="249" dir="0" index="2" bw="9" slack="0"/>
<pin id="250" dir="0" index="3" bw="9" slack="0"/>
<pin id="251" dir="1" index="4" bw="16" slack="0"/>
</pin_list>
<bind>
<opcode="partselect(1002) " fcode="partselect"/>
<opset="res_24/1 "/>
</bind>
</comp>

<comp id="256" class="1004" name="res_25_fu_256">
<pin_list>
<pin id="257" dir="0" index="0" bw="16" slack="0"/>
<pin id="258" dir="0" index="1" bw="336" slack="0"/>
<pin id="259" dir="0" index="2" bw="9" slack="0"/>
<pin id="260" dir="0" index="3" bw="9" slack="0"/>
<pin id="261" dir="1" index="4" bw="16" slack="0"/>
</pin_list>
<bind>
<opcode="partselect(1002) " fcode="partselect"/>
<opset="res_25/1 "/>
</bind>
</comp>

<comp id="266" class="1004" name="res_26_fu_266">
<pin_list>
<pin id="267" dir="0" index="0" bw="16" slack="0"/>
<pin id="268" dir="0" index="1" bw="336" slack="0"/>
<pin id="269" dir="0" index="2" bw="10" slack="0"/>
<pin id="270" dir="0" index="3" bw="10" slack="0"/>
<pin id="271" dir="1" index="4" bw="16" slack="0"/>
</pin_list>
<bind>
<opcode="partselect(1002) " fcode="partselect"/>
<opset="res_26/1 "/>
</bind>
</comp>

<comp id="276" class="1004" name="res_27_fu_276">
<pin_list>
<pin id="277" dir="0" index="0" bw="16" slack="0"/>
<pin id="278" dir="0" index="1" bw="336" slack="0"/>
<pin id="279" dir="0" index="2" bw="10" slack="0"/>
<pin id="280" dir="0" index="3" bw="10" slack="0"/>
<pin id="281" dir="1" index="4" bw="16" slack="0"/>
</pin_list>
<bind>
<opcode="partselect(1002) " fcode="partselect"/>
<opset="res_27/1 "/>
</bind>
</comp>

<comp id="286" class="1004" name="res_28_fu_286">
<pin_list>
<pin id="287" dir="0" index="0" bw="16" slack="0"/>
<pin id="288" dir="0" index="1" bw="336" slack="0"/>
<pin id="289" dir="0" index="2" bw="10" slack="0"/>
<pin id="290" dir="0" index="3" bw="10" slack="0"/>
<pin id="291" dir="1" index="4" bw="16" slack="0"/>
</pin_list>
<bind>
<opcode="partselect(1002) " fcode="partselect"/>
<opset="res_28/1 "/>
</bind>
</comp>

<comp id="296" class="1004" name="res_29_fu_296">
<pin_list>
<pin id="297" dir="0" index="0" bw="16" slack="0"/>
<pin id="298" dir="0" index="1" bw="336" slack="0"/>
<pin id="299" dir="0" index="2" bw="10" slack="0"/>
<pin id="300" dir="0" index="3" bw="10" slack="0"/>
<pin id="301" dir="1" index="4" bw="16" slack="0"/>
</pin_list>
<bind>
<opcode="partselect(1002) " fcode="partselect"/>
<opset="res_29/1 "/>
</bind>
</comp>

<comp id="306" class="1004" name="res_30_fu_306">
<pin_list>
<pin id="307" dir="0" index="0" bw="16" slack="0"/>
<pin id="308" dir="0" index="1" bw="336" slack="0"/>
<pin id="309" dir="0" index="2" bw="10" slack="0"/>
<pin id="310" dir="0" index="3" bw="10" slack="0"/>
<pin id="311" dir="1" index="4" bw="16" slack="0"/>
</pin_list>
<bind>
<opcode="partselect(1002) " fcode="partselect"/>
<opset="res_30/1 "/>
</bind>
</comp>

<comp id="316" class="1004" name="mrv_fu_316">
<pin_list>
<pin id="317" dir="0" index="0" bw="352" slack="0"/>
<pin id="318" dir="0" index="1" bw="16" slack="0"/>
<pin id="319" dir="1" index="2" bw="352" slack="0"/>
</pin_list>
<bind>
<opcode="insertvalue(57) " fcode="insertvalue"/>
<opset="mrv/1 "/>
</bind>
</comp>

<comp id="322" class="1004" name="mrv_1_fu_322">
<pin_list>
<pin id="323" dir="0" index="0" bw="352" slack="0"/>
<pin id="324" dir="0" index="1" bw="16" slack="0"/>
<pin id="325" dir="1" index="2" bw="352" slack="0"/>
</pin_list>
<bind>
<opcode="insertvalue(57) " fcode="insertvalue"/>
<opset="mrv_1/1 "/>
</bind>
</comp>

<comp id="328" class="1004" name="mrv_2_fu_328">
<pin_list>
<pin id="329" dir="0" index="0" bw="352" slack="0"/>
<pin id="330" dir="0" index="1" bw="16" slack="0"/>
<pin id="331" dir="1" index="2" bw="352" slack="0"/>
</pin_list>
<bind>
<opcode="insertvalue(57) " fcode="insertvalue"/>
<opset="mrv_2/1 "/>
</bind>
</comp>

<comp id="334" class="1004" name="mrv_3_fu_334">
<pin_list>
<pin id="335" dir="0" index="0" bw="352" slack="0"/>
<pin id="336" dir="0" index="1" bw="16" slack="0"/>
<pin id="337" dir="1" index="2" bw="352" slack="0"/>
</pin_list>
<bind>
<opcode="insertvalue(57) " fcode="insertvalue"/>
<opset="mrv_3/1 "/>
</bind>
</comp>

<comp id="340" class="1004" name="mrv_4_fu_340">
<pin_list>
<pin id="341" dir="0" index="0" bw="352" slack="0"/>
<pin id="342" dir="0" index="1" bw="16" slack="0"/>
<pin id="343" dir="1" index="2" bw="352" slack="0"/>
</pin_list>
<bind>
<opcode="insertvalue(57) " fcode="insertvalue"/>
<opset="mrv_4/1 "/>
</bind>
</comp>

<comp id="346" class="1004" name="mrv_5_fu_346">
<pin_list>
<pin id="347" dir="0" index="0" bw="352" slack="0"/>
<pin id="348" dir="0" index="1" bw="16" slack="0"/>
<pin id="349" dir="1" index="2" bw="352" slack="0"/>
</pin_list>
<bind>
<opcode="insertvalue(57) " fcode="insertvalue"/>
<opset="mrv_5/1 "/>
</bind>
</comp>

<comp id="352" class="1004" name="mrv_6_fu_352">
<pin_list>
<pin id="353" dir="0" index="0" bw="352" slack="0"/>
<pin id="354" dir="0" index="1" bw="16" slack="0"/>
<pin id="355" dir="1" index="2" bw="352" slack="0"/>
</pin_list>
<bind>
<opcode="insertvalue(57) " fcode="insertvalue"/>
<opset="mrv_6/1 "/>
</bind>
</comp>

<comp id="358" class="1004" name="mrv_7_fu_358">
<pin_list>
<pin id="359" dir="0" index="0" bw="352" slack="0"/>
<pin id="360" dir="0" index="1" bw="16" slack="0"/>
<pin id="361" dir="1" index="2" bw="352" slack="0"/>
</pin_list>
<bind>
<opcode="insertvalue(57) " fcode="insertvalue"/>
<opset="mrv_7/1 "/>
</bind>
</comp>

<comp id="364" class="1004" name="mrv_8_fu_364">
<pin_list>
<pin id="365" dir="0" index="0" bw="352" slack="0"/>
<pin id="366" dir="0" index="1" bw="16" slack="0"/>
<pin id="367" dir="1" index="2" bw="352" slack="0"/>
</pin_list>
<bind>
<opcode="insertvalue(57) " fcode="insertvalue"/>
<opset="mrv_8/1 "/>
</bind>
</comp>

<comp id="370" class="1004" name="mrv_9_fu_370">
<pin_list>
<pin id="371" dir="0" index="0" bw="352" slack="0"/>
<pin id="372" dir="0" index="1" bw="16" slack="0"/>
<pin id="373" dir="1" index="2" bw="352" slack="0"/>
</pin_list>
<bind>
<opcode="insertvalue(57) " fcode="insertvalue"/>
<opset="mrv_9/1 "/>
</bind>
</comp>

<comp id="376" class="1004" name="mrv_10_fu_376">
<pin_list>
<pin id="377" dir="0" index="0" bw="352" slack="0"/>
<pin id="378" dir="0" index="1" bw="16" slack="0"/>
<pin id="379" dir="1" index="2" bw="352" slack="0"/>
</pin_list>
<bind>
<opcode="insertvalue(57) " fcode="insertvalue"/>
<opset="mrv_10/1 "/>
</bind>
</comp>

<comp id="382" class="1004" name="mrv_11_fu_382">
<pin_list>
<pin id="383" dir="0" index="0" bw="352" slack="0"/>
<pin id="384" dir="0" index="1" bw="16" slack="0"/>
<pin id="385" dir="1" index="2" bw="352" slack="0"/>
</pin_list>
<bind>
<opcode="insertvalue(57) " fcode="insertvalue"/>
<opset="mrv_11/1 "/>
</bind>
</comp>

<comp id="388" class="1004" name="mrv_12_fu_388">
<pin_list>
<pin id="389" dir="0" index="0" bw="352" slack="0"/>
<pin id="390" dir="0" index="1" bw="16" slack="0"/>
<pin id="391" dir="1" index="2" bw="352" slack="0"/>
</pin_list>
<bind>
<opcode="insertvalue(57) " fcode="insertvalue"/>
<opset="mrv_12/1 "/>
</bind>
</comp>

<comp id="394" class="1004" name="mrv_13_fu_394">
<pin_list>
<pin id="395" dir="0" index="0" bw="352" slack="0"/>
<pin id="396" dir="0" index="1" bw="16" slack="0"/>
<pin id="397" dir="1" index="2" bw="352" slack="0"/>
</pin_list>
<bind>
<opcode="insertvalue(57) " fcode="insertvalue"/>
<opset="mrv_13/1 "/>
</bind>
</comp>

<comp id="400" class="1004" name="mrv_14_fu_400">
<pin_list>
<pin id="401" dir="0" index="0" bw="352" slack="0"/>
<pin id="402" dir="0" index="1" bw="16" slack="0"/>
<pin id="403" dir="1" index="2" bw="352" slack="0"/>
</pin_list>
<bind>
<opcode="insertvalue(57) " fcode="insertvalue"/>
<opset="mrv_14/1 "/>
</bind>
</comp>

<comp id="406" class="1004" name="mrv_15_fu_406">
<pin_list>
<pin id="407" dir="0" index="0" bw="352" slack="0"/>
<pin id="408" dir="0" index="1" bw="16" slack="0"/>
<pin id="409" dir="1" index="2" bw="352" slack="0"/>
</pin_list>
<bind>
<opcode="insertvalue(57) " fcode="insertvalue"/>
<opset="mrv_15/1 "/>
</bind>
</comp>

<comp id="412" class="1004" name="mrv_16_fu_412">
<pin_list>
<pin id="413" dir="0" index="0" bw="352" slack="0"/>
<pin id="414" dir="0" index="1" bw="16" slack="0"/>
<pin id="415" dir="1" index="2" bw="352" slack="0"/>
</pin_list>
<bind>
<opcode="insertvalue(57) " fcode="insertvalue"/>
<opset="mrv_16/1 "/>
</bind>
</comp>

<comp id="418" class="1004" name="mrv_17_fu_418">
<pin_list>
<pin id="419" dir="0" index="0" bw="352" slack="0"/>
<pin id="420" dir="0" index="1" bw="16" slack="0"/>
<pin id="421" dir="1" index="2" bw="352" slack="0"/>
</pin_list>
<bind>
<opcode="insertvalue(57) " fcode="insertvalue"/>
<opset="mrv_17/1 "/>
</bind>
</comp>

<comp id="424" class="1004" name="mrv_18_fu_424">
<pin_list>
<pin id="425" dir="0" index="0" bw="352" slack="0"/>
<pin id="426" dir="0" index="1" bw="16" slack="0"/>
<pin id="427" dir="1" index="2" bw="352" slack="0"/>
</pin_list>
<bind>
<opcode="insertvalue(57) " fcode="insertvalue"/>
<opset="mrv_18/1 "/>
</bind>
</comp>

<comp id="430" class="1004" name="mrv_19_fu_430">
<pin_list>
<pin id="431" dir="0" index="0" bw="352" slack="0"/>
<pin id="432" dir="0" index="1" bw="16" slack="0"/>
<pin id="433" dir="1" index="2" bw="352" slack="0"/>
</pin_list>
<bind>
<opcode="insertvalue(57) " fcode="insertvalue"/>
<opset="mrv_19/1 "/>
</bind>
</comp>

<comp id="436" class="1004" name="mrv_20_fu_436">
<pin_list>
<pin id="437" dir="0" index="0" bw="352" slack="0"/>
<pin id="438" dir="0" index="1" bw="16" slack="0"/>
<pin id="439" dir="1" index="2" bw="352" slack="0"/>
</pin_list>
<bind>
<opcode="insertvalue(57) " fcode="insertvalue"/>
<opset="mrv_20/1 "/>
</bind>
</comp>

<comp id="442" class="1004" name="mrv_21_fu_442">
<pin_list>
<pin id="443" dir="0" index="0" bw="352" slack="0"/>
<pin id="444" dir="0" index="1" bw="16" slack="0"/>
<pin id="445" dir="1" index="2" bw="352" slack="2147483647"/>
</pin_list>
<bind>
<opcode="insertvalue(57) " fcode="insertvalue"/>
<opset="mrv_21/1 "/>
</bind>
</comp>

</comp_list>

<net_list>
<net id="104"><net_src comp="12" pin="0"/><net_sink comp="100" pin=0"/></net>

<net id="105"><net_src comp="2" pin="0"/><net_sink comp="100" pin=1"/></net>

<net id="110"><net_src comp="14" pin="0"/><net_sink comp="106" pin=0"/></net>

<net id="111"><net_src comp="0" pin="0"/><net_sink comp="106" pin=1"/></net>

<net id="115"><net_src comp="106" pin="2"/><net_sink comp="112" pin=0"/></net>

<net id="122"><net_src comp="16" pin="0"/><net_sink comp="116" pin=0"/></net>

<net id="123"><net_src comp="106" pin="2"/><net_sink comp="116" pin=1"/></net>

<net id="124"><net_src comp="18" pin="0"/><net_sink comp="116" pin=2"/></net>

<net id="125"><net_src comp="20" pin="0"/><net_sink comp="116" pin=3"/></net>

<net id="132"><net_src comp="16" pin="0"/><net_sink comp="126" pin=0"/></net>

<net id="133"><net_src comp="106" pin="2"/><net_sink comp="126" pin=1"/></net>

<net id="134"><net_src comp="22" pin="0"/><net_sink comp="126" pin=2"/></net>

<net id="135"><net_src comp="24" pin="0"/><net_sink comp="126" pin=3"/></net>

<net id="142"><net_src comp="16" pin="0"/><net_sink comp="136" pin=0"/></net>

<net id="143"><net_src comp="106" pin="2"/><net_sink comp="136" pin=1"/></net>

<net id="144"><net_src comp="26" pin="0"/><net_sink comp="136" pin=2"/></net>

<net id="145"><net_src comp="28" pin="0"/><net_sink comp="136" pin=3"/></net>

<net id="152"><net_src comp="16" pin="0"/><net_sink comp="146" pin=0"/></net>

<net id="153"><net_src comp="106" pin="2"/><net_sink comp="146" pin=1"/></net>

<net id="154"><net_src comp="30" pin="0"/><net_sink comp="146" pin=2"/></net>

<net id="155"><net_src comp="32" pin="0"/><net_sink comp="146" pin=3"/></net>

<net id="162"><net_src comp="16" pin="0"/><net_sink comp="156" pin=0"/></net>

<net id="163"><net_src comp="106" pin="2"/><net_sink comp="156" pin=1"/></net>

<net id="164"><net_src comp="34" pin="0"/><net_sink comp="156" pin=2"/></net>

<net id="165"><net_src comp="36" pin="0"/><net_sink comp="156" pin=3"/></net>

<net id="172"><net_src comp="16" pin="0"/><net_sink comp="166" pin=0"/></net>

<net id="173"><net_src comp="106" pin="2"/><net_sink comp="166" pin=1"/></net>

<net id="174"><net_src comp="38" pin="0"/><net_sink comp="166" pin=2"/></net>

<net id="175"><net_src comp="40" pin="0"/><net_sink comp="166" pin=3"/></net>

<net id="182"><net_src comp="16" pin="0"/><net_sink comp="176" pin=0"/></net>

<net id="183"><net_src comp="106" pin="2"/><net_sink comp="176" pin=1"/></net>

<net id="184"><net_src comp="42" pin="0"/><net_sink comp="176" pin=2"/></net>

<net id="185"><net_src comp="44" pin="0"/><net_sink comp="176" pin=3"/></net>

<net id="192"><net_src comp="16" pin="0"/><net_sink comp="186" pin=0"/></net>

<net id="193"><net_src comp="106" pin="2"/><net_sink comp="186" pin=1"/></net>

<net id="194"><net_src comp="46" pin="0"/><net_sink comp="186" pin=2"/></net>

<net id="195"><net_src comp="48" pin="0"/><net_sink comp="186" pin=3"/></net>

<net id="202"><net_src comp="16" pin="0"/><net_sink comp="196" pin=0"/></net>

<net id="203"><net_src comp="106" pin="2"/><net_sink comp="196" pin=1"/></net>

<net id="204"><net_src comp="50" pin="0"/><net_sink comp="196" pin=2"/></net>

<net id="205"><net_src comp="52" pin="0"/><net_sink comp="196" pin=3"/></net>

<net id="212"><net_src comp="16" pin="0"/><net_sink comp="206" pin=0"/></net>

<net id="213"><net_src comp="106" pin="2"/><net_sink comp="206" pin=1"/></net>

<net id="214"><net_src comp="54" pin="0"/><net_sink comp="206" pin=2"/></net>

<net id="215"><net_src comp="56" pin="0"/><net_sink comp="206" pin=3"/></net>

<net id="222"><net_src comp="16" pin="0"/><net_sink comp="216" pin=0"/></net>

<net id="223"><net_src comp="106" pin="2"/><net_sink comp="216" pin=1"/></net>

<net id="224"><net_src comp="58" pin="0"/><net_sink comp="216" pin=2"/></net>

<net id="225"><net_src comp="60" pin="0"/><net_sink comp="216" pin=3"/></net>

<net id="232"><net_src comp="16" pin="0"/><net_sink comp="226" pin=0"/></net>

<net id="233"><net_src comp="106" pin="2"/><net_sink comp="226" pin=1"/></net>

<net id="234"><net_src comp="62" pin="0"/><net_sink comp="226" pin=2"/></net>

<net id="235"><net_src comp="64" pin="0"/><net_sink comp="226" pin=3"/></net>

<net id="242"><net_src comp="16" pin="0"/><net_sink comp="236" pin=0"/></net>

<net id="243"><net_src comp="106" pin="2"/><net_sink comp="236" pin=1"/></net>

<net id="244"><net_src comp="66" pin="0"/><net_sink comp="236" pin=2"/></net>

<net id="245"><net_src comp="68" pin="0"/><net_sink comp="236" pin=3"/></net>

<net id="252"><net_src comp="16" pin="0"/><net_sink comp="246" pin=0"/></net>

<net id="253"><net_src comp="106" pin="2"/><net_sink comp="246" pin=1"/></net>

<net id="254"><net_src comp="70" pin="0"/><net_sink comp="246" pin=2"/></net>

<net id="255"><net_src comp="72" pin="0"/><net_sink comp="246" pin=3"/></net>

<net id="262"><net_src comp="16" pin="0"/><net_sink comp="256" pin=0"/></net>

<net id="263"><net_src comp="106" pin="2"/><net_sink comp="256" pin=1"/></net>

<net id="264"><net_src comp="74" pin="0"/><net_sink comp="256" pin=2"/></net>

<net id="265"><net_src comp="76" pin="0"/><net_sink comp="256" pin=3"/></net>

<net id="272"><net_src comp="16" pin="0"/><net_sink comp="266" pin=0"/></net>

<net id="273"><net_src comp="106" pin="2"/><net_sink comp="266" pin=1"/></net>

<net id="274"><net_src comp="78" pin="0"/><net_sink comp="266" pin=2"/></net>

<net id="275"><net_src comp="80" pin="0"/><net_sink comp="266" pin=3"/></net>

<net id="282"><net_src comp="16" pin="0"/><net_sink comp="276" pin=0"/></net>

<net id="283"><net_src comp="106" pin="2"/><net_sink comp="276" pin=1"/></net>

<net id="284"><net_src comp="82" pin="0"/><net_sink comp="276" pin=2"/></net>

<net id="285"><net_src comp="84" pin="0"/><net_sink comp="276" pin=3"/></net>

<net id="292"><net_src comp="16" pin="0"/><net_sink comp="286" pin=0"/></net>

<net id="293"><net_src comp="106" pin="2"/><net_sink comp="286" pin=1"/></net>

<net id="294"><net_src comp="86" pin="0"/><net_sink comp="286" pin=2"/></net>

<net id="295"><net_src comp="88" pin="0"/><net_sink comp="286" pin=3"/></net>

<net id="302"><net_src comp="16" pin="0"/><net_sink comp="296" pin=0"/></net>

<net id="303"><net_src comp="106" pin="2"/><net_sink comp="296" pin=1"/></net>

<net id="304"><net_src comp="90" pin="0"/><net_sink comp="296" pin=2"/></net>

<net id="305"><net_src comp="92" pin="0"/><net_sink comp="296" pin=3"/></net>

<net id="312"><net_src comp="16" pin="0"/><net_sink comp="306" pin=0"/></net>

<net id="313"><net_src comp="106" pin="2"/><net_sink comp="306" pin=1"/></net>

<net id="314"><net_src comp="94" pin="0"/><net_sink comp="306" pin=2"/></net>

<net id="315"><net_src comp="96" pin="0"/><net_sink comp="306" pin=3"/></net>

<net id="320"><net_src comp="98" pin="0"/><net_sink comp="316" pin=0"/></net>

<net id="321"><net_src comp="112" pin="1"/><net_sink comp="316" pin=1"/></net>

<net id="326"><net_src comp="316" pin="2"/><net_sink comp="322" pin=0"/></net>

<net id="327"><net_src comp="116" pin="4"/><net_sink comp="322" pin=1"/></net>

<net id="332"><net_src comp="322" pin="2"/><net_sink comp="328" pin=0"/></net>

<net id="333"><net_src comp="126" pin="4"/><net_sink comp="328" pin=1"/></net>

<net id="338"><net_src comp="328" pin="2"/><net_sink comp="334" pin=0"/></net>

<net id="339"><net_src comp="136" pin="4"/><net_sink comp="334" pin=1"/></net>

<net id="344"><net_src comp="334" pin="2"/><net_sink comp="340" pin=0"/></net>

<net id="345"><net_src comp="146" pin="4"/><net_sink comp="340" pin=1"/></net>

<net id="350"><net_src comp="340" pin="2"/><net_sink comp="346" pin=0"/></net>

<net id="351"><net_src comp="156" pin="4"/><net_sink comp="346" pin=1"/></net>

<net id="356"><net_src comp="346" pin="2"/><net_sink comp="352" pin=0"/></net>

<net id="357"><net_src comp="166" pin="4"/><net_sink comp="352" pin=1"/></net>

<net id="362"><net_src comp="352" pin="2"/><net_sink comp="358" pin=0"/></net>

<net id="363"><net_src comp="176" pin="4"/><net_sink comp="358" pin=1"/></net>

<net id="368"><net_src comp="358" pin="2"/><net_sink comp="364" pin=0"/></net>

<net id="369"><net_src comp="186" pin="4"/><net_sink comp="364" pin=1"/></net>

<net id="374"><net_src comp="364" pin="2"/><net_sink comp="370" pin=0"/></net>

<net id="375"><net_src comp="196" pin="4"/><net_sink comp="370" pin=1"/></net>

<net id="380"><net_src comp="370" pin="2"/><net_sink comp="376" pin=0"/></net>

<net id="381"><net_src comp="206" pin="4"/><net_sink comp="376" pin=1"/></net>

<net id="386"><net_src comp="376" pin="2"/><net_sink comp="382" pin=0"/></net>

<net id="387"><net_src comp="216" pin="4"/><net_sink comp="382" pin=1"/></net>

<net id="392"><net_src comp="382" pin="2"/><net_sink comp="388" pin=0"/></net>

<net id="393"><net_src comp="226" pin="4"/><net_sink comp="388" pin=1"/></net>

<net id="398"><net_src comp="388" pin="2"/><net_sink comp="394" pin=0"/></net>

<net id="399"><net_src comp="236" pin="4"/><net_sink comp="394" pin=1"/></net>

<net id="404"><net_src comp="394" pin="2"/><net_sink comp="400" pin=0"/></net>

<net id="405"><net_src comp="246" pin="4"/><net_sink comp="400" pin=1"/></net>

<net id="410"><net_src comp="400" pin="2"/><net_sink comp="406" pin=0"/></net>

<net id="411"><net_src comp="256" pin="4"/><net_sink comp="406" pin=1"/></net>

<net id="416"><net_src comp="406" pin="2"/><net_sink comp="412" pin=0"/></net>

<net id="417"><net_src comp="266" pin="4"/><net_sink comp="412" pin=1"/></net>

<net id="422"><net_src comp="412" pin="2"/><net_sink comp="418" pin=0"/></net>

<net id="423"><net_src comp="276" pin="4"/><net_sink comp="418" pin=1"/></net>

<net id="428"><net_src comp="418" pin="2"/><net_sink comp="424" pin=0"/></net>

<net id="429"><net_src comp="286" pin="4"/><net_sink comp="424" pin=1"/></net>

<net id="434"><net_src comp="424" pin="2"/><net_sink comp="430" pin=0"/></net>

<net id="435"><net_src comp="296" pin="4"/><net_sink comp="430" pin=1"/></net>

<net id="440"><net_src comp="430" pin="2"/><net_sink comp="436" pin=0"/></net>

<net id="441"><net_src comp="306" pin="4"/><net_sink comp="436" pin=1"/></net>

<net id="446"><net_src comp="436" pin="2"/><net_sink comp="442" pin=0"/></net>

<net id="447"><net_src comp="100" pin="2"/><net_sink comp="442" pin=1"/></net>

</net_list>

</model> 
---------------- Datapath Model END ------------------

* FSMD analyzer results:
  - Output states:
 - Input state : 
	Port: concatenate1d<ap_fixed,ap_fixed,ap_fixed<16,6,5,3,0>,config5> : data1_val | {1 }
	Port: concatenate1d<ap_fixed,ap_fixed,ap_fixed<16,6,5,3,0>,config5> : data2_val | {1 }
  - Chain level:
	State 1
		mrv : 1
		mrv_1 : 2
		mrv_2 : 3
		mrv_3 : 4
		mrv_4 : 5
		mrv_5 : 6
		mrv_6 : 7
		mrv_7 : 8
		mrv_8 : 9
		mrv_9 : 10
		mrv_10 : 11
		mrv_11 : 12
		mrv_12 : 13
		mrv_13 : 14
		mrv_14 : 15
		mrv_15 : 16
		mrv_16 : 17
		mrv_17 : 18
		mrv_18 : 19
		mrv_19 : 20
		mrv_20 : 21
		mrv_21 : 22
		ret_ln125 : 23


============================================================
+ Verbose Summary: Datapath Resource usage 
============================================================

* Functional unit list:
|----------|----------------------------|
| Operation|       Functional Unit      |
|----------|----------------------------|
|   read   | data2_val_read_read_fu_100 |
|          | data1_val_read_read_fu_106 |
|----------|----------------------------|
|   trunc  |     trunc_ln120_fu_112     |
|----------|----------------------------|
|          |        res_s_fu_116        |
|          |        res_12_fu_126       |
|          |        res_13_fu_136       |
|          |        res_14_fu_146       |
|          |        res_15_fu_156       |
|          |        res_16_fu_166       |
|          |        res_17_fu_176       |
|          |        res_18_fu_186       |
|          |        res_19_fu_196       |
|partselect|        res_20_fu_206       |
|          |        res_22_fu_216       |
|          |        res_21_fu_226       |
|          |        res_23_fu_236       |
|          |        res_24_fu_246       |
|          |        res_25_fu_256       |
|          |        res_26_fu_266       |
|          |        res_27_fu_276       |
|          |        res_28_fu_286       |
|          |        res_29_fu_296       |
|          |        res_30_fu_306       |
|----------|----------------------------|
|          |         mrv_fu_316         |
|          |        mrv_1_fu_322        |
|          |        mrv_2_fu_328        |
|          |        mrv_3_fu_334        |
|          |        mrv_4_fu_340        |
|          |        mrv_5_fu_346        |
|          |        mrv_6_fu_352        |
|          |        mrv_7_fu_358        |
|          |        mrv_8_fu_364        |
|          |        mrv_9_fu_370        |
|insertvalue|        mrv_10_fu_376       |
|          |        mrv_11_fu_382       |
|          |        mrv_12_fu_388       |
|          |        mrv_13_fu_394       |
|          |        mrv_14_fu_400       |
|          |        mrv_15_fu_406       |
|          |        mrv_16_fu_412       |
|          |        mrv_17_fu_418       |
|          |        mrv_18_fu_424       |
|          |        mrv_19_fu_430       |
|          |        mrv_20_fu_436       |
|          |        mrv_21_fu_442       |
|----------|----------------------------|
|   Total  |                            |
|----------|----------------------------|

Memories:
N/A

* Register list:
N/A

* Multiplexer (MUX) list: 
|--------|------|------|------|--------|
|  Comp  |  Pin | Size |  BW  | S x BW |
|--------|------|------|------|--------|
|  Total |      |      |      |    0   |
|--------|------|------|------|--------|



* Summary:
+-----------+
|           |
+-----------+
|  Function |
|   Memory  |
|Multiplexer|
|  Register |
+-----------+
|   Total   |
+-----------+
