

================================================================
== Vitis HLS Report for 'dense_latency_ap_fixed_16_6_5_3_0_ap_fixed_16_6_5_3_0_config9_s'
================================================================
* Date:           Mon Oct 27 14:27:46 2025

* Version:        2024.1 (Build 5069499 on May 21 2024)
* Project:        myproject_prj
* Solution:       solution1 (Vivado IP Flow Target)
* Product family: zynq
* Target device:  xc7z020-clg400-1


================================================================
== Performance Estimates
================================================================
+ Timing: 
    * Summary: 
    +--------+---------+----------+------------+
    |  Clock |  Target | Estimated| Uncertainty|
    +--------+---------+----------+------------+
    |ap_clk  |  5.00 ns|  4.302 ns|     0.62 ns|
    +--------+---------+----------+------------+

+ Latency: 
    * Summary: 
    +---------+---------+-----------+-----------+-----+-----+---------+
    |  Latency (cycles) |   Latency (absolute)  |  Interval | Pipeline|
    |   min   |   max   |    min    |    max    | min | max |   Type  |
    +---------+---------+-----------+-----------+-----+-----+---------+
    |        3|        3|  15.000 ns|  15.000 ns|    1|    1|      yes|
    +---------+---------+-----------+-----------+-----+-----+---------+

    + Detail: 
        * Instance: 
        N/A

        * Loop: 
        N/A



================================================================
== Utilization Estimates
================================================================
* Summary: 
+-----------------+---------+-----+--------+-------+-----+
|       Name      | BRAM_18K| DSP |   FF   |  LUT  | URAM|
+-----------------+---------+-----+--------+-------+-----+
|DSP              |        -|    -|       -|      -|    -|
|Expression       |        -|    -|       0|   8931|    -|
|FIFO             |        -|    -|       -|      -|    -|
|Instance         |        -|    -|       -|      -|    -|
|Memory           |        -|    -|       -|      -|    -|
|Multiplexer      |        -|    -|       0|    448|    -|
|Register         |        -|    -|    5990|      -|    -|
+-----------------+---------+-----+--------+-------+-----+
|Total            |        0|    0|    5990|   9379|    0|
+-----------------+---------+-----+--------+-------+-----+
|Available        |      280|  220|  106400|  53200|    0|
+-----------------+---------+-----+--------+-------+-----+
|Utilization (%)  |        0|    0|       5|     17|    0|
+-----------------+---------+-----+--------+-------+-----+

+ Detail: 
    * Instance: 
    N/A

    * DSP: 
    N/A

    * Memory: 
    N/A

    * FIFO: 
    N/A

    * Expression: 
    +--------------------------+----------+----+---+----+------------+------------+
    |       Variable Name      | Operation| DSP| FF| LUT| Bitwidth P0| Bitwidth P1|
    +--------------------------+----------+----+---+----+------------+------------+
    |add_ln42_1_fu_2138_p2     |         +|   0|  0|  26|          19|          19|
    |add_ln42_2_fu_2594_p2     |         +|   0|  0|  26|          19|          19|
    |add_ln42_3_fu_2643_p2     |         +|   0|  0|  26|          19|          19|
    |add_ln42_4_fu_3004_p2     |         +|   0|  0|  26|          19|          19|
    |add_ln42_5_fu_3464_p2     |         +|   0|  0|  26|          19|          19|
    |add_ln42_6_fu_1070_p2     |         +|   0|  0|  26|          19|          19|
    |add_ln42_fu_1762_p2       |         +|   0|  0|  26|          19|          19|
    |add_ln58_5921_fu_3560_p2  |         +|   0|  0|  23|          16|          16|
    |add_ln58_5922_fu_3565_p2  |         +|   0|  0|  20|          15|          15|
    |add_ln58_5923_fu_3570_p2  |         +|   0|  0|  23|          16|          16|
    |add_ln58_5924_fu_4074_p2  |         +|   0|  0|  16|          16|          16|
    |add_ln58_5925_fu_4078_p2  |         +|   0|  0|  16|          16|          16|
    |add_ln58_5926_fu_4832_p2  |         +|   0|  0|  16|          16|          16|
    |add_ln58_5927_fu_1226_p2  |         +|   0|  0|  20|          15|          15|
    |add_ln58_5928_fu_3579_p2  |         +|   0|  0|  16|          16|          16|
    |add_ln58_5929_fu_1232_p2  |         +|   0|  0|  17|          14|          14|
    |add_ln58_5930_fu_1242_p2  |         +|   0|  0|  20|          15|          15|
    |add_ln58_5931_fu_3588_p2  |         +|   0|  0|  16|          16|          16|
    |add_ln58_5932_fu_4836_p2  |         +|   0|  0|  16|          16|          16|
    |add_ln58_5933_fu_4084_p2  |         +|   0|  0|  23|          16|          16|
    |add_ln58_5934_fu_4090_p2  |         +|   0|  0|  23|          16|          16|
    |add_ln58_5935_fu_4841_p2  |         +|   0|  0|  16|          16|          16|
    |add_ln58_5936_fu_4094_p2  |         +|   0|  0|  16|          16|          16|
    |add_ln58_5937_fu_1248_p2  |         +|   0|  0|  20|          15|          15|
    |add_ln58_5938_fu_3597_p2  |         +|   0|  0|  23|          16|          16|
    |add_ln58_5939_fu_4098_p2  |         +|   0|  0|  16|          16|          16|
    |add_ln58_5940_fu_4845_p2  |         +|   0|  0|  16|          16|          16|
    |add_ln58_5941_fu_4103_p2  |         +|   0|  0|  16|          16|          16|
    |add_ln58_5942_fu_4108_p2  |         +|   0|  0|  16|          16|          16|
    |add_ln58_5943_fu_4114_p2  |         +|   0|  0|  20|          15|          15|
    |add_ln58_5944_fu_4124_p2  |         +|   0|  0|  23|          16|          16|
    |add_ln58_5945_fu_4850_p2  |         +|   0|  0|  16|          16|          16|
    |add_ln58_5946_fu_3602_p2  |         +|   0|  0|  23|          16|          16|
    |add_ln58_5947_fu_4130_p2  |         +|   0|  0|  16|          16|          16|
    |add_ln58_5948_fu_3608_p2  |         +|   0|  0|  16|          16|          16|
    |add_ln58_5949_fu_1254_p2  |         +|   0|  0|  23|          16|          16|
    |add_ln58_5950_fu_3612_p2  |         +|   0|  0|  16|          16|          16|
    |add_ln58_5951_fu_4134_p2  |         +|   0|  0|  16|          16|          16|
    |add_ln58_5952_fu_4854_p2  |         +|   0|  0|  16|          16|          16|
    |add_ln58_5953_fu_4139_p2  |         +|   0|  0|  16|          16|          16|
    |add_ln58_5954_fu_4144_p2  |         +|   0|  0|  16|          16|          16|
    |add_ln58_5955_fu_4150_p2  |         +|   0|  0|  16|          16|          16|
    |add_ln58_5956_fu_3617_p2  |         +|   0|  0|  23|          16|          16|
    |add_ln58_5957_fu_4155_p2  |         +|   0|  0|  16|          16|          16|
    |add_ln58_5958_fu_4859_p2  |         +|   0|  0|  16|          16|          16|
    |add_ln58_5959_fu_1260_p2  |         +|   0|  0|  23|          16|          16|
    |add_ln58_5960_fu_3622_p2  |         +|   0|  0|  16|          16|          16|
    |add_ln58_5961_fu_1266_p2  |         +|   0|  0|  23|          16|          16|
    |add_ln58_5962_fu_1272_p2  |         +|   0|  0|  17|          14|          14|
    |add_ln58_5963_fu_1282_p2  |         +|   0|  0|  23|          16|          16|
    |add_ln58_5964_fu_3626_p2  |         +|   0|  0|  16|          16|          16|
    |add_ln58_5965_fu_4863_p2  |         +|   0|  0|  16|          16|          16|
    |add_ln58_5966_fu_4160_p2  |         +|   0|  0|  23|          16|          16|
    |add_ln58_5967_fu_4165_p2  |         +|   0|  0|  16|          16|          16|
    |add_ln58_5968_fu_4170_p2  |         +|   0|  0|  16|          16|          16|
    |add_ln58_5969_fu_4868_p2  |         +|   0|  0|  16|          16|          16|
    |add_ln58_5970_fu_3631_p2  |         +|   0|  0|  23|          16|          16|
    |add_ln58_5971_fu_4176_p2  |         +|   0|  0|  16|          16|          16|
    |add_ln58_5972_fu_1288_p2  |         +|   0|  0|  17|          14|          14|
    |add_ln58_5973_fu_1298_p2  |         +|   0|  0|  20|          15|          15|
    |add_ln58_5974_fu_4183_p2  |         +|   0|  0|  16|          16|          16|
    |add_ln58_5975_fu_4872_p2  |         +|   0|  0|  16|          16|          16|
    |add_ln58_5976_fu_4189_p2  |         +|   0|  0|  16|          16|          16|
    |add_ln58_5977_fu_4193_p2  |         +|   0|  0|  16|          16|          16|
    |add_ln58_5978_fu_4198_p2  |         +|   0|  0|  16|          16|          16|
    |add_ln58_5979_fu_4203_p2  |         +|   0|  0|  16|          16|          16|
    |add_ln58_5980_fu_4877_p2  |         +|   0|  0|  16|          16|          16|
    |add_ln58_5981_fu_3636_p2  |         +|   0|  0|  23|          16|          16|
    |add_ln58_5982_fu_4208_p2  |         +|   0|  0|  16|          16|          16|
    |add_ln58_5983_fu_1304_p2  |         +|   0|  0|  20|          15|          15|
    |add_ln58_5984_fu_1314_p2  |         +|   0|  0|  23|          16|          16|
    |add_ln58_5985_fu_4212_p2  |         +|   0|  0|  16|          16|          16|
    |add_ln58_5986_fu_4881_p2  |         +|   0|  0|  16|          16|          16|
    |add_ln58_5987_fu_4217_p2  |         +|   0|  0|  16|          16|          16|
    |add_ln58_5988_fu_4221_p2  |         +|   0|  0|  16|          16|          16|
    |add_ln58_5989_fu_4226_p2  |         +|   0|  0|  16|          16|          16|
    |add_ln58_5990_fu_4231_p2  |         +|   0|  0|  16|          16|          16|
    |add_ln58_5991_fu_4886_p2  |         +|   0|  0|  16|          16|          16|
    |add_ln58_5992_fu_3641_p2  |         +|   0|  0|  23|          16|          16|
    |add_ln58_5993_fu_4236_p2  |         +|   0|  0|  16|          16|          16|
    |add_ln58_5994_fu_1320_p2  |         +|   0|  0|  20|          15|          15|
    |add_ln58_5995_fu_3649_p2  |         +|   0|  0|  23|          16|          16|
    |add_ln58_5996_fu_4240_p2  |         +|   0|  0|  16|          16|          16|
    |add_ln58_5997_fu_4890_p2  |         +|   0|  0|  16|          16|          16|
    |add_ln58_5998_fu_4245_p2  |         +|   0|  0|  16|          16|          16|
    |add_ln58_5999_fu_4250_p2  |         +|   0|  0|  16|          16|          16|
    |add_ln58_6000_fu_4255_p2  |         +|   0|  0|  16|          16|          16|
    |add_ln58_6001_fu_3655_p2  |         +|   0|  0|  23|          16|          16|
    |add_ln58_6002_fu_4259_p2  |         +|   0|  0|  16|          16|          16|
    |add_ln58_6003_fu_4895_p2  |         +|   0|  0|  16|          16|          16|
    |add_ln58_6004_fu_3661_p2  |         +|   0|  0|  23|          16|          16|
    |add_ln58_6005_fu_4264_p2  |         +|   0|  0|  16|          16|          16|
    |add_ln58_6006_fu_1326_p2  |         +|   0|  0|  20|          15|          15|
    |add_ln58_6007_fu_1336_p2  |         +|   0|  0|  20|          15|          15|
    |add_ln58_6008_fu_1346_p2  |         +|   0|  0|  23|          16|          16|
    |add_ln58_6009_fu_4268_p2  |         +|   0|  0|  16|          16|          16|
    |add_ln58_6010_fu_4899_p2  |         +|   0|  0|  16|          16|          16|
    |add_ln58_6011_fu_4273_p2  |         +|   0|  0|  16|          16|          16|
    |add_ln58_6012_fu_4278_p2  |         +|   0|  0|  16|          16|          16|
    |add_ln58_6013_fu_3665_p2  |         +|   0|  0|  23|          16|          16|
    |add_ln58_6014_fu_4283_p2  |         +|   0|  0|  23|          16|          16|
    |add_ln58_6015_fu_4904_p2  |         +|   0|  0|  16|          16|          16|
    |add_ln58_6016_fu_1352_p2  |         +|   0|  0|  23|          16|          16|
    |add_ln58_6017_fu_3671_p2  |         +|   0|  0|  16|          16|          16|
    |add_ln58_6018_fu_1358_p2  |         +|   0|  0|  17|          14|          14|
    |add_ln58_6019_fu_1368_p2  |         +|   0|  0|  20|          15|          15|
    |add_ln58_6020_fu_3679_p2  |         +|   0|  0|  16|          16|          16|
    |add_ln58_6021_fu_4908_p2  |         +|   0|  0|  16|          16|          16|
    |add_ln58_6022_fu_4288_p2  |         +|   0|  0|  23|          16|          16|
    |add_ln58_6023_fu_4293_p2  |         +|   0|  0|  16|          16|          16|
    |add_ln58_6024_fu_4299_p2  |         +|   0|  0|  16|          16|          16|
    |add_ln58_6025_fu_4913_p2  |         +|   0|  0|  16|          16|          16|
    |add_ln58_6026_fu_3685_p2  |         +|   0|  0|  23|          16|          16|
    |add_ln58_6027_fu_4305_p2  |         +|   0|  0|  16|          16|          16|
    |add_ln58_6028_fu_1374_p2  |         +|   0|  0|  17|          14|          14|
    |add_ln58_6029_fu_1384_p2  |         +|   0|  0|  20|          15|          15|
    |add_ln58_6030_fu_4313_p2  |         +|   0|  0|  16|          16|          16|
    |add_ln58_6031_fu_4917_p2  |         +|   0|  0|  16|          16|          16|
    |add_ln58_6032_fu_4319_p2  |         +|   0|  0|  16|          16|          16|
    |add_ln58_6033_fu_4324_p2  |         +|   0|  0|  16|          16|          16|
    |add_ln58_6034_fu_4329_p2  |         +|   0|  0|  16|          16|          16|
    |add_ln58_6035_fu_3691_p2  |         +|   0|  0|  23|          16|          16|
    |add_ln58_6036_fu_4334_p2  |         +|   0|  0|  16|          16|          16|
    |add_ln58_6037_fu_4922_p2  |         +|   0|  0|  16|          16|          16|
    |add_ln58_6038_fu_3695_p2  |         +|   0|  0|  23|          16|          16|
    |add_ln58_6039_fu_4339_p2  |         +|   0|  0|  16|          16|          16|
    |add_ln58_6040_fu_3700_p2  |         +|   0|  0|  16|          16|          16|
    |add_ln58_6041_fu_1390_p2  |         +|   0|  0|  20|          15|          15|
    |add_ln58_6042_fu_3708_p2  |         +|   0|  0|  16|          16|          16|
    |add_ln58_6043_fu_4343_p2  |         +|   0|  0|  16|          16|          16|
    |add_ln58_6044_fu_4926_p2  |         +|   0|  0|  16|          16|          16|
    |add_ln58_6045_fu_4348_p2  |         +|   0|  0|  16|          16|          16|
    |add_ln58_6046_fu_4353_p2  |         +|   0|  0|  16|          16|          16|
    |add_ln58_6047_fu_4358_p2  |         +|   0|  0|  16|          16|          16|
    |add_ln58_6048_fu_4362_p2  |         +|   0|  0|  16|          16|          16|
    |add_ln58_6049_fu_4931_p2  |         +|   0|  0|  16|          16|          16|
    |add_ln58_6050_fu_1396_p2  |         +|   0|  0|  17|          14|          14|
    |add_ln58_6051_fu_3717_p2  |         +|   0|  0|  16|          16|          16|
    |add_ln58_6052_fu_1402_p2  |         +|   0|  0|  17|          14|          14|
    |add_ln58_6053_fu_1412_p2  |         +|   0|  0|  20|          15|          15|
    |add_ln58_6054_fu_3725_p2  |         +|   0|  0|  16|          16|          16|
    |add_ln58_6055_fu_4935_p2  |         +|   0|  0|  16|          16|          16|
    |add_ln58_6056_fu_4367_p2  |         +|   0|  0|  16|          16|          16|
    |add_ln58_6057_fu_4373_p2  |         +|   0|  0|  16|          16|          16|
    |add_ln58_6058_fu_4378_p2  |         +|   0|  0|  16|          16|          16|
    |add_ln58_6059_fu_4382_p2  |         +|   0|  0|  16|          16|          16|
    |add_ln58_6060_fu_4940_p2  |         +|   0|  0|  16|          16|          16|
    |add_ln58_6061_fu_1418_p2  |         +|   0|  0|  20|          15|          15|
    |add_ln58_6062_fu_3734_p2  |         +|   0|  0|  16|          16|          16|
    |add_ln58_6063_fu_1424_p2  |         +|   0|  0|  17|          14|          14|
    |add_ln58_6064_fu_1434_p2  |         +|   0|  0|  20|          15|          15|
    |add_ln58_6065_fu_3742_p2  |         +|   0|  0|  16|          16|          16|
    |add_ln58_6066_fu_4944_p2  |         +|   0|  0|  16|          16|          16|
    |add_ln58_6067_fu_4387_p2  |         +|   0|  0|  16|          16|          16|
    |add_ln58_6068_fu_4391_p2  |         +|   0|  0|  16|          16|          16|
    |add_ln58_6069_fu_4396_p2  |         +|   0|  0|  16|          16|          16|
    |add_ln58_6070_fu_4400_p2  |         +|   0|  0|  16|          16|          16|
    |add_ln58_6071_fu_4949_p2  |         +|   0|  0|  16|          16|          16|
    |add_ln58_6072_fu_3748_p2  |         +|   0|  0|  23|          16|          16|
    |add_ln58_6073_fu_4406_p2  |         +|   0|  0|  16|          16|          16|
    |add_ln58_6074_fu_1440_p2  |         +|   0|  0|  17|          14|          14|
    |add_ln58_6075_fu_1450_p2  |         +|   0|  0|  20|          15|          15|
    |add_ln58_6076_fu_4413_p2  |         +|   0|  0|  16|          16|          16|
    |add_ln58_6077_fu_4953_p2  |         +|   0|  0|  16|          16|          16|
    |add_ln58_6078_fu_4419_p2  |         +|   0|  0|  23|          16|          16|
    |add_ln58_6079_fu_4424_p2  |         +|   0|  0|  16|          16|          16|
    |add_ln58_6080_fu_4429_p2  |         +|   0|  0|  16|          16|          16|
    |add_ln58_6081_fu_4958_p2  |         +|   0|  0|  16|          16|          16|
    |add_ln58_6082_fu_4434_p2  |         +|   0|  0|  16|          16|          16|
    |add_ln58_6083_fu_3754_p2  |         +|   0|  0|  16|          16|          16|
    |add_ln58_6084_fu_3759_p2  |         +|   0|  0|  16|          16|          16|
    |add_ln58_6085_fu_4439_p2  |         +|   0|  0|  16|          16|          16|
    |add_ln58_6086_fu_4962_p2  |         +|   0|  0|  16|          16|          16|
    |add_ln58_6087_fu_4444_p2  |         +|   0|  0|  16|          16|          16|
    |add_ln58_6088_fu_4448_p2  |         +|   0|  0|  16|          16|          16|
    |add_ln58_6089_fu_4453_p2  |         +|   0|  0|  16|          16|          16|
    |add_ln58_6090_fu_4458_p2  |         +|   0|  0|  16|          16|          16|
    |add_ln58_6091_fu_4967_p2  |         +|   0|  0|  16|          16|          16|
    |add_ln58_6092_fu_3765_p2  |         +|   0|  0|  23|          16|          16|
    |add_ln58_6093_fu_4463_p2  |         +|   0|  0|  16|          16|          16|
    |add_ln58_6094_fu_3771_p2  |         +|   0|  0|  16|          16|          16|
    |add_ln58_6095_fu_1456_p2  |         +|   0|  0|  17|          14|           8|
    |add_ln58_6096_fu_3778_p2  |         +|   0|  0|  16|          16|          16|
    |add_ln58_6097_fu_4468_p2  |         +|   0|  0|  16|          16|          16|
    |add_ln58_6098_fu_4971_p2  |         +|   0|  0|  16|          16|          16|
    |add_ln58_6099_fu_4473_p2  |         +|   0|  0|  16|          16|          16|
    |add_ln58_6100_fu_4478_p2  |         +|   0|  0|  16|          16|          16|
    |add_ln58_6101_fu_4483_p2  |         +|   0|  0|  16|          16|          16|
    |add_ln58_6102_fu_4488_p2  |         +|   0|  0|  16|          16|          16|
    |add_ln58_6103_fu_4976_p2  |         +|   0|  0|  16|          16|          16|
    |add_ln58_6104_fu_1462_p2  |         +|   0|  0|  23|          16|          16|
    |add_ln58_6105_fu_3784_p2  |         +|   0|  0|  16|          16|          16|
    |add_ln58_6106_fu_1468_p2  |         +|   0|  0|  20|          15|          15|
    |add_ln58_6107_fu_1478_p2  |         +|   0|  0|  17|          14|           9|
    |add_ln58_6108_fu_1488_p2  |         +|   0|  0|  23|          16|          16|
    |add_ln58_6109_fu_3788_p2  |         +|   0|  0|  16|          16|          16|
    |add_ln58_6110_fu_4980_p2  |         +|   0|  0|  16|          16|          16|
    |add_ln58_6111_fu_4493_p2  |         +|   0|  0|  16|          16|          16|
    |add_ln58_6112_fu_4498_p2  |         +|   0|  0|  16|          16|          16|
    |add_ln58_6113_fu_4503_p2  |         +|   0|  0|  16|          16|          16|
    |add_ln58_6114_fu_4508_p2  |         +|   0|  0|  16|          16|          16|
    |add_ln58_6115_fu_4985_p2  |         +|   0|  0|  16|          16|          16|
    |add_ln58_6116_fu_1494_p2  |         +|   0|  0|  20|          15|          15|
    |add_ln58_6117_fu_3796_p2  |         +|   0|  0|  16|          16|          16|
    |add_ln58_6118_fu_1500_p2  |         +|   0|  0|  23|          16|          16|
    |add_ln58_6119_fu_3802_p2  |         +|   0|  0|  16|          16|          16|
    |add_ln58_6120_fu_4989_p2  |         +|   0|  0|  16|          16|          16|
    |add_ln58_6121_fu_4514_p2  |         +|   0|  0|  16|          16|          16|
    |add_ln58_6122_fu_4518_p2  |         +|   0|  0|  16|          16|          16|
    |add_ln58_6123_fu_3807_p2  |         +|   0|  0|  23|          16|          16|
    |add_ln58_6124_fu_4523_p2  |         +|   0|  0|  23|          16|          16|
    |add_ln58_6125_fu_4994_p2  |         +|   0|  0|  16|          16|          16|
    |add_ln58_6126_fu_3813_p2  |         +|   0|  0|  23|          16|          16|
    |add_ln58_6127_fu_4528_p2  |         +|   0|  0|  16|          16|          16|
    |add_ln58_6128_fu_3819_p2  |         +|   0|  0|  16|          16|          16|
    |add_ln58_6129_fu_3824_p2  |         +|   0|  0|  16|          16|          16|
    |add_ln58_6130_fu_4532_p2  |         +|   0|  0|  16|          16|          16|
    |add_ln58_6131_fu_4998_p2  |         +|   0|  0|  16|          16|          16|
    |add_ln58_6132_fu_4537_p2  |         +|   0|  0|  16|          16|          16|
    |add_ln58_6133_fu_4543_p2  |         +|   0|  0|  16|          16|          16|
    |add_ln58_6134_fu_4548_p2  |         +|   0|  0|  23|          16|          16|
    |add_ln58_6135_fu_4553_p2  |         +|   0|  0|  23|          16|          16|
    |add_ln58_6136_fu_5003_p2  |         +|   0|  0|  16|          16|          16|
    |add_ln58_6137_fu_3829_p2  |         +|   0|  0|  23|          16|          16|
    |add_ln58_6138_fu_4558_p2  |         +|   0|  0|  16|          16|          16|
    |add_ln58_6139_fu_3835_p2  |         +|   0|  0|  16|          16|          16|
    |add_ln58_6140_fu_3840_p2  |         +|   0|  0|  16|          16|          16|
    |add_ln58_6141_fu_4562_p2  |         +|   0|  0|  16|          16|          16|
    |add_ln58_6142_fu_5007_p2  |         +|   0|  0|  16|          16|          16|
    |add_ln58_6143_fu_4567_p2  |         +|   0|  0|  16|          16|          16|
    |add_ln58_6144_fu_4571_p2  |         +|   0|  0|  16|          16|          16|
    |add_ln58_6145_fu_4576_p2  |         +|   0|  0|  23|          16|          16|
    |add_ln58_6146_fu_5012_p2  |         +|   0|  0|  16|          16|          16|
    |add_ln58_6147_fu_3846_p2  |         +|   0|  0|  23|          16|          16|
    |add_ln58_6148_fu_4581_p2  |         +|   0|  0|  16|          16|          16|
    |add_ln58_6149_fu_1506_p2  |         +|   0|  0|  20|          15|          15|
    |add_ln58_6150_fu_1516_p2  |         +|   0|  0|  20|          15|          15|
    |add_ln58_6151_fu_1526_p2  |         +|   0|  0|  23|          16|          16|
    |add_ln58_6152_fu_4586_p2  |         +|   0|  0|  16|          16|          16|
    |add_ln58_6153_fu_5016_p2  |         +|   0|  0|  16|          16|          16|
    |add_ln58_6154_fu_3851_p2  |         +|   0|  0|  23|          16|          16|
    |add_ln58_6155_fu_4591_p2  |         +|   0|  0|  16|          16|          16|
    |add_ln58_6156_fu_4595_p2  |         +|   0|  0|  16|          16|          16|
    |add_ln58_6157_fu_5021_p2  |         +|   0|  0|  16|          16|          16|
    |add_ln58_6158_fu_1532_p2  |         +|   0|  0|  23|          16|          16|
    |add_ln58_6159_fu_3856_p2  |         +|   0|  0|  16|          16|          16|
    |add_ln58_6160_fu_1538_p2  |         +|   0|  0|  17|          14|          14|
    |add_ln58_6161_fu_1548_p2  |         +|   0|  0|  20|          15|          15|
    |add_ln58_6162_fu_3863_p2  |         +|   0|  0|  16|          16|          16|
    |add_ln58_6163_fu_5025_p2  |         +|   0|  0|  16|          16|          16|
    |add_ln58_6164_fu_4601_p2  |         +|   0|  0|  16|          16|          16|
    |add_ln58_6165_fu_4605_p2  |         +|   0|  0|  16|          16|          16|
    |add_ln58_6166_fu_4610_p2  |         +|   0|  0|  23|          16|          16|
    |add_ln58_6167_fu_5030_p2  |         +|   0|  0|  16|          16|          16|
    |add_ln58_6168_fu_3869_p2  |         +|   0|  0|  23|          16|          16|
    |add_ln58_6169_fu_4615_p2  |         +|   0|  0|  16|          16|          16|
    |add_ln58_6170_fu_3875_p2  |         +|   0|  0|  16|          16|          16|
    |add_ln58_6171_fu_1554_p2  |         +|   0|  0|  23|          16|          16|
    |add_ln58_6172_fu_3880_p2  |         +|   0|  0|  16|          16|          16|
    |add_ln58_6173_fu_4619_p2  |         +|   0|  0|  16|          16|          16|
    |add_ln58_6174_fu_5034_p2  |         +|   0|  0|  16|          16|          16|
    |add_ln58_6175_fu_4624_p2  |         +|   0|  0|  16|          16|          16|
    |add_ln58_6176_fu_4630_p2  |         +|   0|  0|  16|          16|          16|
    |add_ln58_6177_fu_4635_p2  |         +|   0|  0|  16|          16|          16|
    |add_ln58_6178_fu_4639_p2  |         +|   0|  0|  16|          16|          16|
    |add_ln58_6179_fu_5039_p2  |         +|   0|  0|  16|          16|          16|
    |add_ln58_6180_fu_3885_p2  |         +|   0|  0|  16|          16|          16|
    |add_ln58_6181_fu_1560_p2  |         +|   0|  0|  17|          14|          14|
    |add_ln58_6182_fu_1570_p2  |         +|   0|  0|  20|          15|          15|
    |add_ln58_6183_fu_3892_p2  |         +|   0|  0|  16|          16|          16|
    |add_ln58_6184_fu_5043_p2  |         +|   0|  0|  16|          16|          16|
    |add_ln58_6185_fu_4644_p2  |         +|   0|  0|  16|          16|          16|
    |add_ln58_6186_fu_4650_p2  |         +|   0|  0|  16|          16|          16|
    |add_ln58_6187_fu_4655_p2  |         +|   0|  0|  16|          16|          16|
    |add_ln58_6188_fu_4659_p2  |         +|   0|  0|  16|          16|          16|
    |add_ln58_6189_fu_5048_p2  |         +|   0|  0|  16|          16|          16|
    |add_ln58_6190_fu_1576_p2  |         +|   0|  0|  23|          16|          16|
    |add_ln58_6191_fu_3898_p2  |         +|   0|  0|  16|          16|          16|
    |add_ln58_6192_fu_1582_p2  |         +|   0|  0|  20|          15|          15|
    |add_ln58_6193_fu_1592_p2  |         +|   0|  0|  20|          15|          15|
    |add_ln58_6194_fu_1602_p2  |         +|   0|  0|  23|          16|          16|
    |add_ln58_6195_fu_3903_p2  |         +|   0|  0|  16|          16|          16|
    |add_ln58_6196_fu_5052_p2  |         +|   0|  0|  16|          16|          16|
    |add_ln58_6197_fu_4664_p2  |         +|   0|  0|  16|          16|          16|
    |add_ln58_6198_fu_4668_p2  |         +|   0|  0|  16|          16|          16|
    |add_ln58_6199_fu_4673_p2  |         +|   0|  0|  16|          16|          16|
    |add_ln58_6200_fu_4677_p2  |         +|   0|  0|  16|          16|          16|
    |add_ln58_6201_fu_5057_p2  |         +|   0|  0|  16|          16|          16|
    |add_ln58_6202_fu_1608_p2  |         +|   0|  0|  23|          16|          16|
    |add_ln58_6203_fu_4682_p2  |         +|   0|  0|  16|          16|          16|
    |add_ln58_6204_fu_1614_p2  |         +|   0|  0|  20|          15|          15|
    |add_ln58_6205_fu_1624_p2  |         +|   0|  0|  23|          16|          16|
    |add_ln58_6206_fu_4686_p2  |         +|   0|  0|  16|          16|          16|
    |add_ln58_6207_fu_5061_p2  |         +|   0|  0|  16|          16|          16|
    |add_ln58_6208_fu_4691_p2  |         +|   0|  0|  16|          16|          16|
    |add_ln58_6209_fu_4695_p2  |         +|   0|  0|  16|          16|          16|
    |add_ln58_6210_fu_4700_p2  |         +|   0|  0|  16|          16|          16|
    |add_ln58_6211_fu_4705_p2  |         +|   0|  0|  16|          16|          16|
    |add_ln58_6212_fu_5066_p2  |         +|   0|  0|  16|          16|          16|
    |add_ln58_6213_fu_3908_p2  |         +|   0|  0|  23|          16|          16|
    |add_ln58_6214_fu_4711_p2  |         +|   0|  0|  16|          16|          16|
    |add_ln58_6215_fu_1630_p2  |         +|   0|  0|  20|          15|          15|
    |add_ln58_6216_fu_3917_p2  |         +|   0|  0|  16|          16|          16|
    |add_ln58_6217_fu_3922_p2  |         +|   0|  0|  16|          16|          16|
    |add_ln58_6218_fu_4715_p2  |         +|   0|  0|  16|          16|          16|
    |add_ln58_6219_fu_5070_p2  |         +|   0|  0|  16|          16|          16|
    |add_ln58_6220_fu_4720_p2  |         +|   0|  0|  16|          16|          16|
    |add_ln58_6221_fu_4725_p2  |         +|   0|  0|  16|          16|          16|
    |add_ln58_6222_fu_4730_p2  |         +|   0|  0|  16|          16|          16|
    |add_ln58_6223_fu_4734_p2  |         +|   0|  0|  16|          16|          16|
    |add_ln58_6224_fu_5075_p2  |         +|   0|  0|  16|          16|          16|
    |add_ln58_6225_fu_1636_p2  |         +|   0|  0|  20|          15|          15|
    |add_ln58_6226_fu_3931_p2  |         +|   0|  0|  16|          16|          16|
    |add_ln58_6227_fu_1642_p2  |         +|   0|  0|  17|          14|          14|
    |add_ln58_6228_fu_1652_p2  |         +|   0|  0|  20|          15|          15|
    |add_ln58_6229_fu_3940_p2  |         +|   0|  0|  16|          16|          16|
    |add_ln58_6230_fu_5079_p2  |         +|   0|  0|  16|          16|          16|
    |add_ln58_6231_fu_4739_p2  |         +|   0|  0|  16|          16|          16|
    |add_ln58_6232_fu_4744_p2  |         +|   0|  0|  16|          16|          16|
    |add_ln58_6233_fu_4749_p2  |         +|   0|  0|  16|          16|          16|
    |add_ln58_6234_fu_4753_p2  |         +|   0|  0|  16|          16|          16|
    |add_ln58_6235_fu_5084_p2  |         +|   0|  0|  16|          16|          16|
    |add_ln58_6236_fu_3946_p2  |         +|   0|  0|  23|          16|          16|
    |add_ln58_6237_fu_4758_p2  |         +|   0|  0|  16|          16|          16|
    |add_ln58_6238_fu_3952_p2  |         +|   0|  0|  16|          16|          16|
    |add_ln58_6239_fu_1658_p2  |         +|   0|  0|  17|          14|           8|
    |add_ln58_6240_fu_3961_p2  |         +|   0|  0|  16|          16|          16|
    |add_ln58_6241_fu_4762_p2  |         +|   0|  0|  16|          16|          16|
    |add_ln58_6242_fu_5088_p2  |         +|   0|  0|  16|          16|          16|
    |add_ln58_6243_fu_4767_p2  |         +|   0|  0|  23|          16|          16|
    |add_ln58_6244_fu_4772_p2  |         +|   0|  0|  16|          16|          16|
    |add_ln58_6245_fu_4778_p2  |         +|   0|  0|  16|          16|          16|
    |add_ln58_6246_fu_5093_p2  |         +|   0|  0|  16|          16|          16|
    |add_ln58_6247_fu_3967_p2  |         +|   0|  0|  23|          16|          16|
    |add_ln58_6248_fu_4783_p2  |         +|   0|  0|  16|          16|          16|
    |add_ln58_6249_fu_1664_p2  |         +|   0|  0|  20|          15|          15|
    |add_ln58_6250_fu_3976_p2  |         +|   0|  0|  23|          16|          16|
    |add_ln58_6251_fu_4788_p2  |         +|   0|  0|  16|          16|          16|
    |add_ln58_6252_fu_5097_p2  |         +|   0|  0|  16|          16|          16|
    |add_ln58_6253_fu_3981_p2  |         +|   0|  0|  23|          16|          16|
    |add_ln58_6254_fu_4793_p2  |         +|   0|  0|  16|          16|          16|
    |add_ln58_6255_fu_4797_p2  |         +|   0|  0|  16|          16|          16|
    |add_ln58_6256_fu_5102_p2  |         +|   0|  0|  16|          16|          16|
    |add_ln58_6257_fu_1670_p2  |         +|   0|  0|  23|          16|          16|
    |add_ln58_6258_fu_3987_p2  |         +|   0|  0|  16|          16|          16|
    |add_ln58_6259_fu_1676_p2  |         +|   0|  0|  20|          15|          15|
    |add_ln58_6260_fu_1686_p2  |         +|   0|  0|  23|          16|          16|
    |add_ln58_6261_fu_3991_p2  |         +|   0|  0|  16|          16|          16|
    |add_ln58_6262_fu_5106_p2  |         +|   0|  0|  16|          16|          16|
    |add_ln58_6263_fu_4803_p2  |         +|   0|  0|  16|          16|          16|
    |add_ln58_6264_fu_4807_p2  |         +|   0|  0|  16|          16|          16|
    |add_ln58_6265_fu_4812_p2  |         +|   0|  0|  16|          16|          16|
    |add_ln58_6266_fu_4817_p2  |         +|   0|  0|  16|          16|          16|
    |add_ln58_6267_fu_5111_p2  |         +|   0|  0|  16|          16|          16|
    |add_ln58_6268_fu_3996_p2  |         +|   0|  0|  23|          16|          16|
    |add_ln58_6269_fu_4823_p2  |         +|   0|  0|  16|          16|          16|
    |add_ln58_6270_fu_4001_p2  |         +|   0|  0|  16|          16|          16|
    |add_ln58_6271_fu_1692_p2  |         +|   0|  0|  20|          15|          15|
    |add_ln58_6272_fu_4008_p2  |         +|   0|  0|  16|          16|          16|
    |add_ln58_6273_fu_4827_p2  |         +|   0|  0|  16|          16|          16|
    |add_ln58_6274_fu_5115_p2  |         +|   0|  0|  16|          16|          16|
    |add_ln58_fu_3554_p2       |         +|   0|  0|  23|          16|          16|
    |sub_ln42_10_fu_2205_p2    |         -|   0|  0|  26|          19|          19|
    |sub_ln42_11_fu_2273_p2    |         -|   0|  0|  26|          19|          19|
    |sub_ln42_12_fu_2305_p2    |         -|   0|  0|  26|          19|          19|
    |sub_ln42_13_fu_2384_p2    |         -|   0|  0|  26|          19|          19|
    |sub_ln42_14_fu_2510_p2    |         -|   0|  0|  26|          19|          19|
    |sub_ln42_15_fu_2578_p2    |         -|   0|  0|  26|          19|          19|
    |sub_ln42_16_fu_2689_p2    |         -|   0|  0|  26|           1|          19|
    |sub_ln42_17_fu_2695_p2    |         -|   0|  0|  26|          19|          19|
    |sub_ln42_18_fu_2744_p2    |         -|   0|  0|  26|          19|          19|
    |sub_ln42_19_fu_2780_p2    |         -|   0|  0|  26|          19|          19|
    |sub_ln42_1_fu_1784_p2     |         -|   0|  0|  26|          19|          19|
    |sub_ln42_20_fu_2863_p2    |         -|   0|  0|  26|          19|          19|
    |sub_ln42_21_fu_2899_p2    |         -|   0|  0|  26|          19|          19|
    |sub_ln42_22_fu_2915_p2    |         -|   0|  0|  19|           1|          19|
    |sub_ln42_23_fu_2921_p2    |         -|   0|  0|  19|          19|          19|
    |sub_ln42_24_fu_616_p2     |         -|   0|  0|  26|           1|          19|
    |sub_ln42_25_fu_2989_p2    |         -|   0|  0|  26|          19|          19|
    |sub_ln42_26_fu_3057_p2    |         -|   0|  0|  26|          19|          19|
    |sub_ln42_27_fu_3186_p2    |         -|   0|  0|  26|          19|          19|
    |sub_ln42_28_fu_3218_p2    |         -|   0|  0|  26|          19|          19|
    |sub_ln42_29_fu_3305_p2    |         -|   0|  0|  26|           1|          19|
    |sub_ln42_2_fu_1811_p2     |         -|   0|  0|  26|          19|          19|
    |sub_ln42_30_fu_3311_p2    |         -|   0|  0|  26|          19|          19|
    |sub_ln42_31_fu_3354_p2    |         -|   0|  0|  26|          19|          19|
    |sub_ln42_32_fu_3491_p2    |         -|   0|  0|  26|          19|          19|
    |sub_ln42_33_fu_3523_p2    |         -|   0|  0|  26|          19|          19|
    |sub_ln42_34_fu_872_p2     |         -|   0|  0|  26|           1|          19|
    |sub_ln42_35_fu_878_p2     |         -|   0|  0|  26|          19|          19|
    |sub_ln42_36_fu_968_p2     |         -|   0|  0|  26|          19|          19|
    |sub_ln42_37_fu_1012_p2    |         -|   0|  0|  26|          19|          19|
    |sub_ln42_38_fu_1120_p2    |         -|   0|  0|  26|          19|          19|
    |sub_ln42_39_fu_1152_p2    |         -|   0|  0|  26|          19|          19|
    |sub_ln42_3_fu_268_p2      |         -|   0|  0|  26|           1|          19|
    |sub_ln42_4_fu_1862_p2     |         -|   0|  0|  26|          19|          19|
    |sub_ln42_5_fu_1899_p2     |         -|   0|  0|  26|          19|          19|
    |sub_ln42_6_fu_1935_p2     |         -|   0|  0|  26|          19|          19|
    |sub_ln42_7_fu_1982_p2     |         -|   0|  0|  26|          19|          19|
    |sub_ln42_8_fu_1998_p2     |         -|   0|  0|  26|          19|          19|
    |sub_ln42_9_fu_2090_p2     |         -|   0|  0|  26|          19|          19|
    |sub_ln42_fu_1778_p2       |         -|   0|  0|  26|           1|          19|
    |sub_ln73_196_fu_1915_p2   |         -|   0|  0|  24|           1|          17|
    |sub_ln73_197_fu_2106_p2   |         -|   0|  0|  24|           1|          17|
    |sub_ln73_198_fu_2289_p2   |         -|   0|  0|  24|           1|          17|
    |sub_ln73_199_fu_2327_p2   |         -|   0|  0|  24|           1|          17|
    |sub_ln73_200_fu_2526_p2   |         -|   0|  0|  24|           1|          17|
    |sub_ln73_201_fu_2616_p2   |         -|   0|  0|  24|           1|          17|
    |sub_ln73_202_fu_2829_p2   |         -|   0|  0|  24|           1|          17|
    |sub_ln73_203_fu_2943_p2   |         -|   0|  0|  24|           1|          17|
    |sub_ln73_204_fu_3079_p2   |         -|   0|  0|  24|           1|          17|
    |sub_ln73_205_fu_3274_p2   |         -|   0|  0|  24|           1|          17|
    |sub_ln73_206_fu_3386_p2   |         -|   0|  0|  24|           1|          17|
    |sub_ln73_207_fu_808_p2    |         -|   0|  0|  24|           1|          17|
    |sub_ln73_208_fu_1182_p2   |         -|   0|  0|  24|           1|          17|
    |sub_ln73_356_fu_1712_p2   |         -|   0|  0|  25|           1|          18|
    |sub_ln73_357_fu_1743_p2   |         -|   0|  0|  26|          19|          19|
    |sub_ln73_358_fu_1840_p2   |         -|   0|  0|  26|          19|          19|
    |sub_ln73_359_fu_1877_p2   |         -|   0|  0|  26|          19|          19|
    |sub_ln73_360_fu_1962_p2   |         -|   0|  0|  25|           1|          18|
    |sub_ln73_361_fu_2031_p2   |         -|   0|  0|  25|           1|          18|
    |sub_ln73_362_fu_2058_p2   |         -|   0|  0|  26|           1|          19|
    |sub_ln73_363_fu_2074_p2   |         -|   0|  0|  26|          19|          19|
    |sub_ln73_364_fu_2122_p2   |         -|   0|  0|  26|          19|          19|
    |sub_ln73_365_fu_2171_p2   |         -|   0|  0|  26|           1|          19|
    |sub_ln73_366_fu_2225_p2   |         -|   0|  0|  25|           1|          18|
    |sub_ln73_367_fu_2241_p2   |         -|   0|  0|  26|          19|          19|
    |sub_ln73_368_fu_2257_p2   |         -|   0|  0|  26|          19|          19|
    |sub_ln73_369_fu_2354_p2   |         -|   0|  0|  25|           1|          18|
    |sub_ln73_370_fu_2411_p2   |         -|   0|  0|  26|          19|          19|
    |sub_ln73_371_fu_2427_p2   |         -|   0|  0|  26|          19|          19|
    |sub_ln73_372_fu_2460_p2   |         -|   0|  0|  26|          19|          19|
    |sub_ln73_373_fu_2487_p2   |         -|   0|  0|  25|           1|          18|
    |sub_ln73_374_fu_2542_p2   |         -|   0|  0|  26|          19|          19|
    |sub_ln73_375_fu_2558_p2   |         -|   0|  0|  26|           1|          19|
    |sub_ln73_376_fu_2670_p2   |         -|   0|  0|  25|           1|          18|
    |sub_ln73_377_fu_2711_p2   |         -|   0|  0|  26|          19|          19|
    |sub_ln73_378_fu_2760_p2   |         -|   0|  0|  26|          19|          19|
    |sub_ln73_379_fu_2813_p2   |         -|   0|  0|  26|          19|          19|
    |sub_ln73_380_fu_2883_p2   |         -|   0|  0|  25|           1|          18|
    |sub_ln73_381_fu_2959_p2   |         -|   0|  0|  26|          19|          19|
    |sub_ln73_382_fu_2974_p2   |         -|   0|  0|  26|          19|          19|
    |sub_ln73_383_fu_3030_p2   |         -|   0|  0|  25|           1|          18|
    |sub_ln73_384_fu_3106_p2   |         -|   0|  0|  25|           1|          18|
    |sub_ln73_385_fu_3137_p2   |         -|   0|  0|  26|          19|          19|
    |sub_ln73_386_fu_3156_p2   |         -|   0|  0|  26|          19|          19|
    |sub_ln73_387_fu_3202_p2   |         -|   0|  0|  26|           1|          19|
    |sub_ln73_388_fu_3251_p2   |         -|   0|  0|  25|           1|          18|
    |sub_ln73_389_fu_3327_p2   |         -|   0|  0|  26|          19|          19|
    |sub_ln73_390_fu_3417_p2   |         -|   0|  0|  26|           1|          19|
    |sub_ln73_391_fu_3444_p2   |         -|   0|  0|  25|           1|          18|
    |sub_ln73_392_fu_3507_p2   |         -|   0|  0|  26|          19|          19|
    |sub_ln73_393_fu_840_p2    |         -|   0|  0|  26|          19|          19|
    |sub_ln73_394_fu_856_p2    |         -|   0|  0|  26|          19|          19|
    |sub_ln73_395_fu_916_p2    |         -|   0|  0|  25|           1|          18|
    |sub_ln73_396_fu_1040_p2   |         -|   0|  0|  26|           1|          19|
    |sub_ln73_397_fu_1104_p2   |         -|   0|  0|  26|          19|          19|
    |sub_ln73_398_fu_1136_p2   |         -|   0|  0|  26|          19|          19|
    |sub_ln73_399_fu_1210_p2   |         -|   0|  0|  25|           1|          18|
    |sub_ln73_fu_208_p2        |         -|   0|  0|  24|           1|          17|
    +--------------------------+----------+----+---+----+------------+------------+
    |Total                     |          |   0|  0|8931|        6875|        7554|
    +--------------------------+----------+----+---+----+------------+------------+

    * Multiplexer: 
    +--------------+----+-----------+-----+-----------+
    |     Name     | LUT| Input Size| Bits| Total Bits|
    +--------------+----+-----------+-----+-----------+
    |ap_return_0   |  14|          3|   16|         48|
    |ap_return_1   |  14|          3|   16|         48|
    |ap_return_10  |  14|          3|   16|         48|
    |ap_return_11  |  14|          3|   16|         48|
    |ap_return_12  |  14|          3|   16|         48|
    |ap_return_13  |  14|          3|   16|         48|
    |ap_return_14  |  14|          3|   16|         48|
    |ap_return_15  |  14|          3|   16|         48|
    |ap_return_16  |  14|          3|   16|         48|
    |ap_return_17  |  14|          3|   16|         48|
    |ap_return_18  |  14|          3|   16|         48|
    |ap_return_19  |  14|          3|   16|         48|
    |ap_return_2   |  14|          3|   16|         48|
    |ap_return_20  |  14|          3|   16|         48|
    |ap_return_21  |  14|          3|   16|         48|
    |ap_return_22  |  14|          3|   16|         48|
    |ap_return_23  |  14|          3|   16|         48|
    |ap_return_24  |  14|          3|   16|         48|
    |ap_return_25  |  14|          3|   16|         48|
    |ap_return_26  |  14|          3|   16|         48|
    |ap_return_27  |  14|          3|   16|         48|
    |ap_return_28  |  14|          3|   16|         48|
    |ap_return_29  |  14|          3|   16|         48|
    |ap_return_3   |  14|          3|   16|         48|
    |ap_return_30  |  14|          3|   16|         48|
    |ap_return_31  |  14|          3|   16|         48|
    |ap_return_4   |  14|          3|   16|         48|
    |ap_return_5   |  14|          3|   16|         48|
    |ap_return_6   |  14|          3|   16|         48|
    |ap_return_7   |  14|          3|   16|         48|
    |ap_return_8   |  14|          3|   16|         48|
    |ap_return_9   |  14|          3|   16|         48|
    +--------------+----+-----------+-----+-----------+
    |Total         | 448|         96|  512|       1536|
    +--------------+----+-----------+-----+-----------+

    * Register: 
    +--------------------------------------+----+----+-----+-----------+
    |                 Name                 | FF | LUT| Bits| Const Bits|
    +--------------------------------------+----+----+-----+-----------+
    |add_ln58_5921_reg_6294                |  16|   0|   16|          0|
    |add_ln58_5922_reg_6300                |  15|   0|   15|          0|
    |add_ln58_5923_reg_6305                |  16|   0|   16|          0|
    |add_ln58_5923_reg_6305_pp0_iter2_reg  |  16|   0|   16|          0|
    |add_ln58_5925_reg_6557                |  16|   0|   16|          0|
    |add_ln58_5927_reg_5632                |  15|   0|   15|          0|
    |add_ln58_5930_reg_5637                |  15|   0|   15|          0|
    |add_ln58_5931_reg_6310                |  16|   0|   16|          0|
    |add_ln58_5931_reg_6310_pp0_iter2_reg  |  16|   0|   16|          0|
    |add_ln58_5933_reg_6562                |  16|   0|   16|          0|
    |add_ln58_5934_reg_6567                |  16|   0|   16|          0|
    |add_ln58_5937_reg_5642                |  15|   0|   15|          0|
    |add_ln58_5938_reg_6315                |  16|   0|   16|          0|
    |add_ln58_5939_reg_6572                |  16|   0|   16|          0|
    |add_ln58_5942_reg_6577                |  16|   0|   16|          0|
    |add_ln58_5944_reg_6582                |  16|   0|   16|          0|
    |add_ln58_5946_reg_6320                |  16|   0|   16|          0|
    |add_ln58_5949_reg_5647                |  16|   0|   16|          0|
    |add_ln58_5950_reg_6325                |  16|   0|   16|          0|
    |add_ln58_5951_reg_6587                |  16|   0|   16|          0|
    |add_ln58_5954_reg_6592                |  16|   0|   16|          0|
    |add_ln58_5956_reg_6330                |  16|   0|   16|          0|
    |add_ln58_5957_reg_6597                |  16|   0|   16|          0|
    |add_ln58_5959_reg_5652                |  16|   0|   16|          0|
    |add_ln58_5961_reg_5657                |  16|   0|   16|          0|
    |add_ln58_5963_reg_5662                |  16|   0|   16|          0|
    |add_ln58_5964_reg_6335                |  16|   0|   16|          0|
    |add_ln58_5964_reg_6335_pp0_iter2_reg  |  16|   0|   16|          0|
    |add_ln58_5966_reg_6602                |  16|   0|   16|          0|
    |add_ln58_5968_reg_6607                |  16|   0|   16|          0|
    |add_ln58_5970_reg_6340                |  16|   0|   16|          0|
    |add_ln58_5973_reg_5667                |  15|   0|   15|          0|
    |add_ln58_5973_reg_5667_pp0_iter1_reg  |  15|   0|   15|          0|
    |add_ln58_5974_reg_6612                |  16|   0|   16|          0|
    |add_ln58_5977_reg_6617                |  16|   0|   16|          0|
    |add_ln58_5979_reg_6622                |  16|   0|   16|          0|
    |add_ln58_5981_reg_6345                |  16|   0|   16|          0|
    |add_ln58_5984_reg_5672                |  16|   0|   16|          0|
    |add_ln58_5984_reg_5672_pp0_iter1_reg  |  16|   0|   16|          0|
    |add_ln58_5985_reg_6627                |  16|   0|   16|          0|
    |add_ln58_5988_reg_6632                |  16|   0|   16|          0|
    |add_ln58_5990_reg_6637                |  16|   0|   16|          0|
    |add_ln58_5992_reg_6350                |  16|   0|   16|          0|
    |add_ln58_5994_reg_5677                |  15|   0|   15|          0|
    |add_ln58_5995_reg_6355                |  16|   0|   16|          0|
    |add_ln58_5996_reg_6642                |  16|   0|   16|          0|
    |add_ln58_5999_reg_6647                |  16|   0|   16|          0|
    |add_ln58_6001_reg_6360                |  16|   0|   16|          0|
    |add_ln58_6002_reg_6652                |  16|   0|   16|          0|
    |add_ln58_6004_reg_6365                |  16|   0|   16|          0|
    |add_ln58_6008_reg_5682                |  16|   0|   16|          0|
    |add_ln58_6008_reg_5682_pp0_iter1_reg  |  16|   0|   16|          0|
    |add_ln58_6009_reg_6657                |  16|   0|   16|          0|
    |add_ln58_6012_reg_6662                |  16|   0|   16|          0|
    |add_ln58_6013_reg_6370                |  16|   0|   16|          0|
    |add_ln58_6014_reg_6667                |  16|   0|   16|          0|
    |add_ln58_6016_reg_5687                |  16|   0|   16|          0|
    |add_ln58_6019_reg_5692                |  15|   0|   15|          0|
    |add_ln58_6020_reg_6376                |  16|   0|   16|          0|
    |add_ln58_6020_reg_6376_pp0_iter2_reg  |  16|   0|   16|          0|
    |add_ln58_6022_reg_6672                |  16|   0|   16|          0|
    |add_ln58_6024_reg_6677                |  16|   0|   16|          0|
    |add_ln58_6026_reg_6381                |  16|   0|   16|          0|
    |add_ln58_6029_reg_5697                |  15|   0|   15|          0|
    |add_ln58_6029_reg_5697_pp0_iter1_reg  |  15|   0|   15|          0|
    |add_ln58_6030_reg_6682                |  16|   0|   16|          0|
    |add_ln58_6033_reg_6687                |  16|   0|   16|          0|
    |add_ln58_6035_reg_6386                |  16|   0|   16|          0|
    |add_ln58_6036_reg_6692                |  16|   0|   16|          0|
    |add_ln58_6038_reg_6391                |  16|   0|   16|          0|
    |add_ln58_6041_reg_5702                |  15|   0|   15|          0|
    |add_ln58_6042_reg_6396                |  16|   0|   16|          0|
    |add_ln58_6043_reg_6697                |  16|   0|   16|          0|
    |add_ln58_6046_reg_6702                |  16|   0|   16|          0|
    |add_ln58_6048_reg_6707                |  16|   0|   16|          0|
    |add_ln58_6050_reg_5707                |  14|   0|   14|          0|
    |add_ln58_6053_reg_5712                |  15|   0|   15|          0|
    |add_ln58_6054_reg_6401                |  16|   0|   16|          0|
    |add_ln58_6054_reg_6401_pp0_iter2_reg  |  16|   0|   16|          0|
    |add_ln58_6057_reg_6712                |  16|   0|   16|          0|
    |add_ln58_6059_reg_6717                |  16|   0|   16|          0|
    |add_ln58_6061_reg_5717                |  15|   0|   15|          0|
    |add_ln58_6064_reg_5722                |  15|   0|   15|          0|
    |add_ln58_6065_reg_6406                |  16|   0|   16|          0|
    |add_ln58_6065_reg_6406_pp0_iter2_reg  |  16|   0|   16|          0|
    |add_ln58_6068_reg_6722                |  16|   0|   16|          0|
    |add_ln58_6070_reg_6727                |  16|   0|   16|          0|
    |add_ln58_6072_reg_6411                |  16|   0|   16|          0|
    |add_ln58_6075_reg_5727                |  15|   0|   15|          0|
    |add_ln58_6075_reg_5727_pp0_iter1_reg  |  15|   0|   15|          0|
    |add_ln58_6076_reg_6732                |  16|   0|   16|          0|
    |add_ln58_6078_reg_6737                |  16|   0|   16|          0|
    |add_ln58_6080_reg_6742                |  16|   0|   16|          0|
    |add_ln58_6084_reg_6416                |  16|   0|   16|          0|
    |add_ln58_6085_reg_6747                |  16|   0|   16|          0|
    |add_ln58_6088_reg_6752                |  16|   0|   16|          0|
    |add_ln58_6090_reg_6757                |  16|   0|   16|          0|
    |add_ln58_6092_reg_6421                |  16|   0|   16|          0|
    |add_ln58_6095_reg_5732                |  14|   0|   14|          0|
    |add_ln58_6096_reg_6426                |  16|   0|   16|          0|
    |add_ln58_6097_reg_6762                |  16|   0|   16|          0|
    |add_ln58_6100_reg_6767                |  16|   0|   16|          0|
    |add_ln58_6102_reg_6772                |  16|   0|   16|          0|
    |add_ln58_6104_reg_5737                |  16|   0|   16|          0|
    |add_ln58_6108_reg_5742                |  16|   0|   16|          0|
    |add_ln58_6109_reg_6431                |  16|   0|   16|          0|
    |add_ln58_6109_reg_6431_pp0_iter2_reg  |  16|   0|   16|          0|
    |add_ln58_6112_reg_6777                |  16|   0|   16|          0|
    |add_ln58_6114_reg_6782                |  16|   0|   16|          0|
    |add_ln58_6116_reg_5747                |  15|   0|   15|          0|
    |add_ln58_6118_reg_5752                |  16|   0|   16|          0|
    |add_ln58_6119_reg_6436                |  16|   0|   16|          0|
    |add_ln58_6119_reg_6436_pp0_iter2_reg  |  16|   0|   16|          0|
    |add_ln58_6122_reg_6787                |  16|   0|   16|          0|
    |add_ln58_6123_reg_6441                |  16|   0|   16|          0|
    |add_ln58_6124_reg_6792                |  16|   0|   16|          0|
    |add_ln58_6126_reg_6447                |  16|   0|   16|          0|
    |add_ln58_6129_reg_6452                |  16|   0|   16|          0|
    |add_ln58_6130_reg_6797                |  16|   0|   16|          0|
    |add_ln58_6133_reg_6802                |  16|   0|   16|          0|
    |add_ln58_6135_reg_6807                |  16|   0|   16|          0|
    |add_ln58_6137_reg_6457                |  16|   0|   16|          0|
    |add_ln58_6140_reg_6462                |  16|   0|   16|          0|
    |add_ln58_6141_reg_6812                |  16|   0|   16|          0|
    |add_ln58_6144_reg_6817                |  16|   0|   16|          0|
    |add_ln58_6145_reg_6822                |  16|   0|   16|          0|
    |add_ln58_6147_reg_6467                |  16|   0|   16|          0|
    |add_ln58_6151_reg_5757                |  16|   0|   16|          0|
    |add_ln58_6151_reg_5757_pp0_iter1_reg  |  16|   0|   16|          0|
    |add_ln58_6152_reg_6827                |  16|   0|   16|          0|
    |add_ln58_6154_reg_6472                |  16|   0|   16|          0|
    |add_ln58_6154_reg_6472_pp0_iter2_reg  |  16|   0|   16|          0|
    |add_ln58_6156_reg_6832                |  16|   0|   16|          0|
    |add_ln58_6158_reg_5762                |  16|   0|   16|          0|
    |add_ln58_6161_reg_5767                |  15|   0|   15|          0|
    |add_ln58_6162_reg_6477                |  16|   0|   16|          0|
    |add_ln58_6162_reg_6477_pp0_iter2_reg  |  16|   0|   16|          0|
    |add_ln58_6165_reg_6837                |  16|   0|   16|          0|
    |add_ln58_6166_reg_6842                |  16|   0|   16|          0|
    |add_ln58_6168_reg_6482                |  16|   0|   16|          0|
    |add_ln58_6171_reg_5772                |  16|   0|   16|          0|
    |add_ln58_6172_reg_6487                |  16|   0|   16|          0|
    |add_ln58_6173_reg_6847                |  16|   0|   16|          0|
    |add_ln58_6176_reg_6852                |  16|   0|   16|          0|
    |add_ln58_6178_reg_6857                |  16|   0|   16|          0|
    |add_ln58_6182_reg_5777                |  15|   0|   15|          0|
    |add_ln58_6183_reg_6492                |  16|   0|   16|          0|
    |add_ln58_6183_reg_6492_pp0_iter2_reg  |  16|   0|   16|          0|
    |add_ln58_6186_reg_6862                |  16|   0|   16|          0|
    |add_ln58_6188_reg_6867                |  16|   0|   16|          0|
    |add_ln58_6190_reg_5782                |  16|   0|   16|          0|
    |add_ln58_6194_reg_5787                |  16|   0|   16|          0|
    |add_ln58_6195_reg_6497                |  16|   0|   16|          0|
    |add_ln58_6195_reg_6497_pp0_iter2_reg  |  16|   0|   16|          0|
    |add_ln58_6198_reg_6872                |  16|   0|   16|          0|
    |add_ln58_6200_reg_6877                |  16|   0|   16|          0|
    |add_ln58_6202_reg_5792                |  16|   0|   16|          0|
    |add_ln58_6202_reg_5792_pp0_iter1_reg  |  16|   0|   16|          0|
    |add_ln58_6205_reg_5797                |  16|   0|   16|          0|
    |add_ln58_6205_reg_5797_pp0_iter1_reg  |  16|   0|   16|          0|
    |add_ln58_6206_reg_6882                |  16|   0|   16|          0|
    |add_ln58_6209_reg_6887                |  16|   0|   16|          0|
    |add_ln58_6211_reg_6892                |  16|   0|   16|          0|
    |add_ln58_6213_reg_6502                |  16|   0|   16|          0|
    |add_ln58_6215_reg_5802                |  15|   0|   15|          0|
    |add_ln58_6217_reg_6507                |  16|   0|   16|          0|
    |add_ln58_6218_reg_6897                |  16|   0|   16|          0|
    |add_ln58_6221_reg_6902                |  16|   0|   16|          0|
    |add_ln58_6223_reg_6907                |  16|   0|   16|          0|
    |add_ln58_6225_reg_5807                |  15|   0|   15|          0|
    |add_ln58_6228_reg_5812                |  15|   0|   15|          0|
    |add_ln58_6229_reg_6512                |  16|   0|   16|          0|
    |add_ln58_6229_reg_6512_pp0_iter2_reg  |  16|   0|   16|          0|
    |add_ln58_6232_reg_6912                |  16|   0|   16|          0|
    |add_ln58_6234_reg_6917                |  16|   0|   16|          0|
    |add_ln58_6236_reg_6517                |  16|   0|   16|          0|
    |add_ln58_6239_reg_5817                |  14|   0|   14|          0|
    |add_ln58_6240_reg_6522                |  16|   0|   16|          0|
    |add_ln58_6241_reg_6922                |  16|   0|   16|          0|
    |add_ln58_6243_reg_6927                |  16|   0|   16|          0|
    |add_ln58_6245_reg_6932                |  16|   0|   16|          0|
    |add_ln58_6247_reg_6527                |  16|   0|   16|          0|
    |add_ln58_6249_reg_5822                |  15|   0|   15|          0|
    |add_ln58_6250_reg_6532                |  16|   0|   16|          0|
    |add_ln58_6251_reg_6937                |  16|   0|   16|          0|
    |add_ln58_6253_reg_6537                |  16|   0|   16|          0|
    |add_ln58_6253_reg_6537_pp0_iter2_reg  |  16|   0|   16|          0|
    |add_ln58_6255_reg_6942                |  16|   0|   16|          0|
    |add_ln58_6257_reg_5827                |  16|   0|   16|          0|
    |add_ln58_6260_reg_5832                |  16|   0|   16|          0|
    |add_ln58_6261_reg_6542                |  16|   0|   16|          0|
    |add_ln58_6261_reg_6542_pp0_iter2_reg  |  16|   0|   16|          0|
    |add_ln58_6264_reg_6947                |  16|   0|   16|          0|
    |add_ln58_6266_reg_6952                |  16|   0|   16|          0|
    |add_ln58_6268_reg_6547                |  16|   0|   16|          0|
    |add_ln58_6271_reg_5837                |  15|   0|   15|          0|
    |add_ln58_6272_reg_6552                |  16|   0|   16|          0|
    |add_ln58_6273_reg_6957                |  16|   0|   16|          0|
    |add_ln58_reg_6288                     |  16|   0|   16|          0|
    |ap_ce_reg                             |   1|   0|    1|          0|
    |ap_return_0_int_reg                   |  16|   0|   16|          0|
    |ap_return_10_int_reg                  |  16|   0|   16|          0|
    |ap_return_11_int_reg                  |  16|   0|   16|          0|
    |ap_return_12_int_reg                  |  16|   0|   16|          0|
    |ap_return_13_int_reg                  |  16|   0|   16|          0|
    |ap_return_14_int_reg                  |  16|   0|   16|          0|
    |ap_return_15_int_reg                  |  16|   0|   16|          0|
    |ap_return_16_int_reg                  |  16|   0|   16|          0|
    |ap_return_17_int_reg                  |  16|   0|   16|          0|
    |ap_return_18_int_reg                  |  16|   0|   16|          0|
    |ap_return_19_int_reg                  |  16|   0|   16|          0|
    |ap_return_1_int_reg                   |  16|   0|   16|          0|
    |ap_return_20_int_reg                  |  16|   0|   16|          0|
    |ap_return_21_int_reg                  |  16|   0|   16|          0|
    |ap_return_22_int_reg                  |  16|   0|   16|          0|
    |ap_return_23_int_reg                  |  16|   0|   16|          0|
    |ap_return_24_int_reg                  |  16|   0|   16|          0|
    |ap_return_25_int_reg                  |  16|   0|   16|          0|
    |ap_return_26_int_reg                  |  16|   0|   16|          0|
    |ap_return_27_int_reg                  |  16|   0|   16|          0|
    |ap_return_28_int_reg                  |  16|   0|   16|          0|
    |ap_return_29_int_reg                  |  16|   0|   16|          0|
    |ap_return_2_int_reg                   |  16|   0|   16|          0|
    |ap_return_30_int_reg                  |  16|   0|   16|          0|
    |ap_return_31_int_reg                  |  16|   0|   16|          0|
    |ap_return_3_int_reg                   |  16|   0|   16|          0|
    |ap_return_4_int_reg                   |  16|   0|   16|          0|
    |ap_return_5_int_reg                   |  16|   0|   16|          0|
    |ap_return_6_int_reg                   |  16|   0|   16|          0|
    |ap_return_7_int_reg                   |  16|   0|   16|          0|
    |ap_return_8_int_reg                   |  16|   0|   16|          0|
    |ap_return_9_int_reg                   |  16|   0|   16|          0|
    |data_0_val_int_reg                    |  16|   0|   16|          0|
    |data_0_val_read_reg_5408              |  16|   0|   16|          0|
    |data_10_val_int_reg                   |  16|   0|   16|          0|
    |data_10_val_read_reg_5321             |  16|   0|   16|          0|
    |data_11_val_int_reg                   |  16|   0|   16|          0|
    |data_11_val_read_reg_5312             |  16|   0|   16|          0|
    |data_12_val_int_reg                   |  16|   0|   16|          0|
    |data_13_val_int_reg                   |  16|   0|   16|          0|
    |data_1_val_int_reg                    |  16|   0|   16|          0|
    |data_1_val_read_reg_5400              |  16|   0|   16|          0|
    |data_2_val_int_reg                    |  16|   0|   16|          0|
    |data_2_val_read_reg_5392              |  16|   0|   16|          0|
    |data_3_val_int_reg                    |  16|   0|   16|          0|
    |data_3_val_read_reg_5383              |  16|   0|   16|          0|
    |data_4_val_int_reg                    |  16|   0|   16|          0|
    |data_4_val_read_reg_5374              |  16|   0|   16|          0|
    |data_5_val_int_reg                    |  16|   0|   16|          0|
    |data_5_val_read_reg_5365              |  16|   0|   16|          0|
    |data_6_val_int_reg                    |  16|   0|   16|          0|
    |data_6_val_read_reg_5356              |  16|   0|   16|          0|
    |data_7_val_int_reg                    |  16|   0|   16|          0|
    |data_7_val_read_reg_5347              |  16|   0|   16|          0|
    |data_8_val_int_reg                    |  16|   0|   16|          0|
    |data_8_val_read_reg_5339              |  16|   0|   16|          0|
    |data_9_val_int_reg                    |  16|   0|   16|          0|
    |data_9_val_read_reg_5330              |  16|   0|   16|          0|
    |mult_363_reg_5842                     |  16|   0|   16|          0|
    |mult_364_reg_5416                     |  14|   0|   14|          0|
    |mult_365_reg_5852                     |  16|   0|   16|          0|
    |mult_366_reg_5858                     |  16|   0|   16|          0|
    |mult_368_reg_5864                     |  16|   0|   16|          0|
    |mult_370_reg_5426                     |  13|   0|   13|          0|
    |mult_371_reg_5869                     |  16|   0|   16|          0|
    |mult_373_reg_5874                     |  16|   0|   16|          0|
    |mult_374_reg_5879                     |  16|   0|   16|          0|
    |mult_376_reg_5885                     |  16|   0|   16|          0|
    |mult_377_reg_5890                     |  14|   0|   14|          0|
    |mult_379_reg_5454                     |  16|   0|   16|          0|
    |mult_379_reg_5454_pp0_iter1_reg       |  16|   0|   16|          0|
    |mult_380_reg_5895                     |  16|   0|   16|          0|
    |mult_381_reg_5900                     |  15|   0|   15|          0|
    |mult_382_reg_5905                     |  16|   0|   16|          0|
    |mult_383_reg_5910                     |  16|   0|   16|          0|
    |mult_385_reg_5915                     |  15|   0|   15|          0|
    |mult_386_reg_5920                     |  16|   0|   16|          0|
    |mult_387_reg_5926                     |  16|   0|   16|          0|
    |mult_388_reg_5935                     |  16|   0|   16|          0|
    |mult_390_reg_5941                     |  14|   0|   14|          0|
    |mult_392_reg_5946                     |  16|   0|   16|          0|
    |mult_393_reg_5953                     |  16|   0|   16|          0|
    |mult_397_reg_5958                     |  16|   0|   16|          0|
    |mult_398_reg_5964                     |  16|   0|   16|          0|
    |mult_399_reg_5970                     |  15|   0|   15|          0|
    |mult_400_reg_5975                     |  16|   0|   16|          0|
    |mult_401_reg_5984                     |  16|   0|   16|          0|
    |mult_402_reg_5989                     |  16|   0|   16|          0|
    |mult_403_reg_5995                     |  14|   0|   14|          0|
    |mult_404_reg_6000                     |  16|   0|   16|          0|
    |mult_405_reg_6005                     |  14|   0|   14|          0|
    |mult_406_reg_6010                     |  15|   0|   15|          0|
    |mult_407_reg_5478                     |  14|   0|   14|          0|
    |mult_408_reg_6020                     |  16|   0|   16|          0|
    |mult_410_reg_6028                     |  16|   0|   16|          0|
    |mult_411_reg_6033                     |  16|   0|   16|          0|
    |mult_414_reg_6043                     |  16|   0|   16|          0|
    |mult_415_reg_6052                     |  15|   0|   15|          0|
    |mult_416_reg_6057                     |  16|   0|   16|          0|
    |mult_418_reg_6062                     |  14|   0|   14|          0|
    |mult_419_reg_6068                     |  16|   0|   16|          0|
    |mult_420_reg_6073                     |  16|   0|   16|          0|
    |mult_421_reg_6078                     |  16|   0|   16|          0|
    |mult_423_reg_6083                     |  14|   0|   14|          0|
    |mult_424_reg_6088                     |  16|   0|   16|          0|
    |mult_427_reg_6093                     |  15|   0|   15|          0|
    |mult_428_reg_5488                     |  15|   0|   15|          0|
    |mult_429_reg_6098                     |  16|   0|   16|          0|
    |mult_430_reg_6103                     |  16|   0|   16|          0|
    |mult_431_reg_6108                     |  16|   0|   16|          0|
    |mult_432_reg_6113                     |  16|   0|   16|          0|
    |mult_433_reg_6118                     |  16|   0|   16|          0|
    |mult_434_reg_6123                     |  16|   0|   16|          0|
    |mult_435_reg_6128                     |  16|   0|   16|          0|
    |mult_436_reg_6135                     |  14|   0|   14|          0|
    |mult_437_reg_6141                     |  16|   0|   16|          0|
    |mult_439_reg_6147                     |  15|   0|   15|          0|
    |mult_440_reg_6152                     |  16|   0|   16|          0|
    |mult_442_reg_6157                     |  16|   0|   16|          0|
    |mult_444_reg_6163                     |  14|   0|   14|          0|
    |mult_446_reg_6168                     |  16|   0|   16|          0|
    |mult_447_reg_6174                     |  16|   0|   16|          0|
    |mult_448_reg_6179                     |  16|   0|   16|          0|
    |mult_449_reg_5505                     |  16|   0|   16|          0|
    |mult_449_reg_5505_pp0_iter1_reg       |  16|   0|   16|          0|
    |mult_450_reg_6186                     |  16|   0|   16|          0|
    |mult_451_reg_6192                     |  15|   0|   15|          0|
    |mult_453_reg_6197                     |  16|   0|   16|          0|
    |mult_456_reg_6202                     |  14|   0|   14|          0|
    |mult_458_reg_6213                     |  16|   0|   16|          0|
    |mult_459_reg_5511                     |  15|   0|   15|          0|
    |mult_460_reg_6218                     |  16|   0|   16|          0|
    |mult_461_reg_5516                     |  13|   0|   13|          0|
    |mult_462_reg_6228                     |  16|   0|   16|          0|
    |mult_464_reg_6234                     |  16|   0|   16|          0|
    |mult_466_reg_5521                     |  14|   0|   14|          0|
    |mult_469_reg_6250                     |  16|   0|   16|          0|
    |mult_470_reg_6256                     |  16|   0|   16|          0|
    |mult_475_reg_6267                     |  16|   0|   16|          0|
    |mult_482_reg_6278                     |  16|   0|   16|          0|
    |mult_483_reg_6283                     |  16|   0|   16|          0|
    |mult_485_reg_5532                     |  14|   0|   14|          0|
    |mult_486_reg_5537                     |  16|   0|   16|          0|
    |mult_487_reg_5544                     |  16|   0|   16|          0|
    |mult_487_reg_5544_pp0_iter1_reg       |  16|   0|   16|          0|
    |mult_488_reg_5552                     |  16|   0|   16|          0|
    |mult_489_reg_5557                     |  15|   0|   15|          0|
    |mult_490_reg_5562                     |  15|   0|   15|          0|
    |mult_492_reg_5567                     |  16|   0|   16|          0|
    |mult_492_reg_5567_pp0_iter1_reg       |  16|   0|   16|          0|
    |mult_494_reg_5572                     |  16|   0|   16|          0|
    |mult_495_reg_5577                     |  16|   0|   16|          0|
    |mult_497_reg_5588                     |  16|   0|   16|          0|
    |mult_498_reg_5594                     |  13|   0|   13|          0|
    |mult_499_reg_5599                     |  16|   0|   16|          0|
    |mult_499_reg_5599_pp0_iter1_reg       |  16|   0|   16|          0|
    |mult_500_reg_5606                     |  16|   0|   16|          0|
    |mult_501_reg_5611                     |  16|   0|   16|          0|
    |mult_502_reg_5616                     |  16|   0|   16|          0|
    |mult_505_reg_5627                     |  15|   0|   15|          0|
    |sext_ln17_471_reg_5467                |  15|   0|   15|          0|
    |sext_ln42_108_reg_6207                |  16|   0|   16|          0|
    |sext_ln42_110_reg_6239                |  16|   0|   16|          0|
    |sext_ln42_111_reg_6245                |  16|   0|   16|          0|
    |sext_ln42_114_reg_6261                |  16|   0|   16|          0|
    |sext_ln42_115_reg_6272                |  16|   0|   16|          0|
    |sext_ln42_11_reg_5431                 |  16|   0|   16|          0|
    |sext_ln42_121_reg_5621                |  16|   0|   16|          0|
    |sext_ln42_12_reg_5446                 |  16|   0|   16|          0|
    |sext_ln42_18_reg_5459                 |  16|   0|   16|          0|
    |sext_ln42_26_reg_5472                 |  16|   0|   16|          0|
    |sext_ln42_33_reg_6015                 |  16|   0|   16|          0|
    |sext_ln42_34_reg_5483                 |  16|   0|   16|          0|
    |sext_ln42_62_reg_5526                 |  16|   0|   16|          0|
    |sext_ln42_66_reg_5582                 |  16|   0|   16|          0|
    |sext_ln42_81_reg_5421                 |  16|   0|   16|          0|
    |sext_ln42_82_reg_5436                 |  17|   0|   19|          2|
    |sext_ln73_138_reg_5493                |  17|   0|   19|          2|
    |sub_ln42_24_reg_5500                  |  17|   0|   19|          2|
    |sub_ln42_3_reg_5441                   |  17|   0|   19|          2|
    +--------------------------------------+----+----+-----+-----------+
    |Total                                 |5990|   0| 5998|          8|
    +--------------------------------------+----+----+-----+-----------+



================================================================
== Interface
================================================================
* Summary: 
+--------------+-----+-----+------------+----------------------------------------------------------------------------+--------------+
|   RTL Ports  | Dir | Bits|  Protocol  |                                Source Object                               |    C Type    |
+--------------+-----+-----+------------+----------------------------------------------------------------------------+--------------+
|ap_clk        |   in|    1|  ap_ctrl_hs|  dense_latency<ap_fixed<16, 6, 5, 3, 0>, ap_fixed<16, 6, 5, 3, 0>, config9>|  return value|
|ap_rst        |   in|    1|  ap_ctrl_hs|  dense_latency<ap_fixed<16, 6, 5, 3, 0>, ap_fixed<16, 6, 5, 3, 0>, config9>|  return value|
|ap_return_0   |  out|   16|  ap_ctrl_hs|  dense_latency<ap_fixed<16, 6, 5, 3, 0>, ap_fixed<16, 6, 5, 3, 0>, config9>|  return value|
|ap_return_1   |  out|   16|  ap_ctrl_hs|  dense_latency<ap_fixed<16, 6, 5, 3, 0>, ap_fixed<16, 6, 5, 3, 0>, config9>|  return value|
|ap_return_2   |  out|   16|  ap_ctrl_hs|  dense_latency<ap_fixed<16, 6, 5, 3, 0>, ap_fixed<16, 6, 5, 3, 0>, config9>|  return value|
|ap_return_3   |  out|   16|  ap_ctrl_hs|  dense_latency<ap_fixed<16, 6, 5, 3, 0>, ap_fixed<16, 6, 5, 3, 0>, config9>|  return value|
|ap_return_4   |  out|   16|  ap_ctrl_hs|  dense_latency<ap_fixed<16, 6, 5, 3, 0>, ap_fixed<16, 6, 5, 3, 0>, config9>|  return value|
|ap_return_5   |  out|   16|  ap_ctrl_hs|  dense_latency<ap_fixed<16, 6, 5, 3, 0>, ap_fixed<16, 6, 5, 3, 0>, config9>|  return value|
|ap_return_6   |  out|   16|  ap_ctrl_hs|  dense_latency<ap_fixed<16, 6, 5, 3, 0>, ap_fixed<16, 6, 5, 3, 0>, config9>|  return value|
|ap_return_7   |  out|   16|  ap_ctrl_hs|  dense_latency<ap_fixed<16, 6, 5, 3, 0>, ap_fixed<16, 6, 5, 3, 0>, config9>|  return value|
|ap_return_8   |  out|   16|  ap_ctrl_hs|  dense_latency<ap_fixed<16, 6, 5, 3, 0>, ap_fixed<16, 6, 5, 3, 0>, config9>|  return value|
|ap_return_9   |  out|   16|  ap_ctrl_hs|  dense_latency<ap_fixed<16, 6, 5, 3, 0>, ap_fixed<16, 6, 5, 3, 0>, config9>|  return value|
|ap_return_10  |  out|   16|  ap_ctrl_hs|  dense_latency<ap_fixed<16, 6, 5, 3, 0>, ap_fixed<16, 6, 5, 3, 0>, config9>|  return value|
|ap_return_11  |  out|   16|  ap_ctrl_hs|  dense_latency<ap_fixed<16, 6, 5, 3, 0>, ap_fixed<16, 6, 5, 3, 0>, config9>|  return value|
|ap_return_12  |  out|   16|  ap_ctrl_hs|  dense_latency<ap_fixed<16, 6, 5, 3, 0>, ap_fixed<16, 6, 5, 3, 0>, config9>|  return value|
|ap_return_13  |  out|   16|  ap_ctrl_hs|  dense_latency<ap_fixed<16, 6, 5, 3, 0>, ap_fixed<16, 6, 5, 3, 0>, config9>|  return value|
|ap_return_14  |  out|   16|  ap_ctrl_hs|  dense_latency<ap_fixed<16, 6, 5, 3, 0>, ap_fixed<16, 6, 5, 3, 0>, config9>|  return value|
|ap_return_15  |  out|   16|  ap_ctrl_hs|  dense_latency<ap_fixed<16, 6, 5, 3, 0>, ap_fixed<16, 6, 5, 3, 0>, config9>|  return value|
|ap_return_16  |  out|   16|  ap_ctrl_hs|  dense_latency<ap_fixed<16, 6, 5, 3, 0>, ap_fixed<16, 6, 5, 3, 0>, config9>|  return value|
|ap_return_17  |  out|   16|  ap_ctrl_hs|  dense_latency<ap_fixed<16, 6, 5, 3, 0>, ap_fixed<16, 6, 5, 3, 0>, config9>|  return value|
|ap_return_18  |  out|   16|  ap_ctrl_hs|  dense_latency<ap_fixed<16, 6, 5, 3, 0>, ap_fixed<16, 6, 5, 3, 0>, config9>|  return value|
|ap_return_19  |  out|   16|  ap_ctrl_hs|  dense_latency<ap_fixed<16, 6, 5, 3, 0>, ap_fixed<16, 6, 5, 3, 0>, config9>|  return value|
|ap_return_20  |  out|   16|  ap_ctrl_hs|  dense_latency<ap_fixed<16, 6, 5, 3, 0>, ap_fixed<16, 6, 5, 3, 0>, config9>|  return value|
|ap_return_21  |  out|   16|  ap_ctrl_hs|  dense_latency<ap_fixed<16, 6, 5, 3, 0>, ap_fixed<16, 6, 5, 3, 0>, config9>|  return value|
|ap_return_22  |  out|   16|  ap_ctrl_hs|  dense_latency<ap_fixed<16, 6, 5, 3, 0>, ap_fixed<16, 6, 5, 3, 0>, config9>|  return value|
|ap_return_23  |  out|   16|  ap_ctrl_hs|  dense_latency<ap_fixed<16, 6, 5, 3, 0>, ap_fixed<16, 6, 5, 3, 0>, config9>|  return value|
|ap_return_24  |  out|   16|  ap_ctrl_hs|  dense_latency<ap_fixed<16, 6, 5, 3, 0>, ap_fixed<16, 6, 5, 3, 0>, config9>|  return value|
|ap_return_25  |  out|   16|  ap_ctrl_hs|  dense_latency<ap_fixed<16, 6, 5, 3, 0>, ap_fixed<16, 6, 5, 3, 0>, config9>|  return value|
|ap_return_26  |  out|   16|  ap_ctrl_hs|  dense_latency<ap_fixed<16, 6, 5, 3, 0>, ap_fixed<16, 6, 5, 3, 0>, config9>|  return value|
|ap_return_27  |  out|   16|  ap_ctrl_hs|  dense_latency<ap_fixed<16, 6, 5, 3, 0>, ap_fixed<16, 6, 5, 3, 0>, config9>|  return value|
|ap_return_28  |  out|   16|  ap_ctrl_hs|  dense_latency<ap_fixed<16, 6, 5, 3, 0>, ap_fixed<16, 6, 5, 3, 0>, config9>|  return value|
|ap_return_29  |  out|   16|  ap_ctrl_hs|  dense_latency<ap_fixed<16, 6, 5, 3, 0>, ap_fixed<16, 6, 5, 3, 0>, config9>|  return value|
|ap_return_30  |  out|   16|  ap_ctrl_hs|  dense_latency<ap_fixed<16, 6, 5, 3, 0>, ap_fixed<16, 6, 5, 3, 0>, config9>|  return value|
|ap_return_31  |  out|   16|  ap_ctrl_hs|  dense_latency<ap_fixed<16, 6, 5, 3, 0>, ap_fixed<16, 6, 5, 3, 0>, config9>|  return value|
|ap_ce         |   in|    1|  ap_ctrl_hs|  dense_latency<ap_fixed<16, 6, 5, 3, 0>, ap_fixed<16, 6, 5, 3, 0>, config9>|  return value|
|data_0_val    |   in|   16|     ap_none|                                                                  data_0_val|        scalar|
|data_1_val    |   in|   16|     ap_none|                                                                  data_1_val|        scalar|
|data_2_val    |   in|   16|     ap_none|                                                                  data_2_val|        scalar|
|data_3_val    |   in|   16|     ap_none|                                                                  data_3_val|        scalar|
|data_4_val    |   in|   16|     ap_none|                                                                  data_4_val|        scalar|
|data_5_val    |   in|   16|     ap_none|                                                                  data_5_val|        scalar|
|data_6_val    |   in|   16|     ap_none|                                                                  data_6_val|        scalar|
|data_7_val    |   in|   16|     ap_none|                                                                  data_7_val|        scalar|
|data_8_val    |   in|   16|     ap_none|                                                                  data_8_val|        scalar|
|data_9_val    |   in|   16|     ap_none|                                                                  data_9_val|        scalar|
|data_10_val   |   in|   16|     ap_none|                                                                 data_10_val|        scalar|
|data_11_val   |   in|   16|     ap_none|                                                                 data_11_val|        scalar|
|data_12_val   |   in|   16|     ap_none|                                                                 data_12_val|        scalar|
|data_13_val   |   in|   16|     ap_none|                                                                 data_13_val|        scalar|
+--------------+-----+-----+------------+----------------------------------------------------------------------------+--------------+

