

================================================================
== Vitis HLS Report for 'dense_latency_ap_ufixed_8_0_4_0_0_ap_fixed_16_6_5_3_0_config23_s'
================================================================
* Date:           Mon Oct 27 14:28:09 2025

* Version:        2024.1 (Build 5069499 on May 21 2024)
* Project:        myproject_prj
* Solution:       solution1 (Vivado IP Flow Target)
* Product family: zynq
* Target device:  xc7z020-clg400-1


================================================================
== Performance Estimates
================================================================
+ Timing: 
    * Summary: 
    +--------+---------+----------+------------+
    |  Clock |  Target | Estimated| Uncertainty|
    +--------+---------+----------+------------+
    |ap_clk  |  5.00 ns|  3.830 ns|     0.62 ns|
    +--------+---------+----------+------------+

+ Latency: 
    * Summary: 
    +---------+---------+-----------+-----------+-----+-----+---------+
    |  Latency (cycles) |   Latency (absolute)  |  Interval | Pipeline|
    |   min   |   max   |    min    |    max    | min | max |   Type  |
    +---------+---------+-----------+-----------+-----+-----+---------+
    |        4|        4|  20.000 ns|  20.000 ns|    1|    1|      yes|
    +---------+---------+-----------+-----------+-----+-----+---------+

    + Detail: 
        * Instance: 
        N/A

        * Loop: 
        N/A



================================================================
== Utilization Estimates
================================================================
* Summary: 
+-----------------+---------+-----+--------+-------+-----+
|       Name      | BRAM_18K| DSP |   FF   |  LUT  | URAM|
+-----------------+---------+-----+--------+-------+-----+
|DSP              |        -|    -|       -|      -|    -|
|Expression       |        -|    -|       0|    502|    -|
|FIFO             |        -|    -|       -|      -|    -|
|Instance         |        -|    -|       -|      -|    -|
|Memory           |        -|    -|       -|      -|    -|
|Multiplexer      |        -|    -|       0|     14|    -|
|Register         |        -|    -|     520|      -|    -|
+-----------------+---------+-----+--------+-------+-----+
|Total            |        0|    0|     520|    516|    0|
+-----------------+---------+-----+--------+-------+-----+
|Available        |      280|  220|  106400|  53200|    0|
+-----------------+---------+-----+--------+-------+-----+
|Utilization (%)  |        0|    0|      ~0|     ~0|    0|
+-----------------+---------+-----+--------+-------+-----+

+ Detail: 
    * Instance: 
    N/A

    * DSP: 
    N/A

    * Memory: 
    N/A

    * FIFO: 
    N/A

    * Expression: 
    +------------------------+----------+----+---+----+------------+------------+
    |      Variable Name     | Operation| DSP| FF| LUT| Bitwidth P0| Bitwidth P1|
    +------------------------+----------+----+---+----+------------+------------+
    |add_ln58_10_fu_963_p2   |         +|   0|  0|  12|          11|          11|
    |add_ln58_11_fu_973_p2   |         +|   0|  0|  12|          12|          12|
    |add_ln58_12_fu_909_p2   |         +|   0|  0|  11|          11|          11|
    |add_ln58_13_fu_915_p2   |         +|   0|  0|  11|          11|          11|
    |add_ln58_14_fu_921_p2   |         +|   0|  0|  10|          10|          10|
    |add_ln58_15_fu_927_p2   |         +|   0|  0|  10|          10|          10|
    |add_ln58_16_fu_985_p2   |         +|   0|  0|  12|          12|          12|
    |add_ln58_17_fu_804_p2   |         +|   0|  0|  14|           9|           9|
    |add_ln58_18_fu_936_p2   |         +|   0|  0|  13|          10|          10|
    |add_ln58_19_fu_810_p2   |         +|   0|  0|  12|          11|          11|
    |add_ln58_1_fu_875_p2    |         +|   0|  0|  13|          10|          10|
    |add_ln58_20_fu_816_p2   |         +|   0|  0|  12|          11|          11|
    |add_ln58_21_fu_948_p2   |         +|   0|  0|  12|          12|          12|
    |add_ln58_22_fu_1000_p2  |         +|   0|  0|  13|          13|          13|
    |add_ln58_23_fu_1006_p2  |         +|   0|  0|  13|          13|          13|
    |add_ln58_24_fu_1018_p2  |         +|   0|  0|  17|          14|          14|
    |add_ln58_2_fu_770_p2    |         +|   0|  0|  14|           9|           9|
    |add_ln58_3_fu_780_p2    |         +|   0|  0|  13|          10|          10|
    |add_ln58_4_fu_888_p2    |         +|   0|  0|  12|          11|          11|
    |add_ln58_5_fu_786_p2    |         +|   0|  0|  10|          10|          10|
    |add_ln58_6_fu_792_p2    |         +|   0|  0|  10|          10|          10|
    |add_ln58_7_fu_894_p2    |         +|   0|  0|  10|          10|          10|
    |add_ln58_8_fu_798_p2    |         +|   0|  0|  15|           8|           8|
    |add_ln58_9_fu_903_p2    |         +|   0|  0|  10|          10|          10|
    |add_ln58_fu_764_p2      |         +|   0|  0|  14|           9|           9|
    |sub_ln73_10_fu_506_p2   |         -|   0|  0|  13|          10|          10|
    |sub_ln73_11_fu_606_p2   |         -|   0|  0|  12|          11|          11|
    |sub_ln73_12_fu_638_p2   |         -|   0|  0|  12|           1|          11|
    |sub_ln73_13_fu_688_p2   |         -|   0|  0|  12|          11|          11|
    |sub_ln73_14_fu_734_p2   |         -|   0|  0|  13|           1|          10|
    |sub_ln73_1_fu_368_p2    |         -|   0|  0|  14|           1|           9|
    |sub_ln73_2_fu_526_p2    |         -|   0|  0|  14|           1|           9|
    |sub_ln73_3_fu_849_p2    |         -|   0|  0|  14|           1|           9|
    |sub_ln73_4_fu_546_p2    |         -|   0|  0|  14|           1|           9|
    |sub_ln73_5_fu_570_p2    |         -|   0|  0|  14|           1|           9|
    |sub_ln73_6_fu_290_p2    |         -|   0|  0|  12|          11|          11|
    |sub_ln73_7_fu_318_p2    |         -|   0|  0|  13|          10|          10|
    |sub_ln73_8_fu_410_p2    |         -|   0|  0|  13|           1|          10|
    |sub_ln73_9_fu_464_p2    |         -|   0|  0|  13|          10|          10|
    |sub_ln73_fu_258_p2      |         -|   0|  0|  14|           1|           9|
    +------------------------+----------+----+---+----+------------+------------+
    |Total                   |          |   0|  0| 502|         339|         415|
    +------------------------+----------+----+---+----+------------+------------+

    * Multiplexer: 
    +-----------+----+-----------+-----+-----------+
    |    Name   | LUT| Input Size| Bits| Total Bits|
    +-----------+----+-----------+-----+-----------+
    |ap_return  |  14|          3|   14|         42|
    +-----------+----+-----------+-----+-----------+
    |Total      |  14|          3|   14|         42|
    +-----------+----+-----------+-----+-----------+

    * Register: 
    +------------------------------------+----+----+-----+-----------+
    |                Name                | FF | LUT| Bits| Const Bits|
    +------------------------------------+----+----+-----+-----------+
    |add_ln58_11_reg_1139                |  12|   0|   12|          0|
    |add_ln58_11_reg_1139_pp0_iter3_reg  |  12|   0|   12|          0|
    |add_ln58_13_reg_1119                |  11|   0|   11|          0|
    |add_ln58_15_reg_1124                |  10|   0|   10|          0|
    |add_ln58_16_reg_1144                |  12|   0|   12|          0|
    |add_ln58_17_reg_1094                |   9|   0|    9|          0|
    |add_ln58_18_reg_1129                |  10|   0|   10|          0|
    |add_ln58_18_reg_1129_pp0_iter2_reg  |  10|   0|   10|          0|
    |add_ln58_19_reg_1099                |  11|   0|   11|          0|
    |add_ln58_20_reg_1104                |  11|   0|   11|          0|
    |add_ln58_21_reg_1134                |  12|   0|   12|          0|
    |add_ln58_21_reg_1134_pp0_iter2_reg  |  12|   0|   12|          0|
    |add_ln58_23_reg_1149                |  13|   0|   13|          0|
    |add_ln58_3_reg_1079                 |  10|   0|   10|          0|
    |add_ln58_4_reg_1109                 |  11|   0|   11|          0|
    |add_ln58_6_reg_1084                 |  10|   0|   10|          0|
    |add_ln58_6_reg_1084_pp0_iter1_reg   |  10|   0|   10|          0|
    |add_ln58_8_reg_1089                 |   8|   0|    8|          0|
    |add_ln58_9_reg_1114                 |  10|   0|   10|          0|
    |add_ln58_reg_1074                   |   9|   0|    9|          0|
    |ap_ce_reg                           |   1|   0|    1|          0|
    |ap_return_int_reg                   |  14|   0|   14|          0|
    |data_0_val_int_reg                  |   8|   0|    8|          0|
    |data_10_val_int_reg                 |   8|   0|    8|          0|
    |data_11_val_int_reg                 |   8|   0|    8|          0|
    |data_12_val_int_reg                 |   8|   0|    8|          0|
    |data_14_val_int_reg                 |   8|   0|    8|          0|
    |data_15_val_int_reg                 |   8|   0|    8|          0|
    |data_17_val_int_reg                 |   8|   0|    8|          0|
    |data_18_val_int_reg                 |   8|   0|    8|          0|
    |data_19_val_int_reg                 |   8|   0|    8|          0|
    |data_20_val_int_reg                 |   8|   0|    8|          0|
    |data_20_val_read_reg_1024           |   8|   0|    8|          0|
    |data_21_val_int_reg                 |   8|   0|    8|          0|
    |data_22_val_int_reg                 |   8|   0|    8|          0|
    |data_23_val_int_reg                 |   8|   0|    8|          0|
    |data_24_val_int_reg                 |   8|   0|    8|          0|
    |data_25_val_int_reg                 |   8|   0|    8|          0|
    |data_26_val_int_reg                 |   8|   0|    8|          0|
    |data_27_val_int_reg                 |   8|   0|    8|          0|
    |data_29_val_int_reg                 |   8|   0|    8|          0|
    |data_2_val_int_reg                  |   8|   0|    8|          0|
    |data_2_val_read_reg_1029            |   8|   0|    8|          0|
    |data_31_val_int_reg                 |   8|   0|    8|          0|
    |data_3_val_int_reg                  |   8|   0|    8|          0|
    |data_4_val_int_reg                  |   8|   0|    8|          0|
    |data_5_val_int_reg                  |   8|   0|    8|          0|
    |data_6_val_int_reg                  |   8|   0|    8|          0|
    |data_8_val_int_reg                  |   8|   0|    8|          0|
    |data_9_val_int_reg                  |   8|   0|    8|          0|
    |lshr_ln42_4_reg_1069                |   7|   0|    7|          0|
    |lshr_ln42_8_reg_1054                |   9|   0|    9|          0|
    |lshr_ln42_s_reg_1059                |   9|   0|    9|          0|
    |trunc_ln42_1_reg_1044               |   8|   0|    8|          0|
    |trunc_ln42_2_reg_1049               |   9|   0|    9|          0|
    |trunc_ln42_3_reg_1064               |   8|   0|    8|          0|
    |trunc_ln42_s_reg_1039               |  10|   0|   10|          0|
    |trunc_ln_reg_1034                   |   8|   0|    8|          0|
    +------------------------------------+----+----+-----+-----------+
    |Total                               | 520|   0|  520|          0|
    +------------------------------------+----+----+-----+-----------+



================================================================
== Interface
================================================================
* Summary: 
+-------------+-----+-----+------------+-----------------------------------------------------------------------------+--------------+
|  RTL Ports  | Dir | Bits|  Protocol  |                                Source Object                                |    C Type    |
+-------------+-----+-----+------------+-----------------------------------------------------------------------------+--------------+
|ap_clk       |   in|    1|  ap_ctrl_hs|  dense_latency<ap_ufixed<8, 0, 4, 0, 0>, ap_fixed<16, 6, 5, 3, 0>, config23>|  return value|
|ap_rst       |   in|    1|  ap_ctrl_hs|  dense_latency<ap_ufixed<8, 0, 4, 0, 0>, ap_fixed<16, 6, 5, 3, 0>, config23>|  return value|
|ap_return    |  out|   14|  ap_ctrl_hs|  dense_latency<ap_ufixed<8, 0, 4, 0, 0>, ap_fixed<16, 6, 5, 3, 0>, config23>|  return value|
|ap_ce        |   in|    1|  ap_ctrl_hs|  dense_latency<ap_ufixed<8, 0, 4, 0, 0>, ap_fixed<16, 6, 5, 3, 0>, config23>|  return value|
|data_0_val   |   in|    8|     ap_none|                                                                   data_0_val|        scalar|
|data_2_val   |   in|    8|     ap_none|                                                                   data_2_val|        scalar|
|data_3_val   |   in|    8|     ap_none|                                                                   data_3_val|        scalar|
|data_4_val   |   in|    8|     ap_none|                                                                   data_4_val|        scalar|
|data_5_val   |   in|    8|     ap_none|                                                                   data_5_val|        scalar|
|data_6_val   |   in|    8|     ap_none|                                                                   data_6_val|        scalar|
|data_8_val   |   in|    8|     ap_none|                                                                   data_8_val|        scalar|
|data_9_val   |   in|    8|     ap_none|                                                                   data_9_val|        scalar|
|data_10_val  |   in|    8|     ap_none|                                                                  data_10_val|        scalar|
|data_11_val  |   in|    8|     ap_none|                                                                  data_11_val|        scalar|
|data_12_val  |   in|    8|     ap_none|                                                                  data_12_val|        scalar|
|data_14_val  |   in|    8|     ap_none|                                                                  data_14_val|        scalar|
|data_15_val  |   in|    8|     ap_none|                                                                  data_15_val|        scalar|
|data_17_val  |   in|    8|     ap_none|                                                                  data_17_val|        scalar|
|data_18_val  |   in|    8|     ap_none|                                                                  data_18_val|        scalar|
|data_19_val  |   in|    8|     ap_none|                                                                  data_19_val|        scalar|
|data_20_val  |   in|    8|     ap_none|                                                                  data_20_val|        scalar|
|data_21_val  |   in|    8|     ap_none|                                                                  data_21_val|        scalar|
|data_22_val  |   in|    8|     ap_none|                                                                  data_22_val|        scalar|
|data_23_val  |   in|    8|     ap_none|                                                                  data_23_val|        scalar|
|data_24_val  |   in|    8|     ap_none|                                                                  data_24_val|        scalar|
|data_25_val  |   in|    8|     ap_none|                                                                  data_25_val|        scalar|
|data_26_val  |   in|    8|     ap_none|                                                                  data_26_val|        scalar|
|data_27_val  |   in|    8|     ap_none|                                                                  data_27_val|        scalar|
|data_29_val  |   in|    8|     ap_none|                                                                  data_29_val|        scalar|
|data_31_val  |   in|    8|     ap_none|                                                                  data_31_val|        scalar|
+-------------+-----+-----+------------+-----------------------------------------------------------------------------+--------------+

