

================================================================
== Vitis HLS Report for 'myproject'
================================================================
* Date:           Mon Oct 27 14:28:11 2025

* Version:        2024.1 (Build 5069499 on May 21 2024)
* Project:        myproject_prj
* Solution:       solution1 (Vivado IP Flow Target)
* Product family: zynq
* Target device:  xc7z020-clg400-1


================================================================
== Performance Estimates
================================================================
+ Timing: 
    * Summary: 
    +--------+---------+----------+------------+
    |  Clock |  Target | Estimated| Uncertainty|
    +--------+---------+----------+------------+
    |ap_clk  |  5.00 ns|  4.302 ns|     0.62 ns|
    +--------+---------+----------+------------+

+ Latency: 
    * Summary: 
    +---------+---------+----------+----------+-----+-----+---------+
    |  Latency (cycles) |  Latency (absolute) |  Interval | Pipeline|
    |   min   |   max   |    min   |    max   | min | max |   Type  |
    +---------+---------+----------+----------+-----+-----+---------+
    |       41|       41|  0.205 us|  0.205 us|    1|    1|      yes|
    +---------+---------+----------+----------+-----+-----+---------+

    + Detail: 
        * Instance: 
        +-----------------------------------------------------------------------------------+------------------------------------------------------------------+---------+---------+-----------+-----------+-----+-----+---------+
        |                                                                                   |                                                                  |  Latency (cycles) |   Latency (absolute)  |  Interval | Pipeline|
        |                                      Instance                                     |                              Module                              |   min   |   max   |    min    |    max    | min | max |   Type  |
        +-----------------------------------------------------------------------------------+------------------------------------------------------------------+---------+---------+-----------+-----------+-----+-----+---------+
        |call_ret1_concatenate1d_ap_fixed_ap_fixed_ap_fixed_16_6_5_3_0_config5_s_fu_139     |concatenate1d_ap_fixed_ap_fixed_ap_fixed_16_6_5_3_0_config5_s     |        0|        0|       0 ns|       0 ns|    1|    1|      yes|
        |call_ret2_concatenate1d_ap_fixed_ap_fixed_ap_fixed_16_6_5_3_0_config6_s_fu_147     |concatenate1d_ap_fixed_ap_fixed_ap_fixed_16_6_5_3_0_config6_s     |        0|        0|       0 ns|       0 ns|    1|    1|      yes|
        |grp_dense_latency_ap_fixed_16_6_5_3_0_ap_fixed_16_6_5_3_0_config7_s_fu_155         |dense_latency_ap_fixed_16_6_5_3_0_ap_fixed_16_6_5_3_0_config7_s   |        3|        3|  15.000 ns|  15.000 ns|    1|    1|      yes|
        |grp_dense_latency_ap_fixed_16_6_5_3_0_ap_fixed_16_6_5_3_0_config9_s_fu_181         |dense_latency_ap_fixed_16_6_5_3_0_ap_fixed_16_6_5_3_0_config9_s   |        3|        3|  15.000 ns|  15.000 ns|    1|    1|      yes|
        |grp_relu_ap_fixed_16_6_5_3_0_ap_ufixed_8_0_4_0_0_relu_config11_s_fu_199            |relu_ap_fixed_16_6_5_3_0_ap_ufixed_8_0_4_0_0_relu_config11_s      |        1|        1|   5.000 ns|   5.000 ns|    1|    1|      yes|
        |grp_relu_ap_fixed_16_6_5_3_0_ap_ufixed_8_0_4_0_0_relu_config12_s_fu_235            |relu_ap_fixed_16_6_5_3_0_ap_ufixed_8_0_4_0_0_relu_config12_s      |        1|        1|   5.000 ns|   5.000 ns|    1|    1|      yes|
        |call_ret7_concatenate1d_ap_ufixed_ap_ufixed_ap_fixed_16_6_5_3_0_config13_s_fu_271  |concatenate1d_ap_ufixed_ap_ufixed_ap_fixed_16_6_5_3_0_config13_s  |        0|        0|       0 ns|       0 ns|    1|    1|      yes|
        |grp_dense_latency_ap_fixed_16_6_5_3_0_ap_fixed_16_6_5_3_0_config14_s_fu_339        |dense_latency_ap_fixed_16_6_5_3_0_ap_fixed_16_6_5_3_0_config14_s  |        4|        4|  20.000 ns|  20.000 ns|    1|    1|      yes|
        |grp_relu_ap_fixed_16_6_5_3_0_ap_ufixed_8_0_4_0_0_relu_config16_s_fu_407            |relu_ap_fixed_16_6_5_3_0_ap_ufixed_8_0_4_0_0_relu_config16_s      |        1|        1|   5.000 ns|   5.000 ns|    1|    1|      yes|
        |grp_dense_latency_ap_ufixed_8_0_4_0_0_ap_fixed_16_6_5_3_0_config17_s_fu_539        |dense_latency_ap_ufixed_8_0_4_0_0_ap_fixed_16_6_5_3_0_config17_s  |        5|        5|  25.000 ns|  25.000 ns|    1|    1|      yes|
        |grp_relu_ap_fixed_16_6_5_3_0_ap_ufixed_8_0_4_0_0_relu_config19_s_fu_671            |relu_ap_fixed_16_6_5_3_0_ap_ufixed_8_0_4_0_0_relu_config19_s      |        1|        1|   5.000 ns|   5.000 ns|    1|    1|      yes|
        |grp_dense_latency_ap_ufixed_8_0_4_0_0_ap_fixed_16_6_5_3_0_config20_s_fu_739        |dense_latency_ap_ufixed_8_0_4_0_0_ap_fixed_16_6_5_3_0_config20_s  |        5|        5|  25.000 ns|  25.000 ns|    1|    1|      yes|
        |grp_relu_ap_fixed_16_6_5_3_0_ap_ufixed_8_0_4_0_0_relu_config22_s_fu_807            |relu_ap_fixed_16_6_5_3_0_ap_ufixed_8_0_4_0_0_relu_config22_s      |        1|        1|   5.000 ns|   5.000 ns|    1|    1|      yes|
        |grp_dense_latency_ap_ufixed_8_0_4_0_0_ap_fixed_16_6_5_3_0_config23_s_fu_837        |dense_latency_ap_ufixed_8_0_4_0_0_ap_fixed_16_6_5_3_0_config23_s  |        4|        4|  20.000 ns|  20.000 ns|    1|    1|      yes|
        +-----------------------------------------------------------------------------------+------------------------------------------------------------------+---------+---------+-----------+-----------+-----+-----+---------+

        * Loop: 
        N/A



================================================================
== Utilization Estimates
================================================================
* Summary: 
+-----------------+---------+-----+--------+--------+-----+
|       Name      | BRAM_18K| DSP |   FF   |   LUT  | URAM|
+-----------------+---------+-----+--------+--------+-----+
|DSP              |        -|    -|       -|       -|    -|
|Expression       |        -|    -|       0|     191|    -|
|FIFO             |        -|    -|       -|       -|    -|
|Instance         |        -|    -|  128677|  239057|    -|
|Memory           |        -|    -|       -|       -|    -|
|Multiplexer      |        -|    -|       0|     144|    -|
|Register         |        -|    -|    7437|       -|    -|
+-----------------+---------+-----+--------+--------+-----+
|Total            |        0|    0|  136114|  239392|    0|
+-----------------+---------+-----+--------+--------+-----+
|Available        |      280|  220|  106400|   53200|    0|
+-----------------+---------+-----+--------+--------+-----+
|Utilization (%)  |        0|    0|     127|     449|    0|
+-----------------+---------+-----+--------+--------+-----+

+ Detail: 
    * Instance: 
    +-----------------------------------------------------------------------------------+------------------------------------------------------------------+---------+----+-------+--------+-----+
    |                                      Instance                                     |                              Module                              | BRAM_18K| DSP|   FF  |   LUT  | URAM|
    +-----------------------------------------------------------------------------------+------------------------------------------------------------------+---------+----+-------+--------+-----+
    |call_ret1_concatenate1d_ap_fixed_ap_fixed_ap_fixed_16_6_5_3_0_config5_s_fu_139     |concatenate1d_ap_fixed_ap_fixed_ap_fixed_16_6_5_3_0_config5_s     |        0|   0|      0|       0|    0|
    |call_ret2_concatenate1d_ap_fixed_ap_fixed_ap_fixed_16_6_5_3_0_config6_s_fu_147     |concatenate1d_ap_fixed_ap_fixed_ap_fixed_16_6_5_3_0_config6_s     |        0|   0|      0|       0|    0|
    |call_ret7_concatenate1d_ap_ufixed_ap_ufixed_ap_fixed_16_6_5_3_0_config13_s_fu_271  |concatenate1d_ap_ufixed_ap_ufixed_ap_fixed_16_6_5_3_0_config13_s  |        0|   0|      0|       0|    0|
    |grp_dense_latency_ap_fixed_16_6_5_3_0_ap_fixed_16_6_5_3_0_config14_s_fu_339        |dense_latency_ap_fixed_16_6_5_3_0_ap_fixed_16_6_5_3_0_config14_s  |        0|   0|  62744|  103229|    0|
    |grp_dense_latency_ap_fixed_16_6_5_3_0_ap_fixed_16_6_5_3_0_config7_s_fu_155         |dense_latency_ap_fixed_16_6_5_3_0_ap_fixed_16_6_5_3_0_config7_s   |        0|   0|   9199|   13972|    0|
    |grp_dense_latency_ap_fixed_16_6_5_3_0_ap_fixed_16_6_5_3_0_config9_s_fu_181         |dense_latency_ap_fixed_16_6_5_3_0_ap_fixed_16_6_5_3_0_config9_s   |        0|   0|   5990|    9379|    0|
    |grp_dense_latency_ap_ufixed_8_0_4_0_0_ap_fixed_16_6_5_3_0_config17_s_fu_539        |dense_latency_ap_ufixed_8_0_4_0_0_ap_fixed_16_6_5_3_0_config17_s  |        0|   0|  36160|   65005|    0|
    |grp_dense_latency_ap_ufixed_8_0_4_0_0_ap_fixed_16_6_5_3_0_config20_s_fu_739        |dense_latency_ap_ufixed_8_0_4_0_0_ap_fixed_16_6_5_3_0_config20_s  |        0|   0|  10952|   18746|    0|
    |grp_dense_latency_ap_ufixed_8_0_4_0_0_ap_fixed_16_6_5_3_0_config23_s_fu_837        |dense_latency_ap_ufixed_8_0_4_0_0_ap_fixed_16_6_5_3_0_config23_s  |        0|   0|    520|     516|    0|
    |grp_relu_ap_fixed_16_6_5_3_0_ap_ufixed_8_0_4_0_0_relu_config11_s_fu_199            |relu_ap_fixed_16_6_5_3_0_ap_ufixed_8_0_4_0_0_relu_config11_s      |        0|   0|    354|    3202|    0|
    |grp_relu_ap_fixed_16_6_5_3_0_ap_ufixed_8_0_4_0_0_relu_config12_s_fu_235            |relu_ap_fixed_16_6_5_3_0_ap_ufixed_8_0_4_0_0_relu_config12_s      |        0|   0|    354|    3202|    0|
    |grp_relu_ap_fixed_16_6_5_3_0_ap_ufixed_8_0_4_0_0_relu_config16_s_fu_407            |relu_ap_fixed_16_6_5_3_0_ap_ufixed_8_0_4_0_0_relu_config16_s      |        0|   0|   1410|   12802|    0|
    |grp_relu_ap_fixed_16_6_5_3_0_ap_ufixed_8_0_4_0_0_relu_config19_s_fu_671            |relu_ap_fixed_16_6_5_3_0_ap_ufixed_8_0_4_0_0_relu_config19_s      |        0|   0|    706|    6402|    0|
    |grp_relu_ap_fixed_16_6_5_3_0_ap_ufixed_8_0_4_0_0_relu_config22_s_fu_807            |relu_ap_fixed_16_6_5_3_0_ap_ufixed_8_0_4_0_0_relu_config22_s      |        0|   0|    288|    2602|    0|
    +-----------------------------------------------------------------------------------+------------------------------------------------------------------+---------+----+-------+--------+-----+
    |Total                                                                              |                                                                  |        0|   0| 128677|  239057|    0|
    +-----------------------------------------------------------------------------------+------------------------------------------------------------------+---------+----+-------+--------+-----+

    * DSP: 
    N/A

    * Memory: 
    N/A

    * FIFO: 
    N/A

    * Expression: 
    +-------------------------------------------+----------+----+---+----+------------+------------+
    |               Variable Name               | Operation| DSP| FF| LUT| Bitwidth P0| Bitwidth P1|
    +-------------------------------------------+----------+----+---+----+------------+------------+
    |add_ln473_1_fu_3760_p2                     |         +|   0|  0|  15|           8|           8|
    |add_ln473_fu_3690_p2                       |         +|   0|  0|  17|          14|          14|
    |sigmoid_fu_3635_p2                         |         +|   0|  0|  23|          16|          12|
    |and_ln473_1_fu_3805_p2                     |       and|   0|  0|   2|           1|           1|
    |and_ln473_2_fu_3821_p2                     |       and|   0|  0|   2|           1|           1|
    |and_ln473_fu_3750_p2                       |       and|   0|  0|   2|           1|           1|
    |ap_block_pp0_stage0_01001                  |       and|   0|  0|   2|           1|           1|
    |ap_block_pp0_stage0_11001_ignoreCallOp159  |       and|   0|  0|   2|           1|           1|
    |ap_block_pp0_stage0_11001_ignoreCallOp160  |       and|   0|  0|   2|           1|           1|
    |ap_block_pp0_stage0_11001_ignoreCallOp292  |       and|   0|  0|   2|           1|           1|
    |ap_block_pp0_stage0_11001_ignoreCallOp426  |       and|   0|  0|   2|           1|           1|
    |ap_block_pp0_stage0_11001_ignoreCallOp556  |       and|   0|  0|   2|           1|           1|
    |ap_block_pp0_stage0_11001_ignoreCallOp627  |       and|   0|  0|   2|           1|           1|
    |ap_block_pp0_stage0_11001_ignoreCallOp693  |       and|   0|  0|   2|           1|           1|
    |ap_block_pp0_stage0_11001_ignoreCallOp726  |       and|   0|  0|   2|           1|           1|
    |ap_block_pp0_stage0_11001_ignoreCallOp754  |       and|   0|  0|   2|           1|           1|
    |ap_block_pp0_stage0_11001_ignoreCallOp85   |       and|   0|  0|   2|           1|           1|
    |ap_block_pp0_stage0_11001_ignoreCallOp86   |       and|   0|  0|   2|           1|           1|
    |icmp_ln469_fu_3644_p2                      |      icmp|   0|  0|  23|          16|          13|
    |icmp_ln473_fu_3732_p2                      |      icmp|   0|  0|  13|           4|           1|
    |ap_block_state1_pp0_stage0_iter0           |        or|   0|  0|   2|           1|           1|
    |or_ln469_fu_3657_p2                        |        or|   0|  0|   2|           1|           1|
    |or_ln473_1_fu_3800_p2                      |        or|   0|  0|   2|           1|           1|
    |or_ln473_2_fu_3834_p2                      |        or|   0|  0|   2|           1|           1|
    |or_ln473_3_fu_3779_p2                      |        or|   0|  0|   2|           1|           1|
    |or_ln473_4_fu_3811_p2                      |        or|   0|  0|   2|           1|           1|
    |or_ln473_fu_3744_p2                        |        or|   0|  0|   2|           1|           1|
    |layer25_out                                |    select|   0|  0|   8|           1|           8|
    |select_ln469_1_fu_3674_p3                  |    select|   0|  0|  13|           1|          13|
    |select_ln469_fu_3663_p3                    |    select|   0|  0|  14|           1|          14|
    |select_ln473_fu_3826_p3                    |    select|   0|  0|   9|           1|           7|
    |ap_enable_pp0                              |       xor|   0|  0|   2|           1|           2|
    |xor_ln473_1_fu_3789_p2                     |       xor|   0|  0|   2|           1|           2|
    |xor_ln473_2_fu_3784_p2                     |       xor|   0|  0|   2|           1|           1|
    |xor_ln473_3_fu_3794_p2                     |       xor|   0|  0|   2|           1|           2|
    |xor_ln473_4_fu_3815_p2                     |       xor|   0|  0|   2|           1|           2|
    |xor_ln473_fu_3774_p2                       |       xor|   0|  0|   2|           1|           2|
    +-------------------------------------------+----------+----+---+----+------------+------------+
    |Total                                      |          |   0|  0| 191|          90|         123|
    +-------------------------------------------+----------+----+---+----+------------+------------+

    * Multiplexer: 
    +-------------------------+----+-----------+-----+-----------+
    |           Name          | LUT| Input Size| Bits| Total Bits|
    +-------------------------+----+-----------+-----+-----------+
    |x_profile_ap_vld_in_sig  |   9|          2|    1|          2|
    |x_profile_ap_vld_preg    |   9|          2|    1|          2|
    |x_profile_blk_n          |   9|          2|    1|          2|
    |x_profile_in_sig         |   9|          2|  336|        672|
    |y_local_ap_vld_in_sig    |   9|          2|    1|          2|
    |y_local_ap_vld_preg      |   9|          2|    1|          2|
    |y_local_blk_n            |   9|          2|    1|          2|
    |y_local_in_sig           |   9|          2|   16|         32|
    |y_profile_ap_vld_in_sig  |   9|          2|    1|          2|
    |y_profile_ap_vld_preg    |   9|          2|    1|          2|
    |y_profile_blk_n          |   9|          2|    1|          2|
    |y_profile_in_sig         |   9|          2|  208|        416|
    |z_global_ap_vld_in_sig   |   9|          2|    1|          2|
    |z_global_ap_vld_preg     |   9|          2|    1|          2|
    |z_global_blk_n           |   9|          2|    1|          2|
    |z_global_in_sig          |   9|          2|   16|         32|
    +-------------------------+----+-----------+-----+-----------+
    |Total                    | 144|         32|  588|       1176|
    +-------------------------+----+-----------+-----+-----------+

    * Register: 
    +--------------------------------------------------------------------------------------+-----+----+-----+-----------+
    |                                         Name                                         |  FF | LUT| Bits| Const Bits|
    +--------------------------------------------------------------------------------------+-----+----+-----+-----------+
    |add_ln473_1_reg_7200                                                                  |    8|   0|    8|          0|
    |add_ln473_reg_7175                                                                    |   12|   0|   14|          2|
    |ap_CS_fsm                                                                             |    1|   0|    1|          0|
    |ap_enable_reg_pp0_iter1                                                               |    1|   0|    1|          0|
    |ap_enable_reg_pp0_iter10                                                              |    1|   0|    1|          0|
    |ap_enable_reg_pp0_iter11                                                              |    1|   0|    1|          0|
    |ap_enable_reg_pp0_iter12                                                              |    1|   0|    1|          0|
    |ap_enable_reg_pp0_iter13                                                              |    1|   0|    1|          0|
    |ap_enable_reg_pp0_iter14                                                              |    1|   0|    1|          0|
    |ap_enable_reg_pp0_iter15                                                              |    1|   0|    1|          0|
    |ap_enable_reg_pp0_iter16                                                              |    1|   0|    1|          0|
    |ap_enable_reg_pp0_iter17                                                              |    1|   0|    1|          0|
    |ap_enable_reg_pp0_iter18                                                              |    1|   0|    1|          0|
    |ap_enable_reg_pp0_iter19                                                              |    1|   0|    1|          0|
    |ap_enable_reg_pp0_iter2                                                               |    1|   0|    1|          0|
    |ap_enable_reg_pp0_iter20                                                              |    1|   0|    1|          0|
    |ap_enable_reg_pp0_iter21                                                              |    1|   0|    1|          0|
    |ap_enable_reg_pp0_iter22                                                              |    1|   0|    1|          0|
    |ap_enable_reg_pp0_iter23                                                              |    1|   0|    1|          0|
    |ap_enable_reg_pp0_iter24                                                              |    1|   0|    1|          0|
    |ap_enable_reg_pp0_iter25                                                              |    1|   0|    1|          0|
    |ap_enable_reg_pp0_iter26                                                              |    1|   0|    1|          0|
    |ap_enable_reg_pp0_iter27                                                              |    1|   0|    1|          0|
    |ap_enable_reg_pp0_iter28                                                              |    1|   0|    1|          0|
    |ap_enable_reg_pp0_iter29                                                              |    1|   0|    1|          0|
    |ap_enable_reg_pp0_iter3                                                               |    1|   0|    1|          0|
    |ap_enable_reg_pp0_iter30                                                              |    1|   0|    1|          0|
    |ap_enable_reg_pp0_iter31                                                              |    1|   0|    1|          0|
    |ap_enable_reg_pp0_iter32                                                              |    1|   0|    1|          0|
    |ap_enable_reg_pp0_iter33                                                              |    1|   0|    1|          0|
    |ap_enable_reg_pp0_iter34                                                              |    1|   0|    1|          0|
    |ap_enable_reg_pp0_iter35                                                              |    1|   0|    1|          0|
    |ap_enable_reg_pp0_iter36                                                              |    1|   0|    1|          0|
    |ap_enable_reg_pp0_iter37                                                              |    1|   0|    1|          0|
    |ap_enable_reg_pp0_iter38                                                              |    1|   0|    1|          0|
    |ap_enable_reg_pp0_iter39                                                              |    1|   0|    1|          0|
    |ap_enable_reg_pp0_iter4                                                               |    1|   0|    1|          0|
    |ap_enable_reg_pp0_iter40                                                              |    1|   0|    1|          0|
    |ap_enable_reg_pp0_iter41                                                              |    1|   0|    1|          0|
    |ap_enable_reg_pp0_iter5                                                               |    1|   0|    1|          0|
    |ap_enable_reg_pp0_iter6                                                               |    1|   0|    1|          0|
    |ap_enable_reg_pp0_iter7                                                               |    1|   0|    1|          0|
    |ap_enable_reg_pp0_iter8                                                               |    1|   0|    1|          0|
    |ap_enable_reg_pp0_iter9                                                               |    1|   0|    1|          0|
    |grp_relu_ap_fixed_16_6_5_3_0_ap_ufixed_8_0_4_0_0_relu_config11_s_fu_199_ap_start_reg  |    1|   0|    1|          0|
    |grp_relu_ap_fixed_16_6_5_3_0_ap_ufixed_8_0_4_0_0_relu_config12_s_fu_235_ap_start_reg  |    1|   0|    1|          0|
    |grp_relu_ap_fixed_16_6_5_3_0_ap_ufixed_8_0_4_0_0_relu_config16_s_fu_407_ap_start_reg  |    1|   0|    1|          0|
    |grp_relu_ap_fixed_16_6_5_3_0_ap_ufixed_8_0_4_0_0_relu_config19_s_fu_671_ap_start_reg  |    1|   0|    1|          0|
    |grp_relu_ap_fixed_16_6_5_3_0_ap_ufixed_8_0_4_0_0_relu_config22_s_fu_807_ap_start_reg  |    1|   0|    1|          0|
    |layer11_out_10_reg_4398                                                               |    8|   0|    8|          0|
    |layer11_out_11_reg_4403                                                               |    8|   0|    8|          0|
    |layer11_out_12_reg_4408                                                               |    8|   0|    8|          0|
    |layer11_out_13_reg_4413                                                               |    8|   0|    8|          0|
    |layer11_out_14_reg_4418                                                               |    8|   0|    8|          0|
    |layer11_out_15_reg_4423                                                               |    8|   0|    8|          0|
    |layer11_out_16_reg_4428                                                               |    8|   0|    8|          0|
    |layer11_out_17_reg_4433                                                               |    8|   0|    8|          0|
    |layer11_out_18_reg_4438                                                               |    8|   0|    8|          0|
    |layer11_out_19_reg_4443                                                               |    8|   0|    8|          0|
    |layer11_out_1_reg_4353                                                                |    8|   0|    8|          0|
    |layer11_out_20_reg_4448                                                               |    8|   0|    8|          0|
    |layer11_out_21_reg_4453                                                               |    8|   0|    8|          0|
    |layer11_out_22_reg_4458                                                               |    8|   0|    8|          0|
    |layer11_out_23_reg_4463                                                               |    8|   0|    8|          0|
    |layer11_out_24_reg_4468                                                               |    8|   0|    8|          0|
    |layer11_out_25_reg_4473                                                               |    8|   0|    8|          0|
    |layer11_out_26_reg_4478                                                               |    8|   0|    8|          0|
    |layer11_out_27_reg_4483                                                               |    8|   0|    8|          0|
    |layer11_out_28_reg_4488                                                               |    8|   0|    8|          0|
    |layer11_out_29_reg_4493                                                               |    8|   0|    8|          0|
    |layer11_out_2_reg_4358                                                                |    8|   0|    8|          0|
    |layer11_out_30_reg_4498                                                               |    8|   0|    8|          0|
    |layer11_out_31_reg_4503                                                               |    8|   0|    8|          0|
    |layer11_out_3_reg_4363                                                                |    8|   0|    8|          0|
    |layer11_out_4_reg_4368                                                                |    8|   0|    8|          0|
    |layer11_out_5_reg_4373                                                                |    8|   0|    8|          0|
    |layer11_out_6_reg_4378                                                                |    8|   0|    8|          0|
    |layer11_out_7_reg_4383                                                                |    8|   0|    8|          0|
    |layer11_out_8_reg_4388                                                                |    8|   0|    8|          0|
    |layer11_out_9_reg_4393                                                                |    8|   0|    8|          0|
    |layer11_out_reg_4348                                                                  |    8|   0|    8|          0|
    |layer12_out_10_reg_4558                                                               |    8|   0|    8|          0|
    |layer12_out_11_reg_4563                                                               |    8|   0|    8|          0|
    |layer12_out_12_reg_4568                                                               |    8|   0|    8|          0|
    |layer12_out_13_reg_4573                                                               |    8|   0|    8|          0|
    |layer12_out_14_reg_4578                                                               |    8|   0|    8|          0|
    |layer12_out_15_reg_4583                                                               |    8|   0|    8|          0|
    |layer12_out_16_reg_4588                                                               |    8|   0|    8|          0|
    |layer12_out_17_reg_4593                                                               |    8|   0|    8|          0|
    |layer12_out_18_reg_4598                                                               |    8|   0|    8|          0|
    |layer12_out_19_reg_4603                                                               |    8|   0|    8|          0|
    |layer12_out_1_reg_4513                                                                |    8|   0|    8|          0|
    |layer12_out_20_reg_4608                                                               |    8|   0|    8|          0|
    |layer12_out_21_reg_4613                                                               |    8|   0|    8|          0|
    |layer12_out_22_reg_4618                                                               |    8|   0|    8|          0|
    |layer12_out_23_reg_4623                                                               |    8|   0|    8|          0|
    |layer12_out_24_reg_4628                                                               |    8|   0|    8|          0|
    |layer12_out_25_reg_4633                                                               |    8|   0|    8|          0|
    |layer12_out_26_reg_4638                                                               |    8|   0|    8|          0|
    |layer12_out_27_reg_4643                                                               |    8|   0|    8|          0|
    |layer12_out_28_reg_4648                                                               |    8|   0|    8|          0|
    |layer12_out_29_reg_4653                                                               |    8|   0|    8|          0|
    |layer12_out_2_reg_4518                                                                |    8|   0|    8|          0|
    |layer12_out_30_reg_4658                                                               |    8|   0|    8|          0|
    |layer12_out_31_reg_4663                                                               |    8|   0|    8|          0|
    |layer12_out_3_reg_4523                                                                |    8|   0|    8|          0|
    |layer12_out_4_reg_4528                                                                |    8|   0|    8|          0|
    |layer12_out_5_reg_4533                                                                |    8|   0|    8|          0|
    |layer12_out_6_reg_4538                                                                |    8|   0|    8|          0|
    |layer12_out_7_reg_4543                                                                |    8|   0|    8|          0|
    |layer12_out_8_reg_4548                                                                |    8|   0|    8|          0|
    |layer12_out_9_reg_4553                                                                |    8|   0|    8|          0|
    |layer12_out_reg_4508                                                                  |    8|   0|    8|          0|
    |layer14_out_100_reg_5488                                                              |   16|   0|   16|          0|
    |layer14_out_101_reg_5493                                                              |   16|   0|   16|          0|
    |layer14_out_102_reg_5498                                                              |   16|   0|   16|          0|
    |layer14_out_103_reg_5503                                                              |   16|   0|   16|          0|
    |layer14_out_104_reg_5508                                                              |   16|   0|   16|          0|
    |layer14_out_105_reg_5513                                                              |   16|   0|   16|          0|
    |layer14_out_106_reg_5518                                                              |   16|   0|   16|          0|
    |layer14_out_107_reg_5523                                                              |   16|   0|   16|          0|
    |layer14_out_108_reg_5528                                                              |   16|   0|   16|          0|
    |layer14_out_109_reg_5533                                                              |   16|   0|   16|          0|
    |layer14_out_10_reg_5038                                                               |   16|   0|   16|          0|
    |layer14_out_110_reg_5538                                                              |   16|   0|   16|          0|
    |layer14_out_111_reg_5543                                                              |   16|   0|   16|          0|
    |layer14_out_112_reg_5548                                                              |   16|   0|   16|          0|
    |layer14_out_113_reg_5553                                                              |   16|   0|   16|          0|
    |layer14_out_114_reg_5558                                                              |   16|   0|   16|          0|
    |layer14_out_115_reg_5563                                                              |   16|   0|   16|          0|
    |layer14_out_116_reg_5568                                                              |   16|   0|   16|          0|
    |layer14_out_117_reg_5573                                                              |   16|   0|   16|          0|
    |layer14_out_118_reg_5578                                                              |   16|   0|   16|          0|
    |layer14_out_119_reg_5583                                                              |   16|   0|   16|          0|
    |layer14_out_11_reg_5043                                                               |   16|   0|   16|          0|
    |layer14_out_120_reg_5588                                                              |   16|   0|   16|          0|
    |layer14_out_121_reg_5593                                                              |   16|   0|   16|          0|
    |layer14_out_122_reg_5598                                                              |   16|   0|   16|          0|
    |layer14_out_123_reg_5603                                                              |   16|   0|   16|          0|
    |layer14_out_124_reg_5608                                                              |   16|   0|   16|          0|
    |layer14_out_125_reg_5613                                                              |   16|   0|   16|          0|
    |layer14_out_126_reg_5618                                                              |   16|   0|   16|          0|
    |layer14_out_127_reg_5623                                                              |   16|   0|   16|          0|
    |layer14_out_12_reg_5048                                                               |   16|   0|   16|          0|
    |layer14_out_13_reg_5053                                                               |   16|   0|   16|          0|
    |layer14_out_14_reg_5058                                                               |   16|   0|   16|          0|
    |layer14_out_15_reg_5063                                                               |   16|   0|   16|          0|
    |layer14_out_16_reg_5068                                                               |   16|   0|   16|          0|
    |layer14_out_17_reg_5073                                                               |   16|   0|   16|          0|
    |layer14_out_18_reg_5078                                                               |   16|   0|   16|          0|
    |layer14_out_19_reg_5083                                                               |   16|   0|   16|          0|
    |layer14_out_1_reg_4993                                                                |   16|   0|   16|          0|
    |layer14_out_20_reg_5088                                                               |   16|   0|   16|          0|
    |layer14_out_21_reg_5093                                                               |   16|   0|   16|          0|
    |layer14_out_22_reg_5098                                                               |   16|   0|   16|          0|
    |layer14_out_23_reg_5103                                                               |   16|   0|   16|          0|
    |layer14_out_24_reg_5108                                                               |   16|   0|   16|          0|
    |layer14_out_25_reg_5113                                                               |   16|   0|   16|          0|
    |layer14_out_26_reg_5118                                                               |   16|   0|   16|          0|
    |layer14_out_27_reg_5123                                                               |   16|   0|   16|          0|
    |layer14_out_28_reg_5128                                                               |   16|   0|   16|          0|
    |layer14_out_29_reg_5133                                                               |   16|   0|   16|          0|
    |layer14_out_2_reg_4998                                                                |   16|   0|   16|          0|
    |layer14_out_30_reg_5138                                                               |   16|   0|   16|          0|
    |layer14_out_31_reg_5143                                                               |   16|   0|   16|          0|
    |layer14_out_32_reg_5148                                                               |   16|   0|   16|          0|
    |layer14_out_33_reg_5153                                                               |   16|   0|   16|          0|
    |layer14_out_34_reg_5158                                                               |   16|   0|   16|          0|
    |layer14_out_35_reg_5163                                                               |   16|   0|   16|          0|
    |layer14_out_36_reg_5168                                                               |   16|   0|   16|          0|
    |layer14_out_37_reg_5173                                                               |   16|   0|   16|          0|
    |layer14_out_38_reg_5178                                                               |   16|   0|   16|          0|
    |layer14_out_39_reg_5183                                                               |   16|   0|   16|          0|
    |layer14_out_3_reg_5003                                                                |   16|   0|   16|          0|
    |layer14_out_40_reg_5188                                                               |   16|   0|   16|          0|
    |layer14_out_41_reg_5193                                                               |   16|   0|   16|          0|
    |layer14_out_42_reg_5198                                                               |   16|   0|   16|          0|
    |layer14_out_43_reg_5203                                                               |   16|   0|   16|          0|
    |layer14_out_44_reg_5208                                                               |   16|   0|   16|          0|
    |layer14_out_45_reg_5213                                                               |   16|   0|   16|          0|
    |layer14_out_46_reg_5218                                                               |   16|   0|   16|          0|
    |layer14_out_47_reg_5223                                                               |   16|   0|   16|          0|
    |layer14_out_48_reg_5228                                                               |   16|   0|   16|          0|
    |layer14_out_49_reg_5233                                                               |   16|   0|   16|          0|
    |layer14_out_4_reg_5008                                                                |   16|   0|   16|          0|
    |layer14_out_50_reg_5238                                                               |   16|   0|   16|          0|
    |layer14_out_51_reg_5243                                                               |   16|   0|   16|          0|
    |layer14_out_52_reg_5248                                                               |   16|   0|   16|          0|
    |layer14_out_53_reg_5253                                                               |   16|   0|   16|          0|
    |layer14_out_54_reg_5258                                                               |   16|   0|   16|          0|
    |layer14_out_55_reg_5263                                                               |   16|   0|   16|          0|
    |layer14_out_56_reg_5268                                                               |   16|   0|   16|          0|
    |layer14_out_57_reg_5273                                                               |   16|   0|   16|          0|
    |layer14_out_58_reg_5278                                                               |   16|   0|   16|          0|
    |layer14_out_59_reg_5283                                                               |   16|   0|   16|          0|
    |layer14_out_5_reg_5013                                                                |   16|   0|   16|          0|
    |layer14_out_60_reg_5288                                                               |   16|   0|   16|          0|
    |layer14_out_61_reg_5293                                                               |   16|   0|   16|          0|
    |layer14_out_62_reg_5298                                                               |   16|   0|   16|          0|
    |layer14_out_63_reg_5303                                                               |   16|   0|   16|          0|
    |layer14_out_64_reg_5308                                                               |   16|   0|   16|          0|
    |layer14_out_65_reg_5313                                                               |   16|   0|   16|          0|
    |layer14_out_66_reg_5318                                                               |   16|   0|   16|          0|
    |layer14_out_67_reg_5323                                                               |   16|   0|   16|          0|
    |layer14_out_68_reg_5328                                                               |   16|   0|   16|          0|
    |layer14_out_69_reg_5333                                                               |   16|   0|   16|          0|
    |layer14_out_6_reg_5018                                                                |   16|   0|   16|          0|
    |layer14_out_70_reg_5338                                                               |   16|   0|   16|          0|
    |layer14_out_71_reg_5343                                                               |   16|   0|   16|          0|
    |layer14_out_72_reg_5348                                                               |   16|   0|   16|          0|
    |layer14_out_73_reg_5353                                                               |   16|   0|   16|          0|
    |layer14_out_74_reg_5358                                                               |   16|   0|   16|          0|
    |layer14_out_75_reg_5363                                                               |   16|   0|   16|          0|
    |layer14_out_76_reg_5368                                                               |   16|   0|   16|          0|
    |layer14_out_77_reg_5373                                                               |   16|   0|   16|          0|
    |layer14_out_78_reg_5378                                                               |   16|   0|   16|          0|
    |layer14_out_79_reg_5383                                                               |   16|   0|   16|          0|
    |layer14_out_7_reg_5023                                                                |   16|   0|   16|          0|
    |layer14_out_80_reg_5388                                                               |   16|   0|   16|          0|
    |layer14_out_81_reg_5393                                                               |   16|   0|   16|          0|
    |layer14_out_82_reg_5398                                                               |   16|   0|   16|          0|
    |layer14_out_83_reg_5403                                                               |   16|   0|   16|          0|
    |layer14_out_84_reg_5408                                                               |   16|   0|   16|          0|
    |layer14_out_85_reg_5413                                                               |   16|   0|   16|          0|
    |layer14_out_86_reg_5418                                                               |   16|   0|   16|          0|
    |layer14_out_87_reg_5423                                                               |   16|   0|   16|          0|
    |layer14_out_88_reg_5428                                                               |   16|   0|   16|          0|
    |layer14_out_89_reg_5433                                                               |   16|   0|   16|          0|
    |layer14_out_8_reg_5028                                                                |   16|   0|   16|          0|
    |layer14_out_90_reg_5438                                                               |   16|   0|   16|          0|
    |layer14_out_91_reg_5443                                                               |   16|   0|   16|          0|
    |layer14_out_92_reg_5448                                                               |   16|   0|   16|          0|
    |layer14_out_93_reg_5453                                                               |   16|   0|   16|          0|
    |layer14_out_94_reg_5458                                                               |   16|   0|   16|          0|
    |layer14_out_95_reg_5463                                                               |   16|   0|   16|          0|
    |layer14_out_96_reg_5468                                                               |   16|   0|   16|          0|
    |layer14_out_97_reg_5473                                                               |   16|   0|   16|          0|
    |layer14_out_98_reg_5478                                                               |   16|   0|   16|          0|
    |layer14_out_99_reg_5483                                                               |   16|   0|   16|          0|
    |layer14_out_9_reg_5033                                                                |   16|   0|   16|          0|
    |layer14_out_reg_4988                                                                  |   16|   0|   16|          0|
    |layer16_out_100_reg_6128                                                              |    8|   0|    8|          0|
    |layer16_out_101_reg_6133                                                              |    8|   0|    8|          0|
    |layer16_out_102_reg_6138                                                              |    8|   0|    8|          0|
    |layer16_out_103_reg_6143                                                              |    8|   0|    8|          0|
    |layer16_out_104_reg_6148                                                              |    8|   0|    8|          0|
    |layer16_out_105_reg_6153                                                              |    8|   0|    8|          0|
    |layer16_out_106_reg_6158                                                              |    8|   0|    8|          0|
    |layer16_out_107_reg_6163                                                              |    8|   0|    8|          0|
    |layer16_out_108_reg_6168                                                              |    8|   0|    8|          0|
    |layer16_out_109_reg_6173                                                              |    8|   0|    8|          0|
    |layer16_out_10_reg_5678                                                               |    8|   0|    8|          0|
    |layer16_out_110_reg_6178                                                              |    8|   0|    8|          0|
    |layer16_out_111_reg_6183                                                              |    8|   0|    8|          0|
    |layer16_out_112_reg_6188                                                              |    8|   0|    8|          0|
    |layer16_out_113_reg_6193                                                              |    8|   0|    8|          0|
    |layer16_out_114_reg_6198                                                              |    8|   0|    8|          0|
    |layer16_out_115_reg_6203                                                              |    8|   0|    8|          0|
    |layer16_out_116_reg_6208                                                              |    8|   0|    8|          0|
    |layer16_out_117_reg_6213                                                              |    8|   0|    8|          0|
    |layer16_out_118_reg_6218                                                              |    8|   0|    8|          0|
    |layer16_out_119_reg_6223                                                              |    8|   0|    8|          0|
    |layer16_out_11_reg_5683                                                               |    8|   0|    8|          0|
    |layer16_out_120_reg_6228                                                              |    8|   0|    8|          0|
    |layer16_out_121_reg_6233                                                              |    8|   0|    8|          0|
    |layer16_out_122_reg_6238                                                              |    8|   0|    8|          0|
    |layer16_out_123_reg_6243                                                              |    8|   0|    8|          0|
    |layer16_out_124_reg_6248                                                              |    8|   0|    8|          0|
    |layer16_out_125_reg_6253                                                              |    8|   0|    8|          0|
    |layer16_out_126_reg_6258                                                              |    8|   0|    8|          0|
    |layer16_out_127_reg_6263                                                              |    8|   0|    8|          0|
    |layer16_out_12_reg_5688                                                               |    8|   0|    8|          0|
    |layer16_out_13_reg_5693                                                               |    8|   0|    8|          0|
    |layer16_out_14_reg_5698                                                               |    8|   0|    8|          0|
    |layer16_out_15_reg_5703                                                               |    8|   0|    8|          0|
    |layer16_out_16_reg_5708                                                               |    8|   0|    8|          0|
    |layer16_out_17_reg_5713                                                               |    8|   0|    8|          0|
    |layer16_out_18_reg_5718                                                               |    8|   0|    8|          0|
    |layer16_out_19_reg_5723                                                               |    8|   0|    8|          0|
    |layer16_out_1_reg_5633                                                                |    8|   0|    8|          0|
    |layer16_out_20_reg_5728                                                               |    8|   0|    8|          0|
    |layer16_out_21_reg_5733                                                               |    8|   0|    8|          0|
    |layer16_out_22_reg_5738                                                               |    8|   0|    8|          0|
    |layer16_out_23_reg_5743                                                               |    8|   0|    8|          0|
    |layer16_out_24_reg_5748                                                               |    8|   0|    8|          0|
    |layer16_out_25_reg_5753                                                               |    8|   0|    8|          0|
    |layer16_out_26_reg_5758                                                               |    8|   0|    8|          0|
    |layer16_out_27_reg_5763                                                               |    8|   0|    8|          0|
    |layer16_out_28_reg_5768                                                               |    8|   0|    8|          0|
    |layer16_out_29_reg_5773                                                               |    8|   0|    8|          0|
    |layer16_out_2_reg_5638                                                                |    8|   0|    8|          0|
    |layer16_out_30_reg_5778                                                               |    8|   0|    8|          0|
    |layer16_out_31_reg_5783                                                               |    8|   0|    8|          0|
    |layer16_out_32_reg_5788                                                               |    8|   0|    8|          0|
    |layer16_out_33_reg_5793                                                               |    8|   0|    8|          0|
    |layer16_out_34_reg_5798                                                               |    8|   0|    8|          0|
    |layer16_out_35_reg_5803                                                               |    8|   0|    8|          0|
    |layer16_out_36_reg_5808                                                               |    8|   0|    8|          0|
    |layer16_out_37_reg_5813                                                               |    8|   0|    8|          0|
    |layer16_out_38_reg_5818                                                               |    8|   0|    8|          0|
    |layer16_out_39_reg_5823                                                               |    8|   0|    8|          0|
    |layer16_out_3_reg_5643                                                                |    8|   0|    8|          0|
    |layer16_out_40_reg_5828                                                               |    8|   0|    8|          0|
    |layer16_out_41_reg_5833                                                               |    8|   0|    8|          0|
    |layer16_out_42_reg_5838                                                               |    8|   0|    8|          0|
    |layer16_out_43_reg_5843                                                               |    8|   0|    8|          0|
    |layer16_out_44_reg_5848                                                               |    8|   0|    8|          0|
    |layer16_out_45_reg_5853                                                               |    8|   0|    8|          0|
    |layer16_out_46_reg_5858                                                               |    8|   0|    8|          0|
    |layer16_out_47_reg_5863                                                               |    8|   0|    8|          0|
    |layer16_out_48_reg_5868                                                               |    8|   0|    8|          0|
    |layer16_out_49_reg_5873                                                               |    8|   0|    8|          0|
    |layer16_out_4_reg_5648                                                                |    8|   0|    8|          0|
    |layer16_out_50_reg_5878                                                               |    8|   0|    8|          0|
    |layer16_out_51_reg_5883                                                               |    8|   0|    8|          0|
    |layer16_out_52_reg_5888                                                               |    8|   0|    8|          0|
    |layer16_out_53_reg_5893                                                               |    8|   0|    8|          0|
    |layer16_out_54_reg_5898                                                               |    8|   0|    8|          0|
    |layer16_out_55_reg_5903                                                               |    8|   0|    8|          0|
    |layer16_out_56_reg_5908                                                               |    8|   0|    8|          0|
    |layer16_out_57_reg_5913                                                               |    8|   0|    8|          0|
    |layer16_out_58_reg_5918                                                               |    8|   0|    8|          0|
    |layer16_out_59_reg_5923                                                               |    8|   0|    8|          0|
    |layer16_out_5_reg_5653                                                                |    8|   0|    8|          0|
    |layer16_out_60_reg_5928                                                               |    8|   0|    8|          0|
    |layer16_out_61_reg_5933                                                               |    8|   0|    8|          0|
    |layer16_out_62_reg_5938                                                               |    8|   0|    8|          0|
    |layer16_out_63_reg_5943                                                               |    8|   0|    8|          0|
    |layer16_out_64_reg_5948                                                               |    8|   0|    8|          0|
    |layer16_out_65_reg_5953                                                               |    8|   0|    8|          0|
    |layer16_out_66_reg_5958                                                               |    8|   0|    8|          0|
    |layer16_out_67_reg_5963                                                               |    8|   0|    8|          0|
    |layer16_out_68_reg_5968                                                               |    8|   0|    8|          0|
    |layer16_out_69_reg_5973                                                               |    8|   0|    8|          0|
    |layer16_out_6_reg_5658                                                                |    8|   0|    8|          0|
    |layer16_out_70_reg_5978                                                               |    8|   0|    8|          0|
    |layer16_out_71_reg_5983                                                               |    8|   0|    8|          0|
    |layer16_out_72_reg_5988                                                               |    8|   0|    8|          0|
    |layer16_out_73_reg_5993                                                               |    8|   0|    8|          0|
    |layer16_out_74_reg_5998                                                               |    8|   0|    8|          0|
    |layer16_out_75_reg_6003                                                               |    8|   0|    8|          0|
    |layer16_out_76_reg_6008                                                               |    8|   0|    8|          0|
    |layer16_out_77_reg_6013                                                               |    8|   0|    8|          0|
    |layer16_out_78_reg_6018                                                               |    8|   0|    8|          0|
    |layer16_out_79_reg_6023                                                               |    8|   0|    8|          0|
    |layer16_out_7_reg_5663                                                                |    8|   0|    8|          0|
    |layer16_out_80_reg_6028                                                               |    8|   0|    8|          0|
    |layer16_out_81_reg_6033                                                               |    8|   0|    8|          0|
    |layer16_out_82_reg_6038                                                               |    8|   0|    8|          0|
    |layer16_out_83_reg_6043                                                               |    8|   0|    8|          0|
    |layer16_out_84_reg_6048                                                               |    8|   0|    8|          0|
    |layer16_out_85_reg_6053                                                               |    8|   0|    8|          0|
    |layer16_out_86_reg_6058                                                               |    8|   0|    8|          0|
    |layer16_out_87_reg_6063                                                               |    8|   0|    8|          0|
    |layer16_out_88_reg_6068                                                               |    8|   0|    8|          0|
    |layer16_out_89_reg_6073                                                               |    8|   0|    8|          0|
    |layer16_out_8_reg_5668                                                                |    8|   0|    8|          0|
    |layer16_out_90_reg_6078                                                               |    8|   0|    8|          0|
    |layer16_out_91_reg_6083                                                               |    8|   0|    8|          0|
    |layer16_out_92_reg_6088                                                               |    8|   0|    8|          0|
    |layer16_out_93_reg_6093                                                               |    8|   0|    8|          0|
    |layer16_out_94_reg_6098                                                               |    8|   0|    8|          0|
    |layer16_out_95_reg_6103                                                               |    8|   0|    8|          0|
    |layer16_out_96_reg_6108                                                               |    8|   0|    8|          0|
    |layer16_out_97_reg_6113                                                               |    8|   0|    8|          0|
    |layer16_out_98_reg_6118                                                               |    8|   0|    8|          0|
    |layer16_out_99_reg_6123                                                               |    8|   0|    8|          0|
    |layer16_out_9_reg_5673                                                                |    8|   0|    8|          0|
    |layer16_out_reg_5628                                                                  |    8|   0|    8|          0|
    |layer17_out_10_reg_6318                                                               |   16|   0|   16|          0|
    |layer17_out_11_reg_6323                                                               |   16|   0|   16|          0|
    |layer17_out_12_reg_6328                                                               |   16|   0|   16|          0|
    |layer17_out_13_reg_6333                                                               |   16|   0|   16|          0|
    |layer17_out_14_reg_6338                                                               |   16|   0|   16|          0|
    |layer17_out_15_reg_6343                                                               |   16|   0|   16|          0|
    |layer17_out_16_reg_6348                                                               |   16|   0|   16|          0|
    |layer17_out_17_reg_6353                                                               |   16|   0|   16|          0|
    |layer17_out_18_reg_6358                                                               |   16|   0|   16|          0|
    |layer17_out_19_reg_6363                                                               |   16|   0|   16|          0|
    |layer17_out_1_reg_6273                                                                |   16|   0|   16|          0|
    |layer17_out_20_reg_6368                                                               |   16|   0|   16|          0|
    |layer17_out_21_reg_6373                                                               |   16|   0|   16|          0|
    |layer17_out_22_reg_6378                                                               |   16|   0|   16|          0|
    |layer17_out_23_reg_6383                                                               |   16|   0|   16|          0|
    |layer17_out_24_reg_6388                                                               |   16|   0|   16|          0|
    |layer17_out_25_reg_6393                                                               |   16|   0|   16|          0|
    |layer17_out_26_reg_6398                                                               |   16|   0|   16|          0|
    |layer17_out_27_reg_6403                                                               |   16|   0|   16|          0|
    |layer17_out_28_reg_6408                                                               |   16|   0|   16|          0|
    |layer17_out_29_reg_6413                                                               |   16|   0|   16|          0|
    |layer17_out_2_reg_6278                                                                |   16|   0|   16|          0|
    |layer17_out_30_reg_6418                                                               |   16|   0|   16|          0|
    |layer17_out_31_reg_6423                                                               |   16|   0|   16|          0|
    |layer17_out_32_reg_6428                                                               |   16|   0|   16|          0|
    |layer17_out_33_reg_6433                                                               |   16|   0|   16|          0|
    |layer17_out_34_reg_6438                                                               |   16|   0|   16|          0|
    |layer17_out_35_reg_6443                                                               |   16|   0|   16|          0|
    |layer17_out_36_reg_6448                                                               |   16|   0|   16|          0|
    |layer17_out_37_reg_6453                                                               |   16|   0|   16|          0|
    |layer17_out_38_reg_6458                                                               |   16|   0|   16|          0|
    |layer17_out_39_reg_6463                                                               |   16|   0|   16|          0|
    |layer17_out_3_reg_6283                                                                |   16|   0|   16|          0|
    |layer17_out_40_reg_6468                                                               |   16|   0|   16|          0|
    |layer17_out_41_reg_6473                                                               |   16|   0|   16|          0|
    |layer17_out_42_reg_6478                                                               |   16|   0|   16|          0|
    |layer17_out_43_reg_6483                                                               |   16|   0|   16|          0|
    |layer17_out_44_reg_6488                                                               |   16|   0|   16|          0|
    |layer17_out_45_reg_6493                                                               |   16|   0|   16|          0|
    |layer17_out_46_reg_6498                                                               |   16|   0|   16|          0|
    |layer17_out_47_reg_6503                                                               |   16|   0|   16|          0|
    |layer17_out_48_reg_6508                                                               |   16|   0|   16|          0|
    |layer17_out_49_reg_6513                                                               |   16|   0|   16|          0|
    |layer17_out_4_reg_6288                                                                |   16|   0|   16|          0|
    |layer17_out_50_reg_6518                                                               |   16|   0|   16|          0|
    |layer17_out_51_reg_6523                                                               |   16|   0|   16|          0|
    |layer17_out_52_reg_6528                                                               |   16|   0|   16|          0|
    |layer17_out_53_reg_6533                                                               |   16|   0|   16|          0|
    |layer17_out_54_reg_6538                                                               |   16|   0|   16|          0|
    |layer17_out_55_reg_6543                                                               |   16|   0|   16|          0|
    |layer17_out_56_reg_6548                                                               |   16|   0|   16|          0|
    |layer17_out_57_reg_6553                                                               |   16|   0|   16|          0|
    |layer17_out_58_reg_6558                                                               |   16|   0|   16|          0|
    |layer17_out_59_reg_6563                                                               |   16|   0|   16|          0|
    |layer17_out_5_reg_6293                                                                |   16|   0|   16|          0|
    |layer17_out_60_reg_6568                                                               |   16|   0|   16|          0|
    |layer17_out_61_reg_6573                                                               |   16|   0|   16|          0|
    |layer17_out_62_reg_6578                                                               |   16|   0|   16|          0|
    |layer17_out_63_reg_6583                                                               |   16|   0|   16|          0|
    |layer17_out_6_reg_6298                                                                |   16|   0|   16|          0|
    |layer17_out_7_reg_6303                                                                |   16|   0|   16|          0|
    |layer17_out_8_reg_6308                                                                |   16|   0|   16|          0|
    |layer17_out_9_reg_6313                                                                |   16|   0|   16|          0|
    |layer17_out_reg_6268                                                                  |   16|   0|   16|          0|
    |layer19_out_10_reg_6638                                                               |    8|   0|    8|          0|
    |layer19_out_11_reg_6643                                                               |    8|   0|    8|          0|
    |layer19_out_12_reg_6648                                                               |    8|   0|    8|          0|
    |layer19_out_13_reg_6653                                                               |    8|   0|    8|          0|
    |layer19_out_14_reg_6658                                                               |    8|   0|    8|          0|
    |layer19_out_15_reg_6663                                                               |    8|   0|    8|          0|
    |layer19_out_16_reg_6668                                                               |    8|   0|    8|          0|
    |layer19_out_17_reg_6673                                                               |    8|   0|    8|          0|
    |layer19_out_18_reg_6678                                                               |    8|   0|    8|          0|
    |layer19_out_19_reg_6683                                                               |    8|   0|    8|          0|
    |layer19_out_1_reg_6593                                                                |    8|   0|    8|          0|
    |layer19_out_20_reg_6688                                                               |    8|   0|    8|          0|
    |layer19_out_21_reg_6693                                                               |    8|   0|    8|          0|
    |layer19_out_22_reg_6698                                                               |    8|   0|    8|          0|
    |layer19_out_23_reg_6703                                                               |    8|   0|    8|          0|
    |layer19_out_24_reg_6708                                                               |    8|   0|    8|          0|
    |layer19_out_25_reg_6713                                                               |    8|   0|    8|          0|
    |layer19_out_26_reg_6718                                                               |    8|   0|    8|          0|
    |layer19_out_27_reg_6723                                                               |    8|   0|    8|          0|
    |layer19_out_28_reg_6728                                                               |    8|   0|    8|          0|
    |layer19_out_29_reg_6733                                                               |    8|   0|    8|          0|
    |layer19_out_2_reg_6598                                                                |    8|   0|    8|          0|
    |layer19_out_30_reg_6738                                                               |    8|   0|    8|          0|
    |layer19_out_31_reg_6743                                                               |    8|   0|    8|          0|
    |layer19_out_32_reg_6748                                                               |    8|   0|    8|          0|
    |layer19_out_33_reg_6753                                                               |    8|   0|    8|          0|
    |layer19_out_34_reg_6758                                                               |    8|   0|    8|          0|
    |layer19_out_35_reg_6763                                                               |    8|   0|    8|          0|
    |layer19_out_36_reg_6768                                                               |    8|   0|    8|          0|
    |layer19_out_37_reg_6773                                                               |    8|   0|    8|          0|
    |layer19_out_38_reg_6778                                                               |    8|   0|    8|          0|
    |layer19_out_39_reg_6783                                                               |    8|   0|    8|          0|
    |layer19_out_3_reg_6603                                                                |    8|   0|    8|          0|
    |layer19_out_40_reg_6788                                                               |    8|   0|    8|          0|
    |layer19_out_41_reg_6793                                                               |    8|   0|    8|          0|
    |layer19_out_42_reg_6798                                                               |    8|   0|    8|          0|
    |layer19_out_43_reg_6803                                                               |    8|   0|    8|          0|
    |layer19_out_44_reg_6808                                                               |    8|   0|    8|          0|
    |layer19_out_45_reg_6813                                                               |    8|   0|    8|          0|
    |layer19_out_46_reg_6818                                                               |    8|   0|    8|          0|
    |layer19_out_47_reg_6823                                                               |    8|   0|    8|          0|
    |layer19_out_48_reg_6828                                                               |    8|   0|    8|          0|
    |layer19_out_49_reg_6833                                                               |    8|   0|    8|          0|
    |layer19_out_4_reg_6608                                                                |    8|   0|    8|          0|
    |layer19_out_50_reg_6838                                                               |    8|   0|    8|          0|
    |layer19_out_51_reg_6843                                                               |    8|   0|    8|          0|
    |layer19_out_52_reg_6848                                                               |    8|   0|    8|          0|
    |layer19_out_53_reg_6853                                                               |    8|   0|    8|          0|
    |layer19_out_54_reg_6858                                                               |    8|   0|    8|          0|
    |layer19_out_55_reg_6863                                                               |    8|   0|    8|          0|
    |layer19_out_56_reg_6868                                                               |    8|   0|    8|          0|
    |layer19_out_57_reg_6873                                                               |    8|   0|    8|          0|
    |layer19_out_58_reg_6878                                                               |    8|   0|    8|          0|
    |layer19_out_59_reg_6883                                                               |    8|   0|    8|          0|
    |layer19_out_5_reg_6613                                                                |    8|   0|    8|          0|
    |layer19_out_60_reg_6888                                                               |    8|   0|    8|          0|
    |layer19_out_61_reg_6893                                                               |    8|   0|    8|          0|
    |layer19_out_62_reg_6898                                                               |    8|   0|    8|          0|
    |layer19_out_63_reg_6903                                                               |    8|   0|    8|          0|
    |layer19_out_6_reg_6618                                                                |    8|   0|    8|          0|
    |layer19_out_7_reg_6623                                                                |    8|   0|    8|          0|
    |layer19_out_8_reg_6628                                                                |    8|   0|    8|          0|
    |layer19_out_9_reg_6633                                                                |    8|   0|    8|          0|
    |layer19_out_reg_6588                                                                  |    8|   0|    8|          0|
    |layer20_out_10_reg_6963                                                               |   16|   0|   16|          0|
    |layer20_out_11_reg_6968                                                               |   16|   0|   16|          0|
    |layer20_out_12_reg_6973                                                               |   16|   0|   16|          0|
    |layer20_out_13_reg_6978                                                               |   16|   0|   16|          0|
    |layer20_out_14_reg_6983                                                               |   16|   0|   16|          0|
    |layer20_out_15_reg_6988                                                               |   16|   0|   16|          0|
    |layer20_out_16_reg_6993                                                               |   16|   0|   16|          0|
    |layer20_out_17_reg_6998                                                               |   16|   0|   16|          0|
    |layer20_out_18_reg_7003                                                               |   16|   0|   16|          0|
    |layer20_out_19_reg_7008                                                               |   16|   0|   16|          0|
    |layer20_out_1_reg_6913                                                                |   16|   0|   16|          0|
    |layer20_out_20_reg_7013                                                               |   16|   0|   16|          0|
    |layer20_out_21_reg_7018                                                               |   16|   0|   16|          0|
    |layer20_out_22_reg_7023                                                               |   16|   0|   16|          0|
    |layer20_out_23_reg_7028                                                               |   16|   0|   16|          0|
    |layer20_out_24_reg_7033                                                               |   16|   0|   16|          0|
    |layer20_out_25_reg_6958                                                               |   16|   0|   16|          0|
    |layer20_out_2_reg_6918                                                                |   16|   0|   16|          0|
    |layer20_out_3_reg_6923                                                                |   16|   0|   16|          0|
    |layer20_out_4_reg_6928                                                                |   16|   0|   16|          0|
    |layer20_out_5_reg_6933                                                                |   16|   0|   16|          0|
    |layer20_out_6_reg_6938                                                                |   16|   0|   16|          0|
    |layer20_out_7_reg_6943                                                                |   16|   0|   16|          0|
    |layer20_out_8_reg_6948                                                                |   16|   0|   16|          0|
    |layer20_out_9_reg_6953                                                                |   16|   0|   16|          0|
    |layer20_out_reg_6908                                                                  |   16|   0|   16|          0|
    |layer22_out_10_reg_7093                                                               |    8|   0|    8|          0|
    |layer22_out_11_reg_7098                                                               |    8|   0|    8|          0|
    |layer22_out_12_reg_7103                                                               |    8|   0|    8|          0|
    |layer22_out_13_reg_7108                                                               |    8|   0|    8|          0|
    |layer22_out_14_reg_7113                                                               |    8|   0|    8|          0|
    |layer22_out_15_reg_7118                                                               |    8|   0|    8|          0|
    |layer22_out_16_reg_7123                                                               |    8|   0|    8|          0|
    |layer22_out_17_reg_7128                                                               |    8|   0|    8|          0|
    |layer22_out_18_reg_7133                                                               |    8|   0|    8|          0|
    |layer22_out_19_reg_7138                                                               |    8|   0|    8|          0|
    |layer22_out_1_reg_7043                                                                |    8|   0|    8|          0|
    |layer22_out_20_reg_7143                                                               |    8|   0|    8|          0|
    |layer22_out_21_reg_7148                                                               |    8|   0|    8|          0|
    |layer22_out_22_reg_7153                                                               |    8|   0|    8|          0|
    |layer22_out_23_reg_7158                                                               |    8|   0|    8|          0|
    |layer22_out_24_reg_7163                                                               |    8|   0|    8|          0|
    |layer22_out_25_reg_7088                                                               |    8|   0|    8|          0|
    |layer22_out_2_reg_7048                                                                |    8|   0|    8|          0|
    |layer22_out_3_reg_7053                                                                |    8|   0|    8|          0|
    |layer22_out_4_reg_7058                                                                |    8|   0|    8|          0|
    |layer22_out_5_reg_7063                                                                |    8|   0|    8|          0|
    |layer22_out_6_reg_7068                                                                |    8|   0|    8|          0|
    |layer22_out_7_reg_7073                                                                |    8|   0|    8|          0|
    |layer22_out_8_reg_7078                                                                |    8|   0|    8|          0|
    |layer22_out_9_reg_7083                                                                |    8|   0|    8|          0|
    |layer22_out_reg_7038                                                                  |    8|   0|    8|          0|
    |layer7_out_10_reg_4078                                                                |   16|   0|   16|          0|
    |layer7_out_11_reg_4083                                                                |   16|   0|   16|          0|
    |layer7_out_12_reg_4088                                                                |   16|   0|   16|          0|
    |layer7_out_13_reg_4093                                                                |   16|   0|   16|          0|
    |layer7_out_14_reg_4098                                                                |   16|   0|   16|          0|
    |layer7_out_15_reg_4103                                                                |   16|   0|   16|          0|
    |layer7_out_16_reg_4108                                                                |   16|   0|   16|          0|
    |layer7_out_17_reg_4113                                                                |   16|   0|   16|          0|
    |layer7_out_18_reg_4118                                                                |   16|   0|   16|          0|
    |layer7_out_19_reg_4123                                                                |   16|   0|   16|          0|
    |layer7_out_1_reg_4033                                                                 |   16|   0|   16|          0|
    |layer7_out_20_reg_4128                                                                |   16|   0|   16|          0|
    |layer7_out_21_reg_4133                                                                |   16|   0|   16|          0|
    |layer7_out_22_reg_4138                                                                |   16|   0|   16|          0|
    |layer7_out_23_reg_4143                                                                |   16|   0|   16|          0|
    |layer7_out_24_reg_4148                                                                |   16|   0|   16|          0|
    |layer7_out_25_reg_4153                                                                |   16|   0|   16|          0|
    |layer7_out_26_reg_4158                                                                |   16|   0|   16|          0|
    |layer7_out_27_reg_4163                                                                |   16|   0|   16|          0|
    |layer7_out_28_reg_4168                                                                |   16|   0|   16|          0|
    |layer7_out_29_reg_4173                                                                |   16|   0|   16|          0|
    |layer7_out_2_reg_4038                                                                 |   16|   0|   16|          0|
    |layer7_out_30_reg_4178                                                                |   16|   0|   16|          0|
    |layer7_out_31_reg_4183                                                                |   16|   0|   16|          0|
    |layer7_out_3_reg_4043                                                                 |   16|   0|   16|          0|
    |layer7_out_4_reg_4048                                                                 |   16|   0|   16|          0|
    |layer7_out_5_reg_4053                                                                 |   16|   0|   16|          0|
    |layer7_out_6_reg_4058                                                                 |   16|   0|   16|          0|
    |layer7_out_7_reg_4063                                                                 |   16|   0|   16|          0|
    |layer7_out_8_reg_4068                                                                 |   16|   0|   16|          0|
    |layer7_out_9_reg_4073                                                                 |   16|   0|   16|          0|
    |layer7_out_reg_4028                                                                   |   16|   0|   16|          0|
    |layer9_out_10_reg_4238                                                                |   16|   0|   16|          0|
    |layer9_out_11_reg_4243                                                                |   16|   0|   16|          0|
    |layer9_out_12_reg_4248                                                                |   16|   0|   16|          0|
    |layer9_out_13_reg_4253                                                                |   16|   0|   16|          0|
    |layer9_out_14_reg_4258                                                                |   16|   0|   16|          0|
    |layer9_out_15_reg_4263                                                                |   16|   0|   16|          0|
    |layer9_out_16_reg_4268                                                                |   16|   0|   16|          0|
    |layer9_out_17_reg_4273                                                                |   16|   0|   16|          0|
    |layer9_out_18_reg_4278                                                                |   16|   0|   16|          0|
    |layer9_out_19_reg_4283                                                                |   16|   0|   16|          0|
    |layer9_out_1_reg_4193                                                                 |   16|   0|   16|          0|
    |layer9_out_20_reg_4288                                                                |   16|   0|   16|          0|
    |layer9_out_21_reg_4293                                                                |   16|   0|   16|          0|
    |layer9_out_22_reg_4298                                                                |   16|   0|   16|          0|
    |layer9_out_23_reg_4303                                                                |   16|   0|   16|          0|
    |layer9_out_24_reg_4308                                                                |   16|   0|   16|          0|
    |layer9_out_25_reg_4313                                                                |   16|   0|   16|          0|
    |layer9_out_26_reg_4318                                                                |   16|   0|   16|          0|
    |layer9_out_27_reg_4323                                                                |   16|   0|   16|          0|
    |layer9_out_28_reg_4328                                                                |   16|   0|   16|          0|
    |layer9_out_29_reg_4333                                                                |   16|   0|   16|          0|
    |layer9_out_2_reg_4198                                                                 |   16|   0|   16|          0|
    |layer9_out_30_reg_4338                                                                |   16|   0|   16|          0|
    |layer9_out_31_reg_4343                                                                |   16|   0|   16|          0|
    |layer9_out_3_reg_4203                                                                 |   16|   0|   16|          0|
    |layer9_out_4_reg_4208                                                                 |   16|   0|   16|          0|
    |layer9_out_5_reg_4213                                                                 |   16|   0|   16|          0|
    |layer9_out_6_reg_4218                                                                 |   16|   0|   16|          0|
    |layer9_out_7_reg_4223                                                                 |   16|   0|   16|          0|
    |layer9_out_8_reg_4228                                                                 |   16|   0|   16|          0|
    |layer9_out_9_reg_4233                                                                 |   16|   0|   16|          0|
    |layer9_out_reg_4188                                                                   |   16|   0|   16|          0|
    |sigmoid_reg_7168                                                                      |   15|   0|   16|          1|
    |tmp_1679_reg_7182                                                                     |    1|   0|    1|          0|
    |tmp_1679_reg_7182_pp0_iter40_reg                                                      |    1|   0|    1|          0|
    |tmp_1681_reg_7194                                                                     |    1|   0|    1|          0|
    |tmp_1681_reg_7194_pp0_iter40_reg                                                      |    1|   0|    1|          0|
    |tmp_1683_reg_7205                                                                     |    1|   0|    1|          0|
    |trunc_ln473_1_reg_7189                                                                |    2|   0|    4|          2|
    |x_profile_ap_vld_preg                                                                 |    1|   0|    1|          0|
    |x_profile_preg                                                                        |  336|   0|  336|          0|
    |y_local_ap_vld_preg                                                                   |    1|   0|    1|          0|
    |y_local_preg                                                                          |   16|   0|   16|          0|
    |y_profile_ap_vld_preg                                                                 |    1|   0|    1|          0|
    |y_profile_preg                                                                        |  208|   0|  208|          0|
    |z_global_ap_vld_preg                                                                  |    1|   0|    1|          0|
    |z_global_preg                                                                         |   16|   0|   16|          0|
    +--------------------------------------------------------------------------------------+-----+----+-----+-----------+
    |Total                                                                                 | 7437|   0| 7442|          5|
    +--------------------------------------------------------------------------------------+-----+----+-----+-----------+



================================================================
== Interface
================================================================
* Summary: 
+--------------------+-----+-----+------------+--------------+--------------+
|      RTL Ports     | Dir | Bits|  Protocol  | Source Object|    C Type    |
+--------------------+-----+-----+------------+--------------+--------------+
|ap_clk              |   in|    1|  ap_ctrl_hs|     myproject|  return value|
|ap_rst              |   in|    1|  ap_ctrl_hs|     myproject|  return value|
|ap_start            |   in|    1|  ap_ctrl_hs|     myproject|  return value|
|ap_done             |  out|    1|  ap_ctrl_hs|     myproject|  return value|
|ap_idle             |  out|    1|  ap_ctrl_hs|     myproject|  return value|
|ap_ready            |  out|    1|  ap_ctrl_hs|     myproject|  return value|
|x_profile_ap_vld    |   in|    1|      ap_vld|     x_profile|       pointer|
|x_profile           |   in|  336|      ap_vld|     x_profile|       pointer|
|z_global_ap_vld     |   in|    1|      ap_vld|      z_global|       pointer|
|z_global            |   in|   16|      ap_vld|      z_global|       pointer|
|y_profile_ap_vld    |   in|    1|      ap_vld|     y_profile|       pointer|
|y_profile           |   in|  208|      ap_vld|     y_profile|       pointer|
|y_local_ap_vld      |   in|    1|      ap_vld|       y_local|       pointer|
|y_local             |   in|   16|      ap_vld|       y_local|       pointer|
|layer25_out         |  out|    8|      ap_vld|   layer25_out|       pointer|
|layer25_out_ap_vld  |  out|    1|      ap_vld|   layer25_out|       pointer|
+--------------------+-----+-----+------------+--------------+--------------+

