

================================================================
== Vitis HLS Report for 'relu_ap_fixed_16_6_5_3_0_ap_ufixed_8_0_4_0_0_relu_config22_s'
================================================================
* Date:           Mon Oct 27 14:28:09 2025

* Version:        2024.1 (Build 5069499 on May 21 2024)
* Project:        myproject_prj
* Solution:       solution1 (Vivado IP Flow Target)
* Product family: zynq
* Target device:  xc7z020-clg400-1


================================================================
== Performance Estimates
================================================================
+ Timing: 
    * Summary: 
    +--------+---------+----------+------------+
    |  Clock |  Target | Estimated| Uncertainty|
    +--------+---------+----------+------------+
    |ap_clk  |  5.00 ns|  2.893 ns|     0.62 ns|
    +--------+---------+----------+------------+

+ Latency: 
    * Summary: 
    +---------+---------+----------+----------+-----+-----+---------+
    |  Latency (cycles) |  Latency (absolute) |  Interval | Pipeline|
    |   min   |   max   |    min   |    max   | min | max |   Type  |
    +---------+---------+----------+----------+-----+-----+---------+
    |        1|        1|  5.000 ns|  5.000 ns|    1|    1|      yes|
    +---------+---------+----------+----------+-----+-----+---------+

    + Detail: 
        * Instance: 
        N/A

        * Loop: 
        N/A



================================================================
== Utilization Estimates
================================================================
* Summary: 
+-----------------+---------+-----+--------+-------+-----+
|       Name      | BRAM_18K| DSP |   FF   |  LUT  | URAM|
+-----------------+---------+-----+--------+-------+-----+
|DSP              |        -|    -|       -|      -|    -|
|Expression       |        -|    -|       0|   2602|    -|
|FIFO             |        -|    -|       -|      -|    -|
|Instance         |        -|    -|       -|      -|    -|
|Memory           |        -|    -|       -|      -|    -|
|Multiplexer      |        -|    -|       -|      -|    -|
|Register         |        -|    -|     288|      -|    -|
+-----------------+---------+-----+--------+-------+-----+
|Total            |        0|    0|     288|   2602|    0|
+-----------------+---------+-----+--------+-------+-----+
|Available        |      280|  220|  106400|  53200|    0|
+-----------------+---------+-----+--------+-------+-----+
|Utilization (%)  |        0|    0|      ~0|      4|    0|
+-----------------+---------+-----+--------+-------+-----+

+ Detail: 
    * Instance: 
    N/A

    * DSP: 
    N/A

    * Memory: 
    N/A

    * FIFO: 
    N/A

    * Expression: 
    +---------------------------+----------+----+---+----+------------+------------+
    |       Variable Name       | Operation| DSP| FF| LUT| Bitwidth P0| Bitwidth P1|
    +---------------------------+----------+----+---+----+------------+------------+
    |add_ln46_10_fu_1478_p2     |         +|   0|  0|  15|           8|           8|
    |add_ln46_11_fu_1594_p2     |         +|   0|  0|  15|           8|           8|
    |add_ln46_12_fu_1710_p2     |         +|   0|  0|  15|           8|           8|
    |add_ln46_13_fu_1826_p2     |         +|   0|  0|  15|           8|           8|
    |add_ln46_14_fu_1942_p2     |         +|   0|  0|  15|           8|           8|
    |add_ln46_15_fu_2058_p2     |         +|   0|  0|  15|           8|           8|
    |add_ln46_16_fu_2174_p2     |         +|   0|  0|  15|           8|           8|
    |add_ln46_17_fu_2290_p2     |         +|   0|  0|  15|           8|           8|
    |add_ln46_18_fu_2406_p2     |         +|   0|  0|  15|           8|           8|
    |add_ln46_19_fu_2522_p2     |         +|   0|  0|  15|           8|           8|
    |add_ln46_1_fu_434_p2       |         +|   0|  0|  15|           8|           8|
    |add_ln46_20_fu_2638_p2     |         +|   0|  0|  15|           8|           8|
    |add_ln46_21_fu_2754_p2     |         +|   0|  0|  15|           8|           8|
    |add_ln46_22_fu_2870_p2     |         +|   0|  0|  15|           8|           8|
    |add_ln46_23_fu_2986_p2     |         +|   0|  0|  15|           8|           8|
    |add_ln46_24_fu_3102_p2     |         +|   0|  0|  15|           8|           8|
    |add_ln46_25_fu_3218_p2     |         +|   0|  0|  15|           8|           8|
    |add_ln46_2_fu_550_p2       |         +|   0|  0|  15|           8|           8|
    |add_ln46_3_fu_666_p2       |         +|   0|  0|  15|           8|           8|
    |add_ln46_4_fu_782_p2       |         +|   0|  0|  15|           8|           8|
    |add_ln46_5_fu_898_p2       |         +|   0|  0|  15|           8|           8|
    |add_ln46_6_fu_1014_p2      |         +|   0|  0|  15|           8|           8|
    |add_ln46_7_fu_1130_p2      |         +|   0|  0|  15|           8|           8|
    |add_ln46_8_fu_1246_p2      |         +|   0|  0|  15|           8|           8|
    |add_ln46_9_fu_1362_p2      |         +|   0|  0|  15|           8|           8|
    |add_ln46_fu_318_p2         |         +|   0|  0|  15|           8|           8|
    |and_ln46_10_fu_888_p2      |       and|   0|  0|   2|           1|           1|
    |and_ln46_12_fu_1004_p2     |       and|   0|  0|   2|           1|           1|
    |and_ln46_14_fu_1120_p2     |       and|   0|  0|   2|           1|           1|
    |and_ln46_16_fu_1236_p2     |       and|   0|  0|   2|           1|           1|
    |and_ln46_18_fu_1352_p2     |       and|   0|  0|   2|           1|           1|
    |and_ln46_20_fu_1468_p2     |       and|   0|  0|   2|           1|           1|
    |and_ln46_22_fu_1584_p2     |       and|   0|  0|   2|           1|           1|
    |and_ln46_24_fu_1700_p2     |       and|   0|  0|   2|           1|           1|
    |and_ln46_26_fu_1816_p2     |       and|   0|  0|   2|           1|           1|
    |and_ln46_28_fu_1932_p2     |       and|   0|  0|   2|           1|           1|
    |and_ln46_2_fu_424_p2       |       and|   0|  0|   2|           1|           1|
    |and_ln46_30_fu_2048_p2     |       and|   0|  0|   2|           1|           1|
    |and_ln46_32_fu_2164_p2     |       and|   0|  0|   2|           1|           1|
    |and_ln46_34_fu_2280_p2     |       and|   0|  0|   2|           1|           1|
    |and_ln46_36_fu_2396_p2     |       and|   0|  0|   2|           1|           1|
    |and_ln46_38_fu_2512_p2     |       and|   0|  0|   2|           1|           1|
    |and_ln46_40_fu_2628_p2     |       and|   0|  0|   2|           1|           1|
    |and_ln46_42_fu_2744_p2     |       and|   0|  0|   2|           1|           1|
    |and_ln46_44_fu_2860_p2     |       and|   0|  0|   2|           1|           1|
    |and_ln46_46_fu_2976_p2     |       and|   0|  0|   2|           1|           1|
    |and_ln46_48_fu_3092_p2     |       and|   0|  0|   2|           1|           1|
    |and_ln46_4_fu_540_p2       |       and|   0|  0|   2|           1|           1|
    |and_ln46_50_fu_3208_p2     |       and|   0|  0|   2|           1|           1|
    |and_ln46_6_fu_656_p2       |       and|   0|  0|   2|           1|           1|
    |and_ln46_8_fu_772_p2       |       and|   0|  0|   2|           1|           1|
    |and_ln46_fu_308_p2         |       and|   0|  0|   2|           1|           1|
    |empty_27_fu_476_p2         |       and|   0|  0|   2|           1|           1|
    |empty_28_fu_592_p2         |       and|   0|  0|   2|           1|           1|
    |empty_29_fu_708_p2         |       and|   0|  0|   2|           1|           1|
    |empty_30_fu_824_p2         |       and|   0|  0|   2|           1|           1|
    |empty_31_fu_940_p2         |       and|   0|  0|   2|           1|           1|
    |empty_32_fu_1056_p2        |       and|   0|  0|   2|           1|           1|
    |empty_33_fu_1172_p2        |       and|   0|  0|   2|           1|           1|
    |empty_34_fu_1288_p2        |       and|   0|  0|   2|           1|           1|
    |empty_35_fu_1404_p2        |       and|   0|  0|   2|           1|           1|
    |empty_36_fu_1520_p2        |       and|   0|  0|   2|           1|           1|
    |empty_37_fu_1636_p2        |       and|   0|  0|   2|           1|           1|
    |empty_38_fu_1752_p2        |       and|   0|  0|   2|           1|           1|
    |empty_39_fu_1868_p2        |       and|   0|  0|   2|           1|           1|
    |empty_40_fu_1984_p2        |       and|   0|  0|   2|           1|           1|
    |empty_41_fu_2100_p2        |       and|   0|  0|   2|           1|           1|
    |empty_42_fu_2216_p2        |       and|   0|  0|   2|           1|           1|
    |empty_43_fu_2332_p2        |       and|   0|  0|   2|           1|           1|
    |empty_44_fu_2448_p2        |       and|   0|  0|   2|           1|           1|
    |empty_45_fu_2564_p2        |       and|   0|  0|   2|           1|           1|
    |empty_46_fu_2680_p2        |       and|   0|  0|   2|           1|           1|
    |empty_47_fu_2796_p2        |       and|   0|  0|   2|           1|           1|
    |empty_48_fu_2912_p2        |       and|   0|  0|   2|           1|           1|
    |empty_49_fu_3028_p2        |       and|   0|  0|   2|           1|           1|
    |empty_50_fu_3144_p2        |       and|   0|  0|   2|           1|           1|
    |empty_51_fu_3260_p2        |       and|   0|  0|   2|           1|           1|
    |empty_fu_360_p2            |       and|   0|  0|   2|           1|           1|
    |icmp_ln45_10_fu_1410_p2    |      icmp|   0|  0|  23|          16|           1|
    |icmp_ln45_11_fu_1526_p2    |      icmp|   0|  0|  23|          16|           1|
    |icmp_ln45_12_fu_1642_p2    |      icmp|   0|  0|  23|          16|           1|
    |icmp_ln45_13_fu_1758_p2    |      icmp|   0|  0|  23|          16|           1|
    |icmp_ln45_14_fu_1874_p2    |      icmp|   0|  0|  23|          16|           1|
    |icmp_ln45_15_fu_1990_p2    |      icmp|   0|  0|  23|          16|           1|
    |icmp_ln45_16_fu_2106_p2    |      icmp|   0|  0|  23|          16|           1|
    |icmp_ln45_17_fu_2222_p2    |      icmp|   0|  0|  23|          16|           1|
    |icmp_ln45_18_fu_2338_p2    |      icmp|   0|  0|  23|          16|           1|
    |icmp_ln45_19_fu_2454_p2    |      icmp|   0|  0|  23|          16|           1|
    |icmp_ln45_1_fu_366_p2      |      icmp|   0|  0|  23|          16|           1|
    |icmp_ln45_20_fu_2570_p2    |      icmp|   0|  0|  23|          16|           1|
    |icmp_ln45_21_fu_2686_p2    |      icmp|   0|  0|  23|          16|           1|
    |icmp_ln45_22_fu_2802_p2    |      icmp|   0|  0|  23|          16|           1|
    |icmp_ln45_23_fu_2918_p2    |      icmp|   0|  0|  23|          16|           1|
    |icmp_ln45_24_fu_3034_p2    |      icmp|   0|  0|  23|          16|           1|
    |icmp_ln45_25_fu_3150_p2    |      icmp|   0|  0|  23|          16|           1|
    |icmp_ln45_2_fu_482_p2      |      icmp|   0|  0|  23|          16|           1|
    |icmp_ln45_3_fu_598_p2      |      icmp|   0|  0|  23|          16|           1|
    |icmp_ln45_4_fu_714_p2      |      icmp|   0|  0|  23|          16|           1|
    |icmp_ln45_5_fu_830_p2      |      icmp|   0|  0|  23|          16|           1|
    |icmp_ln45_6_fu_946_p2      |      icmp|   0|  0|  23|          16|           1|
    |icmp_ln45_7_fu_1062_p2     |      icmp|   0|  0|  23|          16|           1|
    |icmp_ln45_8_fu_1178_p2     |      icmp|   0|  0|  23|          16|           1|
    |icmp_ln45_9_fu_1294_p2     |      icmp|   0|  0|  23|          16|           1|
    |icmp_ln45_fu_250_p2        |      icmp|   0|  0|  23|          16|           1|
    |icmp_ln46_10_fu_1494_p2    |      icmp|   0|  0|  14|           6|           1|
    |icmp_ln46_11_fu_1610_p2    |      icmp|   0|  0|  14|           6|           1|
    |icmp_ln46_12_fu_1726_p2    |      icmp|   0|  0|  14|           6|           1|
    |icmp_ln46_13_fu_1842_p2    |      icmp|   0|  0|  14|           6|           1|
    |icmp_ln46_14_fu_1958_p2    |      icmp|   0|  0|  14|           6|           1|
    |icmp_ln46_15_fu_2074_p2    |      icmp|   0|  0|  14|           6|           1|
    |icmp_ln46_16_fu_2190_p2    |      icmp|   0|  0|  14|           6|           1|
    |icmp_ln46_17_fu_2306_p2    |      icmp|   0|  0|  14|           6|           1|
    |icmp_ln46_18_fu_2422_p2    |      icmp|   0|  0|  14|           6|           1|
    |icmp_ln46_19_fu_2538_p2    |      icmp|   0|  0|  14|           6|           1|
    |icmp_ln46_1_fu_450_p2      |      icmp|   0|  0|  14|           6|           1|
    |icmp_ln46_20_fu_2654_p2    |      icmp|   0|  0|  14|           6|           1|
    |icmp_ln46_21_fu_2770_p2    |      icmp|   0|  0|  14|           6|           1|
    |icmp_ln46_22_fu_2886_p2    |      icmp|   0|  0|  14|           6|           1|
    |icmp_ln46_23_fu_3002_p2    |      icmp|   0|  0|  14|           6|           1|
    |icmp_ln46_24_fu_3118_p2    |      icmp|   0|  0|  14|           6|           1|
    |icmp_ln46_25_fu_3234_p2    |      icmp|   0|  0|  14|           6|           1|
    |icmp_ln46_2_fu_566_p2      |      icmp|   0|  0|  14|           6|           1|
    |icmp_ln46_3_fu_682_p2      |      icmp|   0|  0|  14|           6|           1|
    |icmp_ln46_4_fu_798_p2      |      icmp|   0|  0|  14|           6|           1|
    |icmp_ln46_5_fu_914_p2      |      icmp|   0|  0|  14|           6|           1|
    |icmp_ln46_6_fu_1030_p2     |      icmp|   0|  0|  14|           6|           1|
    |icmp_ln46_7_fu_1146_p2     |      icmp|   0|  0|  14|           6|           1|
    |icmp_ln46_8_fu_1262_p2     |      icmp|   0|  0|  14|           6|           1|
    |icmp_ln46_9_fu_1378_p2     |      icmp|   0|  0|  14|           6|           1|
    |icmp_ln46_fu_334_p2        |      icmp|   0|  0|  14|           6|           1|
    |and_ln46_11_fu_934_p2      |        or|   0|  0|   2|           1|           1|
    |and_ln46_13_fu_1050_p2     |        or|   0|  0|   2|           1|           1|
    |and_ln46_15_fu_1166_p2     |        or|   0|  0|   2|           1|           1|
    |and_ln46_17_fu_1282_p2     |        or|   0|  0|   2|           1|           1|
    |and_ln46_19_fu_1398_p2     |        or|   0|  0|   2|           1|           1|
    |and_ln46_1_fu_354_p2       |        or|   0|  0|   2|           1|           1|
    |and_ln46_21_fu_1514_p2     |        or|   0|  0|   2|           1|           1|
    |and_ln46_23_fu_1630_p2     |        or|   0|  0|   2|           1|           1|
    |and_ln46_25_fu_1746_p2     |        or|   0|  0|   2|           1|           1|
    |and_ln46_27_fu_1862_p2     |        or|   0|  0|   2|           1|           1|
    |and_ln46_29_fu_1978_p2     |        or|   0|  0|   2|           1|           1|
    |and_ln46_31_fu_2094_p2     |        or|   0|  0|   2|           1|           1|
    |and_ln46_33_fu_2210_p2     |        or|   0|  0|   2|           1|           1|
    |and_ln46_35_fu_2326_p2     |        or|   0|  0|   2|           1|           1|
    |and_ln46_37_fu_2442_p2     |        or|   0|  0|   2|           1|           1|
    |and_ln46_39_fu_2558_p2     |        or|   0|  0|   2|           1|           1|
    |and_ln46_3_fu_470_p2       |        or|   0|  0|   2|           1|           1|
    |and_ln46_41_fu_2674_p2     |        or|   0|  0|   2|           1|           1|
    |and_ln46_43_fu_2790_p2     |        or|   0|  0|   2|           1|           1|
    |and_ln46_45_fu_2906_p2     |        or|   0|  0|   2|           1|           1|
    |and_ln46_47_fu_3022_p2     |        or|   0|  0|   2|           1|           1|
    |and_ln46_49_fu_3138_p2     |        or|   0|  0|   2|           1|           1|
    |and_ln46_51_fu_3254_p2     |        or|   0|  0|   2|           1|           1|
    |and_ln46_5_fu_586_p2       |        or|   0|  0|   2|           1|           1|
    |and_ln46_7_fu_702_p2       |        or|   0|  0|   2|           1|           1|
    |and_ln46_9_fu_818_p2       |        or|   0|  0|   2|           1|           1|
    |or_ln46_10_fu_3392_p2      |        or|   0|  0|   2|           1|           1|
    |or_ln46_11_fu_3401_p2      |        or|   0|  0|   2|           1|           1|
    |or_ln46_12_fu_766_p2       |        or|   0|  0|   2|           1|           1|
    |or_ln46_13_fu_3434_p2      |        or|   0|  0|   2|           1|           1|
    |or_ln46_14_fu_3443_p2      |        or|   0|  0|   2|           1|           1|
    |or_ln46_15_fu_882_p2       |        or|   0|  0|   2|           1|           1|
    |or_ln46_16_fu_3476_p2      |        or|   0|  0|   2|           1|           1|
    |or_ln46_17_fu_3485_p2      |        or|   0|  0|   2|           1|           1|
    |or_ln46_18_fu_998_p2       |        or|   0|  0|   2|           1|           1|
    |or_ln46_19_fu_3518_p2      |        or|   0|  0|   2|           1|           1|
    |or_ln46_1_fu_3266_p2       |        or|   0|  0|   2|           1|           1|
    |or_ln46_20_fu_3527_p2      |        or|   0|  0|   2|           1|           1|
    |or_ln46_21_fu_1114_p2      |        or|   0|  0|   2|           1|           1|
    |or_ln46_22_fu_3560_p2      |        or|   0|  0|   2|           1|           1|
    |or_ln46_23_fu_3569_p2      |        or|   0|  0|   2|           1|           1|
    |or_ln46_24_fu_1230_p2      |        or|   0|  0|   2|           1|           1|
    |or_ln46_25_fu_3602_p2      |        or|   0|  0|   2|           1|           1|
    |or_ln46_26_fu_3611_p2      |        or|   0|  0|   2|           1|           1|
    |or_ln46_27_fu_1346_p2      |        or|   0|  0|   2|           1|           1|
    |or_ln46_28_fu_3644_p2      |        or|   0|  0|   2|           1|           1|
    |or_ln46_29_fu_3653_p2      |        or|   0|  0|   2|           1|           1|
    |or_ln46_2_fu_3275_p2       |        or|   0|  0|   2|           1|           1|
    |or_ln46_30_fu_1462_p2      |        or|   0|  0|   2|           1|           1|
    |or_ln46_31_fu_3686_p2      |        or|   0|  0|   2|           1|           1|
    |or_ln46_32_fu_3695_p2      |        or|   0|  0|   2|           1|           1|
    |or_ln46_33_fu_1578_p2      |        or|   0|  0|   2|           1|           1|
    |or_ln46_34_fu_3728_p2      |        or|   0|  0|   2|           1|           1|
    |or_ln46_35_fu_3737_p2      |        or|   0|  0|   2|           1|           1|
    |or_ln46_36_fu_1694_p2      |        or|   0|  0|   2|           1|           1|
    |or_ln46_37_fu_3770_p2      |        or|   0|  0|   2|           1|           1|
    |or_ln46_38_fu_3779_p2      |        or|   0|  0|   2|           1|           1|
    |or_ln46_39_fu_1810_p2      |        or|   0|  0|   2|           1|           1|
    |or_ln46_3_fu_418_p2        |        or|   0|  0|   2|           1|           1|
    |or_ln46_40_fu_3812_p2      |        or|   0|  0|   2|           1|           1|
    |or_ln46_41_fu_3821_p2      |        or|   0|  0|   2|           1|           1|
    |or_ln46_42_fu_1926_p2      |        or|   0|  0|   2|           1|           1|
    |or_ln46_43_fu_3854_p2      |        or|   0|  0|   2|           1|           1|
    |or_ln46_44_fu_3863_p2      |        or|   0|  0|   2|           1|           1|
    |or_ln46_45_fu_2042_p2      |        or|   0|  0|   2|           1|           1|
    |or_ln46_46_fu_3896_p2      |        or|   0|  0|   2|           1|           1|
    |or_ln46_47_fu_3905_p2      |        or|   0|  0|   2|           1|           1|
    |or_ln46_48_fu_2158_p2      |        or|   0|  0|   2|           1|           1|
    |or_ln46_49_fu_3938_p2      |        or|   0|  0|   2|           1|           1|
    |or_ln46_4_fu_3308_p2       |        or|   0|  0|   2|           1|           1|
    |or_ln46_50_fu_3947_p2      |        or|   0|  0|   2|           1|           1|
    |or_ln46_51_fu_2274_p2      |        or|   0|  0|   2|           1|           1|
    |or_ln46_52_fu_3980_p2      |        or|   0|  0|   2|           1|           1|
    |or_ln46_53_fu_3989_p2      |        or|   0|  0|   2|           1|           1|
    |or_ln46_54_fu_2390_p2      |        or|   0|  0|   2|           1|           1|
    |or_ln46_55_fu_4022_p2      |        or|   0|  0|   2|           1|           1|
    |or_ln46_56_fu_4031_p2      |        or|   0|  0|   2|           1|           1|
    |or_ln46_57_fu_2506_p2      |        or|   0|  0|   2|           1|           1|
    |or_ln46_58_fu_4064_p2      |        or|   0|  0|   2|           1|           1|
    |or_ln46_59_fu_4073_p2      |        or|   0|  0|   2|           1|           1|
    |or_ln46_5_fu_3317_p2       |        or|   0|  0|   2|           1|           1|
    |or_ln46_60_fu_2622_p2      |        or|   0|  0|   2|           1|           1|
    |or_ln46_61_fu_4106_p2      |        or|   0|  0|   2|           1|           1|
    |or_ln46_62_fu_4115_p2      |        or|   0|  0|   2|           1|           1|
    |or_ln46_63_fu_2738_p2      |        or|   0|  0|   2|           1|           1|
    |or_ln46_64_fu_4148_p2      |        or|   0|  0|   2|           1|           1|
    |or_ln46_65_fu_4157_p2      |        or|   0|  0|   2|           1|           1|
    |or_ln46_66_fu_2854_p2      |        or|   0|  0|   2|           1|           1|
    |or_ln46_67_fu_4190_p2      |        or|   0|  0|   2|           1|           1|
    |or_ln46_68_fu_4199_p2      |        or|   0|  0|   2|           1|           1|
    |or_ln46_69_fu_2970_p2      |        or|   0|  0|   2|           1|           1|
    |or_ln46_6_fu_534_p2        |        or|   0|  0|   2|           1|           1|
    |or_ln46_70_fu_4232_p2      |        or|   0|  0|   2|           1|           1|
    |or_ln46_71_fu_4241_p2      |        or|   0|  0|   2|           1|           1|
    |or_ln46_72_fu_3086_p2      |        or|   0|  0|   2|           1|           1|
    |or_ln46_73_fu_4274_p2      |        or|   0|  0|   2|           1|           1|
    |or_ln46_74_fu_4283_p2      |        or|   0|  0|   2|           1|           1|
    |or_ln46_75_fu_3202_p2      |        or|   0|  0|   2|           1|           1|
    |or_ln46_76_fu_4316_p2      |        or|   0|  0|   2|           1|           1|
    |or_ln46_77_fu_4325_p2      |        or|   0|  0|   2|           1|           1|
    |or_ln46_7_fu_3350_p2       |        or|   0|  0|   2|           1|           1|
    |or_ln46_8_fu_3359_p2       |        or|   0|  0|   2|           1|           1|
    |or_ln46_9_fu_650_p2        |        or|   0|  0|   2|           1|           1|
    |or_ln46_fu_302_p2          |        or|   0|  0|   2|           1|           1|
    |res_0_0_fu_3301_p3         |    select|   0|  0|   8|           1|           8|
    |res_10_0_fu_3637_p3        |    select|   0|  0|   8|           1|           8|
    |res_11_0_fu_3679_p3        |    select|   0|  0|   8|           1|           8|
    |res_12_0_fu_3721_p3        |    select|   0|  0|   8|           1|           8|
    |res_1445_0_fu_3763_p3      |    select|   0|  0|   8|           1|           8|
    |res_15_0_fu_3805_p3        |    select|   0|  0|   8|           1|           8|
    |res_17_0_fu_3847_p3        |    select|   0|  0|   8|           1|           8|
    |res_18_0_fu_3889_p3        |    select|   0|  0|   8|           1|           8|
    |res_19_0_fu_3931_p3        |    select|   0|  0|   8|           1|           8|
    |res_20_0_fu_3973_p3        |    select|   0|  0|   8|           1|           8|
    |res_21_0_fu_4015_p3        |    select|   0|  0|   8|           1|           8|
    |res_22_0_fu_4057_p3        |    select|   0|  0|   8|           1|           8|
    |res_23_0_fu_4099_p3        |    select|   0|  0|   8|           1|           8|
    |res_24_0_fu_4141_p3        |    select|   0|  0|   8|           1|           8|
    |res_25_0_fu_4183_p3        |    select|   0|  0|   8|           1|           8|
    |res_26_0_fu_4225_p3        |    select|   0|  0|   8|           1|           8|
    |res_2786_0_fu_4267_p3      |    select|   0|  0|   8|           1|           8|
    |res_29_0_fu_4309_p3        |    select|   0|  0|   8|           1|           8|
    |res_2_0_fu_3343_p3         |    select|   0|  0|   8|           1|           8|
    |res_31_0_fu_4351_p3        |    select|   0|  0|   8|           1|           8|
    |res_3_0_fu_3385_p3         |    select|   0|  0|   8|           1|           8|
    |res_4_0_fu_3427_p3         |    select|   0|  0|   8|           1|           8|
    |res_5_0_fu_3469_p3         |    select|   0|  0|   8|           1|           8|
    |res_6_0_fu_3511_p3         |    select|   0|  0|   8|           1|           8|
    |res_8_0_fu_3553_p3         |    select|   0|  0|   8|           1|           8|
    |res_9_0_fu_3595_p3         |    select|   0|  0|   8|           1|           8|
    |select_ln46_10_fu_3412_p3  |    select|   0|  0|   8|           1|           8|
    |select_ln46_11_fu_3420_p3  |    select|   0|  0|   8|           1|           8|
    |select_ln46_12_fu_3448_p3  |    select|   0|  0|   8|           1|           1|
    |select_ln46_13_fu_3454_p3  |    select|   0|  0|   8|           1|           8|
    |select_ln46_14_fu_3462_p3  |    select|   0|  0|   8|           1|           8|
    |select_ln46_15_fu_3490_p3  |    select|   0|  0|   8|           1|           1|
    |select_ln46_16_fu_3496_p3  |    select|   0|  0|   8|           1|           8|
    |select_ln46_17_fu_3504_p3  |    select|   0|  0|   8|           1|           8|
    |select_ln46_18_fu_3532_p3  |    select|   0|  0|   8|           1|           1|
    |select_ln46_19_fu_3538_p3  |    select|   0|  0|   8|           1|           8|
    |select_ln46_1_fu_3286_p3   |    select|   0|  0|   8|           1|           8|
    |select_ln46_20_fu_3546_p3  |    select|   0|  0|   8|           1|           8|
    |select_ln46_21_fu_3574_p3  |    select|   0|  0|   8|           1|           1|
    |select_ln46_22_fu_3580_p3  |    select|   0|  0|   8|           1|           8|
    |select_ln46_23_fu_3588_p3  |    select|   0|  0|   8|           1|           8|
    |select_ln46_24_fu_3616_p3  |    select|   0|  0|   8|           1|           1|
    |select_ln46_25_fu_3622_p3  |    select|   0|  0|   8|           1|           8|
    |select_ln46_26_fu_3630_p3  |    select|   0|  0|   8|           1|           8|
    |select_ln46_27_fu_3658_p3  |    select|   0|  0|   8|           1|           1|
    |select_ln46_28_fu_3664_p3  |    select|   0|  0|   8|           1|           8|
    |select_ln46_29_fu_3672_p3  |    select|   0|  0|   8|           1|           8|
    |select_ln46_2_fu_3294_p3   |    select|   0|  0|   8|           1|           8|
    |select_ln46_30_fu_3700_p3  |    select|   0|  0|   8|           1|           1|
    |select_ln46_31_fu_3706_p3  |    select|   0|  0|   8|           1|           8|
    |select_ln46_32_fu_3714_p3  |    select|   0|  0|   8|           1|           8|
    |select_ln46_33_fu_3742_p3  |    select|   0|  0|   8|           1|           1|
    |select_ln46_34_fu_3748_p3  |    select|   0|  0|   8|           1|           8|
    |select_ln46_35_fu_3756_p3  |    select|   0|  0|   8|           1|           8|
    |select_ln46_36_fu_3784_p3  |    select|   0|  0|   8|           1|           1|
    |select_ln46_37_fu_3790_p3  |    select|   0|  0|   8|           1|           8|
    |select_ln46_38_fu_3798_p3  |    select|   0|  0|   8|           1|           8|
    |select_ln46_39_fu_3826_p3  |    select|   0|  0|   8|           1|           1|
    |select_ln46_3_fu_3322_p3   |    select|   0|  0|   8|           1|           1|
    |select_ln46_40_fu_3832_p3  |    select|   0|  0|   8|           1|           8|
    |select_ln46_41_fu_3840_p3  |    select|   0|  0|   8|           1|           8|
    |select_ln46_42_fu_3868_p3  |    select|   0|  0|   8|           1|           1|
    |select_ln46_43_fu_3874_p3  |    select|   0|  0|   8|           1|           8|
    |select_ln46_44_fu_3882_p3  |    select|   0|  0|   8|           1|           8|
    |select_ln46_45_fu_3910_p3  |    select|   0|  0|   8|           1|           1|
    |select_ln46_46_fu_3916_p3  |    select|   0|  0|   8|           1|           8|
    |select_ln46_47_fu_3924_p3  |    select|   0|  0|   8|           1|           8|
    |select_ln46_48_fu_3952_p3  |    select|   0|  0|   8|           1|           1|
    |select_ln46_49_fu_3958_p3  |    select|   0|  0|   8|           1|           8|
    |select_ln46_4_fu_3328_p3   |    select|   0|  0|   8|           1|           8|
    |select_ln46_50_fu_3966_p3  |    select|   0|  0|   8|           1|           8|
    |select_ln46_51_fu_3994_p3  |    select|   0|  0|   8|           1|           1|
    |select_ln46_52_fu_4000_p3  |    select|   0|  0|   8|           1|           8|
    |select_ln46_53_fu_4008_p3  |    select|   0|  0|   8|           1|           8|
    |select_ln46_54_fu_4036_p3  |    select|   0|  0|   8|           1|           1|
    |select_ln46_55_fu_4042_p3  |    select|   0|  0|   8|           1|           8|
    |select_ln46_56_fu_4050_p3  |    select|   0|  0|   8|           1|           8|
    |select_ln46_57_fu_4078_p3  |    select|   0|  0|   8|           1|           1|
    |select_ln46_58_fu_4084_p3  |    select|   0|  0|   8|           1|           8|
    |select_ln46_59_fu_4092_p3  |    select|   0|  0|   8|           1|           8|
    |select_ln46_5_fu_3336_p3   |    select|   0|  0|   8|           1|           8|
    |select_ln46_60_fu_4120_p3  |    select|   0|  0|   8|           1|           1|
    |select_ln46_61_fu_4126_p3  |    select|   0|  0|   8|           1|           8|
    |select_ln46_62_fu_4134_p3  |    select|   0|  0|   8|           1|           8|
    |select_ln46_63_fu_4162_p3  |    select|   0|  0|   8|           1|           1|
    |select_ln46_64_fu_4168_p3  |    select|   0|  0|   8|           1|           8|
    |select_ln46_65_fu_4176_p3  |    select|   0|  0|   8|           1|           8|
    |select_ln46_66_fu_4204_p3  |    select|   0|  0|   8|           1|           1|
    |select_ln46_67_fu_4210_p3  |    select|   0|  0|   8|           1|           8|
    |select_ln46_68_fu_4218_p3  |    select|   0|  0|   8|           1|           8|
    |select_ln46_69_fu_4246_p3  |    select|   0|  0|   8|           1|           1|
    |select_ln46_6_fu_3364_p3   |    select|   0|  0|   8|           1|           1|
    |select_ln46_70_fu_4252_p3  |    select|   0|  0|   8|           1|           8|
    |select_ln46_71_fu_4260_p3  |    select|   0|  0|   8|           1|           8|
    |select_ln46_72_fu_4288_p3  |    select|   0|  0|   8|           1|           1|
    |select_ln46_73_fu_4294_p3  |    select|   0|  0|   8|           1|           8|
    |select_ln46_74_fu_4302_p3  |    select|   0|  0|   8|           1|           8|
    |select_ln46_75_fu_4330_p3  |    select|   0|  0|   8|           1|           1|
    |select_ln46_76_fu_4336_p3  |    select|   0|  0|   8|           1|           8|
    |select_ln46_77_fu_4344_p3  |    select|   0|  0|   8|           1|           8|
    |select_ln46_7_fu_3370_p3   |    select|   0|  0|   8|           1|           8|
    |select_ln46_8_fu_3378_p3   |    select|   0|  0|   8|           1|           8|
    |select_ln46_9_fu_3406_p3   |    select|   0|  0|   8|           1|           1|
    |select_ln46_fu_3280_p3     |    select|   0|  0|   8|           1|           1|
    |ap_enable_pp0              |       xor|   0|  0|   2|           1|           2|
    |not_tmp_100_fu_1972_p2     |       xor|   0|  0|   2|           1|           2|
    |not_tmp_107_fu_2088_p2     |       xor|   0|  0|   2|           1|           2|
    |not_tmp_114_fu_2204_p2     |       xor|   0|  0|   2|           1|           2|
    |not_tmp_121_fu_2320_p2     |       xor|   0|  0|   2|           1|           2|
    |not_tmp_128_fu_2436_p2     |       xor|   0|  0|   2|           1|           2|
    |not_tmp_135_fu_2552_p2     |       xor|   0|  0|   2|           1|           2|
    |not_tmp_142_fu_2668_p2     |       xor|   0|  0|   2|           1|           2|
    |not_tmp_149_fu_2784_p2     |       xor|   0|  0|   2|           1|           2|
    |not_tmp_156_fu_2900_p2     |       xor|   0|  0|   2|           1|           2|
    |not_tmp_163_fu_3016_p2     |       xor|   0|  0|   2|           1|           2|
    |not_tmp_16_fu_580_p2       |       xor|   0|  0|   2|           1|           2|
    |not_tmp_170_fu_3132_p2     |       xor|   0|  0|   2|           1|           2|
    |not_tmp_177_fu_3248_p2     |       xor|   0|  0|   2|           1|           2|
    |not_tmp_23_fu_696_p2       |       xor|   0|  0|   2|           1|           2|
    |not_tmp_30_fu_812_p2       |       xor|   0|  0|   2|           1|           2|
    |not_tmp_37_fu_928_p2       |       xor|   0|  0|   2|           1|           2|
    |not_tmp_3_fu_348_p2        |       xor|   0|  0|   2|           1|           2|
    |not_tmp_44_fu_1044_p2      |       xor|   0|  0|   2|           1|           2|
    |not_tmp_51_fu_1160_p2      |       xor|   0|  0|   2|           1|           2|
    |not_tmp_58_fu_1276_p2      |       xor|   0|  0|   2|           1|           2|
    |not_tmp_65_fu_1392_p2      |       xor|   0|  0|   2|           1|           2|
    |not_tmp_72_fu_1508_p2      |       xor|   0|  0|   2|           1|           2|
    |not_tmp_79_fu_1624_p2      |       xor|   0|  0|   2|           1|           2|
    |not_tmp_86_fu_1740_p2      |       xor|   0|  0|   2|           1|           2|
    |not_tmp_93_fu_1856_p2      |       xor|   0|  0|   2|           1|           2|
    |not_tmp_9_fu_464_p2        |       xor|   0|  0|   2|           1|           2|
    |xor_ln46_10_fu_3690_p2     |       xor|   0|  0|   2|           1|           2|
    |xor_ln46_11_fu_3732_p2     |       xor|   0|  0|   2|           1|           2|
    |xor_ln46_12_fu_3774_p2     |       xor|   0|  0|   2|           1|           2|
    |xor_ln46_13_fu_3816_p2     |       xor|   0|  0|   2|           1|           2|
    |xor_ln46_14_fu_3858_p2     |       xor|   0|  0|   2|           1|           2|
    |xor_ln46_15_fu_3900_p2     |       xor|   0|  0|   2|           1|           2|
    |xor_ln46_16_fu_3942_p2     |       xor|   0|  0|   2|           1|           2|
    |xor_ln46_17_fu_3984_p2     |       xor|   0|  0|   2|           1|           2|
    |xor_ln46_18_fu_4026_p2     |       xor|   0|  0|   2|           1|           2|
    |xor_ln46_19_fu_4068_p2     |       xor|   0|  0|   2|           1|           2|
    |xor_ln46_1_fu_3312_p2      |       xor|   0|  0|   2|           1|           2|
    |xor_ln46_20_fu_4110_p2     |       xor|   0|  0|   2|           1|           2|
    |xor_ln46_21_fu_4152_p2     |       xor|   0|  0|   2|           1|           2|
    |xor_ln46_22_fu_4194_p2     |       xor|   0|  0|   2|           1|           2|
    |xor_ln46_23_fu_4236_p2     |       xor|   0|  0|   2|           1|           2|
    |xor_ln46_24_fu_4278_p2     |       xor|   0|  0|   2|           1|           2|
    |xor_ln46_25_fu_4320_p2     |       xor|   0|  0|   2|           1|           2|
    |xor_ln46_2_fu_3354_p2      |       xor|   0|  0|   2|           1|           2|
    |xor_ln46_3_fu_3396_p2      |       xor|   0|  0|   2|           1|           2|
    |xor_ln46_4_fu_3438_p2      |       xor|   0|  0|   2|           1|           2|
    |xor_ln46_5_fu_3480_p2      |       xor|   0|  0|   2|           1|           2|
    |xor_ln46_6_fu_3522_p2      |       xor|   0|  0|   2|           1|           2|
    |xor_ln46_7_fu_3564_p2      |       xor|   0|  0|   2|           1|           2|
    |xor_ln46_8_fu_3606_p2      |       xor|   0|  0|   2|           1|           2|
    |xor_ln46_9_fu_3648_p2      |       xor|   0|  0|   2|           1|           2|
    |xor_ln46_fu_3270_p2        |       xor|   0|  0|   2|           1|           2|
    +---------------------------+----------+----+---+----+------------+------------+
    |Total                      |          |   0|  0|2602|        1093|        1172|
    +---------------------------+----------+----+---+----+------------+------------+

    * Multiplexer: 
    N/A

    * Register: 
    +-------------------------+---+----+-----+-----------+
    |           Name          | FF| LUT| Bits| Const Bits|
    +-------------------------+---+----+-----+-----------+
    |add_ln46_10_reg_4766     |  8|   0|    8|          0|
    |add_ln46_11_reg_4790     |  8|   0|    8|          0|
    |add_ln46_12_reg_4814     |  8|   0|    8|          0|
    |add_ln46_13_reg_4838     |  8|   0|    8|          0|
    |add_ln46_14_reg_4862     |  8|   0|    8|          0|
    |add_ln46_15_reg_4886     |  8|   0|    8|          0|
    |add_ln46_16_reg_4910     |  8|   0|    8|          0|
    |add_ln46_17_reg_4934     |  8|   0|    8|          0|
    |add_ln46_18_reg_4958     |  8|   0|    8|          0|
    |add_ln46_19_reg_4982     |  8|   0|    8|          0|
    |add_ln46_1_reg_4550      |  8|   0|    8|          0|
    |add_ln46_20_reg_5006     |  8|   0|    8|          0|
    |add_ln46_21_reg_5030     |  8|   0|    8|          0|
    |add_ln46_22_reg_5054     |  8|   0|    8|          0|
    |add_ln46_23_reg_5078     |  8|   0|    8|          0|
    |add_ln46_24_reg_5102     |  8|   0|    8|          0|
    |add_ln46_25_reg_5126     |  8|   0|    8|          0|
    |add_ln46_2_reg_4574      |  8|   0|    8|          0|
    |add_ln46_3_reg_4598      |  8|   0|    8|          0|
    |add_ln46_4_reg_4622      |  8|   0|    8|          0|
    |add_ln46_5_reg_4646      |  8|   0|    8|          0|
    |add_ln46_6_reg_4670      |  8|   0|    8|          0|
    |add_ln46_7_reg_4694      |  8|   0|    8|          0|
    |add_ln46_8_reg_4718      |  8|   0|    8|          0|
    |add_ln46_9_reg_4742      |  8|   0|    8|          0|
    |add_ln46_reg_4526        |  8|   0|    8|          0|
    |ap_CS_fsm                |  1|   0|    1|          0|
    |ap_enable_reg_pp0_iter1  |  1|   0|    1|          0|
    |empty_27_reg_4556        |  1|   0|    1|          0|
    |empty_28_reg_4580        |  1|   0|    1|          0|
    |empty_29_reg_4604        |  1|   0|    1|          0|
    |empty_30_reg_4628        |  1|   0|    1|          0|
    |empty_31_reg_4652        |  1|   0|    1|          0|
    |empty_32_reg_4676        |  1|   0|    1|          0|
    |empty_33_reg_4700        |  1|   0|    1|          0|
    |empty_34_reg_4724        |  1|   0|    1|          0|
    |empty_35_reg_4748        |  1|   0|    1|          0|
    |empty_36_reg_4772        |  1|   0|    1|          0|
    |empty_37_reg_4796        |  1|   0|    1|          0|
    |empty_38_reg_4820        |  1|   0|    1|          0|
    |empty_39_reg_4844        |  1|   0|    1|          0|
    |empty_40_reg_4868        |  1|   0|    1|          0|
    |empty_41_reg_4892        |  1|   0|    1|          0|
    |empty_42_reg_4916        |  1|   0|    1|          0|
    |empty_43_reg_4940        |  1|   0|    1|          0|
    |empty_44_reg_4964        |  1|   0|    1|          0|
    |empty_45_reg_4988        |  1|   0|    1|          0|
    |empty_46_reg_5012        |  1|   0|    1|          0|
    |empty_47_reg_5036        |  1|   0|    1|          0|
    |empty_48_reg_5060        |  1|   0|    1|          0|
    |empty_49_reg_5084        |  1|   0|    1|          0|
    |empty_50_reg_5108        |  1|   0|    1|          0|
    |empty_51_reg_5132        |  1|   0|    1|          0|
    |empty_reg_4532           |  1|   0|    1|          0|
    |icmp_ln45_10_reg_4754    |  1|   0|    1|          0|
    |icmp_ln45_11_reg_4778    |  1|   0|    1|          0|
    |icmp_ln45_12_reg_4802    |  1|   0|    1|          0|
    |icmp_ln45_13_reg_4826    |  1|   0|    1|          0|
    |icmp_ln45_14_reg_4850    |  1|   0|    1|          0|
    |icmp_ln45_15_reg_4874    |  1|   0|    1|          0|
    |icmp_ln45_16_reg_4898    |  1|   0|    1|          0|
    |icmp_ln45_17_reg_4922    |  1|   0|    1|          0|
    |icmp_ln45_18_reg_4946    |  1|   0|    1|          0|
    |icmp_ln45_19_reg_4970    |  1|   0|    1|          0|
    |icmp_ln45_1_reg_4538     |  1|   0|    1|          0|
    |icmp_ln45_20_reg_4994    |  1|   0|    1|          0|
    |icmp_ln45_21_reg_5018    |  1|   0|    1|          0|
    |icmp_ln45_22_reg_5042    |  1|   0|    1|          0|
    |icmp_ln45_23_reg_5066    |  1|   0|    1|          0|
    |icmp_ln45_24_reg_5090    |  1|   0|    1|          0|
    |icmp_ln45_25_reg_5114    |  1|   0|    1|          0|
    |icmp_ln45_2_reg_4562     |  1|   0|    1|          0|
    |icmp_ln45_3_reg_4586     |  1|   0|    1|          0|
    |icmp_ln45_4_reg_4610     |  1|   0|    1|          0|
    |icmp_ln45_5_reg_4634     |  1|   0|    1|          0|
    |icmp_ln45_6_reg_4658     |  1|   0|    1|          0|
    |icmp_ln45_7_reg_4682     |  1|   0|    1|          0|
    |icmp_ln45_8_reg_4706     |  1|   0|    1|          0|
    |icmp_ln45_9_reg_4730     |  1|   0|    1|          0|
    |icmp_ln45_reg_4514       |  1|   0|    1|          0|
    |tmp_101_reg_4927         |  1|   0|    1|          0|
    |tmp_107_reg_4951         |  1|   0|    1|          0|
    |tmp_113_reg_4975         |  1|   0|    1|          0|
    |tmp_119_reg_4999         |  1|   0|    1|          0|
    |tmp_11_reg_4567          |  1|   0|    1|          0|
    |tmp_125_reg_5023         |  1|   0|    1|          0|
    |tmp_131_reg_5047         |  1|   0|    1|          0|
    |tmp_137_reg_5071         |  1|   0|    1|          0|
    |tmp_143_reg_5095         |  1|   0|    1|          0|
    |tmp_149_reg_5119         |  1|   0|    1|          0|
    |tmp_17_reg_4591          |  1|   0|    1|          0|
    |tmp_23_reg_4615          |  1|   0|    1|          0|
    |tmp_29_reg_4639          |  1|   0|    1|          0|
    |tmp_35_reg_4663          |  1|   0|    1|          0|
    |tmp_41_reg_4687          |  1|   0|    1|          0|
    |tmp_47_reg_4711          |  1|   0|    1|          0|
    |tmp_53_reg_4735          |  1|   0|    1|          0|
    |tmp_59_reg_4759          |  1|   0|    1|          0|
    |tmp_5_reg_4543           |  1|   0|    1|          0|
    |tmp_65_reg_4783          |  1|   0|    1|          0|
    |tmp_71_reg_4807          |  1|   0|    1|          0|
    |tmp_77_reg_4831          |  1|   0|    1|          0|
    |tmp_83_reg_4855          |  1|   0|    1|          0|
    |tmp_89_reg_4879          |  1|   0|    1|          0|
    |tmp_95_reg_4903          |  1|   0|    1|          0|
    |tmp_reg_4519             |  1|   0|    1|          0|
    +-------------------------+---+----+-----+-----------+
    |Total                    |288|   0|  288|          0|
    +-------------------------+---+----+-----+-----------+



================================================================
== Interface
================================================================
* Summary: 
+--------------+-----+-----+------------+-------------------------------------------------------------------------+--------------+
|   RTL Ports  | Dir | Bits|  Protocol  |                              Source Object                              |    C Type    |
+--------------+-----+-----+------------+-------------------------------------------------------------------------+--------------+
|ap_clk        |   in|    1|  ap_ctrl_hs|  relu<ap_fixed<16, 6, 5, 3, 0>, ap_ufixed<8, 0, 4, 0, 0>, relu_config22>|  return value|
|ap_rst        |   in|    1|  ap_ctrl_hs|  relu<ap_fixed<16, 6, 5, 3, 0>, ap_ufixed<8, 0, 4, 0, 0>, relu_config22>|  return value|
|ap_start      |   in|    1|  ap_ctrl_hs|  relu<ap_fixed<16, 6, 5, 3, 0>, ap_ufixed<8, 0, 4, 0, 0>, relu_config22>|  return value|
|ap_done       |  out|    1|  ap_ctrl_hs|  relu<ap_fixed<16, 6, 5, 3, 0>, ap_ufixed<8, 0, 4, 0, 0>, relu_config22>|  return value|
|ap_idle       |  out|    1|  ap_ctrl_hs|  relu<ap_fixed<16, 6, 5, 3, 0>, ap_ufixed<8, 0, 4, 0, 0>, relu_config22>|  return value|
|ap_ready      |  out|    1|  ap_ctrl_hs|  relu<ap_fixed<16, 6, 5, 3, 0>, ap_ufixed<8, 0, 4, 0, 0>, relu_config22>|  return value|
|ap_ce         |   in|    1|  ap_ctrl_hs|  relu<ap_fixed<16, 6, 5, 3, 0>, ap_ufixed<8, 0, 4, 0, 0>, relu_config22>|  return value|
|ap_return_0   |  out|    8|  ap_ctrl_hs|  relu<ap_fixed<16, 6, 5, 3, 0>, ap_ufixed<8, 0, 4, 0, 0>, relu_config22>|  return value|
|ap_return_1   |  out|    8|  ap_ctrl_hs|  relu<ap_fixed<16, 6, 5, 3, 0>, ap_ufixed<8, 0, 4, 0, 0>, relu_config22>|  return value|
|ap_return_2   |  out|    8|  ap_ctrl_hs|  relu<ap_fixed<16, 6, 5, 3, 0>, ap_ufixed<8, 0, 4, 0, 0>, relu_config22>|  return value|
|ap_return_3   |  out|    8|  ap_ctrl_hs|  relu<ap_fixed<16, 6, 5, 3, 0>, ap_ufixed<8, 0, 4, 0, 0>, relu_config22>|  return value|
|ap_return_4   |  out|    8|  ap_ctrl_hs|  relu<ap_fixed<16, 6, 5, 3, 0>, ap_ufixed<8, 0, 4, 0, 0>, relu_config22>|  return value|
|ap_return_5   |  out|    8|  ap_ctrl_hs|  relu<ap_fixed<16, 6, 5, 3, 0>, ap_ufixed<8, 0, 4, 0, 0>, relu_config22>|  return value|
|ap_return_6   |  out|    8|  ap_ctrl_hs|  relu<ap_fixed<16, 6, 5, 3, 0>, ap_ufixed<8, 0, 4, 0, 0>, relu_config22>|  return value|
|ap_return_7   |  out|    8|  ap_ctrl_hs|  relu<ap_fixed<16, 6, 5, 3, 0>, ap_ufixed<8, 0, 4, 0, 0>, relu_config22>|  return value|
|ap_return_8   |  out|    8|  ap_ctrl_hs|  relu<ap_fixed<16, 6, 5, 3, 0>, ap_ufixed<8, 0, 4, 0, 0>, relu_config22>|  return value|
|ap_return_9   |  out|    8|  ap_ctrl_hs|  relu<ap_fixed<16, 6, 5, 3, 0>, ap_ufixed<8, 0, 4, 0, 0>, relu_config22>|  return value|
|ap_return_10  |  out|    8|  ap_ctrl_hs|  relu<ap_fixed<16, 6, 5, 3, 0>, ap_ufixed<8, 0, 4, 0, 0>, relu_config22>|  return value|
|ap_return_11  |  out|    8|  ap_ctrl_hs|  relu<ap_fixed<16, 6, 5, 3, 0>, ap_ufixed<8, 0, 4, 0, 0>, relu_config22>|  return value|
|ap_return_12  |  out|    8|  ap_ctrl_hs|  relu<ap_fixed<16, 6, 5, 3, 0>, ap_ufixed<8, 0, 4, 0, 0>, relu_config22>|  return value|
|ap_return_13  |  out|    8|  ap_ctrl_hs|  relu<ap_fixed<16, 6, 5, 3, 0>, ap_ufixed<8, 0, 4, 0, 0>, relu_config22>|  return value|
|ap_return_14  |  out|    8|  ap_ctrl_hs|  relu<ap_fixed<16, 6, 5, 3, 0>, ap_ufixed<8, 0, 4, 0, 0>, relu_config22>|  return value|
|ap_return_15  |  out|    8|  ap_ctrl_hs|  relu<ap_fixed<16, 6, 5, 3, 0>, ap_ufixed<8, 0, 4, 0, 0>, relu_config22>|  return value|
|ap_return_16  |  out|    8|  ap_ctrl_hs|  relu<ap_fixed<16, 6, 5, 3, 0>, ap_ufixed<8, 0, 4, 0, 0>, relu_config22>|  return value|
|ap_return_17  |  out|    8|  ap_ctrl_hs|  relu<ap_fixed<16, 6, 5, 3, 0>, ap_ufixed<8, 0, 4, 0, 0>, relu_config22>|  return value|
|ap_return_18  |  out|    8|  ap_ctrl_hs|  relu<ap_fixed<16, 6, 5, 3, 0>, ap_ufixed<8, 0, 4, 0, 0>, relu_config22>|  return value|
|ap_return_19  |  out|    8|  ap_ctrl_hs|  relu<ap_fixed<16, 6, 5, 3, 0>, ap_ufixed<8, 0, 4, 0, 0>, relu_config22>|  return value|
|ap_return_20  |  out|    8|  ap_ctrl_hs|  relu<ap_fixed<16, 6, 5, 3, 0>, ap_ufixed<8, 0, 4, 0, 0>, relu_config22>|  return value|
|ap_return_21  |  out|    8|  ap_ctrl_hs|  relu<ap_fixed<16, 6, 5, 3, 0>, ap_ufixed<8, 0, 4, 0, 0>, relu_config22>|  return value|
|ap_return_22  |  out|    8|  ap_ctrl_hs|  relu<ap_fixed<16, 6, 5, 3, 0>, ap_ufixed<8, 0, 4, 0, 0>, relu_config22>|  return value|
|ap_return_23  |  out|    8|  ap_ctrl_hs|  relu<ap_fixed<16, 6, 5, 3, 0>, ap_ufixed<8, 0, 4, 0, 0>, relu_config22>|  return value|
|ap_return_24  |  out|    8|  ap_ctrl_hs|  relu<ap_fixed<16, 6, 5, 3, 0>, ap_ufixed<8, 0, 4, 0, 0>, relu_config22>|  return value|
|ap_return_25  |  out|    8|  ap_ctrl_hs|  relu<ap_fixed<16, 6, 5, 3, 0>, ap_ufixed<8, 0, 4, 0, 0>, relu_config22>|  return value|
|data_0_val    |   in|   16|     ap_none|                                                               data_0_val|        scalar|
|data_2_val    |   in|   16|     ap_none|                                                               data_2_val|        scalar|
|data_3_val    |   in|   16|     ap_none|                                                               data_3_val|        scalar|
|data_4_val    |   in|   16|     ap_none|                                                               data_4_val|        scalar|
|data_5_val    |   in|   16|     ap_none|                                                               data_5_val|        scalar|
|data_6_val    |   in|   16|     ap_none|                                                               data_6_val|        scalar|
|data_8_val    |   in|   16|     ap_none|                                                               data_8_val|        scalar|
|data_9_val    |   in|   16|     ap_none|                                                               data_9_val|        scalar|
|data_10_val   |   in|   16|     ap_none|                                                              data_10_val|        scalar|
|data_11_val   |   in|   16|     ap_none|                                                              data_11_val|        scalar|
|data_12_val   |   in|   16|     ap_none|                                                              data_12_val|        scalar|
|data_14_val   |   in|   16|     ap_none|                                                              data_14_val|        scalar|
|data_15_val   |   in|   16|     ap_none|                                                              data_15_val|        scalar|
|data_17_val   |   in|   16|     ap_none|                                                              data_17_val|        scalar|
|data_18_val   |   in|   16|     ap_none|                                                              data_18_val|        scalar|
|data_19_val   |   in|   16|     ap_none|                                                              data_19_val|        scalar|
|data_20_val   |   in|   16|     ap_none|                                                              data_20_val|        scalar|
|data_21_val   |   in|   16|     ap_none|                                                              data_21_val|        scalar|
|data_22_val   |   in|   16|     ap_none|                                                              data_22_val|        scalar|
|data_23_val   |   in|   16|     ap_none|                                                              data_23_val|        scalar|
|data_24_val   |   in|   16|     ap_none|                                                              data_24_val|        scalar|
|data_25_val   |   in|   16|     ap_none|                                                              data_25_val|        scalar|
|data_26_val   |   in|   16|     ap_none|                                                              data_26_val|        scalar|
|data_27_val   |   in|   16|     ap_none|                                                              data_27_val|        scalar|
|data_29_val   |   in|   16|     ap_none|                                                              data_29_val|        scalar|
|data_31_val   |   in|   16|     ap_none|                                                              data_31_val|        scalar|
+--------------+-----+-----+------------+-------------------------------------------------------------------------+--------------+

