

================================================================
== Vitis HLS Report for 'dense_latency_ap_ufixed_2_0_4_0_0_ap_fixed_16_6_5_3_0_config16_s'
================================================================
* Date:           Mon Oct 20 15:01:56 2025

* Version:        2024.1 (Build 5069499 on May 21 2024)
* Project:        myproject_prj
* Solution:       solution1 (Vivado IP Flow Target)
* Product family: zynq
* Target device:  xc7z020-clg400-1


================================================================
== Performance Estimates
================================================================
+ Timing: 
    * Summary: 
    +--------+---------+----------+------------+
    |  Clock |  Target | Estimated| Uncertainty|
    +--------+---------+----------+------------+
    |ap_clk  |  5.00 ns|  3.757 ns|     0.62 ns|
    +--------+---------+----------+------------+

+ Latency: 
    * Summary: 
    +---------+---------+-----------+-----------+-----+-----+---------+
    |  Latency (cycles) |   Latency (absolute)  |  Interval | Pipeline|
    |   min   |   max   |    min    |    max    | min | max |   Type  |
    +---------+---------+-----------+-----------+-----+-----+---------+
    |        2|        2|  10.000 ns|  10.000 ns|    1|    1|      yes|
    +---------+---------+-----------+-----------+-----+-----+---------+

    + Detail: 
        * Instance: 
        N/A

        * Loop: 
        N/A

============================================================
+ Verbose Summary: Synthesis Manager
============================================================
InlineROM: 1
ExposeGlobal: 0
============================================================
+ Verbose Summary: CDFG Model
============================================================
IsTopModel: 0
ResetActiveHigh: 1
IsCombinational: 0
IsDatapathOnly: 0
HasWiredReturn: 1
HasMFsm: 2
HasVarLatency: 0
IsPipeline: 1
IsRtlPipelined: 1
IsInstanceOverlapped: 0
IsDontTouch: 0
HasImplIP: 0
IsGatedGlobalClock: 0

+ Individual pipeline summary: 
  * Pipeline-0: initiation interval (II) = 1, depth = 3


============================================================
+ Verbose Summary: Schedule
============================================================
* Number of FSM states : 3
* Pipeline : 1
  Pipeline-0 : II = 1, D = 3, States = { 1 2 3 }
* Dataflow Pipeline: 0

* FSM state transitions: 
1 --> 2 
2 --> 3 
3 --> 

* FSM state operations: 

State 1 <SV = 0> <Delay = 3.21>
ST_1 : Operation 4 [1/1] (0.00ns)   --->   "%data_15_val_read = read i2 @_ssdm_op_Read.ap_auto.i2, i2 %data_15_val" [firmware/nnet_utils/nnet_mult.h:70->firmware/nnet_utils/nnet_dense_latency.h:42]   --->   Operation 4 'read' 'data_15_val_read' <Predicate = true> <Delay = 0.00>
ST_1 : Operation 5 [1/1] (0.00ns)   --->   "%data_14_val_read = read i2 @_ssdm_op_Read.ap_auto.i2, i2 %data_14_val" [firmware/nnet_utils/nnet_mult.h:70->firmware/nnet_utils/nnet_dense_latency.h:42]   --->   Operation 5 'read' 'data_14_val_read' <Predicate = true> <Delay = 0.00>
ST_1 : Operation 6 [1/1] (0.00ns)   --->   "%data_13_val_read = read i2 @_ssdm_op_Read.ap_auto.i2, i2 %data_13_val" [firmware/nnet_utils/nnet_mult.h:70->firmware/nnet_utils/nnet_dense_latency.h:42]   --->   Operation 6 'read' 'data_13_val_read' <Predicate = true> <Delay = 0.00>
ST_1 : Operation 7 [1/1] (0.00ns)   --->   "%data_12_val_read = read i2 @_ssdm_op_Read.ap_auto.i2, i2 %data_12_val" [firmware/nnet_utils/nnet_mult.h:70->firmware/nnet_utils/nnet_dense_latency.h:42]   --->   Operation 7 'read' 'data_12_val_read' <Predicate = true> <Delay = 0.00>
ST_1 : Operation 8 [1/1] (0.00ns)   --->   "%data_11_val_read = read i2 @_ssdm_op_Read.ap_auto.i2, i2 %data_11_val" [firmware/nnet_utils/nnet_mult.h:70->firmware/nnet_utils/nnet_dense_latency.h:42]   --->   Operation 8 'read' 'data_11_val_read' <Predicate = true> <Delay = 0.00>
ST_1 : Operation 9 [1/1] (0.00ns)   --->   "%data_10_val_read = read i2 @_ssdm_op_Read.ap_auto.i2, i2 %data_10_val" [firmware/nnet_utils/nnet_mult.h:70->firmware/nnet_utils/nnet_dense_latency.h:42]   --->   Operation 9 'read' 'data_10_val_read' <Predicate = true> <Delay = 0.00>
ST_1 : Operation 10 [1/1] (0.00ns)   --->   "%data_9_val_read = read i2 @_ssdm_op_Read.ap_auto.i2, i2 %data_9_val" [firmware/nnet_utils/nnet_mult.h:70->firmware/nnet_utils/nnet_dense_latency.h:42]   --->   Operation 10 'read' 'data_9_val_read' <Predicate = true> <Delay = 0.00>
ST_1 : Operation 11 [1/1] (0.00ns)   --->   "%data_8_val_read = read i2 @_ssdm_op_Read.ap_auto.i2, i2 %data_8_val" [firmware/nnet_utils/nnet_mult.h:70->firmware/nnet_utils/nnet_dense_latency.h:42]   --->   Operation 11 'read' 'data_8_val_read' <Predicate = true> <Delay = 0.00>
ST_1 : Operation 12 [1/1] (0.00ns)   --->   "%data_7_val_read = read i2 @_ssdm_op_Read.ap_auto.i2, i2 %data_7_val" [firmware/nnet_utils/nnet_mult.h:70->firmware/nnet_utils/nnet_dense_latency.h:42]   --->   Operation 12 'read' 'data_7_val_read' <Predicate = true> <Delay = 0.00>
ST_1 : Operation 13 [1/1] (0.00ns)   --->   "%data_6_val_read = read i2 @_ssdm_op_Read.ap_auto.i2, i2 %data_6_val" [firmware/nnet_utils/nnet_mult.h:70->firmware/nnet_utils/nnet_dense_latency.h:42]   --->   Operation 13 'read' 'data_6_val_read' <Predicate = true> <Delay = 0.00>
ST_1 : Operation 14 [1/1] (0.00ns)   --->   "%data_5_val_read = read i2 @_ssdm_op_Read.ap_auto.i2, i2 %data_5_val" [firmware/nnet_utils/nnet_mult.h:70->firmware/nnet_utils/nnet_dense_latency.h:42]   --->   Operation 14 'read' 'data_5_val_read' <Predicate = true> <Delay = 0.00>
ST_1 : Operation 15 [1/1] (0.00ns)   --->   "%data_4_val_read = read i2 @_ssdm_op_Read.ap_auto.i2, i2 %data_4_val" [firmware/nnet_utils/nnet_mult.h:70->firmware/nnet_utils/nnet_dense_latency.h:42]   --->   Operation 15 'read' 'data_4_val_read' <Predicate = true> <Delay = 0.00>
ST_1 : Operation 16 [1/1] (0.00ns)   --->   "%data_3_val_read = read i2 @_ssdm_op_Read.ap_auto.i2, i2 %data_3_val" [firmware/nnet_utils/nnet_mult.h:70->firmware/nnet_utils/nnet_dense_latency.h:42]   --->   Operation 16 'read' 'data_3_val_read' <Predicate = true> <Delay = 0.00>
ST_1 : Operation 17 [1/1] (0.00ns)   --->   "%data_2_val_read = read i2 @_ssdm_op_Read.ap_auto.i2, i2 %data_2_val" [firmware/nnet_utils/nnet_mult.h:70->firmware/nnet_utils/nnet_dense_latency.h:42]   --->   Operation 17 'read' 'data_2_val_read' <Predicate = true> <Delay = 0.00>
ST_1 : Operation 18 [1/1] (0.00ns)   --->   "%data_1_val_read = read i2 @_ssdm_op_Read.ap_auto.i2, i2 %data_1_val" [firmware/nnet_utils/nnet_mult.h:70->firmware/nnet_utils/nnet_dense_latency.h:42]   --->   Operation 18 'read' 'data_1_val_read' <Predicate = true> <Delay = 0.00>
ST_1 : Operation 19 [1/1] (0.00ns)   --->   "%data_0_val_read = read i2 @_ssdm_op_Read.ap_auto.i2, i2 %data_0_val" [firmware/nnet_utils/nnet_mult.h:70->firmware/nnet_utils/nnet_dense_latency.h:42]   --->   Operation 19 'read' 'data_0_val_read' <Predicate = true> <Delay = 0.00>
ST_1 : Operation 20 [1/1] (0.00ns)   --->   "%zext_ln70 = zext i2 %data_0_val_read" [firmware/nnet_utils/nnet_mult.h:70->firmware/nnet_utils/nnet_dense_latency.h:42]   --->   Operation 20 'zext' 'zext_ln70' <Predicate = true> <Delay = 0.00>
ST_1 : Operation 21 [1/1] (1.56ns)   --->   "%sub_ln73 = sub i3 0, i3 %zext_ln70" [firmware/nnet_utils/nnet_mult.h:73->firmware/nnet_utils/nnet_dense_latency.h:42]   --->   Operation 21 'sub' 'sub_ln73' <Predicate = true> <Delay = 1.56> <CoreInst = "Adder">   --->   Core 1 'Adder' <Latency = 0> <II = 1> <Delay = 1.56> <FuncUnit> <Opcode : 'add' 'sub'> <InPorts = 2> <OutPorts = 1>
ST_1 : Operation 22 [1/1] (0.00ns)   --->   "%zext_ln70_18 = zext i2 %data_1_val_read" [firmware/nnet_utils/nnet_mult.h:70->firmware/nnet_utils/nnet_dense_latency.h:42]   --->   Operation 22 'zext' 'zext_ln70_18' <Predicate = true> <Delay = 0.00>
ST_1 : Operation 23 [1/1] (1.56ns)   --->   "%sub_ln73_17 = sub i3 0, i3 %zext_ln70_18" [firmware/nnet_utils/nnet_mult.h:73->firmware/nnet_utils/nnet_dense_latency.h:42]   --->   Operation 23 'sub' 'sub_ln73_17' <Predicate = true> <Delay = 1.56> <CoreInst = "Adder">   --->   Core 1 'Adder' <Latency = 0> <II = 1> <Delay = 1.56> <FuncUnit> <Opcode : 'add' 'sub'> <InPorts = 2> <OutPorts = 1>
ST_1 : Operation 24 [1/1] (0.00ns)   --->   "%shl_ln42_34 = bitconcatenate i9 @_ssdm_op_BitConcatenate.i9.i2.i7, i2 %data_2_val_read, i7 0" [firmware/nnet_utils/nnet_dense_latency.h:42]   --->   Operation 24 'bitconcatenate' 'shl_ln42_34' <Predicate = true> <Delay = 0.00>
ST_1 : Operation 25 [1/1] (0.00ns)   --->   "%zext_ln70_20 = zext i9 %shl_ln42_34" [firmware/nnet_utils/nnet_mult.h:70->firmware/nnet_utils/nnet_dense_latency.h:42]   --->   Operation 25 'zext' 'zext_ln70_20' <Predicate = true> <Delay = 0.00>
ST_1 : Operation 26 [1/1] (0.00ns)   --->   "%shl_ln42_35 = bitconcatenate i9 @_ssdm_op_BitConcatenate.i9.i2.i7, i2 %data_4_val_read, i7 0" [firmware/nnet_utils/nnet_dense_latency.h:42]   --->   Operation 26 'bitconcatenate' 'shl_ln42_35' <Predicate = true> <Delay = 0.00>
ST_1 : Operation 27 [1/1] (0.00ns)   --->   "%shl_ln42_36_cast = zext i9 %shl_ln42_35" [firmware/nnet_utils/nnet_dense_latency.h:42]   --->   Operation 27 'zext' 'shl_ln42_36_cast' <Predicate = true> <Delay = 0.00>
ST_1 : Operation 28 [1/1] (0.00ns)   --->   "%zext_ln70_22 = zext i2 %data_6_val_read" [firmware/nnet_utils/nnet_mult.h:70->firmware/nnet_utils/nnet_dense_latency.h:42]   --->   Operation 28 'zext' 'zext_ln70_22' <Predicate = true> <Delay = 0.00>
ST_1 : Operation 29 [1/1] (1.56ns)   --->   "%sub_ln73_20 = sub i3 0, i3 %zext_ln70_22" [firmware/nnet_utils/nnet_mult.h:73->firmware/nnet_utils/nnet_dense_latency.h:42]   --->   Operation 29 'sub' 'sub_ln73_20' <Predicate = true> <Delay = 1.56> <CoreInst = "Adder">   --->   Core 1 'Adder' <Latency = 0> <II = 1> <Delay = 1.56> <FuncUnit> <Opcode : 'add' 'sub'> <InPorts = 2> <OutPorts = 1>
ST_1 : Operation 30 [1/1] (0.00ns)   --->   "%zext_ln70_23 = zext i2 %data_7_val_read" [firmware/nnet_utils/nnet_mult.h:70->firmware/nnet_utils/nnet_dense_latency.h:42]   --->   Operation 30 'zext' 'zext_ln70_23' <Predicate = true> <Delay = 0.00>
ST_1 : Operation 31 [1/1] (0.00ns)   --->   "%zext_ln70_24 = zext i2 %data_8_val_read" [firmware/nnet_utils/nnet_mult.h:70->firmware/nnet_utils/nnet_dense_latency.h:42]   --->   Operation 31 'zext' 'zext_ln70_24' <Predicate = true> <Delay = 0.00>
ST_1 : Operation 32 [1/1] (1.56ns)   --->   "%sub_ln73_21 = sub i3 0, i3 %zext_ln70_24" [firmware/nnet_utils/nnet_mult.h:73->firmware/nnet_utils/nnet_dense_latency.h:42]   --->   Operation 32 'sub' 'sub_ln73_21' <Predicate = true> <Delay = 1.56> <CoreInst = "Adder">   --->   Core 1 'Adder' <Latency = 0> <II = 1> <Delay = 1.56> <FuncUnit> <Opcode : 'add' 'sub'> <InPorts = 2> <OutPorts = 1>
ST_1 : Operation 33 [1/1] (0.00ns)   --->   "%zext_ln70_25 = zext i2 %data_9_val_read" [firmware/nnet_utils/nnet_mult.h:70->firmware/nnet_utils/nnet_dense_latency.h:42]   --->   Operation 33 'zext' 'zext_ln70_25' <Predicate = true> <Delay = 0.00>
ST_1 : Operation 34 [1/1] (0.00ns)   --->   "%zext_ln70_26 = zext i2 %data_11_val_read" [firmware/nnet_utils/nnet_mult.h:70->firmware/nnet_utils/nnet_dense_latency.h:42]   --->   Operation 34 'zext' 'zext_ln70_26' <Predicate = true> <Delay = 0.00>
ST_1 : Operation 35 [1/1] (1.56ns)   --->   "%sub_ln73_22 = sub i3 0, i3 %zext_ln70_26" [firmware/nnet_utils/nnet_mult.h:73->firmware/nnet_utils/nnet_dense_latency.h:42]   --->   Operation 35 'sub' 'sub_ln73_22' <Predicate = true> <Delay = 1.56> <CoreInst = "Adder">   --->   Core 1 'Adder' <Latency = 0> <II = 1> <Delay = 1.56> <FuncUnit> <Opcode : 'add' 'sub'> <InPorts = 2> <OutPorts = 1>
ST_1 : Operation 36 [1/1] (0.00ns)   --->   "%zext_ln70_27 = zext i2 %data_12_val_read" [firmware/nnet_utils/nnet_mult.h:70->firmware/nnet_utils/nnet_dense_latency.h:42]   --->   Operation 36 'zext' 'zext_ln70_27' <Predicate = true> <Delay = 0.00>
ST_1 : Operation 37 [1/1] (1.56ns)   --->   "%sub_ln73_23 = sub i3 0, i3 %zext_ln70_27" [firmware/nnet_utils/nnet_mult.h:73->firmware/nnet_utils/nnet_dense_latency.h:42]   --->   Operation 37 'sub' 'sub_ln73_23' <Predicate = true> <Delay = 1.56> <CoreInst = "Adder">   --->   Core 1 'Adder' <Latency = 0> <II = 1> <Delay = 1.56> <FuncUnit> <Opcode : 'add' 'sub'> <InPorts = 2> <OutPorts = 1>
ST_1 : Operation 38 [1/1] (0.00ns)   --->   "%zext_ln70_28 = zext i2 %data_13_val_read" [firmware/nnet_utils/nnet_mult.h:70->firmware/nnet_utils/nnet_dense_latency.h:42]   --->   Operation 38 'zext' 'zext_ln70_28' <Predicate = true> <Delay = 0.00>
ST_1 : Operation 39 [1/1] (1.56ns)   --->   "%sub_ln73_24 = sub i3 0, i3 %zext_ln70_28" [firmware/nnet_utils/nnet_mult.h:73->firmware/nnet_utils/nnet_dense_latency.h:42]   --->   Operation 39 'sub' 'sub_ln73_24' <Predicate = true> <Delay = 1.56> <CoreInst = "Adder">   --->   Core 1 'Adder' <Latency = 0> <II = 1> <Delay = 1.56> <FuncUnit> <Opcode : 'add' 'sub'> <InPorts = 2> <OutPorts = 1>
ST_1 : Operation 40 [1/1] (0.00ns)   --->   "%zext_ln70_29 = zext i2 %data_14_val_read" [firmware/nnet_utils/nnet_mult.h:70->firmware/nnet_utils/nnet_dense_latency.h:42]   --->   Operation 40 'zext' 'zext_ln70_29' <Predicate = true> <Delay = 0.00>
ST_1 : Operation 41 [1/1] (1.56ns)   --->   "%sub_ln73_25 = sub i3 0, i3 %zext_ln70_29" [firmware/nnet_utils/nnet_mult.h:73->firmware/nnet_utils/nnet_dense_latency.h:42]   --->   Operation 41 'sub' 'sub_ln73_25' <Predicate = true> <Delay = 1.56> <CoreInst = "Adder">   --->   Core 1 'Adder' <Latency = 0> <II = 1> <Delay = 1.56> <FuncUnit> <Opcode : 'add' 'sub'> <InPorts = 2> <OutPorts = 1>
ST_1 : Operation 42 [1/1] (0.00ns)   --->   "%zext_ln70_30 = zext i2 %data_15_val_read" [firmware/nnet_utils/nnet_mult.h:70->firmware/nnet_utils/nnet_dense_latency.h:42]   --->   Operation 42 'zext' 'zext_ln70_30' <Predicate = true> <Delay = 0.00>
ST_1 : Operation 43 [1/1] (1.56ns)   --->   "%sub_ln73_26 = sub i3 0, i3 %zext_ln70_30" [firmware/nnet_utils/nnet_mult.h:73->firmware/nnet_utils/nnet_dense_latency.h:42]   --->   Operation 43 'sub' 'sub_ln73_26' <Predicate = true> <Delay = 1.56> <CoreInst = "Adder">   --->   Core 1 'Adder' <Latency = 0> <II = 1> <Delay = 1.56> <FuncUnit> <Opcode : 'add' 'sub'> <InPorts = 2> <OutPorts = 1>
ST_1 : Operation 44 [1/1] (0.00ns)   --->   "%data_3_val_cast = zext i2 %data_3_val_read" [firmware/nnet_utils/nnet_mult.h:70->firmware/nnet_utils/nnet_dense_latency.h:42]   --->   Operation 44 'zext' 'data_3_val_cast' <Predicate = true> <Delay = 0.00>
ST_1 : Operation 45 [1/1] (1.56ns)   --->   "%tmp16 = sub i3 %data_3_val_cast, i3 %zext_ln70_25" [firmware/nnet_utils/nnet_mult.h:70->firmware/nnet_utils/nnet_dense_latency.h:42]   --->   Operation 45 'sub' 'tmp16' <Predicate = true> <Delay = 1.56> <CoreInst = "Adder">   --->   Core 1 'Adder' <Latency = 0> <II = 1> <Delay = 1.56> <FuncUnit> <Opcode : 'add' 'sub'> <InPorts = 2> <OutPorts = 1>
ST_1 : Operation 46 [1/1] (0.00ns)   --->   "%sub_ln73_28_cast = sext i3 %sub_ln73_25" [firmware/nnet_utils/nnet_mult.h:73->firmware/nnet_utils/nnet_dense_latency.h:42]   --->   Operation 46 'sext' 'sub_ln73_28_cast' <Predicate = true> <Delay = 0.00>
ST_1 : Operation 47 [1/1] (1.56ns)   --->   "%tmp4 = add i3 %zext_ln70_22, i3 %zext_ln70" [firmware/nnet_utils/nnet_mult.h:70->firmware/nnet_utils/nnet_dense_latency.h:42]   --->   Operation 47 'add' 'tmp4' <Predicate = true> <Delay = 1.56> <CoreInst = "Adder">   --->   Core 1 'Adder' <Latency = 0> <II = 1> <Delay = 1.56> <FuncUnit> <Opcode : 'add' 'sub'> <InPorts = 2> <OutPorts = 1>
ST_1 : Operation 48 [1/1] (0.00ns)   --->   "%tmp4_cast = zext i3 %tmp4" [firmware/nnet_utils/nnet_mult.h:70->firmware/nnet_utils/nnet_dense_latency.h:42]   --->   Operation 48 'zext' 'tmp4_cast' <Predicate = true> <Delay = 0.00>
ST_1 : Operation 49 [1/1] (1.65ns)   --->   "%tmp2914 = add i4 %tmp4_cast, i4 %sub_ln73_28_cast" [firmware/nnet_utils/nnet_mult.h:70->firmware/nnet_utils/nnet_dense_latency.h:42]   --->   Operation 49 'add' 'tmp2914' <Predicate = true> <Delay = 1.65> <CoreInst = "Adder">   --->   Core 1 'Adder' <Latency = 0> <II = 1> <Delay = 1.65> <FuncUnit> <Opcode : 'add' 'sub'> <InPorts = 2> <OutPorts = 1>
ST_1 : Operation 50 [1/1] (1.56ns)   --->   "%tmp3112 = sub i3 %zext_ln70_18, i3 %zext_ln70_23" [firmware/nnet_utils/nnet_mult.h:70->firmware/nnet_utils/nnet_dense_latency.h:42]   --->   Operation 50 'sub' 'tmp3112' <Predicate = true> <Delay = 1.56> <CoreInst = "Adder">   --->   Core 1 'Adder' <Latency = 0> <II = 1> <Delay = 1.56> <FuncUnit> <Opcode : 'add' 'sub'> <InPorts = 2> <OutPorts = 1>
ST_1 : Operation 51 [1/1] (0.00ns)   --->   "%data_10_val_cast = zext i2 %data_10_val_read" [firmware/nnet_utils/nnet_mult.h:70->firmware/nnet_utils/nnet_dense_latency.h:42]   --->   Operation 51 'zext' 'data_10_val_cast' <Predicate = true> <Delay = 0.00>
ST_1 : Operation 52 [1/1] (1.56ns)   --->   "%tmp3310 = add i3 %zext_ln70_27, i3 %data_10_val_cast" [firmware/nnet_utils/nnet_mult.h:70->firmware/nnet_utils/nnet_dense_latency.h:42]   --->   Operation 52 'add' 'tmp3310' <Predicate = true> <Delay = 1.56> <CoreInst = "Adder">   --->   Core 1 'Adder' <Latency = 0> <II = 1> <Delay = 1.56> <FuncUnit> <Opcode : 'add' 'sub'> <InPorts = 2> <OutPorts = 1>
ST_1 : Operation 53 [1/1] (1.82ns)   --->   "%add_ln58_155 = add i10 %zext_ln70_20, i10 %shl_ln42_36_cast" [firmware/nnet_utils/nnet_dense_latency.h:58]   --->   Operation 53 'add' 'add_ln58_155' <Predicate = true> <Delay = 1.82> <CoreInst = "Adder">   --->   Core 1 'Adder' <Latency = 0> <II = 1> <Delay = 1.82> <FuncUnit> <Opcode : 'add' 'sub'> <InPorts = 2> <OutPorts = 1>

State 2 <SV = 1> <Delay = 3.75>
ST_2 : Operation 54 [1/1] (0.00ns)   --->   "%shl_ln = bitconcatenate i10 @_ssdm_op_BitConcatenate.i10.i3.i7, i3 %sub_ln73, i7 0" [firmware/nnet_utils/nnet_dense_latency.h:42]   --->   Operation 54 'bitconcatenate' 'shl_ln' <Predicate = true> <Delay = 0.00>
ST_2 : Operation 55 [1/1] (0.00ns)   --->   "%shl_ln42_cast = sext i10 %shl_ln" [firmware/nnet_utils/nnet_dense_latency.h:42]   --->   Operation 55 'sext' 'shl_ln42_cast' <Predicate = true> <Delay = 0.00>
ST_2 : Operation 56 [1/1] (0.00ns)   --->   "%shl_ln42_s = bitconcatenate i10 @_ssdm_op_BitConcatenate.i10.i3.i7, i3 %sub_ln73_17, i7 0" [firmware/nnet_utils/nnet_dense_latency.h:42]   --->   Operation 56 'bitconcatenate' 'shl_ln42_s' <Predicate = true> <Delay = 0.00>
ST_2 : Operation 57 [1/1] (0.00ns)   --->   "%shl_ln42_33_cast = sext i10 %shl_ln42_s" [firmware/nnet_utils/nnet_dense_latency.h:42]   --->   Operation 57 'sext' 'shl_ln42_33_cast' <Predicate = true> <Delay = 0.00>
ST_2 : Operation 58 [1/1] (0.00ns)   --->   "%zext_ln70_19 = zext i2 %data_2_val_read" [firmware/nnet_utils/nnet_mult.h:70->firmware/nnet_utils/nnet_dense_latency.h:42]   --->   Operation 58 'zext' 'zext_ln70_19' <Predicate = true> <Delay = 0.00>
ST_2 : Operation 59 [1/1] (1.56ns)   --->   "%sub_ln73_18 = sub i3 0, i3 %zext_ln70_19" [firmware/nnet_utils/nnet_mult.h:73->firmware/nnet_utils/nnet_dense_latency.h:42]   --->   Operation 59 'sub' 'sub_ln73_18' <Predicate = true> <Delay = 1.56> <CoreInst = "Adder">   --->   Core 1 'Adder' <Latency = 0> <II = 1> <Delay = 1.56> <FuncUnit> <Opcode : 'add' 'sub'> <InPorts = 2> <OutPorts = 1>
ST_2 : Operation 60 [1/1] (0.00ns)   --->   "%shl_ln42_33 = bitconcatenate i10 @_ssdm_op_BitConcatenate.i10.i3.i7, i3 %sub_ln73_18, i7 0" [firmware/nnet_utils/nnet_dense_latency.h:42]   --->   Operation 60 'bitconcatenate' 'shl_ln42_33' <Predicate = true> <Delay = 0.00>
ST_2 : Operation 61 [1/1] (0.00ns)   --->   "%sext_ln42 = sext i10 %shl_ln42_33" [firmware/nnet_utils/nnet_dense_latency.h:42]   --->   Operation 61 'sext' 'sext_ln42' <Predicate = true> <Delay = 0.00>
ST_2 : Operation 62 [1/1] (0.00ns)   --->   "%zext_ln70_21 = zext i2 %data_5_val_read" [firmware/nnet_utils/nnet_mult.h:70->firmware/nnet_utils/nnet_dense_latency.h:42]   --->   Operation 62 'zext' 'zext_ln70_21' <Predicate = true> <Delay = 0.00>
ST_2 : Operation 63 [1/1] (1.56ns)   --->   "%sub_ln73_19 = sub i3 0, i3 %zext_ln70_21" [firmware/nnet_utils/nnet_mult.h:73->firmware/nnet_utils/nnet_dense_latency.h:42]   --->   Operation 63 'sub' 'sub_ln73_19' <Predicate = true> <Delay = 1.56> <CoreInst = "Adder">   --->   Core 1 'Adder' <Latency = 0> <II = 1> <Delay = 1.56> <FuncUnit> <Opcode : 'add' 'sub'> <InPorts = 2> <OutPorts = 1>
ST_2 : Operation 64 [1/1] (0.00ns)   --->   "%shl_ln42_36 = bitconcatenate i10 @_ssdm_op_BitConcatenate.i10.i3.i7, i3 %sub_ln73_19, i7 0" [firmware/nnet_utils/nnet_dense_latency.h:42]   --->   Operation 64 'bitconcatenate' 'shl_ln42_36' <Predicate = true> <Delay = 0.00>
ST_2 : Operation 65 [1/1] (0.00ns)   --->   "%shl_ln42_38_cast = sext i10 %shl_ln42_36" [firmware/nnet_utils/nnet_dense_latency.h:42]   --->   Operation 65 'sext' 'shl_ln42_38_cast' <Predicate = true> <Delay = 0.00>
ST_2 : Operation 66 [1/1] (0.00ns)   --->   "%shl_ln42_37 = bitconcatenate i10 @_ssdm_op_BitConcatenate.i10.i3.i7, i3 %sub_ln73_20, i7 0" [firmware/nnet_utils/nnet_dense_latency.h:42]   --->   Operation 66 'bitconcatenate' 'shl_ln42_37' <Predicate = true> <Delay = 0.00>
ST_2 : Operation 67 [1/1] (0.00ns)   --->   "%shl_ln42_37_cast = sext i10 %shl_ln42_37" [firmware/nnet_utils/nnet_dense_latency.h:42]   --->   Operation 67 'sext' 'shl_ln42_37_cast' <Predicate = true> <Delay = 0.00>
ST_2 : Operation 68 [1/1] (0.00ns)   --->   "%shl_ln42_38 = bitconcatenate i9 @_ssdm_op_BitConcatenate.i9.i2.i7, i2 %data_8_val_read, i7 0" [firmware/nnet_utils/nnet_dense_latency.h:42]   --->   Operation 68 'bitconcatenate' 'shl_ln42_38' <Predicate = true> <Delay = 0.00>
ST_2 : Operation 69 [1/1] (0.00ns)   --->   "%zext_ln73 = zext i9 %shl_ln42_38" [firmware/nnet_utils/nnet_mult.h:73->firmware/nnet_utils/nnet_dense_latency.h:42]   --->   Operation 69 'zext' 'zext_ln73' <Predicate = true> <Delay = 0.00>
ST_2 : Operation 70 [1/1] (0.00ns)   --->   "%zext_ln73_16 = zext i9 %shl_ln42_38" [firmware/nnet_utils/nnet_mult.h:73->firmware/nnet_utils/nnet_dense_latency.h:42]   --->   Operation 70 'zext' 'zext_ln73_16' <Predicate = true> <Delay = 0.00>
ST_2 : Operation 71 [1/1] (0.00ns)   --->   "%zext_ln73_17 = zext i9 %shl_ln42_38" [firmware/nnet_utils/nnet_mult.h:73->firmware/nnet_utils/nnet_dense_latency.h:42]   --->   Operation 71 'zext' 'zext_ln73_17' <Predicate = true> <Delay = 0.00>
ST_2 : Operation 72 [1/1] (0.00ns)   --->   "%shl_ln42_39 = bitconcatenate i10 @_ssdm_op_BitConcatenate.i10.i3.i7, i3 %sub_ln73_21, i7 0" [firmware/nnet_utils/nnet_dense_latency.h:42]   --->   Operation 72 'bitconcatenate' 'shl_ln42_39' <Predicate = true> <Delay = 0.00>
ST_2 : Operation 73 [1/1] (0.00ns)   --->   "%shl_ln42_40_cast = sext i10 %shl_ln42_39" [firmware/nnet_utils/nnet_dense_latency.h:42]   --->   Operation 73 'sext' 'shl_ln42_40_cast' <Predicate = true> <Delay = 0.00>
ST_2 : Operation 74 [1/1] (0.00ns)   --->   "%shl_ln42_40 = bitconcatenate i10 @_ssdm_op_BitConcatenate.i10.i3.i7, i3 %sub_ln73_22, i7 0" [firmware/nnet_utils/nnet_dense_latency.h:42]   --->   Operation 74 'bitconcatenate' 'shl_ln42_40' <Predicate = true> <Delay = 0.00>
ST_2 : Operation 75 [1/1] (0.00ns)   --->   "%shl_ln42_41_cast = sext i10 %shl_ln42_40" [firmware/nnet_utils/nnet_dense_latency.h:42]   --->   Operation 75 'sext' 'shl_ln42_41_cast' <Predicate = true> <Delay = 0.00>
ST_2 : Operation 76 [1/1] (0.00ns)   --->   "%shl_ln42_41 = bitconcatenate i10 @_ssdm_op_BitConcatenate.i10.i3.i7, i3 %sub_ln73_23, i7 0" [firmware/nnet_utils/nnet_dense_latency.h:42]   --->   Operation 76 'bitconcatenate' 'shl_ln42_41' <Predicate = true> <Delay = 0.00>
ST_2 : Operation 77 [1/1] (0.00ns)   --->   "%shl_ln42_42_cast = sext i10 %shl_ln42_41" [firmware/nnet_utils/nnet_dense_latency.h:42]   --->   Operation 77 'sext' 'shl_ln42_42_cast' <Predicate = true> <Delay = 0.00>
ST_2 : Operation 78 [1/1] (0.00ns)   --->   "%shl_ln42_42 = bitconcatenate i10 @_ssdm_op_BitConcatenate.i10.i3.i7, i3 %sub_ln73_24, i7 0" [firmware/nnet_utils/nnet_dense_latency.h:42]   --->   Operation 78 'bitconcatenate' 'shl_ln42_42' <Predicate = true> <Delay = 0.00>
ST_2 : Operation 79 [1/1] (0.00ns)   --->   "%shl_ln42_42_cast2 = sext i10 %shl_ln42_42" [firmware/nnet_utils/nnet_dense_latency.h:42]   --->   Operation 79 'sext' 'shl_ln42_42_cast2' <Predicate = true> <Delay = 0.00>
ST_2 : Operation 80 [1/1] (0.00ns)   --->   "%shl_ln42_43 = bitconcatenate i9 @_ssdm_op_BitConcatenate.i9.i2.i7, i2 %data_14_val_read, i7 0" [firmware/nnet_utils/nnet_dense_latency.h:42]   --->   Operation 80 'bitconcatenate' 'shl_ln42_43' <Predicate = true> <Delay = 0.00>
ST_2 : Operation 81 [1/1] (0.00ns)   --->   "%shl_ln42_44_cast = zext i9 %shl_ln42_43" [firmware/nnet_utils/nnet_dense_latency.h:42]   --->   Operation 81 'zext' 'shl_ln42_44_cast' <Predicate = true> <Delay = 0.00>
ST_2 : Operation 82 [1/1] (0.00ns)   --->   "%shl_ln42_44 = bitconcatenate i9 @_ssdm_op_BitConcatenate.i9.i2.i7, i2 %data_15_val_read, i7 0" [firmware/nnet_utils/nnet_dense_latency.h:42]   --->   Operation 82 'bitconcatenate' 'shl_ln42_44' <Predicate = true> <Delay = 0.00>
ST_2 : Operation 83 [1/1] (0.00ns)   --->   "%zext_ln73_18 = zext i9 %shl_ln42_44" [firmware/nnet_utils/nnet_mult.h:73->firmware/nnet_utils/nnet_dense_latency.h:42]   --->   Operation 83 'zext' 'zext_ln73_18' <Predicate = true> <Delay = 0.00>
ST_2 : Operation 84 [1/1] (0.00ns)   --->   "%shl_ln42_45 = bitconcatenate i10 @_ssdm_op_BitConcatenate.i10.i3.i7, i3 %sub_ln73_26, i7 0" [firmware/nnet_utils/nnet_dense_latency.h:42]   --->   Operation 84 'bitconcatenate' 'shl_ln42_45' <Predicate = true> <Delay = 0.00>
ST_2 : Operation 85 [1/1] (0.00ns)   --->   "%shl_ln42_46_cast = sext i10 %shl_ln42_45" [firmware/nnet_utils/nnet_dense_latency.h:42]   --->   Operation 85 'sext' 'shl_ln42_46_cast' <Predicate = true> <Delay = 0.00>
ST_2 : Operation 86 [1/1] (0.00ns)   --->   "%tmp = bitconcatenate i10 @_ssdm_op_BitConcatenate.i10.i3.i7, i3 %tmp16, i7 0" [firmware/nnet_utils/nnet_mult.h:70->firmware/nnet_utils/nnet_dense_latency.h:42]   --->   Operation 86 'bitconcatenate' 'tmp' <Predicate = true> <Delay = 0.00>
ST_2 : Operation 87 [1/1] (0.00ns)   --->   "%sext_ln58_113 = sext i10 %tmp" [firmware/nnet_utils/nnet_dense_latency.h:58]   --->   Operation 87 'sext' 'sext_ln58_113' <Predicate = true> <Delay = 0.00>
ST_2 : Operation 88 [1/1] (1.73ns)   --->   "%add_ln58 = add i11 %shl_ln42_cast, i11 %shl_ln42_37_cast" [firmware/nnet_utils/nnet_dense_latency.h:58]   --->   Operation 88 'add' 'add_ln58' <Predicate = true> <Delay = 1.73> <CoreInst = "Adder">   --->   Core 1 'Adder' <Latency = 0> <II = 1> <Delay = 1.73> <FuncUnit> <Opcode : 'add' 'sub'> <InPorts = 2> <OutPorts = 1>
ST_2 : Operation 89 [1/1] (0.00ns)   --->   "%sext_ln58 = sext i11 %add_ln58" [firmware/nnet_utils/nnet_dense_latency.h:58]   --->   Operation 89 'sext' 'sext_ln58' <Predicate = true> <Delay = 0.00>
ST_2 : Operation 90 [1/1] (1.63ns)   --->   "%add_ln58_137 = add i12 %sext_ln58, i12 %sext_ln42" [firmware/nnet_utils/nnet_dense_latency.h:58]   --->   Operation 90 'add' 'add_ln58_137' <Predicate = true> <Delay = 1.63> <CoreInst = "Adder">   --->   Core 1 'Adder' <Latency = 0> <II = 1> <Delay = 1.63> <FuncUnit> <Opcode : 'add' 'sub'> <InPorts = 2> <OutPorts = 1>
ST_2 : Operation 91 [1/1] (1.73ns)   --->   "%add_ln58_138 = add i11 %shl_ln42_42_cast, i11 %shl_ln42_42_cast2" [firmware/nnet_utils/nnet_dense_latency.h:58]   --->   Operation 91 'add' 'add_ln58_138' <Predicate = true> <Delay = 1.73> <CoreInst = "Adder">   --->   Core 1 'Adder' <Latency = 0> <II = 1> <Delay = 1.73> <FuncUnit> <Opcode : 'add' 'sub'> <InPorts = 2> <OutPorts = 1>
ST_2 : Operation 92 [1/1] (0.00ns)   --->   "%sext_ln58_115 = sext i11 %add_ln58_138" [firmware/nnet_utils/nnet_dense_latency.h:58]   --->   Operation 92 'sext' 'sext_ln58_115' <Predicate = true> <Delay = 0.00>
ST_2 : Operation 93 [1/1] (1.63ns)   --->   "%add_ln58_139 = add i12 %sext_ln58_115, i12 %sext_ln58_113" [firmware/nnet_utils/nnet_dense_latency.h:58]   --->   Operation 93 'add' 'add_ln58_139' <Predicate = true> <Delay = 1.63> <CoreInst = "Adder">   --->   Core 1 'Adder' <Latency = 0> <II = 1> <Delay = 1.63> <FuncUnit> <Opcode : 'add' 'sub'> <InPorts = 2> <OutPorts = 1>
ST_2 : Operation 94 [1/1] (0.00ns)   --->   "%tmp_2 = bitconcatenate i11 @_ssdm_op_BitConcatenate.i11.i4.i7, i4 %tmp2914, i7 0" [firmware/nnet_utils/nnet_mult.h:70->firmware/nnet_utils/nnet_dense_latency.h:42]   --->   Operation 94 'bitconcatenate' 'tmp_2' <Predicate = true> <Delay = 0.00>
ST_2 : Operation 95 [1/1] (0.00ns)   --->   "%sext_ln58_125 = sext i11 %tmp_2" [firmware/nnet_utils/nnet_dense_latency.h:58]   --->   Operation 95 'sext' 'sext_ln58_125' <Predicate = true> <Delay = 0.00>
ST_2 : Operation 96 [1/1] (1.63ns)   --->   "%add_ln58_141 = add i12 %sext_ln58_125, i12 %zext_ln73" [firmware/nnet_utils/nnet_dense_latency.h:58]   --->   Operation 96 'add' 'add_ln58_141' <Predicate = true> <Delay = 1.63> <CoreInst = "Adder">   --->   Core 1 'Adder' <Latency = 0> <II = 1> <Delay = 1.63> <FuncUnit> <Opcode : 'add' 'sub'> <InPorts = 2> <OutPorts = 1>
ST_2 : Operation 97 [1/1] (0.00ns)   --->   "%tmp_3 = bitconcatenate i10 @_ssdm_op_BitConcatenate.i10.i3.i7, i3 %tmp3112, i7 0" [firmware/nnet_utils/nnet_mult.h:70->firmware/nnet_utils/nnet_dense_latency.h:42]   --->   Operation 97 'bitconcatenate' 'tmp_3' <Predicate = true> <Delay = 0.00>
ST_2 : Operation 98 [1/1] (0.00ns)   --->   "%sext_ln58_126 = sext i10 %tmp_3" [firmware/nnet_utils/nnet_dense_latency.h:58]   --->   Operation 98 'sext' 'sext_ln58_126' <Predicate = true> <Delay = 0.00>
ST_2 : Operation 99 [1/1] (1.82ns)   --->   "%add_ln58_142 = add i10 %zext_ln70_20, i10 %zext_ln73_17" [firmware/nnet_utils/nnet_dense_latency.h:58]   --->   Operation 99 'add' 'add_ln58_142' <Predicate = true> <Delay = 1.82> <CoreInst = "Adder">   --->   Core 1 'Adder' <Latency = 0> <II = 1> <Delay = 1.82> <FuncUnit> <Opcode : 'add' 'sub'> <InPorts = 2> <OutPorts = 1>
ST_2 : Operation 100 [1/1] (0.00ns)   --->   "%zext_ln58 = zext i10 %add_ln58_142" [firmware/nnet_utils/nnet_dense_latency.h:58]   --->   Operation 100 'zext' 'zext_ln58' <Predicate = true> <Delay = 0.00>
ST_2 : Operation 101 [1/1] (1.73ns)   --->   "%add_ln58_143 = add i11 %zext_ln58, i11 %shl_ln42_37_cast" [firmware/nnet_utils/nnet_dense_latency.h:58]   --->   Operation 101 'add' 'add_ln58_143' <Predicate = true> <Delay = 1.73> <CoreInst = "Adder">   --->   Core 1 'Adder' <Latency = 0> <II = 1> <Delay = 1.73> <FuncUnit> <Opcode : 'add' 'sub'> <InPorts = 2> <OutPorts = 1>
ST_2 : Operation 102 [1/1] (1.73ns)   --->   "%add_ln58_144 = add i11 %sext_ln58_126, i11 %shl_ln42_42_cast2" [firmware/nnet_utils/nnet_dense_latency.h:58]   --->   Operation 102 'add' 'add_ln58_144' <Predicate = true> <Delay = 1.73> <CoreInst = "Adder">   --->   Core 1 'Adder' <Latency = 0> <II = 1> <Delay = 1.73> <FuncUnit> <Opcode : 'add' 'sub'> <InPorts = 2> <OutPorts = 1>
ST_2 : Operation 103 [1/1] (0.00ns)   --->   "%sext_ln58_128 = sext i11 %add_ln58_144" [firmware/nnet_utils/nnet_dense_latency.h:58]   --->   Operation 103 'sext' 'sext_ln58_128' <Predicate = true> <Delay = 0.00>
ST_2 : Operation 104 [1/1] (1.82ns)   --->   "%add_ln58_145 = add i10 %shl_ln42_44_cast, i10 %zext_ln73_18" [firmware/nnet_utils/nnet_dense_latency.h:58]   --->   Operation 104 'add' 'add_ln58_145' <Predicate = true> <Delay = 1.82> <CoreInst = "Adder">   --->   Core 1 'Adder' <Latency = 0> <II = 1> <Delay = 1.82> <FuncUnit> <Opcode : 'add' 'sub'> <InPorts = 2> <OutPorts = 1>
ST_2 : Operation 105 [1/1] (0.00ns)   --->   "%zext_ln58_14 = zext i10 %add_ln58_145" [firmware/nnet_utils/nnet_dense_latency.h:58]   --->   Operation 105 'zext' 'zext_ln58_14' <Predicate = true> <Delay = 0.00>
ST_2 : Operation 106 [1/1] (1.63ns)   --->   "%add_ln58_146 = add i12 %zext_ln58_14, i12 %sext_ln58_128" [firmware/nnet_utils/nnet_dense_latency.h:58]   --->   Operation 106 'add' 'add_ln58_146' <Predicate = true> <Delay = 1.63> <CoreInst = "Adder">   --->   Core 1 'Adder' <Latency = 0> <II = 1> <Delay = 1.63> <FuncUnit> <Opcode : 'add' 'sub'> <InPorts = 2> <OutPorts = 1>
ST_2 : Operation 107 [1/1] (1.73ns)   --->   "%add_ln58_148 = add i10 %zext_ln70_20, i10 %shl_ln42_37" [firmware/nnet_utils/nnet_dense_latency.h:58]   --->   Operation 107 'add' 'add_ln58_148' <Predicate = true> <Delay = 1.73> <CoreInst = "Adder">   --->   Core 1 'Adder' <Latency = 0> <II = 1> <Delay = 1.73> <FuncUnit> <Opcode : 'add' 'sub'> <InPorts = 2> <OutPorts = 1>
ST_2 : Operation 108 [1/1] (0.00ns)   --->   "%sext_ln58_117 = sext i10 %add_ln58_148" [firmware/nnet_utils/nnet_dense_latency.h:58]   --->   Operation 108 'sext' 'sext_ln58_117' <Predicate = true> <Delay = 0.00>
ST_2 : Operation 109 [1/1] (1.73ns)   --->   "%add_ln58_149 = add i11 %sext_ln58_117, i11 %shl_ln42_38_cast" [firmware/nnet_utils/nnet_dense_latency.h:58]   --->   Operation 109 'add' 'add_ln58_149' <Predicate = true> <Delay = 1.73> <CoreInst = "Adder">   --->   Core 1 'Adder' <Latency = 0> <II = 1> <Delay = 1.73> <FuncUnit> <Opcode : 'add' 'sub'> <InPorts = 2> <OutPorts = 1>
ST_2 : Operation 110 [1/1] (1.73ns)   --->   "%add_ln58_150 = add i11 %shl_ln42_40_cast, i11 %shl_ln42_41_cast" [firmware/nnet_utils/nnet_dense_latency.h:58]   --->   Operation 110 'add' 'add_ln58_150' <Predicate = true> <Delay = 1.73> <CoreInst = "Adder">   --->   Core 1 'Adder' <Latency = 0> <II = 1> <Delay = 1.73> <FuncUnit> <Opcode : 'add' 'sub'> <InPorts = 2> <OutPorts = 1>
ST_2 : Operation 111 [1/1] (0.00ns)   --->   "%sext_ln58_119 = sext i11 %add_ln58_150" [firmware/nnet_utils/nnet_dense_latency.h:58]   --->   Operation 111 'sext' 'sext_ln58_119' <Predicate = true> <Delay = 0.00>
ST_2 : Operation 112 [1/1] (1.73ns)   --->   "%add_ln58_151 = add i11 %shl_ln42_42_cast, i11 %shl_ln42_46_cast" [firmware/nnet_utils/nnet_dense_latency.h:58]   --->   Operation 112 'add' 'add_ln58_151' <Predicate = true> <Delay = 1.73> <CoreInst = "Adder">   --->   Core 1 'Adder' <Latency = 0> <II = 1> <Delay = 1.73> <FuncUnit> <Opcode : 'add' 'sub'> <InPorts = 2> <OutPorts = 1>
ST_2 : Operation 113 [1/1] (0.00ns)   --->   "%sext_ln58_120 = sext i11 %add_ln58_151" [firmware/nnet_utils/nnet_dense_latency.h:58]   --->   Operation 113 'sext' 'sext_ln58_120' <Predicate = true> <Delay = 0.00>
ST_2 : Operation 114 [1/1] (1.63ns)   --->   "%add_ln58_152 = add i12 %sext_ln58_120, i12 %sext_ln58_119" [firmware/nnet_utils/nnet_dense_latency.h:58]   --->   Operation 114 'add' 'add_ln58_152' <Predicate = true> <Delay = 1.63> <CoreInst = "Adder">   --->   Core 1 'Adder' <Latency = 0> <II = 1> <Delay = 1.63> <FuncUnit> <Opcode : 'add' 'sub'> <InPorts = 2> <OutPorts = 1>
ST_2 : Operation 115 [1/1] (0.00ns)   --->   "%tmp5 = bitconcatenate i10 @_ssdm_op_BitConcatenate.i10.i3.i7, i3 %tmp3310, i7 0" [firmware/nnet_utils/nnet_mult.h:70->firmware/nnet_utils/nnet_dense_latency.h:42]   --->   Operation 115 'bitconcatenate' 'tmp5' <Predicate = true> <Delay = 0.00>
ST_2 : Operation 116 [1/1] (0.00ns)   --->   "%zext_ln58_15 = zext i10 %tmp5" [firmware/nnet_utils/nnet_dense_latency.h:58]   --->   Operation 116 'zext' 'zext_ln58_15' <Predicate = true> <Delay = 0.00>
ST_2 : Operation 117 [1/1] (0.00ns) (grouped into TernaryAdder)   --->   "%add_ln58_154 = add i11 %shl_ln42_33_cast, i11 %shl_ln42_cast" [firmware/nnet_utils/nnet_dense_latency.h:58]   --->   Operation 117 'add' 'add_ln58_154' <Predicate = true> <Delay = 0.00> <CoreInst = "TAddSub">   --->   Core 10 'TAddSub' <Latency = 0> <II = 1> <Delay = 1.87> <IPBlock> <Opcode : '' 'add' 'sub'> <InPorts = 3> <OutPorts = 1> <Sync> <CReg>
ST_2 : Operation 118 [1/1] (0.00ns)   --->   "%zext_ln58_16 = zext i10 %add_ln58_155" [firmware/nnet_utils/nnet_dense_latency.h:58]   --->   Operation 118 'zext' 'zext_ln58_16' <Predicate = true> <Delay = 0.00>
ST_2 : Operation 119 [1/1] (3.75ns) (root node of TernaryAdder)   --->   "%add_ln58_156 = add i11 %zext_ln58_16, i11 %add_ln58_154" [firmware/nnet_utils/nnet_dense_latency.h:58]   --->   Operation 119 'add' 'add_ln58_156' <Predicate = true> <Delay = 3.75> <CoreInst = "TAddSub">   --->   Core 10 'TAddSub' <Latency = 0> <II = 1> <Delay = 1.87> <IPBlock> <Opcode : '' 'add' 'sub'> <InPorts = 3> <OutPorts = 1> <Sync> <CReg>
ST_2 : Operation 120 [1/1] (1.73ns)   --->   "%add_ln58_157 = add i11 %zext_ln73_16, i11 %zext_ln58_15" [firmware/nnet_utils/nnet_dense_latency.h:58]   --->   Operation 120 'add' 'add_ln58_157' <Predicate = true> <Delay = 1.73> <CoreInst = "Adder">   --->   Core 1 'Adder' <Latency = 0> <II = 1> <Delay = 1.73> <FuncUnit> <Opcode : 'add' 'sub'> <InPorts = 2> <OutPorts = 1>
ST_2 : Operation 121 [1/1] (0.00ns)   --->   "%zext_ln58_17 = zext i11 %add_ln58_157" [firmware/nnet_utils/nnet_dense_latency.h:58]   --->   Operation 121 'zext' 'zext_ln58_17' <Predicate = true> <Delay = 0.00>
ST_2 : Operation 122 [1/1] (1.73ns)   --->   "%add_ln58_158 = add i10 %shl_ln42_42, i10 %zext_ln73_18" [firmware/nnet_utils/nnet_dense_latency.h:58]   --->   Operation 122 'add' 'add_ln58_158' <Predicate = true> <Delay = 1.73> <CoreInst = "Adder">   --->   Core 1 'Adder' <Latency = 0> <II = 1> <Delay = 1.73> <FuncUnit> <Opcode : 'add' 'sub'> <InPorts = 2> <OutPorts = 1>
ST_2 : Operation 123 [1/1] (0.00ns)   --->   "%sext_ln58_123 = sext i10 %add_ln58_158" [firmware/nnet_utils/nnet_dense_latency.h:58]   --->   Operation 123 'sext' 'sext_ln58_123' <Predicate = true> <Delay = 0.00>
ST_2 : Operation 124 [1/1] (1.63ns)   --->   "%add_ln58_159 = add i12 %sext_ln58_123, i12 %zext_ln58_17" [firmware/nnet_utils/nnet_dense_latency.h:58]   --->   Operation 124 'add' 'add_ln58_159' <Predicate = true> <Delay = 1.63> <CoreInst = "Adder">   --->   Core 1 'Adder' <Latency = 0> <II = 1> <Delay = 1.63> <FuncUnit> <Opcode : 'add' 'sub'> <InPorts = 2> <OutPorts = 1>

State 3 <SV = 2> <Delay = 1.54>
ST_3 : Operation 125 [1/1] (0.00ns)   --->   "%specpipeline_ln33 = specpipeline void @_ssdm_op_SpecPipeline, i32 1, i32 0, i32 0, i32 0, void @empty_0" [firmware/nnet_utils/nnet_dense_latency.h:33]   --->   Operation 125 'specpipeline' 'specpipeline_ln33' <Predicate = true> <Delay = 0.00>
ST_3 : Operation 126 [1/1] (0.00ns)   --->   "%specresourcelimit_ln33 = specresourcelimit void @_ssdm_op_SpecResourceLimit, i64 63, void @empty_1, void @empty_0, void @empty_0, void @empty_0" [firmware/nnet_utils/nnet_dense_latency.h:33]   --->   Operation 126 'specresourcelimit' 'specresourcelimit_ln33' <Predicate = true> <Delay = 0.00>
ST_3 : Operation 127 [1/1] (0.00ns)   --->   "%sext_ln58_114 = sext i12 %add_ln58_137" [firmware/nnet_utils/nnet_dense_latency.h:58]   --->   Operation 127 'sext' 'sext_ln58_114' <Predicate = true> <Delay = 0.00>
ST_3 : Operation 128 [1/1] (0.00ns)   --->   "%sext_ln58_116 = sext i12 %add_ln58_139" [firmware/nnet_utils/nnet_dense_latency.h:58]   --->   Operation 128 'sext' 'sext_ln58_116' <Predicate = true> <Delay = 0.00>
ST_3 : Operation 129 [1/1] (1.54ns)   --->   "%add_ln58_140 = add i13 %sext_ln58_116, i13 %sext_ln58_114" [firmware/nnet_utils/nnet_dense_latency.h:58]   --->   Operation 129 'add' 'add_ln58_140' <Predicate = true> <Delay = 1.54> <CoreInst = "Adder">   --->   Core 1 'Adder' <Latency = 0> <II = 1> <Delay = 1.54> <FuncUnit> <Opcode : 'add' 'sub'> <InPorts = 2> <OutPorts = 1>
ST_3 : Operation 130 [1/1] (0.00ns)   --->   "%add_ln58_140_cast = sext i13 %add_ln58_140" [firmware/nnet_utils/nnet_dense_latency.h:58]   --->   Operation 130 'sext' 'add_ln58_140_cast' <Predicate = true> <Delay = 0.00>
ST_3 : Operation 131 [1/1] (0.00ns)   --->   "%add_ln58_141_cast = sext i12 %add_ln58_141" [firmware/nnet_utils/nnet_dense_latency.h:58]   --->   Operation 131 'sext' 'add_ln58_141_cast' <Predicate = true> <Delay = 0.00>
ST_3 : Operation 132 [1/1] (0.00ns)   --->   "%sext_ln58_127 = sext i11 %add_ln58_143" [firmware/nnet_utils/nnet_dense_latency.h:58]   --->   Operation 132 'sext' 'sext_ln58_127' <Predicate = true> <Delay = 0.00>
ST_3 : Operation 133 [1/1] (0.00ns)   --->   "%sext_ln58_129 = sext i12 %add_ln58_146" [firmware/nnet_utils/nnet_dense_latency.h:58]   --->   Operation 133 'sext' 'sext_ln58_129' <Predicate = true> <Delay = 0.00>
ST_3 : Operation 134 [1/1] (1.54ns)   --->   "%add_ln58_147 = add i13 %sext_ln58_129, i13 %sext_ln58_127" [firmware/nnet_utils/nnet_dense_latency.h:58]   --->   Operation 134 'add' 'add_ln58_147' <Predicate = true> <Delay = 1.54> <CoreInst = "Adder">   --->   Core 1 'Adder' <Latency = 0> <II = 1> <Delay = 1.54> <FuncUnit> <Opcode : 'add' 'sub'> <InPorts = 2> <OutPorts = 1>
ST_3 : Operation 135 [1/1] (0.00ns)   --->   "%sext_ln58_130 = sext i13 %add_ln58_147" [firmware/nnet_utils/nnet_dense_latency.h:58]   --->   Operation 135 'sext' 'sext_ln58_130' <Predicate = true> <Delay = 0.00>
ST_3 : Operation 136 [1/1] (0.00ns)   --->   "%sext_ln58_118 = sext i11 %add_ln58_149" [firmware/nnet_utils/nnet_dense_latency.h:58]   --->   Operation 136 'sext' 'sext_ln58_118' <Predicate = true> <Delay = 0.00>
ST_3 : Operation 137 [1/1] (0.00ns)   --->   "%sext_ln58_121 = sext i12 %add_ln58_152" [firmware/nnet_utils/nnet_dense_latency.h:58]   --->   Operation 137 'sext' 'sext_ln58_121' <Predicate = true> <Delay = 0.00>
ST_3 : Operation 138 [1/1] (1.54ns)   --->   "%add_ln58_153 = add i13 %sext_ln58_121, i13 %sext_ln58_118" [firmware/nnet_utils/nnet_dense_latency.h:58]   --->   Operation 138 'add' 'add_ln58_153' <Predicate = true> <Delay = 1.54> <CoreInst = "Adder">   --->   Core 1 'Adder' <Latency = 0> <II = 1> <Delay = 1.54> <FuncUnit> <Opcode : 'add' 'sub'> <InPorts = 2> <OutPorts = 1>
ST_3 : Operation 139 [1/1] (0.00ns)   --->   "%add_ln58_158_cast = sext i13 %add_ln58_153" [firmware/nnet_utils/nnet_dense_latency.h:58]   --->   Operation 139 'sext' 'add_ln58_158_cast' <Predicate = true> <Delay = 0.00>
ST_3 : Operation 140 [1/1] (0.00ns)   --->   "%sext_ln58_122 = sext i11 %add_ln58_156" [firmware/nnet_utils/nnet_dense_latency.h:58]   --->   Operation 140 'sext' 'sext_ln58_122' <Predicate = true> <Delay = 0.00>
ST_3 : Operation 141 [1/1] (0.00ns)   --->   "%sext_ln58_124 = sext i12 %add_ln58_159" [firmware/nnet_utils/nnet_dense_latency.h:58]   --->   Operation 141 'sext' 'sext_ln58_124' <Predicate = true> <Delay = 0.00>
ST_3 : Operation 142 [1/1] (1.54ns)   --->   "%add_ln58_160 = add i13 %sext_ln58_124, i13 %sext_ln58_122" [firmware/nnet_utils/nnet_dense_latency.h:58]   --->   Operation 142 'add' 'add_ln58_160' <Predicate = true> <Delay = 1.54> <CoreInst = "Adder">   --->   Core 1 'Adder' <Latency = 0> <II = 1> <Delay = 1.54> <FuncUnit> <Opcode : 'add' 'sub'> <InPorts = 2> <OutPorts = 1>
ST_3 : Operation 143 [1/1] (0.00ns)   --->   "%add_ln58_165_cast = sext i13 %add_ln58_160" [firmware/nnet_utils/nnet_dense_latency.h:58]   --->   Operation 143 'sext' 'add_ln58_165_cast' <Predicate = true> <Delay = 0.00>
ST_3 : Operation 144 [1/1] (0.00ns)   --->   "%newret1 = insertvalue i80 <undef>, i16 %add_ln58_140_cast" [firmware/nnet_utils/nnet_dense_latency.h:58]   --->   Operation 144 'insertvalue' 'newret1' <Predicate = true> <Delay = 0.00>
ST_3 : Operation 145 [1/1] (0.00ns)   --->   "%newret3 = insertvalue i80 %newret1, i16 %add_ln58_141_cast" [firmware/nnet_utils/nnet_dense_latency.h:58]   --->   Operation 145 'insertvalue' 'newret3' <Predicate = true> <Delay = 0.00>
ST_3 : Operation 146 [1/1] (0.00ns)   --->   "%newret5 = insertvalue i80 %newret3, i16 %sext_ln58_130" [firmware/nnet_utils/nnet_dense_latency.h:58]   --->   Operation 146 'insertvalue' 'newret5' <Predicate = true> <Delay = 0.00>
ST_3 : Operation 147 [1/1] (0.00ns)   --->   "%newret7 = insertvalue i80 %newret5, i16 %add_ln58_158_cast" [firmware/nnet_utils/nnet_dense_latency.h:58]   --->   Operation 147 'insertvalue' 'newret7' <Predicate = true> <Delay = 0.00>
ST_3 : Operation 148 [1/1] (0.00ns)   --->   "%newret9 = insertvalue i80 %newret7, i16 %add_ln58_165_cast" [firmware/nnet_utils/nnet_dense_latency.h:58]   --->   Operation 148 'insertvalue' 'newret9' <Predicate = true> <Delay = 0.00>
ST_3 : Operation 149 [1/1] (0.00ns)   --->   "%ret_ln58 = ret i80 %newret9" [firmware/nnet_utils/nnet_dense_latency.h:58]   --->   Operation 149 'ret' 'ret_ln58' <Predicate = true> <Delay = 0.00>


============================================================
+ Verbose Summary: Timing violations
============================================================
Target clock period: 5.000ns, clock uncertainty: 0.625ns.

 <State 1>: 3.215ns
The critical path consists of the following:
	wire read operation ('data_14_val_read', firmware/nnet_utils/nnet_mult.h:70->firmware/nnet_utils/nnet_dense_latency.h:42) on port 'data_14_val' (firmware/nnet_utils/nnet_mult.h:70->firmware/nnet_utils/nnet_dense_latency.h:42) [20]  (0.000 ns)
	'sub' operation 3 bit ('sub_ln73_25', firmware/nnet_utils/nnet_mult.h:73->firmware/nnet_utils/nnet_dense_latency.h:42) [82]  (1.565 ns)
	'add' operation 4 bit ('tmp2914', firmware/nnet_utils/nnet_mult.h:70->firmware/nnet_utils/nnet_dense_latency.h:42) [108]  (1.650 ns)

 <State 2>: 3.757ns
The critical path consists of the following:
	'add' operation 11 bit ('add_ln58_154', firmware/nnet_utils/nnet_dense_latency.h:58) [144]  (0.000 ns)
	'add' operation 11 bit ('add_ln58_156', firmware/nnet_utils/nnet_dense_latency.h:58) [147]  (3.757 ns)

 <State 3>: 1.547ns
The critical path consists of the following:
	'add' operation 13 bit ('add_ln58_140', firmware/nnet_utils/nnet_dense_latency.h:58) [103]  (1.547 ns)


============================================================
+ Verbose Summary: Binding
============================================================
N/A
* FSMD analyzer results:
  - Output states:
 - Input state : 
  - Chain level:
	State 1
	State 2
	State 3


============================================================
+ Verbose Summary: Datapath Resource usage 
============================================================
N/A
