

================================================================
== Vitis HLS Report for 'dense_latency_ap_fixed_16_6_5_3_0_ap_fixed_16_6_5_3_0_config4_s'
================================================================
* Date:           Mon Oct 20 15:01:56 2025

* Version:        2024.1 (Build 5069499 on May 21 2024)
* Project:        myproject_prj
* Solution:       solution1 (Vivado IP Flow Target)
* Product family: zynq
* Target device:  xc7z020-clg400-1


================================================================
== Performance Estimates
================================================================
+ Timing: 
    * Summary: 
    +--------+---------+----------+------------+
    |  Clock |  Target | Estimated| Uncertainty|
    +--------+---------+----------+------------+
    |ap_clk  |  5.00 ns|  4.154 ns|     0.62 ns|
    +--------+---------+----------+------------+

+ Latency: 
    * Summary: 
    +---------+---------+----------+----------+-----+-----+---------+
    |  Latency (cycles) |  Latency (absolute) |  Interval | Pipeline|
    |   min   |   max   |    min   |    max   | min | max |   Type  |
    +---------+---------+----------+----------+-----+-----+---------+
    |        0|        0|      0 ns|      0 ns|    1|    1|      yes|
    +---------+---------+----------+----------+-----+-----+---------+

    + Detail: 
        * Instance: 
        N/A

        * Loop: 
        N/A



================================================================
== Utilization Estimates
================================================================
* Summary: 
+-----------------+---------+-----+--------+-------+-----+
|       Name      | BRAM_18K| DSP |   FF   |  LUT  | URAM|
+-----------------+---------+-----+--------+-------+-----+
|DSP              |        -|    -|       -|      -|    -|
|Expression       |        -|    -|       0|    117|    -|
|FIFO             |        -|    -|       -|      -|    -|
|Instance         |        -|    -|       -|      -|    -|
|Memory           |        -|    -|       -|      -|    -|
|Multiplexer      |        -|    -|       -|      -|    -|
|Register         |        -|    -|       -|      -|    -|
+-----------------+---------+-----+--------+-------+-----+
|Total            |        0|    0|       0|    117|    0|
+-----------------+---------+-----+--------+-------+-----+
|Available        |      280|  220|  106400|  53200|    0|
+-----------------+---------+-----+--------+-------+-----+
|Utilization (%)  |        0|    0|       0|     ~0|    0|
+-----------------+---------+-----+--------+-------+-----+

+ Detail: 
    * Instance: 
    N/A

    * DSP: 
    N/A

    * Memory: 
    N/A

    * FIFO: 
    N/A

    * Expression: 
    +------------------------+----------+----+---+----+------------+------------+
    |      Variable Name     | Operation| DSP| FF| LUT| Bitwidth P0| Bitwidth P1|
    +------------------------+----------+----+---+----+------------+------------+
    |add_ln58_271_fu_118_p2  |         +|   0|  0|  23|          16|          16|
    |add_ln58_272_fu_124_p2  |         +|   0|  0|  23|          16|          16|
    |add_ln58_fu_112_p2      |         +|   0|  0|  23|          16|          16|
    |sub_ln73_49_fu_82_p2    |         -|   0|  0|  24|           1|          17|
    |sub_ln73_fu_48_p2       |         -|   0|  0|  24|           1|          17|
    +------------------------+----------+----+---+----+------------+------------+
    |Total                   |          |   0|  0| 117|          50|          82|
    +------------------------+----------+----+---+----+------------+------------+

    * Multiplexer: 
    N/A

    * Register: 
    N/A



================================================================
== Interface
================================================================
* Summary: 
+--------------+-----+-----+------------+----------------------------------------------------------------------------+--------------+
|   RTL Ports  | Dir | Bits|  Protocol  |                                Source Object                               |    C Type    |
+--------------+-----+-----+------------+----------------------------------------------------------------------------+--------------+
|ap_ready      |  out|    1|  ap_ctrl_hs|  dense_latency<ap_fixed<16, 6, 5, 3, 0>, ap_fixed<16, 6, 5, 3, 0>, config4>|  return value|
|ap_return_0   |  out|   16|  ap_ctrl_hs|  dense_latency<ap_fixed<16, 6, 5, 3, 0>, ap_fixed<16, 6, 5, 3, 0>, config4>|  return value|
|ap_return_1   |  out|   16|  ap_ctrl_hs|  dense_latency<ap_fixed<16, 6, 5, 3, 0>, ap_fixed<16, 6, 5, 3, 0>, config4>|  return value|
|ap_return_2   |  out|   16|  ap_ctrl_hs|  dense_latency<ap_fixed<16, 6, 5, 3, 0>, ap_fixed<16, 6, 5, 3, 0>, config4>|  return value|
|ap_return_3   |  out|   16|  ap_ctrl_hs|  dense_latency<ap_fixed<16, 6, 5, 3, 0>, ap_fixed<16, 6, 5, 3, 0>, config4>|  return value|
|ap_return_4   |  out|   16|  ap_ctrl_hs|  dense_latency<ap_fixed<16, 6, 5, 3, 0>, ap_fixed<16, 6, 5, 3, 0>, config4>|  return value|
|ap_return_5   |  out|   16|  ap_ctrl_hs|  dense_latency<ap_fixed<16, 6, 5, 3, 0>, ap_fixed<16, 6, 5, 3, 0>, config4>|  return value|
|ap_return_6   |  out|   16|  ap_ctrl_hs|  dense_latency<ap_fixed<16, 6, 5, 3, 0>, ap_fixed<16, 6, 5, 3, 0>, config4>|  return value|
|ap_return_7   |  out|   16|  ap_ctrl_hs|  dense_latency<ap_fixed<16, 6, 5, 3, 0>, ap_fixed<16, 6, 5, 3, 0>, config4>|  return value|
|ap_return_8   |  out|   16|  ap_ctrl_hs|  dense_latency<ap_fixed<16, 6, 5, 3, 0>, ap_fixed<16, 6, 5, 3, 0>, config4>|  return value|
|ap_return_9   |  out|   16|  ap_ctrl_hs|  dense_latency<ap_fixed<16, 6, 5, 3, 0>, ap_fixed<16, 6, 5, 3, 0>, config4>|  return value|
|ap_return_10  |  out|   16|  ap_ctrl_hs|  dense_latency<ap_fixed<16, 6, 5, 3, 0>, ap_fixed<16, 6, 5, 3, 0>, config4>|  return value|
|ap_return_11  |  out|   16|  ap_ctrl_hs|  dense_latency<ap_fixed<16, 6, 5, 3, 0>, ap_fixed<16, 6, 5, 3, 0>, config4>|  return value|
|ap_return_12  |  out|   16|  ap_ctrl_hs|  dense_latency<ap_fixed<16, 6, 5, 3, 0>, ap_fixed<16, 6, 5, 3, 0>, config4>|  return value|
|ap_return_13  |  out|   16|  ap_ctrl_hs|  dense_latency<ap_fixed<16, 6, 5, 3, 0>, ap_fixed<16, 6, 5, 3, 0>, config4>|  return value|
|ap_return_14  |  out|   16|  ap_ctrl_hs|  dense_latency<ap_fixed<16, 6, 5, 3, 0>, ap_fixed<16, 6, 5, 3, 0>, config4>|  return value|
|ap_return_15  |  out|   16|  ap_ctrl_hs|  dense_latency<ap_fixed<16, 6, 5, 3, 0>, ap_fixed<16, 6, 5, 3, 0>, config4>|  return value|
|ap_return_16  |  out|   16|  ap_ctrl_hs|  dense_latency<ap_fixed<16, 6, 5, 3, 0>, ap_fixed<16, 6, 5, 3, 0>, config4>|  return value|
|ap_rst        |   in|    1|  ap_ctrl_hs|  dense_latency<ap_fixed<16, 6, 5, 3, 0>, ap_fixed<16, 6, 5, 3, 0>, config4>|  return value|
|data_0_val    |   in|   16|     ap_none|                                                                  data_0_val|        scalar|
|data_1_val    |   in|   16|     ap_none|                                                                  data_1_val|        scalar|
+--------------+-----+-----+------------+----------------------------------------------------------------------------+--------------+

============================================================
+ Verbose Summary: Synthesis Manager
============================================================
InlineROM: 1
ExposeGlobal: 0
============================================================
+ Verbose Summary: CDFG Model
============================================================
IsTopModel: 0
ResetActiveHigh: 1
IsCombinational: 1
IsDatapathOnly: 2
HasWiredReturn: 1
HasMFsm: 2
HasVarLatency: 0
IsPipeline: 1
IsRtlPipelined: 0
IsInstanceOverlapped: 0
IsDontTouch: 0
HasImplIP: 0
IsGatedGlobalClock: 0

+ Individual pipeline summary: 
  * Pipeline-0: initiation interval (II) = 1, depth = 1


============================================================
+ Verbose Summary: Schedule
============================================================
* Number of FSM states : 1
* Pipeline : 1
  Pipeline-0 : II = 1, D = 1, States = { 1 }
* Dataflow Pipeline: 0

* FSM state transitions: 
1 --> 

* FSM state operations: 

State 1 <SV = 0> <Delay = 4.15>
ST_1 : Operation 2 [1/1] (0.00ns)   --->   "%specpipeline_ln33 = specpipeline void @_ssdm_op_SpecPipeline, i32 1, i32 0, i32 0, i32 0, void @empty_0" [firmware/nnet_utils/nnet_dense_latency.h:33]   --->   Operation 2 'specpipeline' 'specpipeline_ln33' <Predicate = true> <Delay = 0.00>
ST_1 : Operation 3 [1/1] (0.00ns)   --->   "%specresourcelimit_ln33 = specresourcelimit void @_ssdm_op_SpecResourceLimit, i64 26, void @empty_1, void @empty_0, void @empty_0, void @empty_0" [firmware/nnet_utils/nnet_dense_latency.h:33]   --->   Operation 3 'specresourcelimit' 'specresourcelimit_ln33' <Predicate = true> <Delay = 0.00>
ST_1 : Operation 4 [1/1] (0.00ns)   --->   "%data_1_val_read = read i16 @_ssdm_op_Read.ap_auto.i16, i16 %data_1_val" [firmware/nnet_utils/nnet_mult.h:70->firmware/nnet_utils/nnet_dense_latency.h:42]   --->   Operation 4 'read' 'data_1_val_read' <Predicate = true> <Delay = 0.00>
ST_1 : Operation 5 [1/1] (0.00ns)   --->   "%data_0_val_read = read i16 @_ssdm_op_Read.ap_auto.i16, i16 %data_0_val" [firmware/nnet_utils/nnet_mult.h:70->firmware/nnet_utils/nnet_dense_latency.h:42]   --->   Operation 5 'read' 'data_0_val_read' <Predicate = true> <Delay = 0.00>
ST_1 : Operation 6 [1/1] (0.00ns)   --->   "%sext_ln70 = sext i16 %data_0_val_read" [firmware/nnet_utils/nnet_mult.h:70->firmware/nnet_utils/nnet_dense_latency.h:42]   --->   Operation 6 'sext' 'sext_ln70' <Predicate = true> <Delay = 0.00>
ST_1 : Operation 7 [1/1] (2.07ns)   --->   "%sub_ln73 = sub i17 0, i17 %sext_ln70" [firmware/nnet_utils/nnet_mult.h:73->firmware/nnet_utils/nnet_dense_latency.h:42]   --->   Operation 7 'sub' 'sub_ln73' <Predicate = true> <Delay = 2.07> <CoreInst = "Adder">   --->   Core 1 'Adder' <Latency = 0> <II = 1> <Delay = 2.10> <FuncUnit> <Opcode : 'add' 'sub'> <InPorts = 2> <OutPorts = 1>
ST_1 : Operation 8 [1/1] (0.00ns)   --->   "%trunc_ln = partselect i16 @_ssdm_op_PartSelect.i16.i17.i32.i32, i17 %sub_ln73, i32 1, i32 16" [firmware/nnet_utils/nnet_dense_latency.h:42]   --->   Operation 8 'partselect' 'trunc_ln' <Predicate = true> <Delay = 0.00>
ST_1 : Operation 9 [1/1] (0.00ns)   --->   "%trunc_ln42_1 = partselect i15 @_ssdm_op_PartSelect.i15.i16.i32.i32, i16 %data_0_val_read, i32 1, i32 15" [firmware/nnet_utils/nnet_dense_latency.h:42]   --->   Operation 9 'partselect' 'trunc_ln42_1' <Predicate = true> <Delay = 0.00>
ST_1 : Operation 10 [1/1] (0.00ns)   --->   "%sext_ln42 = sext i15 %trunc_ln42_1" [firmware/nnet_utils/nnet_dense_latency.h:42]   --->   Operation 10 'sext' 'sext_ln42' <Predicate = true> <Delay = 0.00>
ST_1 : Operation 11 [1/1] (0.00ns)   --->   "%sext_ln70_1 = sext i16 %data_1_val_read" [firmware/nnet_utils/nnet_mult.h:70->firmware/nnet_utils/nnet_dense_latency.h:42]   --->   Operation 11 'sext' 'sext_ln70_1' <Predicate = true> <Delay = 0.00>
ST_1 : Operation 12 [1/1] (2.07ns)   --->   "%sub_ln73_49 = sub i17 0, i17 %sext_ln70_1" [firmware/nnet_utils/nnet_mult.h:73->firmware/nnet_utils/nnet_dense_latency.h:42]   --->   Operation 12 'sub' 'sub_ln73_49' <Predicate = true> <Delay = 2.07> <CoreInst = "Adder">   --->   Core 1 'Adder' <Latency = 0> <II = 1> <Delay = 2.10> <FuncUnit> <Opcode : 'add' 'sub'> <InPorts = 2> <OutPorts = 1>
ST_1 : Operation 13 [1/1] (0.00ns)   --->   "%trunc_ln42_2 = partselect i16 @_ssdm_op_PartSelect.i16.i17.i32.i32, i17 %sub_ln73_49, i32 1, i32 16" [firmware/nnet_utils/nnet_dense_latency.h:42]   --->   Operation 13 'partselect' 'trunc_ln42_2' <Predicate = true> <Delay = 0.00>
ST_1 : Operation 14 [1/1] (0.00ns)   --->   "%trunc_ln42_3 = partselect i15 @_ssdm_op_PartSelect.i15.i16.i32.i32, i16 %data_1_val_read, i32 1, i32 15" [firmware/nnet_utils/nnet_dense_latency.h:42]   --->   Operation 14 'partselect' 'trunc_ln42_3' <Predicate = true> <Delay = 0.00>
ST_1 : Operation 15 [1/1] (0.00ns)   --->   "%sext_ln42_14 = sext i15 %trunc_ln42_3" [firmware/nnet_utils/nnet_dense_latency.h:42]   --->   Operation 15 'sext' 'sext_ln42_14' <Predicate = true> <Delay = 0.00>
ST_1 : Operation 16 [1/1] (2.07ns)   --->   "%add_ln58 = add i16 %trunc_ln42_2, i16 %trunc_ln" [firmware/nnet_utils/nnet_dense_latency.h:58]   --->   Operation 16 'add' 'add_ln58' <Predicate = true> <Delay = 2.07> <CoreInst = "Adder">   --->   Core 1 'Adder' <Latency = 0> <II = 1> <Delay = 2.07> <FuncUnit> <Opcode : 'add' 'sub'> <InPorts = 2> <OutPorts = 1>
ST_1 : Operation 17 [1/1] (1.94ns)   --->   "%add_ln58_271 = add i16 %sext_ln42_14, i16 %sext_ln42" [firmware/nnet_utils/nnet_dense_latency.h:58]   --->   Operation 17 'add' 'add_ln58_271' <Predicate = true> <Delay = 1.94> <CoreInst = "Adder">   --->   Core 1 'Adder' <Latency = 0> <II = 1> <Delay = 2.07> <FuncUnit> <Opcode : 'add' 'sub'> <InPorts = 2> <OutPorts = 1>
ST_1 : Operation 18 [1/1] (2.07ns)   --->   "%add_ln58_272 = add i16 %trunc_ln, i16 %sext_ln42_14" [firmware/nnet_utils/nnet_dense_latency.h:58]   --->   Operation 18 'add' 'add_ln58_272' <Predicate = true> <Delay = 2.07> <CoreInst = "Adder">   --->   Core 1 'Adder' <Latency = 0> <II = 1> <Delay = 2.07> <FuncUnit> <Opcode : 'add' 'sub'> <InPorts = 2> <OutPorts = 1>
ST_1 : Operation 19 [1/1] (0.00ns)   --->   "%mrv = insertvalue i272 <undef>, i16 %add_ln58" [firmware/nnet_utils/nnet_dense_latency.h:68]   --->   Operation 19 'insertvalue' 'mrv' <Predicate = true> <Delay = 0.00>
ST_1 : Operation 20 [1/1] (0.00ns)   --->   "%mrv_1 = insertvalue i272 %mrv, i16 %trunc_ln42_2" [firmware/nnet_utils/nnet_dense_latency.h:68]   --->   Operation 20 'insertvalue' 'mrv_1' <Predicate = true> <Delay = 0.00>
ST_1 : Operation 21 [1/1] (0.00ns)   --->   "%mrv_2 = insertvalue i272 %mrv_1, i16 %trunc_ln" [firmware/nnet_utils/nnet_dense_latency.h:68]   --->   Operation 21 'insertvalue' 'mrv_2' <Predicate = true> <Delay = 0.00>
ST_1 : Operation 22 [1/1] (0.00ns)   --->   "%mrv_3 = insertvalue i272 %mrv_2, i16 %add_ln58_271" [firmware/nnet_utils/nnet_dense_latency.h:68]   --->   Operation 22 'insertvalue' 'mrv_3' <Predicate = true> <Delay = 0.00>
ST_1 : Operation 23 [1/1] (0.00ns)   --->   "%mrv_4 = insertvalue i272 %mrv_3, i16 %add_ln58_271" [firmware/nnet_utils/nnet_dense_latency.h:68]   --->   Operation 23 'insertvalue' 'mrv_4' <Predicate = true> <Delay = 0.00>
ST_1 : Operation 24 [1/1] (0.00ns)   --->   "%mrv_5 = insertvalue i272 %mrv_4, i16 %sext_ln42_14" [firmware/nnet_utils/nnet_dense_latency.h:68]   --->   Operation 24 'insertvalue' 'mrv_5' <Predicate = true> <Delay = 0.00>
ST_1 : Operation 25 [1/1] (0.00ns)   --->   "%mrv_6 = insertvalue i272 %mrv_5, i16 %trunc_ln" [firmware/nnet_utils/nnet_dense_latency.h:68]   --->   Operation 25 'insertvalue' 'mrv_6' <Predicate = true> <Delay = 0.00>
ST_1 : Operation 26 [1/1] (0.00ns)   --->   "%mrv_7 = insertvalue i272 %mrv_6, i16 %add_ln58" [firmware/nnet_utils/nnet_dense_latency.h:68]   --->   Operation 26 'insertvalue' 'mrv_7' <Predicate = true> <Delay = 0.00>
ST_1 : Operation 27 [1/1] (0.00ns)   --->   "%mrv_8 = insertvalue i272 %mrv_7, i16 %sext_ln42" [firmware/nnet_utils/nnet_dense_latency.h:68]   --->   Operation 27 'insertvalue' 'mrv_8' <Predicate = true> <Delay = 0.00>
ST_1 : Operation 28 [1/1] (0.00ns)   --->   "%mrv_9 = insertvalue i272 %mrv_8, i16 %add_ln58" [firmware/nnet_utils/nnet_dense_latency.h:68]   --->   Operation 28 'insertvalue' 'mrv_9' <Predicate = true> <Delay = 0.00>
ST_1 : Operation 29 [1/1] (0.00ns)   --->   "%mrv_10 = insertvalue i272 %mrv_9, i16 %sext_ln42" [firmware/nnet_utils/nnet_dense_latency.h:68]   --->   Operation 29 'insertvalue' 'mrv_10' <Predicate = true> <Delay = 0.00>
ST_1 : Operation 30 [1/1] (0.00ns)   --->   "%mrv_11 = insertvalue i272 %mrv_10, i16 %add_ln58_271" [firmware/nnet_utils/nnet_dense_latency.h:68]   --->   Operation 30 'insertvalue' 'mrv_11' <Predicate = true> <Delay = 0.00>
ST_1 : Operation 31 [1/1] (0.00ns)   --->   "%mrv_12 = insertvalue i272 %mrv_11, i16 %sext_ln42_14" [firmware/nnet_utils/nnet_dense_latency.h:68]   --->   Operation 31 'insertvalue' 'mrv_12' <Predicate = true> <Delay = 0.00>
ST_1 : Operation 32 [1/1] (0.00ns)   --->   "%mrv_13 = insertvalue i272 %mrv_12, i16 %add_ln58_271" [firmware/nnet_utils/nnet_dense_latency.h:68]   --->   Operation 32 'insertvalue' 'mrv_13' <Predicate = true> <Delay = 0.00>
ST_1 : Operation 33 [1/1] (0.00ns)   --->   "%mrv_14 = insertvalue i272 %mrv_13, i16 %sext_ln42_14" [firmware/nnet_utils/nnet_dense_latency.h:68]   --->   Operation 33 'insertvalue' 'mrv_14' <Predicate = true> <Delay = 0.00>
ST_1 : Operation 34 [1/1] (0.00ns)   --->   "%mrv_15 = insertvalue i272 %mrv_14, i16 %add_ln58_272" [firmware/nnet_utils/nnet_dense_latency.h:68]   --->   Operation 34 'insertvalue' 'mrv_15' <Predicate = true> <Delay = 0.00>
ST_1 : Operation 35 [1/1] (0.00ns)   --->   "%mrv_16 = insertvalue i272 %mrv_15, i16 %add_ln58_271" [firmware/nnet_utils/nnet_dense_latency.h:68]   --->   Operation 35 'insertvalue' 'mrv_16' <Predicate = true> <Delay = 0.00>
ST_1 : Operation 36 [1/1] (0.00ns)   --->   "%ret_ln68 = ret i272 %mrv_16" [firmware/nnet_utils/nnet_dense_latency.h:68]   --->   Operation 36 'ret' 'ret_ln68' <Predicate = true> <Delay = 0.00>


============================================================
+ Verbose Summary: Binding
============================================================
STG Binding: 
---------------- STG Properties BEGIN ----------------
- Is combinational: 1
- Is one-state seq: 0
- Is datapath-only: 0
- Is pipelined: 1
- Is top level: 0
Port [ Return ] is wired: 1; IO mode=ap_ctrl_hs:ce=0
Port [ data_0_val]:  wired=1; compound=0; hidden=0; nouse=0; global=0; static=0; extern=0; dir=0; type=0; pingpong=0; private_global=0; IO mode=ap_none:ce=0
Port [ data_1_val]:  wired=1; compound=0; hidden=0; nouse=0; global=0; static=0; extern=0; dir=0; type=0; pingpong=0; private_global=0; IO mode=ap_none:ce=0
---------------- STG Properties END ------------------

---------------- Datapath Model BEGIN ----------------

<LifeTime>
<method=bitvector/>
specpipeline_ln33      (specpipeline     ) [ 00]
specresourcelimit_ln33 (specresourcelimit) [ 00]
data_1_val_read        (read             ) [ 00]
data_0_val_read        (read             ) [ 00]
sext_ln70              (sext             ) [ 00]
sub_ln73               (sub              ) [ 00]
trunc_ln               (partselect       ) [ 00]
trunc_ln42_1           (partselect       ) [ 00]
sext_ln42              (sext             ) [ 00]
sext_ln70_1            (sext             ) [ 00]
sub_ln73_49            (sub              ) [ 00]
trunc_ln42_2           (partselect       ) [ 00]
trunc_ln42_3           (partselect       ) [ 00]
sext_ln42_14           (sext             ) [ 00]
add_ln58               (add              ) [ 00]
add_ln58_271           (add              ) [ 00]
add_ln58_272           (add              ) [ 00]
mrv                    (insertvalue      ) [ 00]
mrv_1                  (insertvalue      ) [ 00]
mrv_2                  (insertvalue      ) [ 00]
mrv_3                  (insertvalue      ) [ 00]
mrv_4                  (insertvalue      ) [ 00]
mrv_5                  (insertvalue      ) [ 00]
mrv_6                  (insertvalue      ) [ 00]
mrv_7                  (insertvalue      ) [ 00]
mrv_8                  (insertvalue      ) [ 00]
mrv_9                  (insertvalue      ) [ 00]
mrv_10                 (insertvalue      ) [ 00]
mrv_11                 (insertvalue      ) [ 00]
mrv_12                 (insertvalue      ) [ 00]
mrv_13                 (insertvalue      ) [ 00]
mrv_14                 (insertvalue      ) [ 00]
mrv_15                 (insertvalue      ) [ 00]
mrv_16                 (insertvalue      ) [ 00]
ret_ln68               (ret              ) [ 00]
</LifeTime>

<model>

<comp_list>
<comp id="0" class="1000" name="data_0_val">
<pin_list>
<pin id="1" dir="1" index="0" bw="1" slack="0"/>
</pin_list>
<bind>
<StgValue><ssdm name="data_0_val"/></StgValue>
</bind>
</comp>

<comp id="2" class="1000" name="data_1_val">
<pin_list>
<pin id="3" dir="1" index="0" bw="1" slack="0"/>
</pin_list>
<bind>
<StgValue><ssdm name="data_1_val"/></StgValue>
</bind>
</comp>

<comp id="4" class="1001" name="const_4">
<pin_list>
<pin id="5" dir="1" index="0" bw="1" slack="2147483647"/>
</pin_list>
<bind>
<StgValue><ssdm name="_ssdm_op_SpecPipeline"/></StgValue>
</bind>
</comp>

<comp id="6" class="1001" name="const_6">
<pin_list>
<pin id="7" dir="1" index="0" bw="1" slack="0"/>
</pin_list>
<bind>
<StgValue><ssdm name=""/></StgValue>
</bind>
</comp>

<comp id="8" class="1001" name="const_8">
<pin_list>
<pin id="9" dir="1" index="0" bw="1" slack="2147483647"/>
</pin_list>
<bind>
<StgValue><ssdm name=""/></StgValue>
</bind>
</comp>

<comp id="10" class="1001" name="const_10">
<pin_list>
<pin id="11" dir="1" index="0" bw="1" slack="2147483647"/>
</pin_list>
<bind>
<StgValue><ssdm name="empty_0"/></StgValue>
</bind>
</comp>

<comp id="12" class="1001" name="const_12">
<pin_list>
<pin id="13" dir="1" index="0" bw="1" slack="2147483647"/>
</pin_list>
<bind>
<StgValue><ssdm name="_ssdm_op_SpecResourceLimit"/></StgValue>
</bind>
</comp>

<comp id="14" class="1001" name="const_14">
<pin_list>
<pin id="15" dir="1" index="0" bw="1" slack="2147483647"/>
</pin_list>
<bind>
<StgValue><ssdm name=""/></StgValue>
</bind>
</comp>

<comp id="16" class="1001" name="const_16">
<pin_list>
<pin id="17" dir="1" index="0" bw="1" slack="2147483647"/>
</pin_list>
<bind>
<StgValue><ssdm name="empty_1"/></StgValue>
</bind>
</comp>

<comp id="18" class="1001" name="const_18">
<pin_list>
<pin id="19" dir="1" index="0" bw="1" slack="0"/>
</pin_list>
<bind>
<StgValue><ssdm name="_ssdm_op_Read.ap_auto.i16"/></StgValue>
</bind>
</comp>

<comp id="20" class="1001" name="const_20">
<pin_list>
<pin id="21" dir="1" index="0" bw="1" slack="0"/>
</pin_list>
<bind>
<StgValue><ssdm name=""/></StgValue>
</bind>
</comp>

<comp id="22" class="1001" name="const_22">
<pin_list>
<pin id="23" dir="1" index="0" bw="1" slack="0"/>
</pin_list>
<bind>
<StgValue><ssdm name="_ssdm_op_PartSelect.i16.i17.i32.i32"/></StgValue>
</bind>
</comp>

<comp id="24" class="1001" name="const_24">
<pin_list>
<pin id="25" dir="1" index="0" bw="1" slack="0"/>
</pin_list>
<bind>
<StgValue><ssdm name=""/></StgValue>
</bind>
</comp>

<comp id="26" class="1001" name="const_26">
<pin_list>
<pin id="27" dir="1" index="0" bw="1" slack="0"/>
</pin_list>
<bind>
<StgValue><ssdm name="_ssdm_op_PartSelect.i15.i16.i32.i32"/></StgValue>
</bind>
</comp>

<comp id="28" class="1001" name="const_28">
<pin_list>
<pin id="29" dir="1" index="0" bw="1" slack="0"/>
</pin_list>
<bind>
<StgValue><ssdm name=""/></StgValue>
</bind>
</comp>

<comp id="30" class="1001" name="const_30">
<pin_list>
<pin id="31" dir="1" index="0" bw="1" slack="0"/>
</pin_list>
<bind>
<StgValue><ssdm name=""/></StgValue>
</bind>
</comp>

<comp id="32" class="1004" name="data_1_val_read_read_fu_32">
<pin_list>
<pin id="33" dir="0" index="0" bw="16" slack="0"/>
<pin id="34" dir="0" index="1" bw="16" slack="0"/>
<pin id="35" dir="1" index="2" bw="16" slack="0"/>
</pin_list>
<bind>
<opcode="read(1150) " fcode="read"/>
<opset="data_1_val_read/1 "/>
</bind>
</comp>

<comp id="38" class="1004" name="data_0_val_read_read_fu_38">
<pin_list>
<pin id="39" dir="0" index="0" bw="16" slack="0"/>
<pin id="40" dir="0" index="1" bw="16" slack="0"/>
<pin id="41" dir="1" index="2" bw="16" slack="0"/>
</pin_list>
<bind>
<opcode="read(1150) " fcode="read"/>
<opset="data_0_val_read/1 "/>
</bind>
</comp>

<comp id="44" class="1004" name="sext_ln70_fu_44">
<pin_list>
<pin id="45" dir="0" index="0" bw="16" slack="0"/>
<pin id="46" dir="1" index="1" bw="17" slack="0"/>
</pin_list>
<bind>
<opcode="sext(35) " fcode="sext"/>
<opset="sext_ln70/1 "/>
</bind>
</comp>

<comp id="48" class="1004" name="sub_ln73_fu_48">
<pin_list>
<pin id="49" dir="0" index="0" bw="1" slack="0"/>
<pin id="50" dir="0" index="1" bw="16" slack="0"/>
<pin id="51" dir="1" index="2" bw="17" slack="0"/>
</pin_list>
<bind>
<opcode="sub(10) " fcode="sub"/>
<opset="sub_ln73/1 "/>
</bind>
</comp>

<comp id="54" class="1004" name="trunc_ln_fu_54">
<pin_list>
<pin id="55" dir="0" index="0" bw="16" slack="0"/>
<pin id="56" dir="0" index="1" bw="17" slack="0"/>
<pin id="57" dir="0" index="2" bw="1" slack="0"/>
<pin id="58" dir="0" index="3" bw="6" slack="0"/>
<pin id="59" dir="1" index="4" bw="16" slack="0"/>
</pin_list>
<bind>
<opcode="partselect(1002) " fcode="partselect"/>
<opset="trunc_ln/1 "/>
</bind>
</comp>

<comp id="64" class="1004" name="trunc_ln42_1_fu_64">
<pin_list>
<pin id="65" dir="0" index="0" bw="15" slack="0"/>
<pin id="66" dir="0" index="1" bw="16" slack="0"/>
<pin id="67" dir="0" index="2" bw="1" slack="0"/>
<pin id="68" dir="0" index="3" bw="5" slack="0"/>
<pin id="69" dir="1" index="4" bw="15" slack="0"/>
</pin_list>
<bind>
<opcode="partselect(1002) " fcode="partselect"/>
<opset="trunc_ln42_1/1 "/>
</bind>
</comp>

<comp id="74" class="1004" name="sext_ln42_fu_74">
<pin_list>
<pin id="75" dir="0" index="0" bw="15" slack="0"/>
<pin id="76" dir="1" index="1" bw="16" slack="0"/>
</pin_list>
<bind>
<opcode="sext(35) " fcode="sext"/>
<opset="sext_ln42/1 "/>
</bind>
</comp>

<comp id="78" class="1004" name="sext_ln70_1_fu_78">
<pin_list>
<pin id="79" dir="0" index="0" bw="16" slack="0"/>
<pin id="80" dir="1" index="1" bw="17" slack="0"/>
</pin_list>
<bind>
<opcode="sext(35) " fcode="sext"/>
<opset="sext_ln70_1/1 "/>
</bind>
</comp>

<comp id="82" class="1004" name="sub_ln73_49_fu_82">
<pin_list>
<pin id="83" dir="0" index="0" bw="1" slack="0"/>
<pin id="84" dir="0" index="1" bw="16" slack="0"/>
<pin id="85" dir="1" index="2" bw="17" slack="0"/>
</pin_list>
<bind>
<opcode="sub(10) " fcode="sub"/>
<opset="sub_ln73_49/1 "/>
</bind>
</comp>

<comp id="88" class="1004" name="trunc_ln42_2_fu_88">
<pin_list>
<pin id="89" dir="0" index="0" bw="16" slack="0"/>
<pin id="90" dir="0" index="1" bw="17" slack="0"/>
<pin id="91" dir="0" index="2" bw="1" slack="0"/>
<pin id="92" dir="0" index="3" bw="6" slack="0"/>
<pin id="93" dir="1" index="4" bw="16" slack="0"/>
</pin_list>
<bind>
<opcode="partselect(1002) " fcode="partselect"/>
<opset="trunc_ln42_2/1 "/>
</bind>
</comp>

<comp id="98" class="1004" name="trunc_ln42_3_fu_98">
<pin_list>
<pin id="99" dir="0" index="0" bw="15" slack="0"/>
<pin id="100" dir="0" index="1" bw="16" slack="0"/>
<pin id="101" dir="0" index="2" bw="1" slack="0"/>
<pin id="102" dir="0" index="3" bw="5" slack="0"/>
<pin id="103" dir="1" index="4" bw="15" slack="0"/>
</pin_list>
<bind>
<opcode="partselect(1002) " fcode="partselect"/>
<opset="trunc_ln42_3/1 "/>
</bind>
</comp>

<comp id="108" class="1004" name="sext_ln42_14_fu_108">
<pin_list>
<pin id="109" dir="0" index="0" bw="15" slack="0"/>
<pin id="110" dir="1" index="1" bw="16" slack="0"/>
</pin_list>
<bind>
<opcode="sext(35) " fcode="sext"/>
<opset="sext_ln42_14/1 "/>
</bind>
</comp>

<comp id="112" class="1004" name="add_ln58_fu_112">
<pin_list>
<pin id="113" dir="0" index="0" bw="16" slack="0"/>
<pin id="114" dir="0" index="1" bw="16" slack="0"/>
<pin id="115" dir="1" index="2" bw="16" slack="0"/>
</pin_list>
<bind>
<opcode="add(8) " fcode="add"/>
<opset="add_ln58/1 "/>
</bind>
</comp>

<comp id="118" class="1004" name="add_ln58_271_fu_118">
<pin_list>
<pin id="119" dir="0" index="0" bw="15" slack="0"/>
<pin id="120" dir="0" index="1" bw="15" slack="0"/>
<pin id="121" dir="1" index="2" bw="16" slack="0"/>
</pin_list>
<bind>
<opcode="add(8) " fcode="add"/>
<opset="add_ln58_271/1 "/>
</bind>
</comp>

<comp id="124" class="1004" name="add_ln58_272_fu_124">
<pin_list>
<pin id="125" dir="0" index="0" bw="16" slack="0"/>
<pin id="126" dir="0" index="1" bw="15" slack="0"/>
<pin id="127" dir="1" index="2" bw="16" slack="0"/>
</pin_list>
<bind>
<opcode="add(8) " fcode="add"/>
<opset="add_ln58_272/1 "/>
</bind>
</comp>

<comp id="130" class="1004" name="mrv_fu_130">
<pin_list>
<pin id="131" dir="0" index="0" bw="272" slack="0"/>
<pin id="132" dir="0" index="1" bw="16" slack="0"/>
<pin id="133" dir="1" index="2" bw="272" slack="0"/>
</pin_list>
<bind>
<opcode="insertvalue(57) " fcode="insertvalue"/>
<opset="mrv/1 "/>
</bind>
</comp>

<comp id="136" class="1004" name="mrv_1_fu_136">
<pin_list>
<pin id="137" dir="0" index="0" bw="272" slack="0"/>
<pin id="138" dir="0" index="1" bw="16" slack="0"/>
<pin id="139" dir="1" index="2" bw="272" slack="0"/>
</pin_list>
<bind>
<opcode="insertvalue(57) " fcode="insertvalue"/>
<opset="mrv_1/1 "/>
</bind>
</comp>

<comp id="142" class="1004" name="mrv_2_fu_142">
<pin_list>
<pin id="143" dir="0" index="0" bw="272" slack="0"/>
<pin id="144" dir="0" index="1" bw="16" slack="0"/>
<pin id="145" dir="1" index="2" bw="272" slack="0"/>
</pin_list>
<bind>
<opcode="insertvalue(57) " fcode="insertvalue"/>
<opset="mrv_2/1 "/>
</bind>
</comp>

<comp id="148" class="1004" name="mrv_3_fu_148">
<pin_list>
<pin id="149" dir="0" index="0" bw="272" slack="0"/>
<pin id="150" dir="0" index="1" bw="16" slack="0"/>
<pin id="151" dir="1" index="2" bw="272" slack="0"/>
</pin_list>
<bind>
<opcode="insertvalue(57) " fcode="insertvalue"/>
<opset="mrv_3/1 "/>
</bind>
</comp>

<comp id="154" class="1004" name="mrv_4_fu_154">
<pin_list>
<pin id="155" dir="0" index="0" bw="272" slack="0"/>
<pin id="156" dir="0" index="1" bw="16" slack="0"/>
<pin id="157" dir="1" index="2" bw="272" slack="0"/>
</pin_list>
<bind>
<opcode="insertvalue(57) " fcode="insertvalue"/>
<opset="mrv_4/1 "/>
</bind>
</comp>

<comp id="160" class="1004" name="mrv_5_fu_160">
<pin_list>
<pin id="161" dir="0" index="0" bw="272" slack="0"/>
<pin id="162" dir="0" index="1" bw="15" slack="0"/>
<pin id="163" dir="1" index="2" bw="272" slack="0"/>
</pin_list>
<bind>
<opcode="insertvalue(57) " fcode="insertvalue"/>
<opset="mrv_5/1 "/>
</bind>
</comp>

<comp id="166" class="1004" name="mrv_6_fu_166">
<pin_list>
<pin id="167" dir="0" index="0" bw="272" slack="0"/>
<pin id="168" dir="0" index="1" bw="16" slack="0"/>
<pin id="169" dir="1" index="2" bw="272" slack="0"/>
</pin_list>
<bind>
<opcode="insertvalue(57) " fcode="insertvalue"/>
<opset="mrv_6/1 "/>
</bind>
</comp>

<comp id="172" class="1004" name="mrv_7_fu_172">
<pin_list>
<pin id="173" dir="0" index="0" bw="272" slack="0"/>
<pin id="174" dir="0" index="1" bw="16" slack="0"/>
<pin id="175" dir="1" index="2" bw="272" slack="0"/>
</pin_list>
<bind>
<opcode="insertvalue(57) " fcode="insertvalue"/>
<opset="mrv_7/1 "/>
</bind>
</comp>

<comp id="178" class="1004" name="mrv_8_fu_178">
<pin_list>
<pin id="179" dir="0" index="0" bw="272" slack="0"/>
<pin id="180" dir="0" index="1" bw="15" slack="0"/>
<pin id="181" dir="1" index="2" bw="272" slack="0"/>
</pin_list>
<bind>
<opcode="insertvalue(57) " fcode="insertvalue"/>
<opset="mrv_8/1 "/>
</bind>
</comp>

<comp id="184" class="1004" name="mrv_9_fu_184">
<pin_list>
<pin id="185" dir="0" index="0" bw="272" slack="0"/>
<pin id="186" dir="0" index="1" bw="16" slack="0"/>
<pin id="187" dir="1" index="2" bw="272" slack="0"/>
</pin_list>
<bind>
<opcode="insertvalue(57) " fcode="insertvalue"/>
<opset="mrv_9/1 "/>
</bind>
</comp>

<comp id="190" class="1004" name="mrv_10_fu_190">
<pin_list>
<pin id="191" dir="0" index="0" bw="272" slack="0"/>
<pin id="192" dir="0" index="1" bw="15" slack="0"/>
<pin id="193" dir="1" index="2" bw="272" slack="0"/>
</pin_list>
<bind>
<opcode="insertvalue(57) " fcode="insertvalue"/>
<opset="mrv_10/1 "/>
</bind>
</comp>

<comp id="196" class="1004" name="mrv_11_fu_196">
<pin_list>
<pin id="197" dir="0" index="0" bw="272" slack="0"/>
<pin id="198" dir="0" index="1" bw="16" slack="0"/>
<pin id="199" dir="1" index="2" bw="272" slack="0"/>
</pin_list>
<bind>
<opcode="insertvalue(57) " fcode="insertvalue"/>
<opset="mrv_11/1 "/>
</bind>
</comp>

<comp id="202" class="1004" name="mrv_12_fu_202">
<pin_list>
<pin id="203" dir="0" index="0" bw="272" slack="0"/>
<pin id="204" dir="0" index="1" bw="15" slack="0"/>
<pin id="205" dir="1" index="2" bw="272" slack="0"/>
</pin_list>
<bind>
<opcode="insertvalue(57) " fcode="insertvalue"/>
<opset="mrv_12/1 "/>
</bind>
</comp>

<comp id="208" class="1004" name="mrv_13_fu_208">
<pin_list>
<pin id="209" dir="0" index="0" bw="272" slack="0"/>
<pin id="210" dir="0" index="1" bw="16" slack="0"/>
<pin id="211" dir="1" index="2" bw="272" slack="0"/>
</pin_list>
<bind>
<opcode="insertvalue(57) " fcode="insertvalue"/>
<opset="mrv_13/1 "/>
</bind>
</comp>

<comp id="214" class="1004" name="mrv_14_fu_214">
<pin_list>
<pin id="215" dir="0" index="0" bw="272" slack="0"/>
<pin id="216" dir="0" index="1" bw="15" slack="0"/>
<pin id="217" dir="1" index="2" bw="272" slack="0"/>
</pin_list>
<bind>
<opcode="insertvalue(57) " fcode="insertvalue"/>
<opset="mrv_14/1 "/>
</bind>
</comp>

<comp id="220" class="1004" name="mrv_15_fu_220">
<pin_list>
<pin id="221" dir="0" index="0" bw="272" slack="0"/>
<pin id="222" dir="0" index="1" bw="16" slack="0"/>
<pin id="223" dir="1" index="2" bw="272" slack="0"/>
</pin_list>
<bind>
<opcode="insertvalue(57) " fcode="insertvalue"/>
<opset="mrv_15/1 "/>
</bind>
</comp>

<comp id="226" class="1004" name="mrv_16_fu_226">
<pin_list>
<pin id="227" dir="0" index="0" bw="272" slack="0"/>
<pin id="228" dir="0" index="1" bw="16" slack="0"/>
<pin id="229" dir="1" index="2" bw="272" slack="2147483647"/>
</pin_list>
<bind>
<opcode="insertvalue(57) " fcode="insertvalue"/>
<opset="mrv_16/1 "/>
</bind>
</comp>

</comp_list>

<net_list>
<net id="36"><net_src comp="18" pin="0"/><net_sink comp="32" pin=0"/></net>

<net id="37"><net_src comp="2" pin="0"/><net_sink comp="32" pin=1"/></net>

<net id="42"><net_src comp="18" pin="0"/><net_sink comp="38" pin=0"/></net>

<net id="43"><net_src comp="0" pin="0"/><net_sink comp="38" pin=1"/></net>

<net id="47"><net_src comp="38" pin="2"/><net_sink comp="44" pin=0"/></net>

<net id="52"><net_src comp="20" pin="0"/><net_sink comp="48" pin=0"/></net>

<net id="53"><net_src comp="44" pin="1"/><net_sink comp="48" pin=1"/></net>

<net id="60"><net_src comp="22" pin="0"/><net_sink comp="54" pin=0"/></net>

<net id="61"><net_src comp="48" pin="2"/><net_sink comp="54" pin=1"/></net>

<net id="62"><net_src comp="6" pin="0"/><net_sink comp="54" pin=2"/></net>

<net id="63"><net_src comp="24" pin="0"/><net_sink comp="54" pin=3"/></net>

<net id="70"><net_src comp="26" pin="0"/><net_sink comp="64" pin=0"/></net>

<net id="71"><net_src comp="38" pin="2"/><net_sink comp="64" pin=1"/></net>

<net id="72"><net_src comp="6" pin="0"/><net_sink comp="64" pin=2"/></net>

<net id="73"><net_src comp="28" pin="0"/><net_sink comp="64" pin=3"/></net>

<net id="77"><net_src comp="64" pin="4"/><net_sink comp="74" pin=0"/></net>

<net id="81"><net_src comp="32" pin="2"/><net_sink comp="78" pin=0"/></net>

<net id="86"><net_src comp="20" pin="0"/><net_sink comp="82" pin=0"/></net>

<net id="87"><net_src comp="78" pin="1"/><net_sink comp="82" pin=1"/></net>

<net id="94"><net_src comp="22" pin="0"/><net_sink comp="88" pin=0"/></net>

<net id="95"><net_src comp="82" pin="2"/><net_sink comp="88" pin=1"/></net>

<net id="96"><net_src comp="6" pin="0"/><net_sink comp="88" pin=2"/></net>

<net id="97"><net_src comp="24" pin="0"/><net_sink comp="88" pin=3"/></net>

<net id="104"><net_src comp="26" pin="0"/><net_sink comp="98" pin=0"/></net>

<net id="105"><net_src comp="32" pin="2"/><net_sink comp="98" pin=1"/></net>

<net id="106"><net_src comp="6" pin="0"/><net_sink comp="98" pin=2"/></net>

<net id="107"><net_src comp="28" pin="0"/><net_sink comp="98" pin=3"/></net>

<net id="111"><net_src comp="98" pin="4"/><net_sink comp="108" pin=0"/></net>

<net id="116"><net_src comp="88" pin="4"/><net_sink comp="112" pin=0"/></net>

<net id="117"><net_src comp="54" pin="4"/><net_sink comp="112" pin=1"/></net>

<net id="122"><net_src comp="108" pin="1"/><net_sink comp="118" pin=0"/></net>

<net id="123"><net_src comp="74" pin="1"/><net_sink comp="118" pin=1"/></net>

<net id="128"><net_src comp="54" pin="4"/><net_sink comp="124" pin=0"/></net>

<net id="129"><net_src comp="108" pin="1"/><net_sink comp="124" pin=1"/></net>

<net id="134"><net_src comp="30" pin="0"/><net_sink comp="130" pin=0"/></net>

<net id="135"><net_src comp="112" pin="2"/><net_sink comp="130" pin=1"/></net>

<net id="140"><net_src comp="130" pin="2"/><net_sink comp="136" pin=0"/></net>

<net id="141"><net_src comp="88" pin="4"/><net_sink comp="136" pin=1"/></net>

<net id="146"><net_src comp="136" pin="2"/><net_sink comp="142" pin=0"/></net>

<net id="147"><net_src comp="54" pin="4"/><net_sink comp="142" pin=1"/></net>

<net id="152"><net_src comp="142" pin="2"/><net_sink comp="148" pin=0"/></net>

<net id="153"><net_src comp="118" pin="2"/><net_sink comp="148" pin=1"/></net>

<net id="158"><net_src comp="148" pin="2"/><net_sink comp="154" pin=0"/></net>

<net id="159"><net_src comp="118" pin="2"/><net_sink comp="154" pin=1"/></net>

<net id="164"><net_src comp="154" pin="2"/><net_sink comp="160" pin=0"/></net>

<net id="165"><net_src comp="108" pin="1"/><net_sink comp="160" pin=1"/></net>

<net id="170"><net_src comp="160" pin="2"/><net_sink comp="166" pin=0"/></net>

<net id="171"><net_src comp="54" pin="4"/><net_sink comp="166" pin=1"/></net>

<net id="176"><net_src comp="166" pin="2"/><net_sink comp="172" pin=0"/></net>

<net id="177"><net_src comp="112" pin="2"/><net_sink comp="172" pin=1"/></net>

<net id="182"><net_src comp="172" pin="2"/><net_sink comp="178" pin=0"/></net>

<net id="183"><net_src comp="74" pin="1"/><net_sink comp="178" pin=1"/></net>

<net id="188"><net_src comp="178" pin="2"/><net_sink comp="184" pin=0"/></net>

<net id="189"><net_src comp="112" pin="2"/><net_sink comp="184" pin=1"/></net>

<net id="194"><net_src comp="184" pin="2"/><net_sink comp="190" pin=0"/></net>

<net id="195"><net_src comp="74" pin="1"/><net_sink comp="190" pin=1"/></net>

<net id="200"><net_src comp="190" pin="2"/><net_sink comp="196" pin=0"/></net>

<net id="201"><net_src comp="118" pin="2"/><net_sink comp="196" pin=1"/></net>

<net id="206"><net_src comp="196" pin="2"/><net_sink comp="202" pin=0"/></net>

<net id="207"><net_src comp="108" pin="1"/><net_sink comp="202" pin=1"/></net>

<net id="212"><net_src comp="202" pin="2"/><net_sink comp="208" pin=0"/></net>

<net id="213"><net_src comp="118" pin="2"/><net_sink comp="208" pin=1"/></net>

<net id="218"><net_src comp="208" pin="2"/><net_sink comp="214" pin=0"/></net>

<net id="219"><net_src comp="108" pin="1"/><net_sink comp="214" pin=1"/></net>

<net id="224"><net_src comp="214" pin="2"/><net_sink comp="220" pin=0"/></net>

<net id="225"><net_src comp="124" pin="2"/><net_sink comp="220" pin=1"/></net>

<net id="230"><net_src comp="220" pin="2"/><net_sink comp="226" pin=0"/></net>

<net id="231"><net_src comp="118" pin="2"/><net_sink comp="226" pin=1"/></net>

</net_list>

</model> 
---------------- Datapath Model END ------------------

* FSMD analyzer results:
  - Output states:
 - Input state : 
	Port: dense_latency<ap_fixed<16, 6, 5, 3, 0>, ap_fixed<16, 6, 5, 3, 0>, config4> : data_0_val | {1 }
	Port: dense_latency<ap_fixed<16, 6, 5, 3, 0>, ap_fixed<16, 6, 5, 3, 0>, config4> : data_1_val | {1 }
  - Chain level:
	State 1
		sub_ln73 : 1
		trunc_ln : 2
		sext_ln42 : 1
		sub_ln73_49 : 1
		trunc_ln42_2 : 2
		sext_ln42_14 : 1
		add_ln58 : 3
		add_ln58_271 : 2
		add_ln58_272 : 3
		mrv : 4
		mrv_1 : 5
		mrv_2 : 6
		mrv_3 : 7
		mrv_4 : 8
		mrv_5 : 9
		mrv_6 : 10
		mrv_7 : 11
		mrv_8 : 12
		mrv_9 : 13
		mrv_10 : 14
		mrv_11 : 15
		mrv_12 : 16
		mrv_13 : 17
		mrv_14 : 18
		mrv_15 : 19
		mrv_16 : 20
		ret_ln68 : 21


============================================================
+ Verbose Summary: Datapath Resource usage 
============================================================

* Functional unit list:
|----------|----------------------------|---------|---------|
| Operation|       Functional Unit      |    FF   |   LUT   |
|----------|----------------------------|---------|---------|
|          |       add_ln58_fu_112      |    0    |    23   |
|    add   |     add_ln58_271_fu_118    |    0    |    20   |
|          |     add_ln58_272_fu_124    |    0    |    23   |
|----------|----------------------------|---------|---------|
|    sub   |       sub_ln73_fu_48       |    0    |    23   |
|          |      sub_ln73_49_fu_82     |    0    |    23   |
|----------|----------------------------|---------|---------|
|   read   | data_1_val_read_read_fu_32 |    0    |    0    |
|          | data_0_val_read_read_fu_38 |    0    |    0    |
|----------|----------------------------|---------|---------|
|          |       sext_ln70_fu_44      |    0    |    0    |
|   sext   |       sext_ln42_fu_74      |    0    |    0    |
|          |      sext_ln70_1_fu_78     |    0    |    0    |
|          |     sext_ln42_14_fu_108    |    0    |    0    |
|----------|----------------------------|---------|---------|
|          |       trunc_ln_fu_54       |    0    |    0    |
|partselect|     trunc_ln42_1_fu_64     |    0    |    0    |
|          |     trunc_ln42_2_fu_88     |    0    |    0    |
|          |     trunc_ln42_3_fu_98     |    0    |    0    |
|----------|----------------------------|---------|---------|
|          |         mrv_fu_130         |    0    |    0    |
|          |        mrv_1_fu_136        |    0    |    0    |
|          |        mrv_2_fu_142        |    0    |    0    |
|          |        mrv_3_fu_148        |    0    |    0    |
|          |        mrv_4_fu_154        |    0    |    0    |
|          |        mrv_5_fu_160        |    0    |    0    |
|          |        mrv_6_fu_166        |    0    |    0    |
|          |        mrv_7_fu_172        |    0    |    0    |
|insertvalue|        mrv_8_fu_178        |    0    |    0    |
|          |        mrv_9_fu_184        |    0    |    0    |
|          |        mrv_10_fu_190       |    0    |    0    |
|          |        mrv_11_fu_196       |    0    |    0    |
|          |        mrv_12_fu_202       |    0    |    0    |
|          |        mrv_13_fu_208       |    0    |    0    |
|          |        mrv_14_fu_214       |    0    |    0    |
|          |        mrv_15_fu_220       |    0    |    0    |
|          |        mrv_16_fu_226       |    0    |    0    |
|----------|----------------------------|---------|---------|
|   Total  |                            |    0    |   112   |
|----------|----------------------------|---------|---------|

Memories:
N/A

* Register list:
N/A

* Multiplexer (MUX) list: 
|--------|------|------|------|--------|
|  Comp  |  Pin | Size |  BW  | S x BW |
|--------|------|------|------|--------|
|  Total |      |      |      |    0   |
|--------|------|------|------|--------|



* Summary:
+-----------+--------+--------+
|           |   FF   |   LUT  |
+-----------+--------+--------+
|  Function |    0   |   112  |
|   Memory  |    -   |    -   |
|Multiplexer|    -   |    -   |
|  Register |    -   |    -   |
+-----------+--------+--------+
|   Total   |    0   |   112  |
+-----------+--------+--------+
