

================================================================
== Vitis HLS Report for 'dense_latency_ap_ufixed_2_0_4_0_0_ap_fixed_16_6_5_3_0_config10_s'
================================================================
* Date:           Mon Oct 20 15:01:55 2025

* Version:        2024.1 (Build 5069499 on May 21 2024)
* Project:        myproject_prj
* Solution:       solution1 (Vivado IP Flow Target)
* Product family: zynq
* Target device:  xc7z020-clg400-1


================================================================
== Performance Estimates
================================================================
+ Timing: 
    * Summary: 
    +--------+---------+----------+------------+
    |  Clock |  Target | Estimated| Uncertainty|
    +--------+---------+----------+------------+
    |ap_clk  |  5.00 ns|  3.786 ns|     0.62 ns|
    +--------+---------+----------+------------+

+ Latency: 
    * Summary: 
    +---------+---------+-----------+-----------+-----+-----+---------+
    |  Latency (cycles) |   Latency (absolute)  |  Interval | Pipeline|
    |   min   |   max   |    min    |    max    | min | max |   Type  |
    +---------+---------+-----------+-----------+-----+-----+---------+
    |        3|        3|  15.000 ns|  15.000 ns|    1|    1|      yes|
    +---------+---------+-----------+-----------+-----+-----+---------+

    + Detail: 
        * Instance: 
        N/A

        * Loop: 
        N/A

============================================================
+ Verbose Summary: Synthesis Manager
============================================================
InlineROM: 1
ExposeGlobal: 0
============================================================
+ Verbose Summary: CDFG Model
============================================================
IsTopModel: 0
ResetActiveHigh: 1
IsCombinational: 0
IsDatapathOnly: 0
HasWiredReturn: 1
HasMFsm: 2
HasVarLatency: 0
IsPipeline: 1
IsRtlPipelined: 1
IsInstanceOverlapped: 0
IsDontTouch: 0
HasImplIP: 0
IsGatedGlobalClock: 0

+ Individual pipeline summary: 
  * Pipeline-0: initiation interval (II) = 1, depth = 4


============================================================
+ Verbose Summary: Schedule
============================================================
* Number of FSM states : 4
* Pipeline : 1
  Pipeline-0 : II = 1, D = 4, States = { 1 2 3 4 }
* Dataflow Pipeline: 0

* FSM state transitions: 
1 --> 2 
2 --> 3 
3 --> 4 
4 --> 

* FSM state operations: 

State 1 <SV = 0> <Delay = 3.21>
ST_1 : Operation 5 [1/1] (0.00ns)   --->   "%data_19_val_read = read i2 @_ssdm_op_Read.ap_auto.i2, i2 %data_19_val" [firmware/nnet_utils/nnet_mult.h:70->firmware/nnet_utils/nnet_dense_latency.h:42]   --->   Operation 5 'read' 'data_19_val_read' <Predicate = true> <Delay = 0.00>
ST_1 : Operation 6 [1/1] (0.00ns)   --->   "%data_18_val_read = read i2 @_ssdm_op_Read.ap_auto.i2, i2 %data_18_val" [firmware/nnet_utils/nnet_mult.h:70->firmware/nnet_utils/nnet_dense_latency.h:42]   --->   Operation 6 'read' 'data_18_val_read' <Predicate = true> <Delay = 0.00>
ST_1 : Operation 7 [1/1] (0.00ns)   --->   "%data_17_val_read = read i2 @_ssdm_op_Read.ap_auto.i2, i2 %data_17_val" [firmware/nnet_utils/nnet_mult.h:70->firmware/nnet_utils/nnet_dense_latency.h:42]   --->   Operation 7 'read' 'data_17_val_read' <Predicate = true> <Delay = 0.00>
ST_1 : Operation 8 [1/1] (0.00ns)   --->   "%data_16_val_read = read i2 @_ssdm_op_Read.ap_auto.i2, i2 %data_16_val" [firmware/nnet_utils/nnet_mult.h:70->firmware/nnet_utils/nnet_dense_latency.h:42]   --->   Operation 8 'read' 'data_16_val_read' <Predicate = true> <Delay = 0.00>
ST_1 : Operation 9 [1/1] (0.00ns)   --->   "%data_15_val_read = read i2 @_ssdm_op_Read.ap_auto.i2, i2 %data_15_val" [firmware/nnet_utils/nnet_mult.h:70->firmware/nnet_utils/nnet_dense_latency.h:42]   --->   Operation 9 'read' 'data_15_val_read' <Predicate = true> <Delay = 0.00>
ST_1 : Operation 10 [1/1] (0.00ns)   --->   "%data_14_val_read = read i2 @_ssdm_op_Read.ap_auto.i2, i2 %data_14_val" [firmware/nnet_utils/nnet_mult.h:70->firmware/nnet_utils/nnet_dense_latency.h:42]   --->   Operation 10 'read' 'data_14_val_read' <Predicate = true> <Delay = 0.00>
ST_1 : Operation 11 [1/1] (0.00ns)   --->   "%data_13_val_read = read i2 @_ssdm_op_Read.ap_auto.i2, i2 %data_13_val" [firmware/nnet_utils/nnet_mult.h:70->firmware/nnet_utils/nnet_dense_latency.h:42]   --->   Operation 11 'read' 'data_13_val_read' <Predicate = true> <Delay = 0.00>
ST_1 : Operation 12 [1/1] (0.00ns)   --->   "%data_12_val_read = read i2 @_ssdm_op_Read.ap_auto.i2, i2 %data_12_val" [firmware/nnet_utils/nnet_mult.h:70->firmware/nnet_utils/nnet_dense_latency.h:42]   --->   Operation 12 'read' 'data_12_val_read' <Predicate = true> <Delay = 0.00>
ST_1 : Operation 13 [1/1] (0.00ns)   --->   "%data_11_val_read = read i2 @_ssdm_op_Read.ap_auto.i2, i2 %data_11_val" [firmware/nnet_utils/nnet_mult.h:70->firmware/nnet_utils/nnet_dense_latency.h:42]   --->   Operation 13 'read' 'data_11_val_read' <Predicate = true> <Delay = 0.00>
ST_1 : Operation 14 [1/1] (0.00ns)   --->   "%data_10_val_read = read i2 @_ssdm_op_Read.ap_auto.i2, i2 %data_10_val" [firmware/nnet_utils/nnet_mult.h:70->firmware/nnet_utils/nnet_dense_latency.h:42]   --->   Operation 14 'read' 'data_10_val_read' <Predicate = true> <Delay = 0.00>
ST_1 : Operation 15 [1/1] (0.00ns)   --->   "%data_9_val_read = read i2 @_ssdm_op_Read.ap_auto.i2, i2 %data_9_val" [firmware/nnet_utils/nnet_mult.h:70->firmware/nnet_utils/nnet_dense_latency.h:42]   --->   Operation 15 'read' 'data_9_val_read' <Predicate = true> <Delay = 0.00>
ST_1 : Operation 16 [1/1] (0.00ns)   --->   "%data_8_val_read = read i2 @_ssdm_op_Read.ap_auto.i2, i2 %data_8_val" [firmware/nnet_utils/nnet_mult.h:70->firmware/nnet_utils/nnet_dense_latency.h:42]   --->   Operation 16 'read' 'data_8_val_read' <Predicate = true> <Delay = 0.00>
ST_1 : Operation 17 [1/1] (0.00ns)   --->   "%data_7_val_read = read i2 @_ssdm_op_Read.ap_auto.i2, i2 %data_7_val" [firmware/nnet_utils/nnet_mult.h:70->firmware/nnet_utils/nnet_dense_latency.h:42]   --->   Operation 17 'read' 'data_7_val_read' <Predicate = true> <Delay = 0.00>
ST_1 : Operation 18 [1/1] (0.00ns)   --->   "%data_6_val_read = read i2 @_ssdm_op_Read.ap_auto.i2, i2 %data_6_val" [firmware/nnet_utils/nnet_mult.h:70->firmware/nnet_utils/nnet_dense_latency.h:42]   --->   Operation 18 'read' 'data_6_val_read' <Predicate = true> <Delay = 0.00>
ST_1 : Operation 19 [1/1] (0.00ns)   --->   "%data_5_val_read = read i2 @_ssdm_op_Read.ap_auto.i2, i2 %data_5_val" [firmware/nnet_utils/nnet_mult.h:70->firmware/nnet_utils/nnet_dense_latency.h:42]   --->   Operation 19 'read' 'data_5_val_read' <Predicate = true> <Delay = 0.00>
ST_1 : Operation 20 [1/1] (0.00ns)   --->   "%data_4_val_read = read i2 @_ssdm_op_Read.ap_auto.i2, i2 %data_4_val" [firmware/nnet_utils/nnet_mult.h:70->firmware/nnet_utils/nnet_dense_latency.h:42]   --->   Operation 20 'read' 'data_4_val_read' <Predicate = true> <Delay = 0.00>
ST_1 : Operation 21 [1/1] (0.00ns)   --->   "%data_3_val_read = read i2 @_ssdm_op_Read.ap_auto.i2, i2 %data_3_val" [firmware/nnet_utils/nnet_mult.h:70->firmware/nnet_utils/nnet_dense_latency.h:42]   --->   Operation 21 'read' 'data_3_val_read' <Predicate = true> <Delay = 0.00>
ST_1 : Operation 22 [1/1] (0.00ns)   --->   "%data_2_val_read = read i2 @_ssdm_op_Read.ap_auto.i2, i2 %data_2_val" [firmware/nnet_utils/nnet_mult.h:70->firmware/nnet_utils/nnet_dense_latency.h:42]   --->   Operation 22 'read' 'data_2_val_read' <Predicate = true> <Delay = 0.00>
ST_1 : Operation 23 [1/1] (0.00ns)   --->   "%data_1_val_read = read i2 @_ssdm_op_Read.ap_auto.i2, i2 %data_1_val" [firmware/nnet_utils/nnet_mult.h:70->firmware/nnet_utils/nnet_dense_latency.h:42]   --->   Operation 23 'read' 'data_1_val_read' <Predicate = true> <Delay = 0.00>
ST_1 : Operation 24 [1/1] (0.00ns)   --->   "%data_0_val_read = read i2 @_ssdm_op_Read.ap_auto.i2, i2 %data_0_val" [firmware/nnet_utils/nnet_mult.h:70->firmware/nnet_utils/nnet_dense_latency.h:42]   --->   Operation 24 'read' 'data_0_val_read' <Predicate = true> <Delay = 0.00>
ST_1 : Operation 25 [1/1] (0.00ns)   --->   "%zext_ln70 = zext i2 %data_0_val_read" [firmware/nnet_utils/nnet_mult.h:70->firmware/nnet_utils/nnet_dense_latency.h:42]   --->   Operation 25 'zext' 'zext_ln70' <Predicate = true> <Delay = 0.00>
ST_1 : Operation 26 [1/1] (1.56ns)   --->   "%sub_ln73 = sub i3 0, i3 %zext_ln70" [firmware/nnet_utils/nnet_mult.h:73->firmware/nnet_utils/nnet_dense_latency.h:42]   --->   Operation 26 'sub' 'sub_ln73' <Predicate = true> <Delay = 1.56> <CoreInst = "Adder">   --->   Core 1 'Adder' <Latency = 0> <II = 1> <Delay = 1.56> <FuncUnit> <Opcode : 'add' 'sub'> <InPorts = 2> <OutPorts = 1>
ST_1 : Operation 27 [1/1] (0.00ns)   --->   "%zext_ln70_39 = zext i2 %data_1_val_read" [firmware/nnet_utils/nnet_mult.h:70->firmware/nnet_utils/nnet_dense_latency.h:42]   --->   Operation 27 'zext' 'zext_ln70_39' <Predicate = true> <Delay = 0.00>
ST_1 : Operation 28 [1/1] (1.56ns)   --->   "%sub_ln73_35 = sub i3 0, i3 %zext_ln70_39" [firmware/nnet_utils/nnet_mult.h:73->firmware/nnet_utils/nnet_dense_latency.h:42]   --->   Operation 28 'sub' 'sub_ln73_35' <Predicate = true> <Delay = 1.56> <CoreInst = "Adder">   --->   Core 1 'Adder' <Latency = 0> <II = 1> <Delay = 1.56> <FuncUnit> <Opcode : 'add' 'sub'> <InPorts = 2> <OutPorts = 1>
ST_1 : Operation 29 [1/1] (0.00ns)   --->   "%zext_ln70_40 = zext i2 %data_2_val_read" [firmware/nnet_utils/nnet_mult.h:70->firmware/nnet_utils/nnet_dense_latency.h:42]   --->   Operation 29 'zext' 'zext_ln70_40' <Predicate = true> <Delay = 0.00>
ST_1 : Operation 30 [1/1] (0.00ns)   --->   "%zext_ln70_42 = zext i2 %data_4_val_read" [firmware/nnet_utils/nnet_mult.h:70->firmware/nnet_utils/nnet_dense_latency.h:42]   --->   Operation 30 'zext' 'zext_ln70_42' <Predicate = true> <Delay = 0.00>
ST_1 : Operation 31 [1/1] (0.00ns)   --->   "%zext_ln70_43 = zext i2 %data_5_val_read" [firmware/nnet_utils/nnet_mult.h:70->firmware/nnet_utils/nnet_dense_latency.h:42]   --->   Operation 31 'zext' 'zext_ln70_43' <Predicate = true> <Delay = 0.00>
ST_1 : Operation 32 [1/1] (0.00ns)   --->   "%zext_ln70_44 = zext i2 %data_6_val_read" [firmware/nnet_utils/nnet_mult.h:70->firmware/nnet_utils/nnet_dense_latency.h:42]   --->   Operation 32 'zext' 'zext_ln70_44' <Predicate = true> <Delay = 0.00>
ST_1 : Operation 33 [1/1] (0.00ns)   --->   "%zext_ln70_45 = zext i2 %data_7_val_read" [firmware/nnet_utils/nnet_mult.h:70->firmware/nnet_utils/nnet_dense_latency.h:42]   --->   Operation 33 'zext' 'zext_ln70_45' <Predicate = true> <Delay = 0.00>
ST_1 : Operation 34 [1/1] (1.56ns)   --->   "%sub_ln73_38 = sub i3 0, i3 %zext_ln70_45" [firmware/nnet_utils/nnet_mult.h:73->firmware/nnet_utils/nnet_dense_latency.h:42]   --->   Operation 34 'sub' 'sub_ln73_38' <Predicate = true> <Delay = 1.56> <CoreInst = "Adder">   --->   Core 1 'Adder' <Latency = 0> <II = 1> <Delay = 1.56> <FuncUnit> <Opcode : 'add' 'sub'> <InPorts = 2> <OutPorts = 1>
ST_1 : Operation 35 [1/1] (0.00ns)   --->   "%zext_ln70_46 = zext i2 %data_8_val_read" [firmware/nnet_utils/nnet_mult.h:70->firmware/nnet_utils/nnet_dense_latency.h:42]   --->   Operation 35 'zext' 'zext_ln70_46' <Predicate = true> <Delay = 0.00>
ST_1 : Operation 36 [1/1] (1.56ns)   --->   "%sub_ln73_39 = sub i3 0, i3 %zext_ln70_46" [firmware/nnet_utils/nnet_mult.h:73->firmware/nnet_utils/nnet_dense_latency.h:42]   --->   Operation 36 'sub' 'sub_ln73_39' <Predicate = true> <Delay = 1.56> <CoreInst = "Adder">   --->   Core 1 'Adder' <Latency = 0> <II = 1> <Delay = 1.56> <FuncUnit> <Opcode : 'add' 'sub'> <InPorts = 2> <OutPorts = 1>
ST_1 : Operation 37 [1/1] (0.00ns)   --->   "%zext_ln70_48 = zext i2 %data_10_val_read" [firmware/nnet_utils/nnet_mult.h:70->firmware/nnet_utils/nnet_dense_latency.h:42]   --->   Operation 37 'zext' 'zext_ln70_48' <Predicate = true> <Delay = 0.00>
ST_1 : Operation 38 [1/1] (1.56ns)   --->   "%sub_ln73_41 = sub i3 0, i3 %zext_ln70_48" [firmware/nnet_utils/nnet_mult.h:73->firmware/nnet_utils/nnet_dense_latency.h:42]   --->   Operation 38 'sub' 'sub_ln73_41' <Predicate = true> <Delay = 1.56> <CoreInst = "Adder">   --->   Core 1 'Adder' <Latency = 0> <II = 1> <Delay = 1.56> <FuncUnit> <Opcode : 'add' 'sub'> <InPorts = 2> <OutPorts = 1>
ST_1 : Operation 39 [1/1] (0.00ns)   --->   "%zext_ln70_50 = zext i2 %data_12_val_read" [firmware/nnet_utils/nnet_mult.h:70->firmware/nnet_utils/nnet_dense_latency.h:42]   --->   Operation 39 'zext' 'zext_ln70_50' <Predicate = true> <Delay = 0.00>
ST_1 : Operation 40 [1/1] (1.56ns)   --->   "%sub_ln73_43 = sub i3 0, i3 %zext_ln70_50" [firmware/nnet_utils/nnet_mult.h:73->firmware/nnet_utils/nnet_dense_latency.h:42]   --->   Operation 40 'sub' 'sub_ln73_43' <Predicate = true> <Delay = 1.56> <CoreInst = "Adder">   --->   Core 1 'Adder' <Latency = 0> <II = 1> <Delay = 1.56> <FuncUnit> <Opcode : 'add' 'sub'> <InPorts = 2> <OutPorts = 1>
ST_1 : Operation 41 [1/1] (0.00ns)   --->   "%zext_ln70_51 = zext i2 %data_13_val_read" [firmware/nnet_utils/nnet_mult.h:70->firmware/nnet_utils/nnet_dense_latency.h:42]   --->   Operation 41 'zext' 'zext_ln70_51' <Predicate = true> <Delay = 0.00>
ST_1 : Operation 42 [1/1] (0.00ns)   --->   "%zext_ln70_52 = zext i2 %data_14_val_read" [firmware/nnet_utils/nnet_mult.h:70->firmware/nnet_utils/nnet_dense_latency.h:42]   --->   Operation 42 'zext' 'zext_ln70_52' <Predicate = true> <Delay = 0.00>
ST_1 : Operation 43 [1/1] (1.56ns)   --->   "%sub_ln73_44 = sub i3 0, i3 %zext_ln70_52" [firmware/nnet_utils/nnet_mult.h:73->firmware/nnet_utils/nnet_dense_latency.h:42]   --->   Operation 43 'sub' 'sub_ln73_44' <Predicate = true> <Delay = 1.56> <CoreInst = "Adder">   --->   Core 1 'Adder' <Latency = 0> <II = 1> <Delay = 1.56> <FuncUnit> <Opcode : 'add' 'sub'> <InPorts = 2> <OutPorts = 1>
ST_1 : Operation 44 [1/1] (0.00ns)   --->   "%zext_ln70_53 = zext i2 %data_15_val_read" [firmware/nnet_utils/nnet_mult.h:70->firmware/nnet_utils/nnet_dense_latency.h:42]   --->   Operation 44 'zext' 'zext_ln70_53' <Predicate = true> <Delay = 0.00>
ST_1 : Operation 45 [1/1] (1.56ns)   --->   "%sub_ln73_45 = sub i3 0, i3 %zext_ln70_53" [firmware/nnet_utils/nnet_mult.h:73->firmware/nnet_utils/nnet_dense_latency.h:42]   --->   Operation 45 'sub' 'sub_ln73_45' <Predicate = true> <Delay = 1.56> <CoreInst = "Adder">   --->   Core 1 'Adder' <Latency = 0> <II = 1> <Delay = 1.56> <FuncUnit> <Opcode : 'add' 'sub'> <InPorts = 2> <OutPorts = 1>
ST_1 : Operation 46 [1/1] (0.00ns)   --->   "%zext_ln70_54 = zext i2 %data_16_val_read" [firmware/nnet_utils/nnet_mult.h:70->firmware/nnet_utils/nnet_dense_latency.h:42]   --->   Operation 46 'zext' 'zext_ln70_54' <Predicate = true> <Delay = 0.00>
ST_1 : Operation 47 [1/1] (1.56ns)   --->   "%sub_ln73_46 = sub i3 0, i3 %zext_ln70_54" [firmware/nnet_utils/nnet_mult.h:73->firmware/nnet_utils/nnet_dense_latency.h:42]   --->   Operation 47 'sub' 'sub_ln73_46' <Predicate = true> <Delay = 1.56> <CoreInst = "Adder">   --->   Core 1 'Adder' <Latency = 0> <II = 1> <Delay = 1.56> <FuncUnit> <Opcode : 'add' 'sub'> <InPorts = 2> <OutPorts = 1>
ST_1 : Operation 48 [1/1] (0.00ns)   --->   "%zext_ln70_55 = zext i2 %data_18_val_read" [firmware/nnet_utils/nnet_mult.h:70->firmware/nnet_utils/nnet_dense_latency.h:42]   --->   Operation 48 'zext' 'zext_ln70_55' <Predicate = true> <Delay = 0.00>
ST_1 : Operation 49 [1/1] (1.56ns)   --->   "%sub_ln73_47 = sub i3 0, i3 %zext_ln70_55" [firmware/nnet_utils/nnet_mult.h:73->firmware/nnet_utils/nnet_dense_latency.h:42]   --->   Operation 49 'sub' 'sub_ln73_47' <Predicate = true> <Delay = 1.56> <CoreInst = "Adder">   --->   Core 1 'Adder' <Latency = 0> <II = 1> <Delay = 1.56> <FuncUnit> <Opcode : 'add' 'sub'> <InPorts = 2> <OutPorts = 1>
ST_1 : Operation 50 [1/1] (0.00ns)   --->   "%zext_ln70_56 = zext i2 %data_19_val_read" [firmware/nnet_utils/nnet_mult.h:70->firmware/nnet_utils/nnet_dense_latency.h:42]   --->   Operation 50 'zext' 'zext_ln70_56' <Predicate = true> <Delay = 0.00>
ST_1 : Operation 51 [1/1] (1.56ns)   --->   "%sub_ln73_48 = sub i3 0, i3 %zext_ln70_56" [firmware/nnet_utils/nnet_mult.h:73->firmware/nnet_utils/nnet_dense_latency.h:42]   --->   Operation 51 'sub' 'sub_ln73_48' <Predicate = true> <Delay = 1.56> <CoreInst = "Adder">   --->   Core 1 'Adder' <Latency = 0> <II = 1> <Delay = 1.56> <FuncUnit> <Opcode : 'add' 'sub'> <InPorts = 2> <OutPorts = 1>
ST_1 : Operation 52 [1/1] (1.56ns)   --->   "%tmp15 = sub i3 %zext_ln70_52, i3 %zext_ln70_51" [firmware/nnet_utils/nnet_mult.h:70->firmware/nnet_utils/nnet_dense_latency.h:42]   --->   Operation 52 'sub' 'tmp15' <Predicate = true> <Delay = 1.56> <CoreInst = "Adder">   --->   Core 1 'Adder' <Latency = 0> <II = 1> <Delay = 1.56> <FuncUnit> <Opcode : 'add' 'sub'> <InPorts = 2> <OutPorts = 1>
ST_1 : Operation 53 [1/1] (1.56ns)   --->   "%tmp4013 = add i3 %zext_ln70_55, i3 %zext_ln70_44" [firmware/nnet_utils/nnet_mult.h:70->firmware/nnet_utils/nnet_dense_latency.h:42]   --->   Operation 53 'add' 'tmp4013' <Predicate = true> <Delay = 1.56> <CoreInst = "Adder">   --->   Core 1 'Adder' <Latency = 0> <II = 1> <Delay = 1.56> <FuncUnit> <Opcode : 'add' 'sub'> <InPorts = 2> <OutPorts = 1>
ST_1 : Operation 54 [1/1] (1.56ns)   --->   "%sum = add i3 %zext_ln70_43, i3 %zext_ln70_40" [firmware/nnet_utils/nnet_mult.h:70->firmware/nnet_utils/nnet_dense_latency.h:42]   --->   Operation 54 'add' 'sum' <Predicate = true> <Delay = 1.56> <CoreInst = "Adder">   --->   Core 1 'Adder' <Latency = 0> <II = 1> <Delay = 1.56> <FuncUnit> <Opcode : 'add' 'sub'> <InPorts = 2> <OutPorts = 1>
ST_1 : Operation 55 [1/1] (0.00ns)   --->   "%sum_cast = zext i3 %sum" [firmware/nnet_utils/nnet_mult.h:70->firmware/nnet_utils/nnet_dense_latency.h:42]   --->   Operation 55 'zext' 'sum_cast' <Predicate = true> <Delay = 0.00>
ST_1 : Operation 56 [1/1] (0.00ns)   --->   "%data_12_val_cast87 = zext i2 %data_12_val_read" [firmware/nnet_utils/nnet_mult.h:70->firmware/nnet_utils/nnet_dense_latency.h:42]   --->   Operation 56 'zext' 'data_12_val_cast87' <Predicate = true> <Delay = 0.00>
ST_1 : Operation 57 [1/1] (1.65ns)   --->   "%tmp4311 = sub i4 %data_12_val_cast87, i4 %sum_cast" [firmware/nnet_utils/nnet_mult.h:70->firmware/nnet_utils/nnet_dense_latency.h:42]   --->   Operation 57 'sub' 'tmp4311' <Predicate = true> <Delay = 1.65> <CoreInst = "Adder">   --->   Core 1 'Adder' <Latency = 0> <II = 1> <Delay = 1.65> <FuncUnit> <Opcode : 'add' 'sub'> <InPorts = 2> <OutPorts = 1>
ST_1 : Operation 58 [1/1] (1.56ns)   --->   "%tmp459 = sub i3 %zext_ln70_46, i3 %zext_ln70_42" [firmware/nnet_utils/nnet_mult.h:70->firmware/nnet_utils/nnet_dense_latency.h:42]   --->   Operation 58 'sub' 'tmp459' <Predicate = true> <Delay = 1.56> <CoreInst = "Adder">   --->   Core 1 'Adder' <Latency = 0> <II = 1> <Delay = 1.56> <FuncUnit> <Opcode : 'add' 'sub'> <InPorts = 2> <OutPorts = 1>

State 2 <SV = 1> <Delay = 3.75>
ST_2 : Operation 59 [1/1] (0.00ns)   --->   "%shl_ln = bitconcatenate i10 @_ssdm_op_BitConcatenate.i10.i3.i7, i3 %sub_ln73, i7 0" [firmware/nnet_utils/nnet_dense_latency.h:42]   --->   Operation 59 'bitconcatenate' 'shl_ln' <Predicate = true> <Delay = 0.00>
ST_2 : Operation 60 [1/1] (0.00ns)   --->   "%shl_ln42_s = bitconcatenate i9 @_ssdm_op_BitConcatenate.i9.i2.i7, i2 %data_0_val_read, i7 0" [firmware/nnet_utils/nnet_dense_latency.h:42]   --->   Operation 60 'bitconcatenate' 'shl_ln42_s' <Predicate = true> <Delay = 0.00>
ST_2 : Operation 61 [1/1] (0.00ns)   --->   "%shl_ln42_64_cast = zext i9 %shl_ln42_s" [firmware/nnet_utils/nnet_dense_latency.h:42]   --->   Operation 61 'zext' 'shl_ln42_64_cast' <Predicate = true> <Delay = 0.00>
ST_2 : Operation 62 [1/1] (0.00ns)   --->   "%shl_ln42_62 = bitconcatenate i9 @_ssdm_op_BitConcatenate.i9.i2.i7, i2 %data_1_val_read, i7 0" [firmware/nnet_utils/nnet_dense_latency.h:42]   --->   Operation 62 'bitconcatenate' 'shl_ln42_62' <Predicate = true> <Delay = 0.00>
ST_2 : Operation 63 [1/1] (0.00ns)   --->   "%zext_ln73 = zext i9 %shl_ln42_62" [firmware/nnet_utils/nnet_mult.h:73->firmware/nnet_utils/nnet_dense_latency.h:42]   --->   Operation 63 'zext' 'zext_ln73' <Predicate = true> <Delay = 0.00>
ST_2 : Operation 64 [1/1] (0.00ns)   --->   "%shl_ln42_63 = bitconcatenate i10 @_ssdm_op_BitConcatenate.i10.i3.i7, i3 %sub_ln73_35, i7 0" [firmware/nnet_utils/nnet_dense_latency.h:42]   --->   Operation 64 'bitconcatenate' 'shl_ln42_63' <Predicate = true> <Delay = 0.00>
ST_2 : Operation 65 [1/1] (0.00ns)   --->   "%shl_ln42_64 = bitconcatenate i9 @_ssdm_op_BitConcatenate.i9.i2.i7, i2 %data_2_val_read, i7 0" [firmware/nnet_utils/nnet_dense_latency.h:42]   --->   Operation 65 'bitconcatenate' 'shl_ln42_64' <Predicate = true> <Delay = 0.00>
ST_2 : Operation 66 [1/1] (0.00ns)   --->   "%shl_ln42_67_cast = zext i9 %shl_ln42_64" [firmware/nnet_utils/nnet_dense_latency.h:42]   --->   Operation 66 'zext' 'shl_ln42_67_cast' <Predicate = true> <Delay = 0.00>
ST_2 : Operation 67 [1/1] (0.00ns)   --->   "%zext_ln70_41 = zext i2 %data_3_val_read" [firmware/nnet_utils/nnet_mult.h:70->firmware/nnet_utils/nnet_dense_latency.h:42]   --->   Operation 67 'zext' 'zext_ln70_41' <Predicate = true> <Delay = 0.00>
ST_2 : Operation 68 [1/1] (0.00ns)   --->   "%shl_ln42_65 = bitconcatenate i9 @_ssdm_op_BitConcatenate.i9.i2.i7, i2 %data_3_val_read, i7 0" [firmware/nnet_utils/nnet_dense_latency.h:42]   --->   Operation 68 'bitconcatenate' 'shl_ln42_65' <Predicate = true> <Delay = 0.00>
ST_2 : Operation 69 [1/1] (0.00ns)   --->   "%zext_ln73_27 = zext i9 %shl_ln42_65" [firmware/nnet_utils/nnet_mult.h:73->firmware/nnet_utils/nnet_dense_latency.h:42]   --->   Operation 69 'zext' 'zext_ln73_27' <Predicate = true> <Delay = 0.00>
ST_2 : Operation 70 [1/1] (0.00ns)   --->   "%zext_ln73_28 = zext i9 %shl_ln42_65" [firmware/nnet_utils/nnet_mult.h:73->firmware/nnet_utils/nnet_dense_latency.h:42]   --->   Operation 70 'zext' 'zext_ln73_28' <Predicate = true> <Delay = 0.00>
ST_2 : Operation 71 [1/1] (1.56ns)   --->   "%sub_ln73_36 = sub i3 0, i3 %zext_ln70_41" [firmware/nnet_utils/nnet_mult.h:73->firmware/nnet_utils/nnet_dense_latency.h:42]   --->   Operation 71 'sub' 'sub_ln73_36' <Predicate = true> <Delay = 1.56> <CoreInst = "Adder">   --->   Core 1 'Adder' <Latency = 0> <II = 1> <Delay = 1.56> <FuncUnit> <Opcode : 'add' 'sub'> <InPorts = 2> <OutPorts = 1>
ST_2 : Operation 72 [1/1] (0.00ns)   --->   "%shl_ln42_66 = bitconcatenate i10 @_ssdm_op_BitConcatenate.i10.i3.i7, i3 %sub_ln73_36, i7 0" [firmware/nnet_utils/nnet_dense_latency.h:42]   --->   Operation 72 'bitconcatenate' 'shl_ln42_66' <Predicate = true> <Delay = 0.00>
ST_2 : Operation 73 [1/1] (0.00ns)   --->   "%shl_ln42_69_cast = sext i10 %shl_ln42_66" [firmware/nnet_utils/nnet_dense_latency.h:42]   --->   Operation 73 'sext' 'shl_ln42_69_cast' <Predicate = true> <Delay = 0.00>
ST_2 : Operation 74 [1/1] (0.00ns)   --->   "%shl_ln42_67 = bitconcatenate i9 @_ssdm_op_BitConcatenate.i9.i2.i7, i2 %data_4_val_read, i7 0" [firmware/nnet_utils/nnet_dense_latency.h:42]   --->   Operation 74 'bitconcatenate' 'shl_ln42_67' <Predicate = true> <Delay = 0.00>
ST_2 : Operation 75 [1/1] (0.00ns)   --->   "%shl_ln42_70_cast79 = zext i9 %shl_ln42_67" [firmware/nnet_utils/nnet_dense_latency.h:42]   --->   Operation 75 'zext' 'shl_ln42_70_cast79' <Predicate = true> <Delay = 0.00>
ST_2 : Operation 76 [1/1] (0.00ns)   --->   "%shl_ln42_70_cast = zext i9 %shl_ln42_67" [firmware/nnet_utils/nnet_dense_latency.h:42]   --->   Operation 76 'zext' 'shl_ln42_70_cast' <Predicate = true> <Delay = 0.00>
ST_2 : Operation 77 [1/1] (0.00ns)   --->   "%shl_ln42_68 = bitconcatenate i9 @_ssdm_op_BitConcatenate.i9.i2.i7, i2 %data_5_val_read, i7 0" [firmware/nnet_utils/nnet_dense_latency.h:42]   --->   Operation 77 'bitconcatenate' 'shl_ln42_68' <Predicate = true> <Delay = 0.00>
ST_2 : Operation 78 [1/1] (0.00ns)   --->   "%shl_ln42_71_cast = zext i9 %shl_ln42_68" [firmware/nnet_utils/nnet_dense_latency.h:42]   --->   Operation 78 'zext' 'shl_ln42_71_cast' <Predicate = true> <Delay = 0.00>
ST_2 : Operation 79 [1/1] (1.56ns)   --->   "%sub_ln73_37 = sub i3 0, i3 %zext_ln70_44" [firmware/nnet_utils/nnet_mult.h:73->firmware/nnet_utils/nnet_dense_latency.h:42]   --->   Operation 79 'sub' 'sub_ln73_37' <Predicate = true> <Delay = 1.56> <CoreInst = "Adder">   --->   Core 1 'Adder' <Latency = 0> <II = 1> <Delay = 1.56> <FuncUnit> <Opcode : 'add' 'sub'> <InPorts = 2> <OutPorts = 1>
ST_2 : Operation 80 [1/1] (0.00ns)   --->   "%shl_ln42_69 = bitconcatenate i10 @_ssdm_op_BitConcatenate.i10.i3.i7, i3 %sub_ln73_37, i7 0" [firmware/nnet_utils/nnet_dense_latency.h:42]   --->   Operation 80 'bitconcatenate' 'shl_ln42_69' <Predicate = true> <Delay = 0.00>
ST_2 : Operation 81 [1/1] (0.00ns)   --->   "%shl_ln42_69_cast2 = sext i10 %shl_ln42_69" [firmware/nnet_utils/nnet_dense_latency.h:42]   --->   Operation 81 'sext' 'shl_ln42_69_cast2' <Predicate = true> <Delay = 0.00>
ST_2 : Operation 82 [1/1] (0.00ns)   --->   "%shl_ln42_72_cast = sext i10 %shl_ln42_69" [firmware/nnet_utils/nnet_dense_latency.h:42]   --->   Operation 82 'sext' 'shl_ln42_72_cast' <Predicate = true> <Delay = 0.00>
ST_2 : Operation 83 [1/1] (0.00ns)   --->   "%shl_ln42_70 = bitconcatenate i9 @_ssdm_op_BitConcatenate.i9.i2.i7, i2 %data_7_val_read, i7 0" [firmware/nnet_utils/nnet_dense_latency.h:42]   --->   Operation 83 'bitconcatenate' 'shl_ln42_70' <Predicate = true> <Delay = 0.00>
ST_2 : Operation 84 [1/1] (0.00ns)   --->   "%zext_ln73_29 = zext i9 %shl_ln42_70" [firmware/nnet_utils/nnet_mult.h:73->firmware/nnet_utils/nnet_dense_latency.h:42]   --->   Operation 84 'zext' 'zext_ln73_29' <Predicate = true> <Delay = 0.00>
ST_2 : Operation 85 [1/1] (0.00ns)   --->   "%zext_ln73_30 = zext i9 %shl_ln42_70" [firmware/nnet_utils/nnet_mult.h:73->firmware/nnet_utils/nnet_dense_latency.h:42]   --->   Operation 85 'zext' 'zext_ln73_30' <Predicate = true> <Delay = 0.00>
ST_2 : Operation 86 [1/1] (0.00ns)   --->   "%shl_ln42_71 = bitconcatenate i10 @_ssdm_op_BitConcatenate.i10.i3.i7, i3 %sub_ln73_38, i7 0" [firmware/nnet_utils/nnet_dense_latency.h:42]   --->   Operation 86 'bitconcatenate' 'shl_ln42_71' <Predicate = true> <Delay = 0.00>
ST_2 : Operation 87 [1/1] (0.00ns)   --->   "%shl_ln42_74_cast = sext i10 %shl_ln42_71" [firmware/nnet_utils/nnet_dense_latency.h:42]   --->   Operation 87 'sext' 'shl_ln42_74_cast' <Predicate = true> <Delay = 0.00>
ST_2 : Operation 88 [1/1] (0.00ns)   --->   "%shl_ln42_72 = bitconcatenate i10 @_ssdm_op_BitConcatenate.i10.i3.i7, i3 %sub_ln73_39, i7 0" [firmware/nnet_utils/nnet_dense_latency.h:42]   --->   Operation 88 'bitconcatenate' 'shl_ln42_72' <Predicate = true> <Delay = 0.00>
ST_2 : Operation 89 [1/1] (0.00ns)   --->   "%shl_ln42_75_cast = sext i10 %shl_ln42_72" [firmware/nnet_utils/nnet_dense_latency.h:42]   --->   Operation 89 'sext' 'shl_ln42_75_cast' <Predicate = true> <Delay = 0.00>
ST_2 : Operation 90 [1/1] (0.00ns)   --->   "%zext_ln70_47 = zext i2 %data_9_val_read" [firmware/nnet_utils/nnet_mult.h:70->firmware/nnet_utils/nnet_dense_latency.h:42]   --->   Operation 90 'zext' 'zext_ln70_47' <Predicate = true> <Delay = 0.00>
ST_2 : Operation 91 [1/1] (0.00ns)   --->   "%shl_ln42_73 = bitconcatenate i9 @_ssdm_op_BitConcatenate.i9.i2.i7, i2 %data_9_val_read, i7 0" [firmware/nnet_utils/nnet_dense_latency.h:42]   --->   Operation 91 'bitconcatenate' 'shl_ln42_73' <Predicate = true> <Delay = 0.00>
ST_2 : Operation 92 [1/1] (0.00ns)   --->   "%zext_ln73_31 = zext i9 %shl_ln42_73" [firmware/nnet_utils/nnet_mult.h:73->firmware/nnet_utils/nnet_dense_latency.h:42]   --->   Operation 92 'zext' 'zext_ln73_31' <Predicate = true> <Delay = 0.00>
ST_2 : Operation 93 [1/1] (0.00ns)   --->   "%zext_ln73_32 = zext i9 %shl_ln42_73" [firmware/nnet_utils/nnet_mult.h:73->firmware/nnet_utils/nnet_dense_latency.h:42]   --->   Operation 93 'zext' 'zext_ln73_32' <Predicate = true> <Delay = 0.00>
ST_2 : Operation 94 [1/1] (1.56ns)   --->   "%sub_ln73_40 = sub i3 0, i3 %zext_ln70_47" [firmware/nnet_utils/nnet_mult.h:73->firmware/nnet_utils/nnet_dense_latency.h:42]   --->   Operation 94 'sub' 'sub_ln73_40' <Predicate = true> <Delay = 1.56> <CoreInst = "Adder">   --->   Core 1 'Adder' <Latency = 0> <II = 1> <Delay = 1.56> <FuncUnit> <Opcode : 'add' 'sub'> <InPorts = 2> <OutPorts = 1>
ST_2 : Operation 95 [1/1] (0.00ns)   --->   "%shl_ln42_74 = bitconcatenate i10 @_ssdm_op_BitConcatenate.i10.i3.i7, i3 %sub_ln73_40, i7 0" [firmware/nnet_utils/nnet_dense_latency.h:42]   --->   Operation 95 'bitconcatenate' 'shl_ln42_74' <Predicate = true> <Delay = 0.00>
ST_2 : Operation 96 [1/1] (0.00ns)   --->   "%shl_ln42_77_cast88 = sext i10 %shl_ln42_74" [firmware/nnet_utils/nnet_dense_latency.h:42]   --->   Operation 96 'sext' 'shl_ln42_77_cast88' <Predicate = true> <Delay = 0.00>
ST_2 : Operation 97 [1/1] (0.00ns)   --->   "%shl_ln42_77_cast = sext i10 %shl_ln42_74" [firmware/nnet_utils/nnet_dense_latency.h:42]   --->   Operation 97 'sext' 'shl_ln42_77_cast' <Predicate = true> <Delay = 0.00>
ST_2 : Operation 98 [1/1] (0.00ns)   --->   "%shl_ln42_75 = bitconcatenate i9 @_ssdm_op_BitConcatenate.i9.i2.i7, i2 %data_10_val_read, i7 0" [firmware/nnet_utils/nnet_dense_latency.h:42]   --->   Operation 98 'bitconcatenate' 'shl_ln42_75' <Predicate = true> <Delay = 0.00>
ST_2 : Operation 99 [1/1] (0.00ns)   --->   "%zext_ln73_33 = zext i9 %shl_ln42_75" [firmware/nnet_utils/nnet_mult.h:73->firmware/nnet_utils/nnet_dense_latency.h:42]   --->   Operation 99 'zext' 'zext_ln73_33' <Predicate = true> <Delay = 0.00>
ST_2 : Operation 100 [1/1] (0.00ns)   --->   "%shl_ln42_76 = bitconcatenate i10 @_ssdm_op_BitConcatenate.i10.i3.i7, i3 %sub_ln73_41, i7 0" [firmware/nnet_utils/nnet_dense_latency.h:42]   --->   Operation 100 'bitconcatenate' 'shl_ln42_76' <Predicate = true> <Delay = 0.00>
ST_2 : Operation 101 [1/1] (0.00ns)   --->   "%shl_ln42_79_cast = sext i10 %shl_ln42_76" [firmware/nnet_utils/nnet_dense_latency.h:42]   --->   Operation 101 'sext' 'shl_ln42_79_cast' <Predicate = true> <Delay = 0.00>
ST_2 : Operation 102 [1/1] (0.00ns)   --->   "%zext_ln70_49 = zext i2 %data_11_val_read" [firmware/nnet_utils/nnet_mult.h:70->firmware/nnet_utils/nnet_dense_latency.h:42]   --->   Operation 102 'zext' 'zext_ln70_49' <Predicate = true> <Delay = 0.00>
ST_2 : Operation 103 [1/1] (0.00ns)   --->   "%shl_ln42_77 = bitconcatenate i9 @_ssdm_op_BitConcatenate.i9.i2.i7, i2 %data_11_val_read, i7 0" [firmware/nnet_utils/nnet_dense_latency.h:42]   --->   Operation 103 'bitconcatenate' 'shl_ln42_77' <Predicate = true> <Delay = 0.00>
ST_2 : Operation 104 [1/1] (0.00ns)   --->   "%zext_ln73_34 = zext i9 %shl_ln42_77" [firmware/nnet_utils/nnet_mult.h:73->firmware/nnet_utils/nnet_dense_latency.h:42]   --->   Operation 104 'zext' 'zext_ln73_34' <Predicate = true> <Delay = 0.00>
ST_2 : Operation 105 [1/1] (1.56ns)   --->   "%sub_ln73_42 = sub i3 0, i3 %zext_ln70_49" [firmware/nnet_utils/nnet_mult.h:73->firmware/nnet_utils/nnet_dense_latency.h:42]   --->   Operation 105 'sub' 'sub_ln73_42' <Predicate = true> <Delay = 1.56> <CoreInst = "Adder">   --->   Core 1 'Adder' <Latency = 0> <II = 1> <Delay = 1.56> <FuncUnit> <Opcode : 'add' 'sub'> <InPorts = 2> <OutPorts = 1>
ST_2 : Operation 106 [1/1] (0.00ns)   --->   "%shl_ln42_79 = bitconcatenate i10 @_ssdm_op_BitConcatenate.i10.i3.i7, i3 %sub_ln73_43, i7 0" [firmware/nnet_utils/nnet_dense_latency.h:42]   --->   Operation 106 'bitconcatenate' 'shl_ln42_79' <Predicate = true> <Delay = 0.00>
ST_2 : Operation 107 [1/1] (0.00ns)   --->   "%shl_ln42_82_cast = sext i10 %shl_ln42_79" [firmware/nnet_utils/nnet_dense_latency.h:42]   --->   Operation 107 'sext' 'shl_ln42_82_cast' <Predicate = true> <Delay = 0.00>
ST_2 : Operation 108 [1/1] (0.00ns)   --->   "%shl_ln42_80 = bitconcatenate i9 @_ssdm_op_BitConcatenate.i9.i2.i7, i2 %data_13_val_read, i7 0" [firmware/nnet_utils/nnet_dense_latency.h:42]   --->   Operation 108 'bitconcatenate' 'shl_ln42_80' <Predicate = true> <Delay = 0.00>
ST_2 : Operation 109 [1/1] (0.00ns)   --->   "%zext_ln73_35 = zext i9 %shl_ln42_80" [firmware/nnet_utils/nnet_mult.h:73->firmware/nnet_utils/nnet_dense_latency.h:42]   --->   Operation 109 'zext' 'zext_ln73_35' <Predicate = true> <Delay = 0.00>
ST_2 : Operation 110 [1/1] (0.00ns)   --->   "%shl_ln42_81 = bitconcatenate i10 @_ssdm_op_BitConcatenate.i10.i3.i7, i3 %sub_ln73_44, i7 0" [firmware/nnet_utils/nnet_dense_latency.h:42]   --->   Operation 110 'bitconcatenate' 'shl_ln42_81' <Predicate = true> <Delay = 0.00>
ST_2 : Operation 111 [1/1] (0.00ns)   --->   "%shl_ln42_84_cast = sext i10 %shl_ln42_81" [firmware/nnet_utils/nnet_dense_latency.h:42]   --->   Operation 111 'sext' 'shl_ln42_84_cast' <Predicate = true> <Delay = 0.00>
ST_2 : Operation 112 [1/1] (0.00ns)   --->   "%shl_ln42_82 = bitconcatenate i10 @_ssdm_op_BitConcatenate.i10.i3.i7, i3 %sub_ln73_45, i7 0" [firmware/nnet_utils/nnet_dense_latency.h:42]   --->   Operation 112 'bitconcatenate' 'shl_ln42_82' <Predicate = true> <Delay = 0.00>
ST_2 : Operation 113 [1/1] (0.00ns)   --->   "%sext_ln42 = sext i10 %shl_ln42_82" [firmware/nnet_utils/nnet_dense_latency.h:42]   --->   Operation 113 'sext' 'sext_ln42' <Predicate = true> <Delay = 0.00>
ST_2 : Operation 114 [1/1] (0.00ns)   --->   "%sext_ln42_13 = sext i10 %shl_ln42_82" [firmware/nnet_utils/nnet_dense_latency.h:42]   --->   Operation 114 'sext' 'sext_ln42_13' <Predicate = true> <Delay = 0.00>
ST_2 : Operation 115 [1/1] (0.00ns)   --->   "%shl_ln42_83 = bitconcatenate i9 @_ssdm_op_BitConcatenate.i9.i2.i7, i2 %data_15_val_read, i7 0" [firmware/nnet_utils/nnet_dense_latency.h:42]   --->   Operation 115 'bitconcatenate' 'shl_ln42_83' <Predicate = true> <Delay = 0.00>
ST_2 : Operation 116 [1/1] (0.00ns)   --->   "%shl_ln42_86_cast = zext i9 %shl_ln42_83" [firmware/nnet_utils/nnet_dense_latency.h:42]   --->   Operation 116 'zext' 'shl_ln42_86_cast' <Predicate = true> <Delay = 0.00>
ST_2 : Operation 117 [1/1] (0.00ns)   --->   "%shl_ln42_84 = bitconcatenate i9 @_ssdm_op_BitConcatenate.i9.i2.i7, i2 %data_16_val_read, i7 0" [firmware/nnet_utils/nnet_dense_latency.h:42]   --->   Operation 117 'bitconcatenate' 'shl_ln42_84' <Predicate = true> <Delay = 0.00>
ST_2 : Operation 118 [1/1] (0.00ns)   --->   "%zext_ln73_36 = zext i9 %shl_ln42_84" [firmware/nnet_utils/nnet_mult.h:73->firmware/nnet_utils/nnet_dense_latency.h:42]   --->   Operation 118 'zext' 'zext_ln73_36' <Predicate = true> <Delay = 0.00>
ST_2 : Operation 119 [1/1] (0.00ns)   --->   "%zext_ln73_37 = zext i9 %shl_ln42_84" [firmware/nnet_utils/nnet_mult.h:73->firmware/nnet_utils/nnet_dense_latency.h:42]   --->   Operation 119 'zext' 'zext_ln73_37' <Predicate = true> <Delay = 0.00>
ST_2 : Operation 120 [1/1] (0.00ns)   --->   "%shl_ln42_85 = bitconcatenate i10 @_ssdm_op_BitConcatenate.i10.i3.i7, i3 %sub_ln73_46, i7 0" [firmware/nnet_utils/nnet_dense_latency.h:42]   --->   Operation 120 'bitconcatenate' 'shl_ln42_85' <Predicate = true> <Delay = 0.00>
ST_2 : Operation 121 [1/1] (0.00ns)   --->   "%sext_ln70 = sext i10 %shl_ln42_85" [firmware/nnet_utils/nnet_mult.h:70->firmware/nnet_utils/nnet_dense_latency.h:42]   --->   Operation 121 'sext' 'sext_ln70' <Predicate = true> <Delay = 0.00>
ST_2 : Operation 122 [1/1] (0.00ns)   --->   "%shl_ln42_86 = bitconcatenate i9 @_ssdm_op_BitConcatenate.i9.i2.i7, i2 %data_17_val_read, i7 0" [firmware/nnet_utils/nnet_dense_latency.h:42]   --->   Operation 122 'bitconcatenate' 'shl_ln42_86' <Predicate = true> <Delay = 0.00>
ST_2 : Operation 123 [1/1] (0.00ns)   --->   "%shl_ln42_89_cast = zext i9 %shl_ln42_86" [firmware/nnet_utils/nnet_dense_latency.h:42]   --->   Operation 123 'zext' 'shl_ln42_89_cast' <Predicate = true> <Delay = 0.00>
ST_2 : Operation 124 [1/1] (0.00ns)   --->   "%shl_ln42_87 = bitconcatenate i10 @_ssdm_op_BitConcatenate.i10.i3.i7, i3 %sub_ln73_47, i7 0" [firmware/nnet_utils/nnet_dense_latency.h:42]   --->   Operation 124 'bitconcatenate' 'shl_ln42_87' <Predicate = true> <Delay = 0.00>
ST_2 : Operation 125 [1/1] (0.00ns)   --->   "%shl_ln42_92_cast = sext i10 %shl_ln42_87" [firmware/nnet_utils/nnet_dense_latency.h:42]   --->   Operation 125 'sext' 'shl_ln42_92_cast' <Predicate = true> <Delay = 0.00>
ST_2 : Operation 126 [1/1] (0.00ns)   --->   "%shl_ln42_88 = bitconcatenate i9 @_ssdm_op_BitConcatenate.i9.i2.i7, i2 %data_19_val_read, i7 0" [firmware/nnet_utils/nnet_dense_latency.h:42]   --->   Operation 126 'bitconcatenate' 'shl_ln42_88' <Predicate = true> <Delay = 0.00>
ST_2 : Operation 127 [1/1] (0.00ns)   --->   "%zext_ln73_38 = zext i9 %shl_ln42_88" [firmware/nnet_utils/nnet_mult.h:73->firmware/nnet_utils/nnet_dense_latency.h:42]   --->   Operation 127 'zext' 'zext_ln73_38' <Predicate = true> <Delay = 0.00>
ST_2 : Operation 128 [1/1] (0.00ns)   --->   "%shl_ln42_89 = bitconcatenate i10 @_ssdm_op_BitConcatenate.i10.i3.i7, i3 %sub_ln73_48, i7 0" [firmware/nnet_utils/nnet_dense_latency.h:42]   --->   Operation 128 'bitconcatenate' 'shl_ln42_89' <Predicate = true> <Delay = 0.00>
ST_2 : Operation 129 [1/1] (1.82ns)   --->   "%add_ln58 = add i10 %zext_ln73, i10 %shl_ln42_64_cast" [firmware/nnet_utils/nnet_dense_latency.h:58]   --->   Operation 129 'add' 'add_ln58' <Predicate = true> <Delay = 1.82> <CoreInst = "Adder">   --->   Core 1 'Adder' <Latency = 0> <II = 1> <Delay = 1.82> <FuncUnit> <Opcode : 'add' 'sub'> <InPorts = 2> <OutPorts = 1>
ST_2 : Operation 130 [1/1] (0.00ns)   --->   "%zext_ln58 = zext i10 %add_ln58" [firmware/nnet_utils/nnet_dense_latency.h:58]   --->   Operation 130 'zext' 'zext_ln58' <Predicate = true> <Delay = 0.00>
ST_2 : Operation 131 [1/1] (1.73ns)   --->   "%add_ln58_202 = add i10 %shl_ln42_67_cast, i10 %shl_ln" [firmware/nnet_utils/nnet_dense_latency.h:58]   --->   Operation 131 'add' 'add_ln58_202' <Predicate = true> <Delay = 1.73> <CoreInst = "Adder">   --->   Core 1 'Adder' <Latency = 0> <II = 1> <Delay = 1.73> <FuncUnit> <Opcode : 'add' 'sub'> <InPorts = 2> <OutPorts = 1>
ST_2 : Operation 132 [1/1] (0.00ns)   --->   "%sext_ln58 = sext i10 %add_ln58_202" [firmware/nnet_utils/nnet_dense_latency.h:58]   --->   Operation 132 'sext' 'sext_ln58' <Predicate = true> <Delay = 0.00>
ST_2 : Operation 133 [1/1] (1.73ns)   --->   "%add_ln58_203 = add i10 %zext_ln73_28, i10 %shl_ln42_63" [firmware/nnet_utils/nnet_dense_latency.h:58]   --->   Operation 133 'add' 'add_ln58_203' <Predicate = true> <Delay = 1.73> <CoreInst = "Adder">   --->   Core 1 'Adder' <Latency = 0> <II = 1> <Delay = 1.73> <FuncUnit> <Opcode : 'add' 'sub'> <InPorts = 2> <OutPorts = 1>
ST_2 : Operation 134 [1/1] (0.00ns)   --->   "%sext_ln58_155 = sext i10 %add_ln58_203" [firmware/nnet_utils/nnet_dense_latency.h:58]   --->   Operation 134 'sext' 'sext_ln58_155' <Predicate = true> <Delay = 0.00>
ST_2 : Operation 135 [1/1] (1.73ns)   --->   "%add_ln58_204 = add i10 %shl_ln42_71_cast, i10 %shl_ln42_71" [firmware/nnet_utils/nnet_dense_latency.h:58]   --->   Operation 135 'add' 'add_ln58_204' <Predicate = true> <Delay = 1.73> <CoreInst = "Adder">   --->   Core 1 'Adder' <Latency = 0> <II = 1> <Delay = 1.73> <FuncUnit> <Opcode : 'add' 'sub'> <InPorts = 2> <OutPorts = 1>
ST_2 : Operation 136 [1/1] (0.00ns)   --->   "%sext_ln58_156 = sext i10 %add_ln58_204" [firmware/nnet_utils/nnet_dense_latency.h:58]   --->   Operation 136 'sext' 'sext_ln58_156' <Predicate = true> <Delay = 0.00>
ST_2 : Operation 137 [1/1] (1.73ns)   --->   "%add_ln58_205 = add i11 %sext_ln58_156, i11 %sext_ln58_155" [firmware/nnet_utils/nnet_dense_latency.h:58]   --->   Operation 137 'add' 'add_ln58_205' <Predicate = true> <Delay = 1.73> <CoreInst = "Adder">   --->   Core 1 'Adder' <Latency = 0> <II = 1> <Delay = 1.73> <FuncUnit> <Opcode : 'add' 'sub'> <InPorts = 2> <OutPorts = 1>
ST_2 : Operation 138 [1/1] (1.73ns)   --->   "%add_ln58_206 = add i11 %shl_ln42_79_cast, i11 %shl_ln42_82_cast" [firmware/nnet_utils/nnet_dense_latency.h:58]   --->   Operation 138 'add' 'add_ln58_206' <Predicate = true> <Delay = 1.73> <CoreInst = "Adder">   --->   Core 1 'Adder' <Latency = 0> <II = 1> <Delay = 1.73> <FuncUnit> <Opcode : 'add' 'sub'> <InPorts = 2> <OutPorts = 1>
ST_2 : Operation 139 [1/1] (1.82ns)   --->   "%add_ln58_207 = add i10 %shl_ln42_86_cast, i10 %zext_ln73_37" [firmware/nnet_utils/nnet_dense_latency.h:58]   --->   Operation 139 'add' 'add_ln58_207' <Predicate = true> <Delay = 1.82> <CoreInst = "Adder">   --->   Core 1 'Adder' <Latency = 0> <II = 1> <Delay = 1.82> <FuncUnit> <Opcode : 'add' 'sub'> <InPorts = 2> <OutPorts = 1>
ST_2 : Operation 140 [1/1] (0.00ns)   --->   "%zext_ln58_26 = zext i10 %add_ln58_207" [firmware/nnet_utils/nnet_dense_latency.h:58]   --->   Operation 140 'zext' 'zext_ln58_26' <Predicate = true> <Delay = 0.00>
ST_2 : Operation 141 [1/1] (1.63ns)   --->   "%add_ln58_208 = add i11 %zext_ln58_26, i11 %add_ln58_206" [firmware/nnet_utils/nnet_dense_latency.h:58]   --->   Operation 141 'add' 'add_ln58_208' <Predicate = true> <Delay = 1.63> <CoreInst = "Adder">   --->   Core 1 'Adder' <Latency = 0> <II = 1> <Delay = 1.63> <FuncUnit> <Opcode : 'add' 'sub'> <InPorts = 2> <OutPorts = 1>
ST_2 : Operation 142 [1/1] (1.73ns)   --->   "%add_ln58_210 = add i10 %shl_ln42_63, i10 %shl_ln42_67_cast" [firmware/nnet_utils/nnet_dense_latency.h:58]   --->   Operation 142 'add' 'add_ln58_210' <Predicate = true> <Delay = 1.73> <CoreInst = "Adder">   --->   Core 1 'Adder' <Latency = 0> <II = 1> <Delay = 1.73> <FuncUnit> <Opcode : 'add' 'sub'> <InPorts = 2> <OutPorts = 1>
ST_2 : Operation 143 [1/1] (1.82ns)   --->   "%add_ln58_211 = add i10 %shl_ln42_70_cast, i10 %shl_ln42_71_cast" [firmware/nnet_utils/nnet_dense_latency.h:58]   --->   Operation 143 'add' 'add_ln58_211' <Predicate = true> <Delay = 1.82> <CoreInst = "Adder">   --->   Core 1 'Adder' <Latency = 0> <II = 1> <Delay = 1.82> <FuncUnit> <Opcode : 'add' 'sub'> <InPorts = 2> <OutPorts = 1>
ST_2 : Operation 144 [1/1] (1.73ns)   --->   "%add_ln58_213 = add i10 %shl_ln42_69, i10 %zext_ln73_30" [firmware/nnet_utils/nnet_dense_latency.h:58]   --->   Operation 144 'add' 'add_ln58_213' <Predicate = true> <Delay = 1.73> <CoreInst = "Adder">   --->   Core 1 'Adder' <Latency = 0> <II = 1> <Delay = 1.73> <FuncUnit> <Opcode : 'add' 'sub'> <InPorts = 2> <OutPorts = 1>
ST_2 : Operation 145 [1/1] (1.73ns)   --->   "%add_ln58_214 = add i11 %sext_ln42_13, i11 %sext_ln70" [firmware/nnet_utils/nnet_dense_latency.h:58]   --->   Operation 145 'add' 'add_ln58_214' <Predicate = true> <Delay = 1.73> <CoreInst = "Adder">   --->   Core 1 'Adder' <Latency = 0> <II = 1> <Delay = 1.73> <FuncUnit> <Opcode : 'add' 'sub'> <InPorts = 2> <OutPorts = 1>
ST_2 : Operation 146 [1/1] (0.00ns)   --->   "%tmp = bitconcatenate i10 @_ssdm_op_BitConcatenate.i10.i3.i7, i3 %tmp15, i7 0" [firmware/nnet_utils/nnet_mult.h:70->firmware/nnet_utils/nnet_dense_latency.h:42]   --->   Operation 146 'bitconcatenate' 'tmp' <Predicate = true> <Delay = 0.00>
ST_2 : Operation 147 [1/1] (0.00ns)   --->   "%sext_ln58_166 = sext i10 %tmp" [firmware/nnet_utils/nnet_dense_latency.h:58]   --->   Operation 147 'sext' 'sext_ln58_166' <Predicate = true> <Delay = 0.00>
ST_2 : Operation 148 [1/1] (1.73ns)   --->   "%add_ln58_218 = add i11 %shl_ln42_70_cast79, i11 %sext_ln58" [firmware/nnet_utils/nnet_dense_latency.h:58]   --->   Operation 148 'add' 'add_ln58_218' <Predicate = true> <Delay = 1.73> <CoreInst = "Adder">   --->   Core 1 'Adder' <Latency = 0> <II = 1> <Delay = 1.73> <FuncUnit> <Opcode : 'add' 'sub'> <InPorts = 2> <OutPorts = 1>
ST_2 : Operation 149 [1/1] (1.73ns)   --->   "%add_ln58_219 = add i10 %zext_ln73_30, i10 %shl_ln42_72" [firmware/nnet_utils/nnet_dense_latency.h:58]   --->   Operation 149 'add' 'add_ln58_219' <Predicate = true> <Delay = 1.73> <CoreInst = "Adder">   --->   Core 1 'Adder' <Latency = 0> <II = 1> <Delay = 1.73> <FuncUnit> <Opcode : 'add' 'sub'> <InPorts = 2> <OutPorts = 1>
ST_2 : Operation 150 [1/1] (0.00ns)   --->   "%sext_ln58_164 = sext i10 %add_ln58_219" [firmware/nnet_utils/nnet_dense_latency.h:58]   --->   Operation 150 'sext' 'sext_ln58_164' <Predicate = true> <Delay = 0.00>
ST_2 : Operation 151 [1/1] (1.73ns)   --->   "%add_ln58_220 = add i11 %sext_ln58_164, i11 %shl_ln42_72_cast" [firmware/nnet_utils/nnet_dense_latency.h:58]   --->   Operation 151 'add' 'add_ln58_220' <Predicate = true> <Delay = 1.73> <CoreInst = "Adder">   --->   Core 1 'Adder' <Latency = 0> <II = 1> <Delay = 1.73> <FuncUnit> <Opcode : 'add' 'sub'> <InPorts = 2> <OutPorts = 1>
ST_2 : Operation 152 [1/1] (0.00ns)   --->   "%sext_ln58_167 = sext i11 %add_ln58_206" [firmware/nnet_utils/nnet_dense_latency.h:58]   --->   Operation 152 'sext' 'sext_ln58_167' <Predicate = true> <Delay = 0.00>
ST_2 : Operation 153 [1/1] (1.63ns)   --->   "%add_ln58_222 = add i12 %sext_ln58_167, i12 %shl_ln42_77_cast" [firmware/nnet_utils/nnet_dense_latency.h:58]   --->   Operation 153 'add' 'add_ln58_222' <Predicate = true> <Delay = 1.63> <CoreInst = "Adder">   --->   Core 1 'Adder' <Latency = 0> <II = 1> <Delay = 1.63> <FuncUnit> <Opcode : 'add' 'sub'> <InPorts = 2> <OutPorts = 1>
ST_2 : Operation 154 [1/1] (1.73ns)   --->   "%add_ln58_223 = add i10 %shl_ln42_85, i10 %shl_ln42_89_cast" [firmware/nnet_utils/nnet_dense_latency.h:58]   --->   Operation 154 'add' 'add_ln58_223' <Predicate = true> <Delay = 1.73> <CoreInst = "Adder">   --->   Core 1 'Adder' <Latency = 0> <II = 1> <Delay = 1.73> <FuncUnit> <Opcode : 'add' 'sub'> <InPorts = 2> <OutPorts = 1>
ST_2 : Operation 155 [1/1] (0.00ns)   --->   "%sext_ln58_185 = sext i10 %add_ln58_223" [firmware/nnet_utils/nnet_dense_latency.h:58]   --->   Operation 155 'sext' 'sext_ln58_185' <Predicate = true> <Delay = 0.00>
ST_2 : Operation 156 [1/1] (1.73ns)   --->   "%add_ln58_224 = add i11 %sext_ln58_185, i11 %sext_ln58_166" [firmware/nnet_utils/nnet_dense_latency.h:58]   --->   Operation 156 'add' 'add_ln58_224' <Predicate = true> <Delay = 1.73> <CoreInst = "Adder">   --->   Core 1 'Adder' <Latency = 0> <II = 1> <Delay = 1.73> <FuncUnit> <Opcode : 'add' 'sub'> <InPorts = 2> <OutPorts = 1>
ST_2 : Operation 157 [1/1] (0.00ns)   --->   "%tmp6 = bitconcatenate i10 @_ssdm_op_BitConcatenate.i10.i3.i7, i3 %tmp4013, i7 0" [firmware/nnet_utils/nnet_mult.h:70->firmware/nnet_utils/nnet_dense_latency.h:42]   --->   Operation 157 'bitconcatenate' 'tmp6' <Predicate = true> <Delay = 0.00>
ST_2 : Operation 158 [1/1] (0.00ns)   --->   "%zext_ln58_28 = zext i10 %tmp6" [firmware/nnet_utils/nnet_dense_latency.h:58]   --->   Operation 158 'zext' 'zext_ln58_28' <Predicate = true> <Delay = 0.00>
ST_2 : Operation 159 [1/1] (1.82ns)   --->   "%add_ln58_227 = add i10 %zext_ln73_28, i10 %zext_ln73" [firmware/nnet_utils/nnet_dense_latency.h:58]   --->   Operation 159 'add' 'add_ln58_227' <Predicate = true> <Delay = 1.82> <CoreInst = "Adder">   --->   Core 1 'Adder' <Latency = 0> <II = 1> <Delay = 1.82> <FuncUnit> <Opcode : 'add' 'sub'> <InPorts = 2> <OutPorts = 1>
ST_2 : Operation 160 [1/1] (1.73ns)   --->   "%add_ln58_228 = add i10 %shl_ln42_72, i10 %zext_ln73_32" [firmware/nnet_utils/nnet_dense_latency.h:58]   --->   Operation 160 'add' 'add_ln58_228' <Predicate = true> <Delay = 1.73> <CoreInst = "Adder">   --->   Core 1 'Adder' <Latency = 0> <II = 1> <Delay = 1.73> <FuncUnit> <Opcode : 'add' 'sub'> <InPorts = 2> <OutPorts = 1>
ST_2 : Operation 161 [1/1] (0.00ns)   --->   "%sext_ln58_170 = sext i10 %add_ln58_228" [firmware/nnet_utils/nnet_dense_latency.h:58]   --->   Operation 161 'sext' 'sext_ln58_170' <Predicate = true> <Delay = 0.00>
ST_2 : Operation 162 [1/1] (1.73ns)   --->   "%add_ln58_229 = add i11 %sext_ln58_170, i11 %zext_ln73_29" [firmware/nnet_utils/nnet_dense_latency.h:58]   --->   Operation 162 'add' 'add_ln58_229' <Predicate = true> <Delay = 1.73> <CoreInst = "Adder">   --->   Core 1 'Adder' <Latency = 0> <II = 1> <Delay = 1.73> <FuncUnit> <Opcode : 'add' 'sub'> <InPorts = 2> <OutPorts = 1>
ST_2 : Operation 163 [1/1] (1.82ns)   --->   "%add_ln58_231 = add i10 %zext_ln73_33, i10 %zext_ln73_34" [firmware/nnet_utils/nnet_dense_latency.h:58]   --->   Operation 163 'add' 'add_ln58_231' <Predicate = true> <Delay = 1.82> <CoreInst = "Adder">   --->   Core 1 'Adder' <Latency = 0> <II = 1> <Delay = 1.82> <FuncUnit> <Opcode : 'add' 'sub'> <InPorts = 2> <OutPorts = 1>
ST_2 : Operation 164 [1/1] (0.00ns) (grouped into TernaryAdder)   --->   "%add_ln58_232 = add i11 %shl_ln42_84_cast, i11 %zext_ln58_28" [firmware/nnet_utils/nnet_dense_latency.h:58]   --->   Operation 164 'add' 'add_ln58_232' <Predicate = true> <Delay = 0.00> <CoreInst = "TAddSub">   --->   Core 10 'TAddSub' <Latency = 0> <II = 1> <Delay = 1.89> <IPBlock> <Opcode : '' 'add' 'sub'> <InPorts = 3> <OutPorts = 1> <Sync> <CReg>
ST_2 : Operation 165 [1/1] (3.75ns) (root node of TernaryAdder)   --->   "%add_ln58_233 = add i11 %add_ln58_232, i11 %shl_ln42_82_cast" [firmware/nnet_utils/nnet_dense_latency.h:58]   --->   Operation 165 'add' 'add_ln58_233' <Predicate = true> <Delay = 3.75> <CoreInst = "TAddSub">   --->   Core 10 'TAddSub' <Latency = 0> <II = 1> <Delay = 1.89> <IPBlock> <Opcode : '' 'add' 'sub'> <InPorts = 3> <OutPorts = 1> <Sync> <CReg>
ST_2 : Operation 166 [1/1] (1.73ns)   --->   "%add_ln58_236 = add i11 %shl_ln42_69_cast, i11 %zext_ln58" [firmware/nnet_utils/nnet_dense_latency.h:58]   --->   Operation 166 'add' 'add_ln58_236' <Predicate = true> <Delay = 1.73> <CoreInst = "Adder">   --->   Core 1 'Adder' <Latency = 0> <II = 1> <Delay = 1.73> <FuncUnit> <Opcode : 'add' 'sub'> <InPorts = 2> <OutPorts = 1>
ST_2 : Operation 167 [1/1] (0.00ns) (grouped into TernaryAdder)   --->   "%add_ln58_237 = add i11 %sext_ln42_13, i11 %shl_ln42_92_cast" [firmware/nnet_utils/nnet_dense_latency.h:58]   --->   Operation 167 'add' 'add_ln58_237' <Predicate = true> <Delay = 0.00> <CoreInst = "TAddSub">   --->   Core 10 'TAddSub' <Latency = 0> <II = 1> <Delay = 1.89> <IPBlock> <Opcode : '' 'add' 'sub'> <InPorts = 3> <OutPorts = 1> <Sync> <CReg>
ST_2 : Operation 168 [1/1] (3.75ns) (root node of TernaryAdder)   --->   "%add_ln58_238 = add i11 %add_ln58_237, i11 %zext_ln73_31" [firmware/nnet_utils/nnet_dense_latency.h:58]   --->   Operation 168 'add' 'add_ln58_238' <Predicate = true> <Delay = 3.75> <CoreInst = "TAddSub">   --->   Core 10 'TAddSub' <Latency = 0> <II = 1> <Delay = 1.89> <IPBlock> <Opcode : '' 'add' 'sub'> <InPorts = 3> <OutPorts = 1> <Sync> <CReg>
ST_2 : Operation 169 [1/1] (1.73ns)   --->   "%add_ln58_240 = add i10 %shl_ln, i10 %zext_ln73_34" [firmware/nnet_utils/nnet_dense_latency.h:58]   --->   Operation 169 'add' 'add_ln58_240' <Predicate = true> <Delay = 1.73> <CoreInst = "Adder">   --->   Core 1 'Adder' <Latency = 0> <II = 1> <Delay = 1.73> <FuncUnit> <Opcode : 'add' 'sub'> <InPorts = 2> <OutPorts = 1>
ST_2 : Operation 170 [1/1] (0.00ns)   --->   "%sext_ln58_179 = sext i10 %add_ln58_240" [firmware/nnet_utils/nnet_dense_latency.h:58]   --->   Operation 170 'sext' 'sext_ln58_179' <Predicate = true> <Delay = 0.00>
ST_2 : Operation 171 [1/1] (1.73ns)   --->   "%add_ln58_241 = add i11 %sext_ln58_179, i11 %zext_ln73_27" [firmware/nnet_utils/nnet_dense_latency.h:58]   --->   Operation 171 'add' 'add_ln58_241' <Predicate = true> <Delay = 1.73> <CoreInst = "Adder">   --->   Core 1 'Adder' <Latency = 0> <II = 1> <Delay = 1.73> <FuncUnit> <Opcode : 'add' 'sub'> <InPorts = 2> <OutPorts = 1>
ST_2 : Operation 172 [1/1] (1.73ns)   --->   "%add_ln58_242 = add i10 %shl_ln42_82, i10 %zext_ln73_38" [firmware/nnet_utils/nnet_dense_latency.h:58]   --->   Operation 172 'add' 'add_ln58_242' <Predicate = true> <Delay = 1.73> <CoreInst = "Adder">   --->   Core 1 'Adder' <Latency = 0> <II = 1> <Delay = 1.73> <FuncUnit> <Opcode : 'add' 'sub'> <InPorts = 2> <OutPorts = 1>
ST_2 : Operation 173 [1/1] (0.00ns)   --->   "%sext_ln58_181 = sext i10 %add_ln58_242" [firmware/nnet_utils/nnet_dense_latency.h:58]   --->   Operation 173 'sext' 'sext_ln58_181' <Predicate = true> <Delay = 0.00>
ST_2 : Operation 174 [1/1] (1.73ns)   --->   "%add_ln58_243 = add i11 %sext_ln58_181, i11 %shl_ln42_84_cast" [firmware/nnet_utils/nnet_dense_latency.h:58]   --->   Operation 174 'add' 'add_ln58_243' <Predicate = true> <Delay = 1.73> <CoreInst = "Adder">   --->   Core 1 'Adder' <Latency = 0> <II = 1> <Delay = 1.73> <FuncUnit> <Opcode : 'add' 'sub'> <InPorts = 2> <OutPorts = 1>
ST_2 : Operation 175 [1/1] (0.00ns)   --->   "%tmp_7 = bitconcatenate i11 @_ssdm_op_BitConcatenate.i11.i4.i7, i4 %tmp4311, i7 0" [firmware/nnet_utils/nnet_mult.h:70->firmware/nnet_utils/nnet_dense_latency.h:42]   --->   Operation 175 'bitconcatenate' 'tmp_7' <Predicate = true> <Delay = 0.00>
ST_2 : Operation 176 [1/1] (0.00ns)   --->   "%sext_ln58_190 = sext i11 %tmp_7" [firmware/nnet_utils/nnet_dense_latency.h:58]   --->   Operation 176 'sext' 'sext_ln58_190' <Predicate = true> <Delay = 0.00>
ST_2 : Operation 177 [1/1] (1.73ns)   --->   "%add_ln58_245 = add i11 %shl_ln42_72_cast, i11 %zext_ln58" [firmware/nnet_utils/nnet_dense_latency.h:58]   --->   Operation 177 'add' 'add_ln58_245' <Predicate = true> <Delay = 1.73> <CoreInst = "Adder">   --->   Core 1 'Adder' <Latency = 0> <II = 1> <Delay = 1.73> <FuncUnit> <Opcode : 'add' 'sub'> <InPorts = 2> <OutPorts = 1>
ST_2 : Operation 178 [1/1] (1.73ns)   --->   "%add_ln58_246 = add i11 %shl_ln42_77_cast88, i11 %shl_ln42_79_cast" [firmware/nnet_utils/nnet_dense_latency.h:58]   --->   Operation 178 'add' 'add_ln58_246' <Predicate = true> <Delay = 1.73> <CoreInst = "Adder">   --->   Core 1 'Adder' <Latency = 0> <II = 1> <Delay = 1.73> <FuncUnit> <Opcode : 'add' 'sub'> <InPorts = 2> <OutPorts = 1>
ST_2 : Operation 179 [1/1] (1.63ns)   --->   "%add_ln58_248 = add i12 %sext_ln58_190, i12 %sext_ln42" [firmware/nnet_utils/nnet_dense_latency.h:58]   --->   Operation 179 'add' 'add_ln58_248' <Predicate = true> <Delay = 1.63> <CoreInst = "Adder">   --->   Core 1 'Adder' <Latency = 0> <II = 1> <Delay = 1.63> <FuncUnit> <Opcode : 'add' 'sub'> <InPorts = 2> <OutPorts = 1>
ST_2 : Operation 180 [1/1] (1.73ns)   --->   "%add_ln58_249 = add i10 %shl_ln42_89_cast, i10 %shl_ln42_89" [firmware/nnet_utils/nnet_dense_latency.h:58]   --->   Operation 180 'add' 'add_ln58_249' <Predicate = true> <Delay = 1.73> <CoreInst = "Adder">   --->   Core 1 'Adder' <Latency = 0> <II = 1> <Delay = 1.73> <FuncUnit> <Opcode : 'add' 'sub'> <InPorts = 2> <OutPorts = 1>
ST_2 : Operation 181 [1/1] (0.00ns)   --->   "%sext_ln58_186 = sext i10 %add_ln58_249" [firmware/nnet_utils/nnet_dense_latency.h:58]   --->   Operation 181 'sext' 'sext_ln58_186' <Predicate = true> <Delay = 0.00>
ST_2 : Operation 182 [1/1] (1.73ns)   --->   "%add_ln58_250 = add i11 %sext_ln58_186, i11 %zext_ln73_36" [firmware/nnet_utils/nnet_dense_latency.h:58]   --->   Operation 182 'add' 'add_ln58_250' <Predicate = true> <Delay = 1.73> <CoreInst = "Adder">   --->   Core 1 'Adder' <Latency = 0> <II = 1> <Delay = 1.73> <FuncUnit> <Opcode : 'add' 'sub'> <InPorts = 2> <OutPorts = 1>
ST_2 : Operation 183 [1/1] (0.00ns)   --->   "%tmp_8 = bitconcatenate i10 @_ssdm_op_BitConcatenate.i10.i3.i7, i3 %tmp459, i7 0" [firmware/nnet_utils/nnet_mult.h:70->firmware/nnet_utils/nnet_dense_latency.h:42]   --->   Operation 183 'bitconcatenate' 'tmp_8' <Predicate = true> <Delay = 0.00>
ST_2 : Operation 184 [1/1] (0.00ns)   --->   "%sext_ln58_202 = sext i10 %tmp_8" [firmware/nnet_utils/nnet_dense_latency.h:58]   --->   Operation 184 'sext' 'sext_ln58_202' <Predicate = true> <Delay = 0.00>
ST_2 : Operation 185 [1/1] (1.73ns)   --->   "%add_ln58_253 = add i11 %shl_ln42_69_cast, i11 %sext_ln58" [firmware/nnet_utils/nnet_dense_latency.h:58]   --->   Operation 185 'add' 'add_ln58_253' <Predicate = true> <Delay = 1.73> <CoreInst = "Adder">   --->   Core 1 'Adder' <Latency = 0> <II = 1> <Delay = 1.73> <FuncUnit> <Opcode : 'add' 'sub'> <InPorts = 2> <OutPorts = 1>
ST_2 : Operation 186 [1/1] (1.73ns)   --->   "%add_ln58_254 = add i11 %zext_ln73_31, i11 %sext_ln58_202" [firmware/nnet_utils/nnet_dense_latency.h:58]   --->   Operation 186 'add' 'add_ln58_254' <Predicate = true> <Delay = 1.73> <CoreInst = "Adder">   --->   Core 1 'Adder' <Latency = 0> <II = 1> <Delay = 1.73> <FuncUnit> <Opcode : 'add' 'sub'> <InPorts = 2> <OutPorts = 1>
ST_2 : Operation 187 [1/1] (0.00ns)   --->   "%sext_ln58_204 = sext i11 %add_ln58_254" [firmware/nnet_utils/nnet_dense_latency.h:58]   --->   Operation 187 'sext' 'sext_ln58_204' <Predicate = true> <Delay = 0.00>
ST_2 : Operation 188 [1/1] (1.63ns)   --->   "%add_ln58_255 = add i12 %sext_ln58_204, i12 %shl_ln42_69_cast2" [firmware/nnet_utils/nnet_dense_latency.h:58]   --->   Operation 188 'add' 'add_ln58_255' <Predicate = true> <Delay = 1.63> <CoreInst = "Adder">   --->   Core 1 'Adder' <Latency = 0> <II = 1> <Delay = 1.63> <FuncUnit> <Opcode : 'add' 'sub'> <InPorts = 2> <OutPorts = 1>
ST_2 : Operation 189 [1/1] (1.73ns)   --->   "%add_ln58_257 = add i10 %zext_ln73_33, i10 %shl_ln42_79" [firmware/nnet_utils/nnet_dense_latency.h:58]   --->   Operation 189 'add' 'add_ln58_257' <Predicate = true> <Delay = 1.73> <CoreInst = "Adder">   --->   Core 1 'Adder' <Latency = 0> <II = 1> <Delay = 1.73> <FuncUnit> <Opcode : 'add' 'sub'> <InPorts = 2> <OutPorts = 1>
ST_2 : Operation 190 [1/1] (1.82ns)   --->   "%add_ln58_258 = add i10 %shl_ln42_89_cast, i10 %zext_ln73_38" [firmware/nnet_utils/nnet_dense_latency.h:58]   --->   Operation 190 'add' 'add_ln58_258' <Predicate = true> <Delay = 1.82> <CoreInst = "Adder">   --->   Core 1 'Adder' <Latency = 0> <II = 1> <Delay = 1.82> <FuncUnit> <Opcode : 'add' 'sub'> <InPorts = 2> <OutPorts = 1>
ST_2 : Operation 191 [1/1] (0.00ns)   --->   "%zext_ln58_31 = zext i10 %add_ln58_258" [firmware/nnet_utils/nnet_dense_latency.h:58]   --->   Operation 191 'zext' 'zext_ln58_31' <Predicate = true> <Delay = 0.00>
ST_2 : Operation 192 [1/1] (1.73ns)   --->   "%add_ln58_259 = add i11 %zext_ln58_31, i11 %zext_ln73_35" [firmware/nnet_utils/nnet_dense_latency.h:58]   --->   Operation 192 'add' 'add_ln58_259' <Predicate = true> <Delay = 1.73> <CoreInst = "Adder">   --->   Core 1 'Adder' <Latency = 0> <II = 1> <Delay = 1.73> <FuncUnit> <Opcode : 'add' 'sub'> <InPorts = 2> <OutPorts = 1>
ST_2 : Operation 193 [1/1] (1.73ns)   --->   "%add_ln58_262 = add i11 %sext_ln58, i11 %zext_ln73_27" [firmware/nnet_utils/nnet_dense_latency.h:58]   --->   Operation 193 'add' 'add_ln58_262' <Predicate = true> <Delay = 1.73> <CoreInst = "Adder">   --->   Core 1 'Adder' <Latency = 0> <II = 1> <Delay = 1.73> <FuncUnit> <Opcode : 'add' 'sub'> <InPorts = 2> <OutPorts = 1>
ST_2 : Operation 194 [1/1] (1.73ns)   --->   "%add_ln58_263 = add i11 %shl_ln42_74_cast, i11 %shl_ln42_75_cast" [firmware/nnet_utils/nnet_dense_latency.h:58]   --->   Operation 194 'add' 'add_ln58_263' <Predicate = true> <Delay = 1.73> <CoreInst = "Adder">   --->   Core 1 'Adder' <Latency = 0> <II = 1> <Delay = 1.73> <FuncUnit> <Opcode : 'add' 'sub'> <InPorts = 2> <OutPorts = 1>
ST_2 : Operation 195 [1/1] (1.73ns)   --->   "%add_ln58_266 = add i10 %zext_ln73_32, i10 %shl_ln42_79" [firmware/nnet_utils/nnet_dense_latency.h:58]   --->   Operation 195 'add' 'add_ln58_266' <Predicate = true> <Delay = 1.73> <CoreInst = "Adder">   --->   Core 1 'Adder' <Latency = 0> <II = 1> <Delay = 1.73> <FuncUnit> <Opcode : 'add' 'sub'> <InPorts = 2> <OutPorts = 1>
ST_2 : Operation 196 [1/1] (1.73ns)   --->   "%add_ln58_267 = add i10 %shl_ln42_86_cast, i10 %shl_ln42_89" [firmware/nnet_utils/nnet_dense_latency.h:58]   --->   Operation 196 'add' 'add_ln58_267' <Predicate = true> <Delay = 1.73> <CoreInst = "Adder">   --->   Core 1 'Adder' <Latency = 0> <II = 1> <Delay = 1.73> <FuncUnit> <Opcode : 'add' 'sub'> <InPorts = 2> <OutPorts = 1>
ST_2 : Operation 197 [1/1] (0.00ns)   --->   "%sext_ln58_195 = sext i10 %add_ln58_267" [firmware/nnet_utils/nnet_dense_latency.h:58]   --->   Operation 197 'sext' 'sext_ln58_195' <Predicate = true> <Delay = 0.00>
ST_2 : Operation 198 [1/1] (1.73ns)   --->   "%add_ln58_268 = add i11 %sext_ln58_195, i11 %zext_ln73_35" [firmware/nnet_utils/nnet_dense_latency.h:58]   --->   Operation 198 'add' 'add_ln58_268' <Predicate = true> <Delay = 1.73> <CoreInst = "Adder">   --->   Core 1 'Adder' <Latency = 0> <II = 1> <Delay = 1.73> <FuncUnit> <Opcode : 'add' 'sub'> <InPorts = 2> <OutPorts = 1>

State 3 <SV = 2> <Delay = 3.78>
ST_3 : Operation 199 [1/1] (0.00ns)   --->   "%shl_ln42_78 = bitconcatenate i10 @_ssdm_op_BitConcatenate.i10.i3.i7, i3 %sub_ln73_42, i7 0" [firmware/nnet_utils/nnet_dense_latency.h:42]   --->   Operation 199 'bitconcatenate' 'shl_ln42_78' <Predicate = true> <Delay = 0.00>
ST_3 : Operation 200 [1/1] (0.00ns)   --->   "%shl_ln42_81_cast = sext i10 %shl_ln42_78" [firmware/nnet_utils/nnet_dense_latency.h:42]   --->   Operation 200 'sext' 'shl_ln42_81_cast' <Predicate = true> <Delay = 0.00>
ST_3 : Operation 201 [1/1] (0.00ns)   --->   "%sext_ln58_157 = sext i11 %add_ln58_205" [firmware/nnet_utils/nnet_dense_latency.h:58]   --->   Operation 201 'sext' 'sext_ln58_157' <Predicate = true> <Delay = 0.00>
ST_3 : Operation 202 [1/1] (0.00ns)   --->   "%sext_ln58_158 = sext i11 %add_ln58_208" [firmware/nnet_utils/nnet_dense_latency.h:58]   --->   Operation 202 'sext' 'sext_ln58_158' <Predicate = true> <Delay = 0.00>
ST_3 : Operation 203 [1/1] (1.63ns)   --->   "%add_ln58_209 = add i12 %sext_ln58_158, i12 %sext_ln58_157" [firmware/nnet_utils/nnet_dense_latency.h:58]   --->   Operation 203 'add' 'add_ln58_209' <Predicate = true> <Delay = 1.63> <CoreInst = "Adder">   --->   Core 1 'Adder' <Latency = 0> <II = 1> <Delay = 1.63> <FuncUnit> <Opcode : 'add' 'sub'> <InPorts = 2> <OutPorts = 1>
ST_3 : Operation 204 [1/1] (0.00ns)   --->   "%sext_ln58_161 = sext i10 %add_ln58_213" [firmware/nnet_utils/nnet_dense_latency.h:58]   --->   Operation 204 'sext' 'sext_ln58_161' <Predicate = true> <Delay = 0.00>
ST_3 : Operation 205 [1/1] (0.00ns)   --->   "%sext_ln58_162 = sext i11 %add_ln58_214" [firmware/nnet_utils/nnet_dense_latency.h:58]   --->   Operation 205 'sext' 'sext_ln58_162' <Predicate = true> <Delay = 0.00>
ST_3 : Operation 206 [1/1] (0.00ns) (grouped into TernaryAdder)   --->   "%add_ln58_215 = add i12 %sext_ln58_162, i12 %shl_ln42_81_cast" [firmware/nnet_utils/nnet_dense_latency.h:58]   --->   Operation 206 'add' 'add_ln58_215' <Predicate = true> <Delay = 0.00> <CoreInst = "TAddSub">   --->   Core 10 'TAddSub' <Latency = 0> <II = 1> <Delay = 1.89> <IPBlock> <Opcode : '' 'add' 'sub'> <InPorts = 3> <OutPorts = 1> <Sync> <CReg>
ST_3 : Operation 207 [1/1] (3.78ns) (root node of TernaryAdder)   --->   "%add_ln58_216 = add i12 %add_ln58_215, i12 %sext_ln58_161" [firmware/nnet_utils/nnet_dense_latency.h:58]   --->   Operation 207 'add' 'add_ln58_216' <Predicate = true> <Delay = 3.78> <CoreInst = "TAddSub">   --->   Core 10 'TAddSub' <Latency = 0> <II = 1> <Delay = 1.89> <IPBlock> <Opcode : '' 'add' 'sub'> <InPorts = 3> <OutPorts = 1> <Sync> <CReg>
ST_3 : Operation 208 [1/1] (0.00ns)   --->   "%sext_ln58_163 = sext i11 %add_ln58_218" [firmware/nnet_utils/nnet_dense_latency.h:58]   --->   Operation 208 'sext' 'sext_ln58_163' <Predicate = true> <Delay = 0.00>
ST_3 : Operation 209 [1/1] (0.00ns)   --->   "%sext_ln58_165 = sext i11 %add_ln58_220" [firmware/nnet_utils/nnet_dense_latency.h:58]   --->   Operation 209 'sext' 'sext_ln58_165' <Predicate = true> <Delay = 0.00>
ST_3 : Operation 210 [1/1] (1.63ns)   --->   "%add_ln58_221 = add i12 %sext_ln58_165, i12 %sext_ln58_163" [firmware/nnet_utils/nnet_dense_latency.h:58]   --->   Operation 210 'add' 'add_ln58_221' <Predicate = true> <Delay = 1.63> <CoreInst = "Adder">   --->   Core 1 'Adder' <Latency = 0> <II = 1> <Delay = 1.63> <FuncUnit> <Opcode : 'add' 'sub'> <InPorts = 2> <OutPorts = 1>
ST_3 : Operation 211 [1/1] (0.00ns)   --->   "%sext_ln58_168 = sext i12 %add_ln58_221" [firmware/nnet_utils/nnet_dense_latency.h:58]   --->   Operation 211 'sext' 'sext_ln58_168' <Predicate = true> <Delay = 0.00>
ST_3 : Operation 212 [1/1] (0.00ns)   --->   "%sext_ln58_169 = sext i12 %add_ln58_222" [firmware/nnet_utils/nnet_dense_latency.h:58]   --->   Operation 212 'sext' 'sext_ln58_169' <Predicate = true> <Delay = 0.00>
ST_3 : Operation 213 [1/1] (0.00ns)   --->   "%sext_ln58_187 = sext i11 %add_ln58_224" [firmware/nnet_utils/nnet_dense_latency.h:58]   --->   Operation 213 'sext' 'sext_ln58_187' <Predicate = true> <Delay = 0.00>
ST_3 : Operation 214 [1/1] (1.54ns)   --->   "%add_ln58_225 = add i13 %sext_ln58_187, i13 %sext_ln58_169" [firmware/nnet_utils/nnet_dense_latency.h:58]   --->   Operation 214 'add' 'add_ln58_225' <Predicate = true> <Delay = 1.54> <CoreInst = "Adder">   --->   Core 1 'Adder' <Latency = 0> <II = 1> <Delay = 1.54> <FuncUnit> <Opcode : 'add' 'sub'> <InPorts = 2> <OutPorts = 1>
ST_3 : Operation 215 [1/1] (0.00ns)   --->   "%sext_ln58_188 = sext i13 %add_ln58_225" [firmware/nnet_utils/nnet_dense_latency.h:58]   --->   Operation 215 'sext' 'sext_ln58_188' <Predicate = true> <Delay = 0.00>
ST_3 : Operation 216 [1/1] (1.67ns)   --->   "%add_ln58_226 = add i14 %sext_ln58_188, i14 %sext_ln58_168" [firmware/nnet_utils/nnet_dense_latency.h:58]   --->   Operation 216 'add' 'add_ln58_226' <Predicate = true> <Delay = 1.67> <CoreInst = "Adder">   --->   Core 1 'Adder' <Latency = 0> <II = 1> <Delay = 1.67> <FuncUnit> <Opcode : 'add' 'sub'> <InPorts = 2> <OutPorts = 1>
ST_3 : Operation 217 [1/1] (0.00ns)   --->   "%zext_ln58_29 = zext i10 %add_ln58_227" [firmware/nnet_utils/nnet_dense_latency.h:58]   --->   Operation 217 'zext' 'zext_ln58_29' <Predicate = true> <Delay = 0.00>
ST_3 : Operation 218 [1/1] (0.00ns)   --->   "%sext_ln58_171 = sext i11 %add_ln58_229" [firmware/nnet_utils/nnet_dense_latency.h:58]   --->   Operation 218 'sext' 'sext_ln58_171' <Predicate = true> <Delay = 0.00>
ST_3 : Operation 219 [1/1] (1.63ns)   --->   "%add_ln58_230 = add i12 %sext_ln58_171, i12 %zext_ln58_29" [firmware/nnet_utils/nnet_dense_latency.h:58]   --->   Operation 219 'add' 'add_ln58_230' <Predicate = true> <Delay = 1.63> <CoreInst = "Adder">   --->   Core 1 'Adder' <Latency = 0> <II = 1> <Delay = 1.63> <FuncUnit> <Opcode : 'add' 'sub'> <InPorts = 2> <OutPorts = 1>
ST_3 : Operation 220 [1/1] (0.00ns)   --->   "%sext_ln58_172 = sext i12 %add_ln58_230" [firmware/nnet_utils/nnet_dense_latency.h:58]   --->   Operation 220 'sext' 'sext_ln58_172' <Predicate = true> <Delay = 0.00>
ST_3 : Operation 221 [1/1] (0.00ns)   --->   "%zext_ln58_30 = zext i10 %add_ln58_231" [firmware/nnet_utils/nnet_dense_latency.h:58]   --->   Operation 221 'zext' 'zext_ln58_30' <Predicate = true> <Delay = 0.00>
ST_3 : Operation 222 [1/1] (0.00ns)   --->   "%sext_ln58_173 = sext i11 %add_ln58_233" [firmware/nnet_utils/nnet_dense_latency.h:58]   --->   Operation 222 'sext' 'sext_ln58_173' <Predicate = true> <Delay = 0.00>
ST_3 : Operation 223 [1/1] (1.63ns)   --->   "%add_ln58_234 = add i12 %sext_ln58_173, i12 %zext_ln58_30" [firmware/nnet_utils/nnet_dense_latency.h:58]   --->   Operation 223 'add' 'add_ln58_234' <Predicate = true> <Delay = 1.63> <CoreInst = "Adder">   --->   Core 1 'Adder' <Latency = 0> <II = 1> <Delay = 1.63> <FuncUnit> <Opcode : 'add' 'sub'> <InPorts = 2> <OutPorts = 1>
ST_3 : Operation 224 [1/1] (0.00ns)   --->   "%sext_ln58_174 = sext i12 %add_ln58_234" [firmware/nnet_utils/nnet_dense_latency.h:58]   --->   Operation 224 'sext' 'sext_ln58_174' <Predicate = true> <Delay = 0.00>
ST_3 : Operation 225 [1/1] (1.54ns)   --->   "%add_ln58_235 = add i13 %sext_ln58_174, i13 %sext_ln58_172" [firmware/nnet_utils/nnet_dense_latency.h:58]   --->   Operation 225 'add' 'add_ln58_235' <Predicate = true> <Delay = 1.54> <CoreInst = "Adder">   --->   Core 1 'Adder' <Latency = 0> <II = 1> <Delay = 1.54> <FuncUnit> <Opcode : 'add' 'sub'> <InPorts = 2> <OutPorts = 1>
ST_3 : Operation 226 [1/1] (0.00ns)   --->   "%sext_ln58_176 = sext i11 %add_ln58_236" [firmware/nnet_utils/nnet_dense_latency.h:58]   --->   Operation 226 'sext' 'sext_ln58_176' <Predicate = true> <Delay = 0.00>
ST_3 : Operation 227 [1/1] (0.00ns)   --->   "%sext_ln58_177 = sext i11 %add_ln58_238" [firmware/nnet_utils/nnet_dense_latency.h:58]   --->   Operation 227 'sext' 'sext_ln58_177' <Predicate = true> <Delay = 0.00>
ST_3 : Operation 228 [1/1] (1.63ns)   --->   "%add_ln58_239 = add i12 %sext_ln58_177, i12 %sext_ln58_176" [firmware/nnet_utils/nnet_dense_latency.h:58]   --->   Operation 228 'add' 'add_ln58_239' <Predicate = true> <Delay = 1.63> <CoreInst = "Adder">   --->   Core 1 'Adder' <Latency = 0> <II = 1> <Delay = 1.63> <FuncUnit> <Opcode : 'add' 'sub'> <InPorts = 2> <OutPorts = 1>
ST_3 : Operation 229 [1/1] (0.00ns)   --->   "%sext_ln58_180 = sext i11 %add_ln58_241" [firmware/nnet_utils/nnet_dense_latency.h:58]   --->   Operation 229 'sext' 'sext_ln58_180' <Predicate = true> <Delay = 0.00>
ST_3 : Operation 230 [1/1] (0.00ns)   --->   "%sext_ln58_182 = sext i11 %add_ln58_243" [firmware/nnet_utils/nnet_dense_latency.h:58]   --->   Operation 230 'sext' 'sext_ln58_182' <Predicate = true> <Delay = 0.00>
ST_3 : Operation 231 [1/1] (1.63ns)   --->   "%add_ln58_244 = add i12 %sext_ln58_182, i12 %sext_ln58_180" [firmware/nnet_utils/nnet_dense_latency.h:58]   --->   Operation 231 'add' 'add_ln58_244' <Predicate = true> <Delay = 1.63> <CoreInst = "Adder">   --->   Core 1 'Adder' <Latency = 0> <II = 1> <Delay = 1.63> <FuncUnit> <Opcode : 'add' 'sub'> <InPorts = 2> <OutPorts = 1>
ST_3 : Operation 232 [1/1] (0.00ns)   --->   "%sext_ln58_183 = sext i11 %add_ln58_245" [firmware/nnet_utils/nnet_dense_latency.h:58]   --->   Operation 232 'sext' 'sext_ln58_183' <Predicate = true> <Delay = 0.00>
ST_3 : Operation 233 [1/1] (0.00ns)   --->   "%sext_ln58_184 = sext i11 %add_ln58_246" [firmware/nnet_utils/nnet_dense_latency.h:58]   --->   Operation 233 'sext' 'sext_ln58_184' <Predicate = true> <Delay = 0.00>
ST_3 : Operation 234 [1/1] (1.63ns)   --->   "%add_ln58_247 = add i12 %sext_ln58_184, i12 %sext_ln58_183" [firmware/nnet_utils/nnet_dense_latency.h:58]   --->   Operation 234 'add' 'add_ln58_247' <Predicate = true> <Delay = 1.63> <CoreInst = "Adder">   --->   Core 1 'Adder' <Latency = 0> <II = 1> <Delay = 1.63> <FuncUnit> <Opcode : 'add' 'sub'> <InPorts = 2> <OutPorts = 1>
ST_3 : Operation 235 [1/1] (0.00ns)   --->   "%sext_ln58_198 = sext i12 %add_ln58_247" [firmware/nnet_utils/nnet_dense_latency.h:58]   --->   Operation 235 'sext' 'sext_ln58_198' <Predicate = true> <Delay = 0.00>
ST_3 : Operation 236 [1/1] (0.00ns)   --->   "%sext_ln58_199 = sext i12 %add_ln58_248" [firmware/nnet_utils/nnet_dense_latency.h:58]   --->   Operation 236 'sext' 'sext_ln58_199' <Predicate = true> <Delay = 0.00>
ST_3 : Operation 237 [1/1] (0.00ns)   --->   "%sext_ln58_200 = sext i11 %add_ln58_250" [firmware/nnet_utils/nnet_dense_latency.h:58]   --->   Operation 237 'sext' 'sext_ln58_200' <Predicate = true> <Delay = 0.00>
ST_3 : Operation 238 [1/1] (1.54ns)   --->   "%add_ln58_251 = add i13 %sext_ln58_200, i13 %sext_ln58_199" [firmware/nnet_utils/nnet_dense_latency.h:58]   --->   Operation 238 'add' 'add_ln58_251' <Predicate = true> <Delay = 1.54> <CoreInst = "Adder">   --->   Core 1 'Adder' <Latency = 0> <II = 1> <Delay = 1.54> <FuncUnit> <Opcode : 'add' 'sub'> <InPorts = 2> <OutPorts = 1>
ST_3 : Operation 239 [1/1] (0.00ns)   --->   "%sext_ln58_201 = sext i13 %add_ln58_251" [firmware/nnet_utils/nnet_dense_latency.h:58]   --->   Operation 239 'sext' 'sext_ln58_201' <Predicate = true> <Delay = 0.00>
ST_3 : Operation 240 [1/1] (1.67ns)   --->   "%add_ln58_252 = add i14 %sext_ln58_201, i14 %sext_ln58_198" [firmware/nnet_utils/nnet_dense_latency.h:58]   --->   Operation 240 'add' 'add_ln58_252' <Predicate = true> <Delay = 1.67> <CoreInst = "Adder">   --->   Core 1 'Adder' <Latency = 0> <II = 1> <Delay = 1.67> <FuncUnit> <Opcode : 'add' 'sub'> <InPorts = 2> <OutPorts = 1>
ST_3 : Operation 241 [1/1] (0.00ns)   --->   "%sext_ln58_203 = sext i11 %add_ln58_253" [firmware/nnet_utils/nnet_dense_latency.h:58]   --->   Operation 241 'sext' 'sext_ln58_203' <Predicate = true> <Delay = 0.00>
ST_3 : Operation 242 [1/1] (0.00ns)   --->   "%sext_ln58_205 = sext i12 %add_ln58_255" [firmware/nnet_utils/nnet_dense_latency.h:58]   --->   Operation 242 'sext' 'sext_ln58_205' <Predicate = true> <Delay = 0.00>
ST_3 : Operation 243 [1/1] (1.54ns)   --->   "%add_ln58_256 = add i13 %sext_ln58_205, i13 %sext_ln58_203" [firmware/nnet_utils/nnet_dense_latency.h:58]   --->   Operation 243 'add' 'add_ln58_256' <Predicate = true> <Delay = 1.54> <CoreInst = "Adder">   --->   Core 1 'Adder' <Latency = 0> <II = 1> <Delay = 1.54> <FuncUnit> <Opcode : 'add' 'sub'> <InPorts = 2> <OutPorts = 1>
ST_3 : Operation 244 [1/1] (0.00ns)   --->   "%sext_ln58_206 = sext i13 %add_ln58_256" [firmware/nnet_utils/nnet_dense_latency.h:58]   --->   Operation 244 'sext' 'sext_ln58_206' <Predicate = true> <Delay = 0.00>
ST_3 : Operation 245 [1/1] (0.00ns)   --->   "%sext_ln58_189 = sext i10 %add_ln58_257" [firmware/nnet_utils/nnet_dense_latency.h:58]   --->   Operation 245 'sext' 'sext_ln58_189' <Predicate = true> <Delay = 0.00>
ST_3 : Operation 246 [1/1] (0.00ns)   --->   "%zext_ln58_32 = zext i11 %add_ln58_259" [firmware/nnet_utils/nnet_dense_latency.h:58]   --->   Operation 246 'zext' 'zext_ln58_32' <Predicate = true> <Delay = 0.00>
ST_3 : Operation 247 [1/1] (1.63ns)   --->   "%add_ln58_260 = add i12 %zext_ln58_32, i12 %sext_ln58_189" [firmware/nnet_utils/nnet_dense_latency.h:58]   --->   Operation 247 'add' 'add_ln58_260' <Predicate = true> <Delay = 1.63> <CoreInst = "Adder">   --->   Core 1 'Adder' <Latency = 0> <II = 1> <Delay = 1.63> <FuncUnit> <Opcode : 'add' 'sub'> <InPorts = 2> <OutPorts = 1>
ST_3 : Operation 248 [1/1] (0.00ns)   --->   "%sext_ln58_207 = sext i12 %add_ln58_260" [firmware/nnet_utils/nnet_dense_latency.h:58]   --->   Operation 248 'sext' 'sext_ln58_207' <Predicate = true> <Delay = 0.00>
ST_3 : Operation 249 [1/1] (1.67ns)   --->   "%add_ln58_261 = add i14 %sext_ln58_207, i14 %sext_ln58_206" [firmware/nnet_utils/nnet_dense_latency.h:58]   --->   Operation 249 'add' 'add_ln58_261' <Predicate = true> <Delay = 1.67> <CoreInst = "Adder">   --->   Core 1 'Adder' <Latency = 0> <II = 1> <Delay = 1.67> <FuncUnit> <Opcode : 'add' 'sub'> <InPorts = 2> <OutPorts = 1>
ST_3 : Operation 250 [1/1] (0.00ns)   --->   "%sext_ln58_191 = sext i11 %add_ln58_262" [firmware/nnet_utils/nnet_dense_latency.h:58]   --->   Operation 250 'sext' 'sext_ln58_191' <Predicate = true> <Delay = 0.00>
ST_3 : Operation 251 [1/1] (0.00ns)   --->   "%sext_ln58_192 = sext i11 %add_ln58_263" [firmware/nnet_utils/nnet_dense_latency.h:58]   --->   Operation 251 'sext' 'sext_ln58_192' <Predicate = true> <Delay = 0.00>
ST_3 : Operation 252 [1/1] (0.00ns) (grouped into TernaryAdder)   --->   "%add_ln58_264 = add i12 %sext_ln58_192, i12 %shl_ln42_69_cast2" [firmware/nnet_utils/nnet_dense_latency.h:58]   --->   Operation 252 'add' 'add_ln58_264' <Predicate = true> <Delay = 0.00> <CoreInst = "TAddSub">   --->   Core 10 'TAddSub' <Latency = 0> <II = 1> <Delay = 1.89> <IPBlock> <Opcode : '' 'add' 'sub'> <InPorts = 3> <OutPorts = 1> <Sync> <CReg>
ST_3 : Operation 253 [1/1] (3.78ns) (root node of TernaryAdder)   --->   "%add_ln58_265 = add i12 %add_ln58_264, i12 %sext_ln58_191" [firmware/nnet_utils/nnet_dense_latency.h:58]   --->   Operation 253 'add' 'add_ln58_265' <Predicate = true> <Delay = 3.78> <CoreInst = "TAddSub">   --->   Core 10 'TAddSub' <Latency = 0> <II = 1> <Delay = 1.89> <IPBlock> <Opcode : '' 'add' 'sub'> <InPorts = 3> <OutPorts = 1> <Sync> <CReg>
ST_3 : Operation 254 [1/1] (0.00ns)   --->   "%sext_ln58_194 = sext i10 %add_ln58_266" [firmware/nnet_utils/nnet_dense_latency.h:58]   --->   Operation 254 'sext' 'sext_ln58_194' <Predicate = true> <Delay = 0.00>
ST_3 : Operation 255 [1/1] (0.00ns)   --->   "%sext_ln58_196 = sext i11 %add_ln58_268" [firmware/nnet_utils/nnet_dense_latency.h:58]   --->   Operation 255 'sext' 'sext_ln58_196' <Predicate = true> <Delay = 0.00>
ST_3 : Operation 256 [1/1] (1.63ns)   --->   "%add_ln58_269 = add i12 %sext_ln58_196, i12 %sext_ln58_194" [firmware/nnet_utils/nnet_dense_latency.h:58]   --->   Operation 256 'add' 'add_ln58_269' <Predicate = true> <Delay = 1.63> <CoreInst = "Adder">   --->   Core 1 'Adder' <Latency = 0> <II = 1> <Delay = 1.63> <FuncUnit> <Opcode : 'add' 'sub'> <InPorts = 2> <OutPorts = 1>

State 4 <SV = 3> <Delay = 3.78>
ST_4 : Operation 257 [1/1] (0.00ns)   --->   "%specpipeline_ln33 = specpipeline void @_ssdm_op_SpecPipeline, i32 1, i32 0, i32 0, i32 0, void @empty_0" [firmware/nnet_utils/nnet_dense_latency.h:33]   --->   Operation 257 'specpipeline' 'specpipeline_ln33' <Predicate = true> <Delay = 0.00>
ST_4 : Operation 258 [1/1] (0.00ns)   --->   "%specresourcelimit_ln33 = specresourcelimit void @_ssdm_op_SpecResourceLimit, i64 88, void @empty_1, void @empty_0, void @empty_0, void @empty_0" [firmware/nnet_utils/nnet_dense_latency.h:33]   --->   Operation 258 'specresourcelimit' 'specresourcelimit_ln33' <Predicate = true> <Delay = 0.00>
ST_4 : Operation 259 [1/1] (0.00ns)   --->   "%sext_ln58_159 = sext i12 %add_ln58_209" [firmware/nnet_utils/nnet_dense_latency.h:58]   --->   Operation 259 'sext' 'sext_ln58_159' <Predicate = true> <Delay = 0.00>
ST_4 : Operation 260 [1/1] (0.00ns)   --->   "%sext_ln58_160 = sext i10 %add_ln58_210" [firmware/nnet_utils/nnet_dense_latency.h:58]   --->   Operation 260 'sext' 'sext_ln58_160' <Predicate = true> <Delay = 0.00>
ST_4 : Operation 261 [1/1] (0.00ns)   --->   "%zext_ln58_27 = zext i10 %add_ln58_211" [firmware/nnet_utils/nnet_dense_latency.h:58]   --->   Operation 261 'zext' 'zext_ln58_27' <Predicate = true> <Delay = 0.00>
ST_4 : Operation 262 [1/1] (0.00ns) (grouped into TernaryAdder)   --->   "%add_ln58_212 = add i12 %zext_ln58_27, i12 %sext_ln58_160" [firmware/nnet_utils/nnet_dense_latency.h:58]   --->   Operation 262 'add' 'add_ln58_212' <Predicate = true> <Delay = 0.00> <CoreInst = "TAddSub">   --->   Core 10 'TAddSub' <Latency = 0> <II = 1> <Delay = 1.89> <IPBlock> <Opcode : '' 'add' 'sub'> <InPorts = 3> <OutPorts = 1> <Sync> <CReg>
ST_4 : Operation 263 [1/1] (3.78ns) (root node of TernaryAdder)   --->   "%add_ln58_217 = add i12 %add_ln58_216, i12 %add_ln58_212" [firmware/nnet_utils/nnet_dense_latency.h:58]   --->   Operation 263 'add' 'add_ln58_217' <Predicate = true> <Delay = 3.78> <CoreInst = "TAddSub">   --->   Core 10 'TAddSub' <Latency = 0> <II = 1> <Delay = 1.89> <IPBlock> <Opcode : '' 'add' 'sub'> <InPorts = 3> <OutPorts = 1> <Sync> <CReg>
ST_4 : Operation 264 [1/1] (0.00ns)   --->   "%add_ln58_240_cast = sext i12 %add_ln58_217" [firmware/nnet_utils/nnet_dense_latency.h:58]   --->   Operation 264 'sext' 'add_ln58_240_cast' <Predicate = true> <Delay = 0.00>
ST_4 : Operation 265 [1/1] (0.00ns)   --->   "%add_ln58_226_cast = sext i14 %add_ln58_226" [firmware/nnet_utils/nnet_dense_latency.h:58]   --->   Operation 265 'sext' 'add_ln58_226_cast' <Predicate = true> <Delay = 0.00>
ST_4 : Operation 266 [1/1] (0.00ns)   --->   "%sext_ln58_175 = sext i13 %add_ln58_235" [firmware/nnet_utils/nnet_dense_latency.h:58]   --->   Operation 266 'sext' 'sext_ln58_175' <Predicate = true> <Delay = 0.00>
ST_4 : Operation 267 [1/1] (0.00ns)   --->   "%sext_ln58_178 = sext i12 %add_ln58_239" [firmware/nnet_utils/nnet_dense_latency.h:58]   --->   Operation 267 'sext' 'sext_ln58_178' <Predicate = true> <Delay = 0.00>
ST_4 : Operation 268 [1/1] (0.00ns)   --->   "%add_ln58_261_cast = sext i12 %add_ln58_244" [firmware/nnet_utils/nnet_dense_latency.h:58]   --->   Operation 268 'sext' 'add_ln58_261_cast' <Predicate = true> <Delay = 0.00>
ST_4 : Operation 269 [1/1] (0.00ns)   --->   "%add_ln58_252_cast = sext i14 %add_ln58_252" [firmware/nnet_utils/nnet_dense_latency.h:58]   --->   Operation 269 'sext' 'add_ln58_252_cast' <Predicate = true> <Delay = 0.00>
ST_4 : Operation 270 [1/1] (0.00ns)   --->   "%sext_ln58_208 = sext i14 %add_ln58_261" [firmware/nnet_utils/nnet_dense_latency.h:58]   --->   Operation 270 'sext' 'sext_ln58_208' <Predicate = true> <Delay = 0.00>
ST_4 : Operation 271 [1/1] (0.00ns)   --->   "%sext_ln58_193 = sext i12 %add_ln58_265" [firmware/nnet_utils/nnet_dense_latency.h:58]   --->   Operation 271 'sext' 'sext_ln58_193' <Predicate = true> <Delay = 0.00>
ST_4 : Operation 272 [1/1] (0.00ns)   --->   "%sext_ln58_197 = sext i12 %add_ln58_269" [firmware/nnet_utils/nnet_dense_latency.h:58]   --->   Operation 272 'sext' 'sext_ln58_197' <Predicate = true> <Delay = 0.00>
ST_4 : Operation 273 [1/1] (1.54ns)   --->   "%add_ln58_270 = add i13 %sext_ln58_197, i13 %sext_ln58_193" [firmware/nnet_utils/nnet_dense_latency.h:58]   --->   Operation 273 'add' 'add_ln58_270' <Predicate = true> <Delay = 1.54> <CoreInst = "Adder">   --->   Core 1 'Adder' <Latency = 0> <II = 1> <Delay = 1.54> <FuncUnit> <Opcode : 'add' 'sub'> <InPorts = 2> <OutPorts = 1>
ST_4 : Operation 274 [1/1] (0.00ns)   --->   "%sext_ln68 = sext i13 %add_ln58_270" [firmware/nnet_utils/nnet_dense_latency.h:68]   --->   Operation 274 'sext' 'sext_ln68' <Predicate = true> <Delay = 0.00>
ST_4 : Operation 275 [1/1] (0.00ns)   --->   "%mrv = insertvalue i144 <undef>, i16 %sext_ln58_175" [firmware/nnet_utils/nnet_dense_latency.h:68]   --->   Operation 275 'insertvalue' 'mrv' <Predicate = true> <Delay = 0.00>
ST_4 : Operation 276 [1/1] (0.00ns)   --->   "%mrv_1 = insertvalue i144 %mrv, i16 %add_ln58_261_cast" [firmware/nnet_utils/nnet_dense_latency.h:68]   --->   Operation 276 'insertvalue' 'mrv_1' <Predicate = true> <Delay = 0.00>
ST_4 : Operation 277 [1/1] (0.00ns)   --->   "%mrv_2 = insertvalue i144 %mrv_1, i16 %add_ln58_252_cast" [firmware/nnet_utils/nnet_dense_latency.h:68]   --->   Operation 277 'insertvalue' 'mrv_2' <Predicate = true> <Delay = 0.00>
ST_4 : Operation 278 [1/1] (0.00ns)   --->   "%mrv_3 = insertvalue i144 %mrv_2, i16 %sext_ln58_178" [firmware/nnet_utils/nnet_dense_latency.h:68]   --->   Operation 278 'insertvalue' 'mrv_3' <Predicate = true> <Delay = 0.00>
ST_4 : Operation 279 [1/1] (0.00ns)   --->   "%mrv_4 = insertvalue i144 %mrv_3, i16 %sext_ln58_208" [firmware/nnet_utils/nnet_dense_latency.h:68]   --->   Operation 279 'insertvalue' 'mrv_4' <Predicate = true> <Delay = 0.00>
ST_4 : Operation 280 [1/1] (0.00ns)   --->   "%mrv_5 = insertvalue i144 %mrv_4, i16 %sext_ln58_159" [firmware/nnet_utils/nnet_dense_latency.h:68]   --->   Operation 280 'insertvalue' 'mrv_5' <Predicate = true> <Delay = 0.00>
ST_4 : Operation 281 [1/1] (0.00ns)   --->   "%mrv_6 = insertvalue i144 %mrv_5, i16 %sext_ln68" [firmware/nnet_utils/nnet_dense_latency.h:68]   --->   Operation 281 'insertvalue' 'mrv_6' <Predicate = true> <Delay = 0.00>
ST_4 : Operation 282 [1/1] (0.00ns)   --->   "%mrv_7 = insertvalue i144 %mrv_6, i16 %add_ln58_226_cast" [firmware/nnet_utils/nnet_dense_latency.h:68]   --->   Operation 282 'insertvalue' 'mrv_7' <Predicate = true> <Delay = 0.00>
ST_4 : Operation 283 [1/1] (0.00ns)   --->   "%mrv_8 = insertvalue i144 %mrv_7, i16 %add_ln58_240_cast" [firmware/nnet_utils/nnet_dense_latency.h:68]   --->   Operation 283 'insertvalue' 'mrv_8' <Predicate = true> <Delay = 0.00>
ST_4 : Operation 284 [1/1] (0.00ns)   --->   "%ret_ln68 = ret i144 %mrv_8" [firmware/nnet_utils/nnet_dense_latency.h:68]   --->   Operation 284 'ret' 'ret_ln68' <Predicate = true> <Delay = 0.00>


============================================================
+ Verbose Summary: Timing violations
============================================================
Target clock period: 5.000ns, clock uncertainty: 0.625ns.

 <State 1>: 3.215ns
The critical path consists of the following:
	wire read operation ('data_5_val_read', firmware/nnet_utils/nnet_mult.h:70->firmware/nnet_utils/nnet_dense_latency.h:42) on port 'data_5_val' (firmware/nnet_utils/nnet_mult.h:70->firmware/nnet_utils/nnet_dense_latency.h:42) [37]  (0.000 ns)
	'add' operation 3 bit ('sum', firmware/nnet_utils/nnet_mult.h:70->firmware/nnet_utils/nnet_dense_latency.h:42) [231]  (1.565 ns)
	'sub' operation 4 bit ('tmp4311', firmware/nnet_utils/nnet_mult.h:70->firmware/nnet_utils/nnet_dense_latency.h:42) [234]  (1.650 ns)

 <State 2>: 3.757ns
The critical path consists of the following:
	'add' operation 11 bit ('add_ln58_233', firmware/nnet_utils/nnet_dense_latency.h:58) [208]  (3.757 ns)

 <State 3>: 3.786ns
The critical path consists of the following:
	'add' operation 12 bit ('add_ln58_215', firmware/nnet_utils/nnet_dense_latency.h:58) [168]  (0.000 ns)
	'add' operation 12 bit ('add_ln58_216', firmware/nnet_utils/nnet_dense_latency.h:58) [169]  (3.786 ns)

 <State 4>: 3.786ns
The critical path consists of the following:
	'add' operation 12 bit ('add_ln58_212', firmware/nnet_utils/nnet_dense_latency.h:58) [163]  (0.000 ns)
	'add' operation 12 bit ('add_ln58_217', firmware/nnet_utils/nnet_dense_latency.h:58) [170]  (3.786 ns)


============================================================
+ Verbose Summary: Binding
============================================================
N/A
* FSMD analyzer results:
  - Output states:
 - Input state : 
  - Chain level:
	State 1
	State 2
	State 3
	State 4


============================================================
+ Verbose Summary: Datapath Resource usage 
============================================================
N/A
