

================================================================
== Vitis HLS Report for 'dense_latency_ap_ufixed_2_0_4_0_0_ap_fixed_16_6_5_3_0_config19_s'
================================================================
* Date:           Mon Oct 20 15:01:59 2025

* Version:        2024.1 (Build 5069499 on May 21 2024)
* Project:        myproject_prj
* Solution:       solution1 (Vivado IP Flow Target)
* Product family: zynq
* Target device:  xc7z020-clg400-1


================================================================
== Performance Estimates
================================================================
+ Timing: 
    * Summary: 
    +--------+---------+----------+------------+
    |  Clock |  Target | Estimated| Uncertainty|
    +--------+---------+----------+------------+
    |ap_clk  |  5.00 ns|  3.385 ns|     0.62 ns|
    +--------+---------+----------+------------+

+ Latency: 
    * Summary: 
    +---------+---------+----------+----------+-----+-----+---------+
    |  Latency (cycles) |  Latency (absolute) |  Interval | Pipeline|
    |   min   |   max   |    min   |    max   | min | max |   Type  |
    +---------+---------+----------+----------+-----+-----+---------+
    |        1|        1|  5.000 ns|  5.000 ns|    1|    1|      yes|
    +---------+---------+----------+----------+-----+-----+---------+

    + Detail: 
        * Instance: 
        N/A

        * Loop: 
        N/A



================================================================
== Utilization Estimates
================================================================
* Summary: 
+-----------------+---------+-----+--------+-------+-----+
|       Name      | BRAM_18K| DSP |   FF   |  LUT  | URAM|
+-----------------+---------+-----+--------+-------+-----+
|DSP              |        -|    -|       -|      -|    -|
|Expression       |        -|    -|       0|     63|    -|
|FIFO             |        -|    -|       -|      -|    -|
|Instance         |        -|    -|       -|      -|    -|
|Memory           |        -|    -|       -|      -|    -|
|Multiplexer      |        -|    -|       -|      -|    -|
|Register         |        -|    -|       9|      -|    -|
+-----------------+---------+-----+--------+-------+-----+
|Total            |        0|    0|       9|     63|    0|
+-----------------+---------+-----+--------+-------+-----+
|Available        |      280|  220|  106400|  53200|    0|
+-----------------+---------+-----+--------+-------+-----+
|Utilization (%)  |        0|    0|      ~0|     ~0|    0|
+-----------------+---------+-----+--------+-------+-----+

+ Detail: 
    * Instance: 
    N/A

    * DSP: 
    N/A

    * Memory: 
    N/A

    * FIFO: 
    N/A

    * Expression: 
    +-----------------------+----------+----+---+----+------------+------------+
    |     Variable Name     | Operation| DSP| FF| LUT| Bitwidth P0| Bitwidth P1|
    +-----------------------+----------+----+---+----+------------+------------+
    |add_ln58_134_fu_82_p2  |         +|   0|  0|  11|           3|           3|
    |add_ln58_135_fu_88_p2  |         +|   0|  0|  11|           3|           3|
    |add_ln58_136_fu_98_p2  |         +|   0|  0|  13|           4|           4|
    |add_ln58_fu_120_p2     |         +|   0|  0|  13|           5|           5|
    |sub_ln58_fu_107_p2     |         -|   0|  0|  13|           1|           4|
    |ap_enable_pp0          |       xor|   0|  0|   2|           1|           2|
    +-----------------------+----------+----+---+----+------------+------------+
    |Total                  |          |   0|  0|  63|          17|          21|
    +-----------------------+----------+----+---+----+------------+------------+

    * Multiplexer: 
    N/A

    * Register: 
    +-------------------------+---+----+-----+-----------+
    |           Name          | FF| LUT| Bits| Const Bits|
    +-------------------------+---+----+-----+-----------+
    |add_ln58_134_reg_134     |  3|   0|    3|          0|
    |add_ln58_136_reg_139     |  4|   0|    4|          0|
    |ap_CS_fsm                |  1|   0|    1|          0|
    |ap_enable_reg_pp0_iter1  |  1|   0|    1|          0|
    +-------------------------+---+----+-----+-----------+
    |Total                    |  9|   0|    9|          0|
    +-------------------------+---+----+-----+-----------+



================================================================
== Interface
================================================================
* Summary: 
+------------+-----+-----+------------+-----------------------------------------------------------------------------+--------------+
|  RTL Ports | Dir | Bits|  Protocol  |                                Source Object                                |    C Type    |
+------------+-----+-----+------------+-----------------------------------------------------------------------------+--------------+
|ap_clk      |   in|    1|  ap_ctrl_hs|  dense_latency<ap_ufixed<2, 0, 4, 0, 0>, ap_fixed<16, 6, 5, 3, 0>, config19>|  return value|
|ap_rst      |   in|    1|  ap_ctrl_hs|  dense_latency<ap_ufixed<2, 0, 4, 0, 0>, ap_fixed<16, 6, 5, 3, 0>, config19>|  return value|
|ap_start    |   in|    1|  ap_ctrl_hs|  dense_latency<ap_ufixed<2, 0, 4, 0, 0>, ap_fixed<16, 6, 5, 3, 0>, config19>|  return value|
|ap_done     |  out|    1|  ap_ctrl_hs|  dense_latency<ap_ufixed<2, 0, 4, 0, 0>, ap_fixed<16, 6, 5, 3, 0>, config19>|  return value|
|ap_idle     |  out|    1|  ap_ctrl_hs|  dense_latency<ap_ufixed<2, 0, 4, 0, 0>, ap_fixed<16, 6, 5, 3, 0>, config19>|  return value|
|ap_ready    |  out|    1|  ap_ctrl_hs|  dense_latency<ap_ufixed<2, 0, 4, 0, 0>, ap_fixed<16, 6, 5, 3, 0>, config19>|  return value|
|ap_ce       |   in|    1|  ap_ctrl_hs|  dense_latency<ap_ufixed<2, 0, 4, 0, 0>, ap_fixed<16, 6, 5, 3, 0>, config19>|  return value|
|ap_return   |  out|   12|  ap_ctrl_hs|  dense_latency<ap_ufixed<2, 0, 4, 0, 0>, ap_fixed<16, 6, 5, 3, 0>, config19>|  return value|
|data_0_val  |   in|    2|     ap_none|                                                                   data_0_val|        scalar|
|data_1_val  |   in|    2|     ap_none|                                                                   data_1_val|        scalar|
|data_4_val  |   in|    2|     ap_none|                                                                   data_4_val|        scalar|
|data_5_val  |   in|    2|     ap_none|                                                                   data_5_val|        scalar|
|data_6_val  |   in|    2|     ap_none|                                                                   data_6_val|        scalar|
+------------+-----+-----+------------+-----------------------------------------------------------------------------+--------------+

============================================================
+ Verbose Summary: Synthesis Manager
============================================================
InlineROM: 1
ExposeGlobal: 0
============================================================
+ Verbose Summary: CDFG Model
============================================================
IsTopModel: 0
ResetActiveHigh: 1
IsCombinational: 2
IsDatapathOnly: 2
HasWiredReturn: 1
HasMFsm: 2
HasVarLatency: 0
IsPipeline: 1
IsRtlPipelined: 1
IsInstanceOverlapped: 0
IsDontTouch: 0
HasImplIP: 0
IsGatedGlobalClock: 0

+ Individual pipeline summary: 
  * Pipeline-0: initiation interval (II) = 1, depth = 2


============================================================
+ Verbose Summary: Schedule
============================================================
* Number of FSM states : 2
* Pipeline : 1
  Pipeline-0 : II = 1, D = 2, States = { 1 2 }
* Dataflow Pipeline: 0

* FSM state transitions: 
1 --> 2 
2 --> 

* FSM state operations: 

State 1 <SV = 0> <Delay = 3.21>
ST_1 : Operation 3 [1/1] (0.00ns)   --->   "%data_6_val_read = read i2 @_ssdm_op_Read.ap_auto.i2, i2 %data_6_val" [firmware/nnet_utils/nnet_mult.h:70->firmware/nnet_utils/nnet_dense_latency.h:42]   --->   Operation 3 'read' 'data_6_val_read' <Predicate = true> <Delay = 0.00>
ST_1 : Operation 4 [1/1] (0.00ns)   --->   "%data_5_val_read = read i2 @_ssdm_op_Read.ap_auto.i2, i2 %data_5_val" [firmware/nnet_utils/nnet_mult.h:70->firmware/nnet_utils/nnet_dense_latency.h:42]   --->   Operation 4 'read' 'data_5_val_read' <Predicate = true> <Delay = 0.00>
ST_1 : Operation 5 [1/1] (0.00ns)   --->   "%data_4_val_read = read i2 @_ssdm_op_Read.ap_auto.i2, i2 %data_4_val" [firmware/nnet_utils/nnet_mult.h:70->firmware/nnet_utils/nnet_dense_latency.h:42]   --->   Operation 5 'read' 'data_4_val_read' <Predicate = true> <Delay = 0.00>
ST_1 : Operation 6 [1/1] (0.00ns)   --->   "%data_1_val_read = read i2 @_ssdm_op_Read.ap_auto.i2, i2 %data_1_val" [firmware/nnet_utils/nnet_mult.h:70->firmware/nnet_utils/nnet_dense_latency.h:42]   --->   Operation 6 'read' 'data_1_val_read' <Predicate = true> <Delay = 0.00>
ST_1 : Operation 7 [1/1] (0.00ns)   --->   "%data_0_val_read = read i2 @_ssdm_op_Read.ap_auto.i2, i2 %data_0_val" [firmware/nnet_utils/nnet_mult.h:70->firmware/nnet_utils/nnet_dense_latency.h:42]   --->   Operation 7 'read' 'data_0_val_read' <Predicate = true> <Delay = 0.00>
ST_1 : Operation 8 [1/1] (0.00ns)   --->   "%zext_ln70 = zext i2 %data_1_val_read" [firmware/nnet_utils/nnet_mult.h:70->firmware/nnet_utils/nnet_dense_latency.h:42]   --->   Operation 8 'zext' 'zext_ln70' <Predicate = true> <Delay = 0.00>
ST_1 : Operation 9 [1/1] (0.00ns)   --->   "%zext_ln70_17 = zext i2 %data_4_val_read" [firmware/nnet_utils/nnet_mult.h:70->firmware/nnet_utils/nnet_dense_latency.h:42]   --->   Operation 9 'zext' 'zext_ln70_17' <Predicate = true> <Delay = 0.00>
ST_1 : Operation 10 [1/1] (0.00ns)   --->   "%data_0_val_cast = zext i2 %data_0_val_read" [firmware/nnet_utils/nnet_mult.h:70->firmware/nnet_utils/nnet_dense_latency.h:42]   --->   Operation 10 'zext' 'data_0_val_cast' <Predicate = true> <Delay = 0.00>
ST_1 : Operation 11 [1/1] (0.00ns)   --->   "%data_5_val_cast = zext i2 %data_5_val_read" [firmware/nnet_utils/nnet_mult.h:70->firmware/nnet_utils/nnet_dense_latency.h:42]   --->   Operation 11 'zext' 'data_5_val_cast' <Predicate = true> <Delay = 0.00>
ST_1 : Operation 12 [1/1] (0.00ns)   --->   "%zext_ln58 = zext i2 %data_6_val_read" [firmware/nnet_utils/nnet_dense_latency.h:58]   --->   Operation 12 'zext' 'zext_ln58' <Predicate = true> <Delay = 0.00>
ST_1 : Operation 13 [1/1] (1.56ns)   --->   "%add_ln58_134 = add i3 %zext_ln70, i3 %zext_ln70_17" [firmware/nnet_utils/nnet_dense_latency.h:58]   --->   Operation 13 'add' 'add_ln58_134' <Predicate = true> <Delay = 1.56> <CoreInst = "Adder">   --->   Core 1 'Adder' <Latency = 0> <II = 1> <Delay = 1.65> <FuncUnit> <Opcode : 'add' 'sub'> <InPorts = 2> <OutPorts = 1>
ST_1 : Operation 14 [1/1] (1.56ns)   --->   "%add_ln58_135 = add i3 %data_5_val_cast, i3 %zext_ln58" [firmware/nnet_utils/nnet_dense_latency.h:58]   --->   Operation 14 'add' 'add_ln58_135' <Predicate = true> <Delay = 1.56> <CoreInst = "Adder">   --->   Core 1 'Adder' <Latency = 0> <II = 1> <Delay = 1.65> <FuncUnit> <Opcode : 'add' 'sub'> <InPorts = 2> <OutPorts = 1>
ST_1 : Operation 15 [1/1] (0.00ns)   --->   "%zext_ln58_12 = zext i3 %add_ln58_135" [firmware/nnet_utils/nnet_dense_latency.h:58]   --->   Operation 15 'zext' 'zext_ln58_12' <Predicate = true> <Delay = 0.00>
ST_1 : Operation 16 [1/1] (1.65ns)   --->   "%add_ln58_136 = add i4 %zext_ln58_12, i4 %data_0_val_cast" [firmware/nnet_utils/nnet_dense_latency.h:58]   --->   Operation 16 'add' 'add_ln58_136' <Predicate = true> <Delay = 1.65> <CoreInst = "Adder">   --->   Core 1 'Adder' <Latency = 0> <II = 1> <Delay = 1.73> <FuncUnit> <Opcode : 'add' 'sub'> <InPorts = 2> <OutPorts = 1>

State 2 <SV = 1> <Delay = 3.38>
ST_2 : Operation 17 [1/1] (0.00ns)   --->   "%specpipeline_ln33 = specpipeline void @_ssdm_op_SpecPipeline, i32 1, i32 0, i32 0, i32 0, void @empty_0" [firmware/nnet_utils/nnet_dense_latency.h:33]   --->   Operation 17 'specpipeline' 'specpipeline_ln33' <Predicate = true> <Delay = 0.00>
ST_2 : Operation 18 [1/1] (0.00ns)   --->   "%specresourcelimit_ln33 = specresourcelimit void @_ssdm_op_SpecResourceLimit, i64 5, void @empty_1, void @empty_0, void @empty_0, void @empty_0" [firmware/nnet_utils/nnet_dense_latency.h:33]   --->   Operation 18 'specresourcelimit' 'specresourcelimit_ln33' <Predicate = true> <Delay = 0.00>
ST_2 : Operation 19 [1/1] (0.00ns)   --->   "%zext_ln58_11 = zext i3 %add_ln58_134" [firmware/nnet_utils/nnet_dense_latency.h:58]   --->   Operation 19 'zext' 'zext_ln58_11' <Predicate = true> <Delay = 0.00>
ST_2 : Operation 20 [1/1] (1.65ns)   --->   "%sub_ln58 = sub i4 0, i4 %zext_ln58_11" [firmware/nnet_utils/nnet_dense_latency.h:58]   --->   Operation 20 'sub' 'sub_ln58' <Predicate = true> <Delay = 1.65> <CoreInst = "Adder">   --->   Core 1 'Adder' <Latency = 0> <II = 1> <Delay = 1.73> <FuncUnit> <Opcode : 'add' 'sub'> <InPorts = 2> <OutPorts = 1>
ST_2 : Operation 21 [1/1] (0.00ns)   --->   "%sext_ln58 = sext i4 %sub_ln58" [firmware/nnet_utils/nnet_dense_latency.h:58]   --->   Operation 21 'sext' 'sext_ln58' <Predicate = true> <Delay = 0.00>
ST_2 : Operation 22 [1/1] (0.00ns)   --->   "%zext_ln58_13 = zext i4 %add_ln58_136" [firmware/nnet_utils/nnet_dense_latency.h:58]   --->   Operation 22 'zext' 'zext_ln58_13' <Predicate = true> <Delay = 0.00>
ST_2 : Operation 23 [1/1] (1.73ns)   --->   "%add_ln58 = add i5 %zext_ln58_13, i5 %sext_ln58" [firmware/nnet_utils/nnet_dense_latency.h:58]   --->   Operation 23 'add' 'add_ln58' <Predicate = true> <Delay = 1.73> <CoreInst = "Adder">   --->   Core 1 'Adder' <Latency = 0> <II = 1> <Delay = 1.78> <FuncUnit> <Opcode : 'add' 'sub'> <InPorts = 2> <OutPorts = 1>
ST_2 : Operation 24 [1/1] (0.00ns)   --->   "%tmp = bitconcatenate i12 @_ssdm_op_BitConcatenate.i12.i5.i7, i5 %add_ln58, i7 0" [firmware/nnet_utils/nnet_dense_latency.h:58]   --->   Operation 24 'bitconcatenate' 'tmp' <Predicate = true> <Delay = 0.00>
ST_2 : Operation 25 [1/1] (0.00ns)   --->   "%ret_ln68 = ret i12 %tmp" [firmware/nnet_utils/nnet_dense_latency.h:68]   --->   Operation 25 'ret' 'ret_ln68' <Predicate = true> <Delay = 0.00>


============================================================
+ Verbose Summary: Binding
============================================================
STG Binding: 
---------------- STG Properties BEGIN ----------------
- Is combinational: 0
- Is one-state seq: 0
- Is datapath-only: 0
- Is pipelined: 1
- Is top level: 0
Port [ Return ] is wired: 1; IO mode=ap_ctrl_hs:ce=0
Port [ data_0_val]:  wired=1; compound=0; hidden=0; nouse=0; global=0; static=0; extern=0; dir=0; type=0; pingpong=0; private_global=0; IO mode=ap_none:ce=0
Port [ data_1_val]:  wired=1; compound=0; hidden=0; nouse=0; global=0; static=0; extern=0; dir=0; type=0; pingpong=0; private_global=0; IO mode=ap_none:ce=0
Port [ data_4_val]:  wired=1; compound=0; hidden=0; nouse=0; global=0; static=0; extern=0; dir=0; type=0; pingpong=0; private_global=0; IO mode=ap_none:ce=0
Port [ data_5_val]:  wired=1; compound=0; hidden=0; nouse=0; global=0; static=0; extern=0; dir=0; type=0; pingpong=0; private_global=0; IO mode=ap_none:ce=0
Port [ data_6_val]:  wired=1; compound=0; hidden=0; nouse=0; global=0; static=0; extern=0; dir=0; type=0; pingpong=0; private_global=0; IO mode=ap_none:ce=0
---------------- STG Properties END ------------------

---------------- Datapath Model BEGIN ----------------

<LifeTime>
<method=bitvector/>
data_6_val_read        (read             ) [ 000]
data_5_val_read        (read             ) [ 000]
data_4_val_read        (read             ) [ 000]
data_1_val_read        (read             ) [ 000]
data_0_val_read        (read             ) [ 000]
zext_ln70              (zext             ) [ 000]
zext_ln70_17           (zext             ) [ 000]
data_0_val_cast        (zext             ) [ 000]
data_5_val_cast        (zext             ) [ 000]
zext_ln58              (zext             ) [ 000]
add_ln58_134           (add              ) [ 011]
add_ln58_135           (add              ) [ 000]
zext_ln58_12           (zext             ) [ 000]
add_ln58_136           (add              ) [ 011]
specpipeline_ln33      (specpipeline     ) [ 000]
specresourcelimit_ln33 (specresourcelimit) [ 000]
zext_ln58_11           (zext             ) [ 000]
sub_ln58               (sub              ) [ 000]
sext_ln58              (sext             ) [ 000]
zext_ln58_13           (zext             ) [ 000]
add_ln58               (add              ) [ 000]
tmp                    (bitconcatenate   ) [ 000]
ret_ln68               (ret              ) [ 000]
</LifeTime>

<model>

<comp_list>
<comp id="0" class="1000" name="data_0_val">
<pin_list>
<pin id="1" dir="1" index="0" bw="1" slack="0"/>
</pin_list>
<bind>
<StgValue><ssdm name="data_0_val"/></StgValue>
</bind>
</comp>

<comp id="2" class="1000" name="data_1_val">
<pin_list>
<pin id="3" dir="1" index="0" bw="1" slack="0"/>
</pin_list>
<bind>
<StgValue><ssdm name="data_1_val"/></StgValue>
</bind>
</comp>

<comp id="4" class="1000" name="data_4_val">
<pin_list>
<pin id="5" dir="1" index="0" bw="1" slack="0"/>
</pin_list>
<bind>
<StgValue><ssdm name="data_4_val"/></StgValue>
</bind>
</comp>

<comp id="6" class="1000" name="data_5_val">
<pin_list>
<pin id="7" dir="1" index="0" bw="1" slack="0"/>
</pin_list>
<bind>
<StgValue><ssdm name="data_5_val"/></StgValue>
</bind>
</comp>

<comp id="8" class="1000" name="data_6_val">
<pin_list>
<pin id="9" dir="1" index="0" bw="1" slack="0"/>
</pin_list>
<bind>
<StgValue><ssdm name="data_6_val"/></StgValue>
</bind>
</comp>

<comp id="10" class="1001" name="const_10">
<pin_list>
<pin id="11" dir="1" index="0" bw="1" slack="0"/>
</pin_list>
<bind>
<StgValue><ssdm name="_ssdm_op_Read.ap_auto.i2"/></StgValue>
</bind>
</comp>

<comp id="12" class="1001" name="const_12">
<pin_list>
<pin id="13" dir="1" index="0" bw="1" slack="2147483647"/>
</pin_list>
<bind>
<StgValue><ssdm name="_ssdm_op_SpecPipeline"/></StgValue>
</bind>
</comp>

<comp id="14" class="1001" name="const_14">
<pin_list>
<pin id="15" dir="1" index="0" bw="1" slack="2147483647"/>
</pin_list>
<bind>
<StgValue><ssdm name=""/></StgValue>
</bind>
</comp>

<comp id="16" class="1001" name="const_16">
<pin_list>
<pin id="17" dir="1" index="0" bw="1" slack="2147483647"/>
</pin_list>
<bind>
<StgValue><ssdm name=""/></StgValue>
</bind>
</comp>

<comp id="18" class="1001" name="const_18">
<pin_list>
<pin id="19" dir="1" index="0" bw="1" slack="2147483647"/>
</pin_list>
<bind>
<StgValue><ssdm name="empty_0"/></StgValue>
</bind>
</comp>

<comp id="20" class="1001" name="const_20">
<pin_list>
<pin id="21" dir="1" index="0" bw="1" slack="2147483647"/>
</pin_list>
<bind>
<StgValue><ssdm name="_ssdm_op_SpecResourceLimit"/></StgValue>
</bind>
</comp>

<comp id="22" class="1001" name="const_22">
<pin_list>
<pin id="23" dir="1" index="0" bw="1" slack="2147483647"/>
</pin_list>
<bind>
<StgValue><ssdm name=""/></StgValue>
</bind>
</comp>

<comp id="24" class="1001" name="const_24">
<pin_list>
<pin id="25" dir="1" index="0" bw="1" slack="2147483647"/>
</pin_list>
<bind>
<StgValue><ssdm name="empty_1"/></StgValue>
</bind>
</comp>

<comp id="26" class="1001" name="const_26">
<pin_list>
<pin id="27" dir="1" index="0" bw="1" slack="0"/>
</pin_list>
<bind>
<StgValue><ssdm name=""/></StgValue>
</bind>
</comp>

<comp id="28" class="1001" name="const_28">
<pin_list>
<pin id="29" dir="1" index="0" bw="1" slack="0"/>
</pin_list>
<bind>
<StgValue><ssdm name="_ssdm_op_BitConcatenate.i12.i5.i7"/></StgValue>
</bind>
</comp>

<comp id="30" class="1001" name="const_30">
<pin_list>
<pin id="31" dir="1" index="0" bw="1" slack="0"/>
</pin_list>
<bind>
<StgValue><ssdm name=""/></StgValue>
</bind>
</comp>

<comp id="32" class="1004" name="data_6_val_read_read_fu_32">
<pin_list>
<pin id="33" dir="0" index="0" bw="2" slack="0"/>
<pin id="34" dir="0" index="1" bw="2" slack="0"/>
<pin id="35" dir="1" index="2" bw="2" slack="0"/>
</pin_list>
<bind>
<opcode="read(1150) " fcode="read"/>
<opset="data_6_val_read/1 "/>
</bind>
</comp>

<comp id="38" class="1004" name="data_5_val_read_read_fu_38">
<pin_list>
<pin id="39" dir="0" index="0" bw="2" slack="0"/>
<pin id="40" dir="0" index="1" bw="2" slack="0"/>
<pin id="41" dir="1" index="2" bw="2" slack="0"/>
</pin_list>
<bind>
<opcode="read(1150) " fcode="read"/>
<opset="data_5_val_read/1 "/>
</bind>
</comp>

<comp id="44" class="1004" name="data_4_val_read_read_fu_44">
<pin_list>
<pin id="45" dir="0" index="0" bw="2" slack="0"/>
<pin id="46" dir="0" index="1" bw="2" slack="0"/>
<pin id="47" dir="1" index="2" bw="2" slack="0"/>
</pin_list>
<bind>
<opcode="read(1150) " fcode="read"/>
<opset="data_4_val_read/1 "/>
</bind>
</comp>

<comp id="50" class="1004" name="data_1_val_read_read_fu_50">
<pin_list>
<pin id="51" dir="0" index="0" bw="2" slack="0"/>
<pin id="52" dir="0" index="1" bw="2" slack="0"/>
<pin id="53" dir="1" index="2" bw="2" slack="0"/>
</pin_list>
<bind>
<opcode="read(1150) " fcode="read"/>
<opset="data_1_val_read/1 "/>
</bind>
</comp>

<comp id="56" class="1004" name="data_0_val_read_read_fu_56">
<pin_list>
<pin id="57" dir="0" index="0" bw="2" slack="0"/>
<pin id="58" dir="0" index="1" bw="2" slack="0"/>
<pin id="59" dir="1" index="2" bw="2" slack="0"/>
</pin_list>
<bind>
<opcode="read(1150) " fcode="read"/>
<opset="data_0_val_read/1 "/>
</bind>
</comp>

<comp id="62" class="1004" name="zext_ln70_fu_62">
<pin_list>
<pin id="63" dir="0" index="0" bw="2" slack="0"/>
<pin id="64" dir="1" index="1" bw="3" slack="0"/>
</pin_list>
<bind>
<opcode="zext(34) " fcode="zext"/>
<opset="zext_ln70/1 "/>
</bind>
</comp>

<comp id="66" class="1004" name="zext_ln70_17_fu_66">
<pin_list>
<pin id="67" dir="0" index="0" bw="2" slack="0"/>
<pin id="68" dir="1" index="1" bw="3" slack="0"/>
</pin_list>
<bind>
<opcode="zext(34) " fcode="zext"/>
<opset="zext_ln70_17/1 "/>
</bind>
</comp>

<comp id="70" class="1004" name="data_0_val_cast_fu_70">
<pin_list>
<pin id="71" dir="0" index="0" bw="2" slack="0"/>
<pin id="72" dir="1" index="1" bw="4" slack="0"/>
</pin_list>
<bind>
<opcode="zext(34) " fcode="zext"/>
<opset="data_0_val_cast/1 "/>
</bind>
</comp>

<comp id="74" class="1004" name="data_5_val_cast_fu_74">
<pin_list>
<pin id="75" dir="0" index="0" bw="2" slack="0"/>
<pin id="76" dir="1" index="1" bw="3" slack="0"/>
</pin_list>
<bind>
<opcode="zext(34) " fcode="zext"/>
<opset="data_5_val_cast/1 "/>
</bind>
</comp>

<comp id="78" class="1004" name="zext_ln58_fu_78">
<pin_list>
<pin id="79" dir="0" index="0" bw="2" slack="0"/>
<pin id="80" dir="1" index="1" bw="3" slack="0"/>
</pin_list>
<bind>
<opcode="zext(34) " fcode="zext"/>
<opset="zext_ln58/1 "/>
</bind>
</comp>

<comp id="82" class="1004" name="add_ln58_134_fu_82">
<pin_list>
<pin id="83" dir="0" index="0" bw="2" slack="0"/>
<pin id="84" dir="0" index="1" bw="2" slack="0"/>
<pin id="85" dir="1" index="2" bw="3" slack="1"/>
</pin_list>
<bind>
<opcode="add(8) " fcode="add"/>
<opset="add_ln58_134/1 "/>
</bind>
</comp>

<comp id="88" class="1004" name="add_ln58_135_fu_88">
<pin_list>
<pin id="89" dir="0" index="0" bw="2" slack="0"/>
<pin id="90" dir="0" index="1" bw="2" slack="0"/>
<pin id="91" dir="1" index="2" bw="3" slack="0"/>
</pin_list>
<bind>
<opcode="add(8) " fcode="add"/>
<opset="add_ln58_135/1 "/>
</bind>
</comp>

<comp id="94" class="1004" name="zext_ln58_12_fu_94">
<pin_list>
<pin id="95" dir="0" index="0" bw="3" slack="0"/>
<pin id="96" dir="1" index="1" bw="4" slack="0"/>
</pin_list>
<bind>
<opcode="zext(34) " fcode="zext"/>
<opset="zext_ln58_12/1 "/>
</bind>
</comp>

<comp id="98" class="1004" name="add_ln58_136_fu_98">
<pin_list>
<pin id="99" dir="0" index="0" bw="3" slack="0"/>
<pin id="100" dir="0" index="1" bw="2" slack="0"/>
<pin id="101" dir="1" index="2" bw="4" slack="1"/>
</pin_list>
<bind>
<opcode="add(8) " fcode="add"/>
<opset="add_ln58_136/1 "/>
</bind>
</comp>

<comp id="104" class="1004" name="zext_ln58_11_fu_104">
<pin_list>
<pin id="105" dir="0" index="0" bw="3" slack="1"/>
<pin id="106" dir="1" index="1" bw="4" slack="0"/>
</pin_list>
<bind>
<opcode="zext(34) " fcode="zext"/>
<opset="zext_ln58_11/2 "/>
</bind>
</comp>

<comp id="107" class="1004" name="sub_ln58_fu_107">
<pin_list>
<pin id="108" dir="0" index="0" bw="1" slack="0"/>
<pin id="109" dir="0" index="1" bw="3" slack="0"/>
<pin id="110" dir="1" index="2" bw="4" slack="0"/>
</pin_list>
<bind>
<opcode="sub(10) " fcode="sub"/>
<opset="sub_ln58/2 "/>
</bind>
</comp>

<comp id="113" class="1004" name="sext_ln58_fu_113">
<pin_list>
<pin id="114" dir="0" index="0" bw="4" slack="0"/>
<pin id="115" dir="1" index="1" bw="5" slack="0"/>
</pin_list>
<bind>
<opcode="sext(35) " fcode="sext"/>
<opset="sext_ln58/2 "/>
</bind>
</comp>

<comp id="117" class="1004" name="zext_ln58_13_fu_117">
<pin_list>
<pin id="118" dir="0" index="0" bw="4" slack="1"/>
<pin id="119" dir="1" index="1" bw="5" slack="0"/>
</pin_list>
<bind>
<opcode="zext(34) " fcode="zext"/>
<opset="zext_ln58_13/2 "/>
</bind>
</comp>

<comp id="120" class="1004" name="add_ln58_fu_120">
<pin_list>
<pin id="121" dir="0" index="0" bw="4" slack="0"/>
<pin id="122" dir="0" index="1" bw="4" slack="0"/>
<pin id="123" dir="1" index="2" bw="5" slack="0"/>
</pin_list>
<bind>
<opcode="add(8) " fcode="add"/>
<opset="add_ln58/2 "/>
</bind>
</comp>

<comp id="126" class="1004" name="tmp_fu_126">
<pin_list>
<pin id="127" dir="0" index="0" bw="12" slack="0"/>
<pin id="128" dir="0" index="1" bw="5" slack="0"/>
<pin id="129" dir="0" index="2" bw="1" slack="0"/>
<pin id="130" dir="1" index="3" bw="12" slack="2147483647"/>
</pin_list>
<bind>
<opcode="bitconcatenate(1004) " fcode="bitconcatenate"/>
<opset="tmp/2 "/>
</bind>
</comp>

<comp id="134" class="1005" name="add_ln58_134_reg_134">
<pin_list>
<pin id="135" dir="0" index="0" bw="3" slack="1"/>
<pin id="136" dir="1" index="1" bw="3" slack="1"/>
</pin_list>
<bind>
<opset="add_ln58_134 "/>
</bind>
</comp>

<comp id="139" class="1005" name="add_ln58_136_reg_139">
<pin_list>
<pin id="140" dir="0" index="0" bw="4" slack="1"/>
<pin id="141" dir="1" index="1" bw="4" slack="1"/>
</pin_list>
<bind>
<opset="add_ln58_136 "/>
</bind>
</comp>

</comp_list>

<net_list>
<net id="36"><net_src comp="10" pin="0"/><net_sink comp="32" pin=0"/></net>

<net id="37"><net_src comp="8" pin="0"/><net_sink comp="32" pin=1"/></net>

<net id="42"><net_src comp="10" pin="0"/><net_sink comp="38" pin=0"/></net>

<net id="43"><net_src comp="6" pin="0"/><net_sink comp="38" pin=1"/></net>

<net id="48"><net_src comp="10" pin="0"/><net_sink comp="44" pin=0"/></net>

<net id="49"><net_src comp="4" pin="0"/><net_sink comp="44" pin=1"/></net>

<net id="54"><net_src comp="10" pin="0"/><net_sink comp="50" pin=0"/></net>

<net id="55"><net_src comp="2" pin="0"/><net_sink comp="50" pin=1"/></net>

<net id="60"><net_src comp="10" pin="0"/><net_sink comp="56" pin=0"/></net>

<net id="61"><net_src comp="0" pin="0"/><net_sink comp="56" pin=1"/></net>

<net id="65"><net_src comp="50" pin="2"/><net_sink comp="62" pin=0"/></net>

<net id="69"><net_src comp="44" pin="2"/><net_sink comp="66" pin=0"/></net>

<net id="73"><net_src comp="56" pin="2"/><net_sink comp="70" pin=0"/></net>

<net id="77"><net_src comp="38" pin="2"/><net_sink comp="74" pin=0"/></net>

<net id="81"><net_src comp="32" pin="2"/><net_sink comp="78" pin=0"/></net>

<net id="86"><net_src comp="62" pin="1"/><net_sink comp="82" pin=0"/></net>

<net id="87"><net_src comp="66" pin="1"/><net_sink comp="82" pin=1"/></net>

<net id="92"><net_src comp="74" pin="1"/><net_sink comp="88" pin=0"/></net>

<net id="93"><net_src comp="78" pin="1"/><net_sink comp="88" pin=1"/></net>

<net id="97"><net_src comp="88" pin="2"/><net_sink comp="94" pin=0"/></net>

<net id="102"><net_src comp="94" pin="1"/><net_sink comp="98" pin=0"/></net>

<net id="103"><net_src comp="70" pin="1"/><net_sink comp="98" pin=1"/></net>

<net id="111"><net_src comp="26" pin="0"/><net_sink comp="107" pin=0"/></net>

<net id="112"><net_src comp="104" pin="1"/><net_sink comp="107" pin=1"/></net>

<net id="116"><net_src comp="107" pin="2"/><net_sink comp="113" pin=0"/></net>

<net id="124"><net_src comp="117" pin="1"/><net_sink comp="120" pin=0"/></net>

<net id="125"><net_src comp="113" pin="1"/><net_sink comp="120" pin=1"/></net>

<net id="131"><net_src comp="28" pin="0"/><net_sink comp="126" pin=0"/></net>

<net id="132"><net_src comp="120" pin="2"/><net_sink comp="126" pin=1"/></net>

<net id="133"><net_src comp="30" pin="0"/><net_sink comp="126" pin=2"/></net>

<net id="137"><net_src comp="82" pin="2"/><net_sink comp="134" pin=0"/></net>

<net id="138"><net_src comp="134" pin="1"/><net_sink comp="104" pin=0"/></net>

<net id="142"><net_src comp="98" pin="2"/><net_sink comp="139" pin=0"/></net>

<net id="143"><net_src comp="139" pin="1"/><net_sink comp="117" pin=0"/></net>

</net_list>

</model> 
---------------- Datapath Model END ------------------

* FSMD analyzer results:
  - Output states:
	Port: data_0_val | {}
	Port: data_1_val | {}
	Port: data_4_val | {}
	Port: data_5_val | {}
	Port: data_6_val | {}
 - Input state : 
	Port: dense_latency<ap_ufixed<2, 0, 4, 0, 0>, ap_fixed<16, 6, 5, 3, 0>, config19> : data_0_val | {1 }
	Port: dense_latency<ap_ufixed<2, 0, 4, 0, 0>, ap_fixed<16, 6, 5, 3, 0>, config19> : data_1_val | {1 }
	Port: dense_latency<ap_ufixed<2, 0, 4, 0, 0>, ap_fixed<16, 6, 5, 3, 0>, config19> : data_4_val | {1 }
	Port: dense_latency<ap_ufixed<2, 0, 4, 0, 0>, ap_fixed<16, 6, 5, 3, 0>, config19> : data_5_val | {1 }
	Port: dense_latency<ap_ufixed<2, 0, 4, 0, 0>, ap_fixed<16, 6, 5, 3, 0>, config19> : data_6_val | {1 }
  - Chain level:
	State 1
		add_ln58_134 : 1
		add_ln58_135 : 1
		zext_ln58_12 : 2
		add_ln58_136 : 3
	State 2
		sub_ln58 : 1
		sext_ln58 : 2
		add_ln58 : 3
		tmp : 4
		ret_ln68 : 5


============================================================
+ Verbose Summary: Datapath Resource usage 
============================================================

* Functional unit list:
|----------|----------------------------|---------|---------|
| Operation|       Functional Unit      |    FF   |   LUT   |
|----------|----------------------------|---------|---------|
|          |     add_ln58_134_fu_82     |    0    |    10   |
|    add   |     add_ln58_135_fu_88     |    0    |    10   |
|          |     add_ln58_136_fu_98     |    0    |    11   |
|          |       add_ln58_fu_120      |    0    |    13   |
|----------|----------------------------|---------|---------|
|    sub   |       sub_ln58_fu_107      |    0    |    11   |
|----------|----------------------------|---------|---------|
|          | data_6_val_read_read_fu_32 |    0    |    0    |
|          | data_5_val_read_read_fu_38 |    0    |    0    |
|   read   | data_4_val_read_read_fu_44 |    0    |    0    |
|          | data_1_val_read_read_fu_50 |    0    |    0    |
|          | data_0_val_read_read_fu_56 |    0    |    0    |
|----------|----------------------------|---------|---------|
|          |       zext_ln70_fu_62      |    0    |    0    |
|          |     zext_ln70_17_fu_66     |    0    |    0    |
|          |    data_0_val_cast_fu_70   |    0    |    0    |
|   zext   |    data_5_val_cast_fu_74   |    0    |    0    |
|          |       zext_ln58_fu_78      |    0    |    0    |
|          |     zext_ln58_12_fu_94     |    0    |    0    |
|          |     zext_ln58_11_fu_104    |    0    |    0    |
|          |     zext_ln58_13_fu_117    |    0    |    0    |
|----------|----------------------------|---------|---------|
|   sext   |      sext_ln58_fu_113      |    0    |    0    |
|----------|----------------------------|---------|---------|
|bitconcatenate|         tmp_fu_126         |    0    |    0    |
|----------|----------------------------|---------|---------|
|   Total  |                            |    0    |    55   |
|----------|----------------------------|---------|---------|

Memories:
N/A

* Register list:
+--------------------+--------+
|                    |   FF   |
+--------------------+--------+
|add_ln58_134_reg_134|    3   |
|add_ln58_136_reg_139|    4   |
+--------------------+--------+
|        Total       |    7   |
+--------------------+--------+

* Multiplexer (MUX) list: 
|--------|------|------|------|--------|
|  Comp  |  Pin | Size |  BW  | S x BW |
|--------|------|------|------|--------|
|  Total |      |      |      |    0   |
|--------|------|------|------|--------|



* Summary:
+-----------+--------+--------+
|           |   FF   |   LUT  |
+-----------+--------+--------+
|  Function |    0   |   55   |
|   Memory  |    -   |    -   |
|Multiplexer|    -   |    -   |
|  Register |    7   |    -   |
+-----------+--------+--------+
|   Total   |    7   |   55   |
+-----------+--------+--------+
