

================================================================
== Vitis HLS Report for 'dense_latency_ap_ufixed_2_0_4_0_0_ap_fixed_16_6_5_3_0_config13_s'
================================================================
* Date:           Mon Oct 20 15:01:56 2025

* Version:        2024.1 (Build 5069499 on May 21 2024)
* Project:        myproject_prj
* Solution:       solution1 (Vivado IP Flow Target)
* Product family: zynq
* Target device:  xc7z020-clg400-1


================================================================
== Performance Estimates
================================================================
+ Timing: 
    * Summary: 
    +--------+---------+----------+------------+
    |  Clock |  Target | Estimated| Uncertainty|
    +--------+---------+----------+------------+
    |ap_clk  |  5.00 ns|  3.786 ns|     0.62 ns|
    +--------+---------+----------+------------+

+ Latency: 
    * Summary: 
    +---------+---------+----------+----------+-----+-----+---------+
    |  Latency (cycles) |  Latency (absolute) |  Interval | Pipeline|
    |   min   |   max   |    min   |    max   | min | max |   Type  |
    +---------+---------+----------+----------+-----+-----+---------+
    |        1|        1|  5.000 ns|  5.000 ns|    1|    1|      yes|
    +---------+---------+----------+----------+-----+-----+---------+

    + Detail: 
        * Instance: 
        N/A

        * Loop: 
        N/A

============================================================
+ Verbose Summary: Synthesis Manager
============================================================
InlineROM: 1
ExposeGlobal: 0
============================================================
+ Verbose Summary: CDFG Model
============================================================
IsTopModel: 0
ResetActiveHigh: 1
IsCombinational: 0
IsDatapathOnly: 0
HasWiredReturn: 1
HasMFsm: 2
HasVarLatency: 0
IsPipeline: 1
IsRtlPipelined: 1
IsInstanceOverlapped: 0
IsDontTouch: 0
HasImplIP: 0
IsGatedGlobalClock: 0

+ Individual pipeline summary: 
  * Pipeline-0: initiation interval (II) = 1, depth = 2


============================================================
+ Verbose Summary: Schedule
============================================================
* Number of FSM states : 2
* Pipeline : 1
  Pipeline-0 : II = 1, D = 2, States = { 1 2 }
* Dataflow Pipeline: 0

* FSM state transitions: 
1 --> 2 
2 --> 

* FSM state operations: 

State 1 <SV = 0> <Delay = 3.29>
ST_1 : Operation 3 [1/1] (0.00ns)   --->   "%data_8_val_read = read i2 @_ssdm_op_Read.ap_auto.i2, i2 %data_8_val" [firmware/nnet_utils/nnet_mult.h:70->firmware/nnet_utils/nnet_dense_latency.h:42]   --->   Operation 3 'read' 'data_8_val_read' <Predicate = true> <Delay = 0.00>
ST_1 : Operation 4 [1/1] (0.00ns)   --->   "%data_7_val_read = read i2 @_ssdm_op_Read.ap_auto.i2, i2 %data_7_val" [firmware/nnet_utils/nnet_mult.h:70->firmware/nnet_utils/nnet_dense_latency.h:42]   --->   Operation 4 'read' 'data_7_val_read' <Predicate = true> <Delay = 0.00>
ST_1 : Operation 5 [1/1] (0.00ns)   --->   "%data_6_val_read = read i2 @_ssdm_op_Read.ap_auto.i2, i2 %data_6_val" [firmware/nnet_utils/nnet_mult.h:70->firmware/nnet_utils/nnet_dense_latency.h:42]   --->   Operation 5 'read' 'data_6_val_read' <Predicate = true> <Delay = 0.00>
ST_1 : Operation 6 [1/1] (0.00ns)   --->   "%data_5_val_read = read i2 @_ssdm_op_Read.ap_auto.i2, i2 %data_5_val" [firmware/nnet_utils/nnet_mult.h:70->firmware/nnet_utils/nnet_dense_latency.h:42]   --->   Operation 6 'read' 'data_5_val_read' <Predicate = true> <Delay = 0.00>
ST_1 : Operation 7 [1/1] (0.00ns)   --->   "%data_4_val_read = read i2 @_ssdm_op_Read.ap_auto.i2, i2 %data_4_val" [firmware/nnet_utils/nnet_mult.h:70->firmware/nnet_utils/nnet_dense_latency.h:42]   --->   Operation 7 'read' 'data_4_val_read' <Predicate = true> <Delay = 0.00>
ST_1 : Operation 8 [1/1] (0.00ns)   --->   "%data_3_val_read = read i2 @_ssdm_op_Read.ap_auto.i2, i2 %data_3_val" [firmware/nnet_utils/nnet_mult.h:70->firmware/nnet_utils/nnet_dense_latency.h:42]   --->   Operation 8 'read' 'data_3_val_read' <Predicate = true> <Delay = 0.00>
ST_1 : Operation 9 [1/1] (0.00ns)   --->   "%data_2_val_read = read i2 @_ssdm_op_Read.ap_auto.i2, i2 %data_2_val" [firmware/nnet_utils/nnet_mult.h:70->firmware/nnet_utils/nnet_dense_latency.h:42]   --->   Operation 9 'read' 'data_2_val_read' <Predicate = true> <Delay = 0.00>
ST_1 : Operation 10 [1/1] (0.00ns)   --->   "%data_1_val_read = read i2 @_ssdm_op_Read.ap_auto.i2, i2 %data_1_val" [firmware/nnet_utils/nnet_mult.h:70->firmware/nnet_utils/nnet_dense_latency.h:42]   --->   Operation 10 'read' 'data_1_val_read' <Predicate = true> <Delay = 0.00>
ST_1 : Operation 11 [1/1] (0.00ns)   --->   "%data_0_val_read = read i2 @_ssdm_op_Read.ap_auto.i2, i2 %data_0_val" [firmware/nnet_utils/nnet_mult.h:70->firmware/nnet_utils/nnet_dense_latency.h:42]   --->   Operation 11 'read' 'data_0_val_read' <Predicate = true> <Delay = 0.00>
ST_1 : Operation 12 [1/1] (0.00ns)   --->   "%zext_ln70 = zext i2 %data_0_val_read" [firmware/nnet_utils/nnet_mult.h:70->firmware/nnet_utils/nnet_dense_latency.h:42]   --->   Operation 12 'zext' 'zext_ln70' <Predicate = true> <Delay = 0.00>
ST_1 : Operation 13 [1/1] (0.00ns)   --->   "%shl_ln = bitconcatenate i9 @_ssdm_op_BitConcatenate.i9.i2.i7, i2 %data_0_val_read, i7 0" [firmware/nnet_utils/nnet_dense_latency.h:42]   --->   Operation 13 'bitconcatenate' 'shl_ln' <Predicate = true> <Delay = 0.00>
ST_1 : Operation 14 [1/1] (0.00ns)   --->   "%zext_ln73 = zext i9 %shl_ln" [firmware/nnet_utils/nnet_mult.h:73->firmware/nnet_utils/nnet_dense_latency.h:42]   --->   Operation 14 'zext' 'zext_ln73' <Predicate = true> <Delay = 0.00>
ST_1 : Operation 15 [1/1] (1.56ns)   --->   "%sub_ln73 = sub i3 0, i3 %zext_ln70" [firmware/nnet_utils/nnet_mult.h:73->firmware/nnet_utils/nnet_dense_latency.h:42]   --->   Operation 15 'sub' 'sub_ln73' <Predicate = true> <Delay = 1.56> <CoreInst = "Adder">   --->   Core 1 'Adder' <Latency = 0> <II = 1> <Delay = 1.56> <FuncUnit> <Opcode : 'add' 'sub'> <InPorts = 2> <OutPorts = 1>
ST_1 : Operation 16 [1/1] (0.00ns)   --->   "%shl_ln42_s = bitconcatenate i10 @_ssdm_op_BitConcatenate.i10.i3.i7, i3 %sub_ln73, i7 0" [firmware/nnet_utils/nnet_dense_latency.h:42]   --->   Operation 16 'bitconcatenate' 'shl_ln42_s' <Predicate = true> <Delay = 0.00>
ST_1 : Operation 17 [1/1] (0.00ns)   --->   "%shl_ln42_47_cast = sext i10 %shl_ln42_s" [firmware/nnet_utils/nnet_dense_latency.h:42]   --->   Operation 17 'sext' 'shl_ln42_47_cast' <Predicate = true> <Delay = 0.00>
ST_1 : Operation 18 [1/1] (0.00ns)   --->   "%zext_ln70_31 = zext i2 %data_1_val_read" [firmware/nnet_utils/nnet_mult.h:70->firmware/nnet_utils/nnet_dense_latency.h:42]   --->   Operation 18 'zext' 'zext_ln70_31' <Predicate = true> <Delay = 0.00>
ST_1 : Operation 19 [1/1] (1.56ns)   --->   "%sub_ln73_27 = sub i3 0, i3 %zext_ln70_31" [firmware/nnet_utils/nnet_mult.h:73->firmware/nnet_utils/nnet_dense_latency.h:42]   --->   Operation 19 'sub' 'sub_ln73_27' <Predicate = true> <Delay = 1.56> <CoreInst = "Adder">   --->   Core 1 'Adder' <Latency = 0> <II = 1> <Delay = 1.56> <FuncUnit> <Opcode : 'add' 'sub'> <InPorts = 2> <OutPorts = 1>
ST_1 : Operation 20 [1/1] (0.00ns)   --->   "%shl_ln42_46 = bitconcatenate i10 @_ssdm_op_BitConcatenate.i10.i3.i7, i3 %sub_ln73_27, i7 0" [firmware/nnet_utils/nnet_dense_latency.h:42]   --->   Operation 20 'bitconcatenate' 'shl_ln42_46' <Predicate = true> <Delay = 0.00>
ST_1 : Operation 21 [1/1] (0.00ns)   --->   "%sext_ln42 = sext i10 %shl_ln42_46" [firmware/nnet_utils/nnet_dense_latency.h:42]   --->   Operation 21 'sext' 'sext_ln42' <Predicate = true> <Delay = 0.00>
ST_1 : Operation 22 [1/1] (0.00ns)   --->   "%shl_ln42_47 = bitconcatenate i9 @_ssdm_op_BitConcatenate.i9.i2.i7, i2 %data_1_val_read, i7 0" [firmware/nnet_utils/nnet_dense_latency.h:42]   --->   Operation 22 'bitconcatenate' 'shl_ln42_47' <Predicate = true> <Delay = 0.00>
ST_1 : Operation 23 [1/1] (0.00ns)   --->   "%shl_ln42_49_cast = zext i9 %shl_ln42_47" [firmware/nnet_utils/nnet_dense_latency.h:42]   --->   Operation 23 'zext' 'shl_ln42_49_cast' <Predicate = true> <Delay = 0.00>
ST_1 : Operation 24 [1/1] (0.00ns)   --->   "%zext_ln70_32 = zext i2 %data_2_val_read" [firmware/nnet_utils/nnet_mult.h:70->firmware/nnet_utils/nnet_dense_latency.h:42]   --->   Operation 24 'zext' 'zext_ln70_32' <Predicate = true> <Delay = 0.00>
ST_1 : Operation 25 [1/1] (0.00ns)   --->   "%shl_ln42_48 = bitconcatenate i9 @_ssdm_op_BitConcatenate.i9.i2.i7, i2 %data_2_val_read, i7 0" [firmware/nnet_utils/nnet_dense_latency.h:42]   --->   Operation 25 'bitconcatenate' 'shl_ln42_48' <Predicate = true> <Delay = 0.00>
ST_1 : Operation 26 [1/1] (0.00ns)   --->   "%zext_ln73_19 = zext i9 %shl_ln42_48" [firmware/nnet_utils/nnet_mult.h:73->firmware/nnet_utils/nnet_dense_latency.h:42]   --->   Operation 26 'zext' 'zext_ln73_19' <Predicate = true> <Delay = 0.00>
ST_1 : Operation 27 [1/1] (1.56ns)   --->   "%sub_ln73_28 = sub i3 0, i3 %zext_ln70_32" [firmware/nnet_utils/nnet_mult.h:73->firmware/nnet_utils/nnet_dense_latency.h:42]   --->   Operation 27 'sub' 'sub_ln73_28' <Predicate = true> <Delay = 1.56> <CoreInst = "Adder">   --->   Core 1 'Adder' <Latency = 0> <II = 1> <Delay = 1.56> <FuncUnit> <Opcode : 'add' 'sub'> <InPorts = 2> <OutPorts = 1>
ST_1 : Operation 28 [1/1] (0.00ns)   --->   "%zext_ln70_33 = zext i2 %data_3_val_read" [firmware/nnet_utils/nnet_mult.h:70->firmware/nnet_utils/nnet_dense_latency.h:42]   --->   Operation 28 'zext' 'zext_ln70_33' <Predicate = true> <Delay = 0.00>
ST_1 : Operation 29 [1/1] (1.56ns)   --->   "%sub_ln73_29 = sub i3 0, i3 %zext_ln70_33" [firmware/nnet_utils/nnet_mult.h:73->firmware/nnet_utils/nnet_dense_latency.h:42]   --->   Operation 29 'sub' 'sub_ln73_29' <Predicate = true> <Delay = 1.56> <CoreInst = "Adder">   --->   Core 1 'Adder' <Latency = 0> <II = 1> <Delay = 1.56> <FuncUnit> <Opcode : 'add' 'sub'> <InPorts = 2> <OutPorts = 1>
ST_1 : Operation 30 [1/1] (0.00ns)   --->   "%shl_ln42_51 = bitconcatenate i9 @_ssdm_op_BitConcatenate.i9.i2.i7, i2 %data_3_val_read, i7 0" [firmware/nnet_utils/nnet_dense_latency.h:42]   --->   Operation 30 'bitconcatenate' 'shl_ln42_51' <Predicate = true> <Delay = 0.00>
ST_1 : Operation 31 [1/1] (0.00ns)   --->   "%shl_ln42_53_cast = zext i9 %shl_ln42_51" [firmware/nnet_utils/nnet_dense_latency.h:42]   --->   Operation 31 'zext' 'shl_ln42_53_cast' <Predicate = true> <Delay = 0.00>
ST_1 : Operation 32 [1/1] (0.00ns)   --->   "%zext_ln70_34 = zext i2 %data_4_val_read" [firmware/nnet_utils/nnet_mult.h:70->firmware/nnet_utils/nnet_dense_latency.h:42]   --->   Operation 32 'zext' 'zext_ln70_34' <Predicate = true> <Delay = 0.00>
ST_1 : Operation 33 [1/1] (0.00ns)   --->   "%shl_ln42_52 = bitconcatenate i9 @_ssdm_op_BitConcatenate.i9.i2.i7, i2 %data_4_val_read, i7 0" [firmware/nnet_utils/nnet_dense_latency.h:42]   --->   Operation 33 'bitconcatenate' 'shl_ln42_52' <Predicate = true> <Delay = 0.00>
ST_1 : Operation 34 [1/1] (0.00ns)   --->   "%zext_ln73_21 = zext i9 %shl_ln42_52" [firmware/nnet_utils/nnet_mult.h:73->firmware/nnet_utils/nnet_dense_latency.h:42]   --->   Operation 34 'zext' 'zext_ln73_21' <Predicate = true> <Delay = 0.00>
ST_1 : Operation 35 [1/1] (1.56ns)   --->   "%sub_ln73_30 = sub i3 0, i3 %zext_ln70_34" [firmware/nnet_utils/nnet_mult.h:73->firmware/nnet_utils/nnet_dense_latency.h:42]   --->   Operation 35 'sub' 'sub_ln73_30' <Predicate = true> <Delay = 1.56> <CoreInst = "Adder">   --->   Core 1 'Adder' <Latency = 0> <II = 1> <Delay = 1.56> <FuncUnit> <Opcode : 'add' 'sub'> <InPorts = 2> <OutPorts = 1>
ST_1 : Operation 36 [1/1] (0.00ns)   --->   "%zext_ln70_35 = zext i2 %data_5_val_read" [firmware/nnet_utils/nnet_mult.h:70->firmware/nnet_utils/nnet_dense_latency.h:42]   --->   Operation 36 'zext' 'zext_ln70_35' <Predicate = true> <Delay = 0.00>
ST_1 : Operation 37 [1/1] (0.00ns)   --->   "%shl_ln42_54 = bitconcatenate i9 @_ssdm_op_BitConcatenate.i9.i2.i7, i2 %data_5_val_read, i7 0" [firmware/nnet_utils/nnet_dense_latency.h:42]   --->   Operation 37 'bitconcatenate' 'shl_ln42_54' <Predicate = true> <Delay = 0.00>
ST_1 : Operation 38 [1/1] (0.00ns)   --->   "%zext_ln73_23 = zext i9 %shl_ln42_54" [firmware/nnet_utils/nnet_mult.h:73->firmware/nnet_utils/nnet_dense_latency.h:42]   --->   Operation 38 'zext' 'zext_ln73_23' <Predicate = true> <Delay = 0.00>
ST_1 : Operation 39 [1/1] (1.56ns)   --->   "%sub_ln73_31 = sub i3 0, i3 %zext_ln70_35" [firmware/nnet_utils/nnet_mult.h:73->firmware/nnet_utils/nnet_dense_latency.h:42]   --->   Operation 39 'sub' 'sub_ln73_31' <Predicate = true> <Delay = 1.56> <CoreInst = "Adder">   --->   Core 1 'Adder' <Latency = 0> <II = 1> <Delay = 1.56> <FuncUnit> <Opcode : 'add' 'sub'> <InPorts = 2> <OutPorts = 1>
ST_1 : Operation 40 [1/1] (0.00ns)   --->   "%shl_ln42_55 = bitconcatenate i10 @_ssdm_op_BitConcatenate.i10.i3.i7, i3 %sub_ln73_31, i7 0" [firmware/nnet_utils/nnet_dense_latency.h:42]   --->   Operation 40 'bitconcatenate' 'shl_ln42_55' <Predicate = true> <Delay = 0.00>
ST_1 : Operation 41 [1/1] (0.00ns)   --->   "%zext_ln70_36 = zext i2 %data_6_val_read" [firmware/nnet_utils/nnet_mult.h:70->firmware/nnet_utils/nnet_dense_latency.h:42]   --->   Operation 41 'zext' 'zext_ln70_36' <Predicate = true> <Delay = 0.00>
ST_1 : Operation 42 [1/1] (0.00ns)   --->   "%shl_ln42_56 = bitconcatenate i9 @_ssdm_op_BitConcatenate.i9.i2.i7, i2 %data_6_val_read, i7 0" [firmware/nnet_utils/nnet_dense_latency.h:42]   --->   Operation 42 'bitconcatenate' 'shl_ln42_56' <Predicate = true> <Delay = 0.00>
ST_1 : Operation 43 [1/1] (0.00ns)   --->   "%zext_ln73_24 = zext i9 %shl_ln42_56" [firmware/nnet_utils/nnet_mult.h:73->firmware/nnet_utils/nnet_dense_latency.h:42]   --->   Operation 43 'zext' 'zext_ln73_24' <Predicate = true> <Delay = 0.00>
ST_1 : Operation 44 [1/1] (1.56ns)   --->   "%sub_ln73_32 = sub i3 0, i3 %zext_ln70_36" [firmware/nnet_utils/nnet_mult.h:73->firmware/nnet_utils/nnet_dense_latency.h:42]   --->   Operation 44 'sub' 'sub_ln73_32' <Predicate = true> <Delay = 1.56> <CoreInst = "Adder">   --->   Core 1 'Adder' <Latency = 0> <II = 1> <Delay = 1.56> <FuncUnit> <Opcode : 'add' 'sub'> <InPorts = 2> <OutPorts = 1>
ST_1 : Operation 45 [1/1] (0.00ns)   --->   "%shl_ln42_57 = bitconcatenate i10 @_ssdm_op_BitConcatenate.i10.i3.i7, i3 %sub_ln73_32, i7 0" [firmware/nnet_utils/nnet_dense_latency.h:42]   --->   Operation 45 'bitconcatenate' 'shl_ln42_57' <Predicate = true> <Delay = 0.00>
ST_1 : Operation 46 [1/1] (0.00ns)   --->   "%zext_ln70_37 = zext i2 %data_7_val_read" [firmware/nnet_utils/nnet_mult.h:70->firmware/nnet_utils/nnet_dense_latency.h:42]   --->   Operation 46 'zext' 'zext_ln70_37' <Predicate = true> <Delay = 0.00>
ST_1 : Operation 47 [1/1] (0.00ns)   --->   "%shl_ln42_58 = bitconcatenate i9 @_ssdm_op_BitConcatenate.i9.i2.i7, i2 %data_7_val_read, i7 0" [firmware/nnet_utils/nnet_dense_latency.h:42]   --->   Operation 47 'bitconcatenate' 'shl_ln42_58' <Predicate = true> <Delay = 0.00>
ST_1 : Operation 48 [1/1] (0.00ns)   --->   "%zext_ln73_25 = zext i9 %shl_ln42_58" [firmware/nnet_utils/nnet_mult.h:73->firmware/nnet_utils/nnet_dense_latency.h:42]   --->   Operation 48 'zext' 'zext_ln73_25' <Predicate = true> <Delay = 0.00>
ST_1 : Operation 49 [1/1] (1.56ns)   --->   "%sub_ln73_33 = sub i3 0, i3 %zext_ln70_37" [firmware/nnet_utils/nnet_mult.h:73->firmware/nnet_utils/nnet_dense_latency.h:42]   --->   Operation 49 'sub' 'sub_ln73_33' <Predicate = true> <Delay = 1.56> <CoreInst = "Adder">   --->   Core 1 'Adder' <Latency = 0> <II = 1> <Delay = 1.56> <FuncUnit> <Opcode : 'add' 'sub'> <InPorts = 2> <OutPorts = 1>
ST_1 : Operation 50 [1/1] (0.00ns)   --->   "%shl_ln42_59 = bitconcatenate i10 @_ssdm_op_BitConcatenate.i10.i3.i7, i3 %sub_ln73_33, i7 0" [firmware/nnet_utils/nnet_dense_latency.h:42]   --->   Operation 50 'bitconcatenate' 'shl_ln42_59' <Predicate = true> <Delay = 0.00>
ST_1 : Operation 51 [1/1] (0.00ns)   --->   "%zext_ln70_38 = zext i2 %data_8_val_read" [firmware/nnet_utils/nnet_mult.h:70->firmware/nnet_utils/nnet_dense_latency.h:42]   --->   Operation 51 'zext' 'zext_ln70_38' <Predicate = true> <Delay = 0.00>
ST_1 : Operation 52 [1/1] (0.00ns)   --->   "%shl_ln42_60 = bitconcatenate i9 @_ssdm_op_BitConcatenate.i9.i2.i7, i2 %data_8_val_read, i7 0" [firmware/nnet_utils/nnet_dense_latency.h:42]   --->   Operation 52 'bitconcatenate' 'shl_ln42_60' <Predicate = true> <Delay = 0.00>
ST_1 : Operation 53 [1/1] (0.00ns)   --->   "%zext_ln73_26 = zext i9 %shl_ln42_60" [firmware/nnet_utils/nnet_mult.h:73->firmware/nnet_utils/nnet_dense_latency.h:42]   --->   Operation 53 'zext' 'zext_ln73_26' <Predicate = true> <Delay = 0.00>
ST_1 : Operation 54 [1/1] (1.56ns)   --->   "%sub_ln73_34 = sub i3 0, i3 %zext_ln70_38" [firmware/nnet_utils/nnet_mult.h:73->firmware/nnet_utils/nnet_dense_latency.h:42]   --->   Operation 54 'sub' 'sub_ln73_34' <Predicate = true> <Delay = 1.56> <CoreInst = "Adder">   --->   Core 1 'Adder' <Latency = 0> <II = 1> <Delay = 1.56> <FuncUnit> <Opcode : 'add' 'sub'> <InPorts = 2> <OutPorts = 1>
ST_1 : Operation 55 [1/1] (0.00ns)   --->   "%shl_ln42_61 = bitconcatenate i10 @_ssdm_op_BitConcatenate.i10.i3.i7, i3 %sub_ln73_34, i7 0" [firmware/nnet_utils/nnet_dense_latency.h:42]   --->   Operation 55 'bitconcatenate' 'shl_ln42_61' <Predicate = true> <Delay = 0.00>
ST_1 : Operation 56 [1/1] (1.73ns)   --->   "%add_ln58 = add i11 %sext_ln42, i11 %shl_ln42_47_cast" [firmware/nnet_utils/nnet_dense_latency.h:58]   --->   Operation 56 'add' 'add_ln58' <Predicate = true> <Delay = 1.73> <CoreInst = "Adder">   --->   Core 1 'Adder' <Latency = 0> <II = 1> <Delay = 1.73> <FuncUnit> <Opcode : 'add' 'sub'> <InPorts = 2> <OutPorts = 1>
ST_1 : Operation 57 [1/1] (1.82ns)   --->   "%add_ln58_161 = add i10 %shl_ln42_53_cast, i10 %zext_ln73" [firmware/nnet_utils/nnet_dense_latency.h:58]   --->   Operation 57 'add' 'add_ln58_161' <Predicate = true> <Delay = 1.82> <CoreInst = "Adder">   --->   Core 1 'Adder' <Latency = 0> <II = 1> <Delay = 1.82> <FuncUnit> <Opcode : 'add' 'sub'> <InPorts = 2> <OutPorts = 1>
ST_1 : Operation 58 [1/1] (1.82ns)   --->   "%add_ln58_166 = add i10 %zext_ln73_21, i10 %zext_ln73_25" [firmware/nnet_utils/nnet_dense_latency.h:58]   --->   Operation 58 'add' 'add_ln58_166' <Predicate = true> <Delay = 1.82> <CoreInst = "Adder">   --->   Core 1 'Adder' <Latency = 0> <II = 1> <Delay = 1.82> <FuncUnit> <Opcode : 'add' 'sub'> <InPorts = 2> <OutPorts = 1>
ST_1 : Operation 59 [1/1] (1.73ns)   --->   "%add_ln58_169 = add i10 %shl_ln42_57, i10 %zext_ln73_25" [firmware/nnet_utils/nnet_dense_latency.h:58]   --->   Operation 59 'add' 'add_ln58_169' <Predicate = true> <Delay = 1.73> <CoreInst = "Adder">   --->   Core 1 'Adder' <Latency = 0> <II = 1> <Delay = 1.73> <FuncUnit> <Opcode : 'add' 'sub'> <InPorts = 2> <OutPorts = 1>
ST_1 : Operation 60 [1/1] (1.73ns)   --->   "%add_ln58_174 = add i10 %shl_ln42_55, i10 %zext_ln73_25" [firmware/nnet_utils/nnet_dense_latency.h:58]   --->   Operation 60 'add' 'add_ln58_174' <Predicate = true> <Delay = 1.73> <CoreInst = "Adder">   --->   Core 1 'Adder' <Latency = 0> <II = 1> <Delay = 1.73> <FuncUnit> <Opcode : 'add' 'sub'> <InPorts = 2> <OutPorts = 1>
ST_1 : Operation 61 [1/1] (1.82ns)   --->   "%add_ln58_176 = add i10 %zext_ln73_19, i10 %shl_ln42_49_cast" [firmware/nnet_utils/nnet_dense_latency.h:58]   --->   Operation 61 'add' 'add_ln58_176' <Predicate = true> <Delay = 1.82> <CoreInst = "Adder">   --->   Core 1 'Adder' <Latency = 0> <II = 1> <Delay = 1.82> <FuncUnit> <Opcode : 'add' 'sub'> <InPorts = 2> <OutPorts = 1>
ST_1 : Operation 62 [1/1] (1.73ns)   --->   "%add_ln58_177 = add i10 %zext_ln73_23, i10 %shl_ln42_59" [firmware/nnet_utils/nnet_dense_latency.h:58]   --->   Operation 62 'add' 'add_ln58_177' <Predicate = true> <Delay = 1.73> <CoreInst = "Adder">   --->   Core 1 'Adder' <Latency = 0> <II = 1> <Delay = 1.73> <FuncUnit> <Opcode : 'add' 'sub'> <InPorts = 2> <OutPorts = 1>
ST_1 : Operation 63 [1/1] (1.82ns)   --->   "%add_ln58_180 = add i10 %zext_ln73_19, i10 %zext_ln73" [firmware/nnet_utils/nnet_dense_latency.h:58]   --->   Operation 63 'add' 'add_ln58_180' <Predicate = true> <Delay = 1.82> <CoreInst = "Adder">   --->   Core 1 'Adder' <Latency = 0> <II = 1> <Delay = 1.82> <FuncUnit> <Opcode : 'add' 'sub'> <InPorts = 2> <OutPorts = 1>
ST_1 : Operation 64 [1/1] (1.82ns)   --->   "%add_ln58_181 = add i10 %zext_ln73_24, i10 %zext_ln73_26" [firmware/nnet_utils/nnet_dense_latency.h:58]   --->   Operation 64 'add' 'add_ln58_181' <Predicate = true> <Delay = 1.82> <CoreInst = "Adder">   --->   Core 1 'Adder' <Latency = 0> <II = 1> <Delay = 1.82> <FuncUnit> <Opcode : 'add' 'sub'> <InPorts = 2> <OutPorts = 1>
ST_1 : Operation 65 [1/1] (1.73ns)   --->   "%add_ln58_185 = add i10 %zext_ln73_25, i10 %shl_ln42_61" [firmware/nnet_utils/nnet_dense_latency.h:58]   --->   Operation 65 'add' 'add_ln58_185' <Predicate = true> <Delay = 1.73> <CoreInst = "Adder">   --->   Core 1 'Adder' <Latency = 0> <II = 1> <Delay = 1.73> <FuncUnit> <Opcode : 'add' 'sub'> <InPorts = 2> <OutPorts = 1>
ST_1 : Operation 66 [1/1] (1.73ns)   --->   "%add_ln58_189 = add i10 %shl_ln42_59, i10 %zext_ln73_26" [firmware/nnet_utils/nnet_dense_latency.h:58]   --->   Operation 66 'add' 'add_ln58_189' <Predicate = true> <Delay = 1.73> <CoreInst = "Adder">   --->   Core 1 'Adder' <Latency = 0> <II = 1> <Delay = 1.73> <FuncUnit> <Opcode : 'add' 'sub'> <InPorts = 2> <OutPorts = 1>
ST_1 : Operation 67 [1/1] (1.73ns)   --->   "%add_ln58_195 = add i10 %zext_ln73_23, i10 %shl_ln42_61" [firmware/nnet_utils/nnet_dense_latency.h:58]   --->   Operation 67 'add' 'add_ln58_195' <Predicate = true> <Delay = 1.73> <CoreInst = "Adder">   --->   Core 1 'Adder' <Latency = 0> <II = 1> <Delay = 1.73> <FuncUnit> <Opcode : 'add' 'sub'> <InPorts = 2> <OutPorts = 1>
ST_1 : Operation 68 [1/1] (1.73ns)   --->   "%add_ln58_199 = add i10 %zext_ln73_24, i10 %shl_ln42_61" [firmware/nnet_utils/nnet_dense_latency.h:58]   --->   Operation 68 'add' 'add_ln58_199' <Predicate = true> <Delay = 1.73> <CoreInst = "Adder">   --->   Core 1 'Adder' <Latency = 0> <II = 1> <Delay = 1.73> <FuncUnit> <Opcode : 'add' 'sub'> <InPorts = 2> <OutPorts = 1>

State 2 <SV = 1> <Delay = 3.78>
ST_2 : Operation 69 [1/1] (0.00ns)   --->   "%specpipeline_ln33 = specpipeline void @_ssdm_op_SpecPipeline, i32 1, i32 0, i32 0, i32 0, void @empty_0" [firmware/nnet_utils/nnet_dense_latency.h:33]   --->   Operation 69 'specpipeline' 'specpipeline_ln33' <Predicate = true> <Delay = 0.00>
ST_2 : Operation 70 [1/1] (0.00ns)   --->   "%specresourcelimit_ln33 = specresourcelimit void @_ssdm_op_SpecResourceLimit, i64 63, void @empty_1, void @empty_0, void @empty_0, void @empty_0" [firmware/nnet_utils/nnet_dense_latency.h:33]   --->   Operation 70 'specresourcelimit' 'specresourcelimit_ln33' <Predicate = true> <Delay = 0.00>
ST_2 : Operation 71 [1/1] (0.00ns)   --->   "%shl_ln42_47_cast43 = sext i10 %shl_ln42_s" [firmware/nnet_utils/nnet_dense_latency.h:42]   --->   Operation 71 'sext' 'shl_ln42_47_cast43' <Predicate = true> <Delay = 0.00>
ST_2 : Operation 72 [1/1] (0.00ns)   --->   "%shl_ln42_49_cast42 = zext i9 %shl_ln42_47" [firmware/nnet_utils/nnet_dense_latency.h:42]   --->   Operation 72 'zext' 'shl_ln42_49_cast42' <Predicate = true> <Delay = 0.00>
ST_2 : Operation 73 [1/1] (0.00ns)   --->   "%shl_ln42_49 = bitconcatenate i10 @_ssdm_op_BitConcatenate.i10.i3.i7, i3 %sub_ln73_28, i7 0" [firmware/nnet_utils/nnet_dense_latency.h:42]   --->   Operation 73 'bitconcatenate' 'shl_ln42_49' <Predicate = true> <Delay = 0.00>
ST_2 : Operation 74 [1/1] (0.00ns)   --->   "%shl_ln42_51_cast = sext i10 %shl_ln42_49" [firmware/nnet_utils/nnet_dense_latency.h:42]   --->   Operation 74 'sext' 'shl_ln42_51_cast' <Predicate = true> <Delay = 0.00>
ST_2 : Operation 75 [1/1] (0.00ns)   --->   "%shl_ln42_50 = bitconcatenate i10 @_ssdm_op_BitConcatenate.i10.i3.i7, i3 %sub_ln73_29, i7 0" [firmware/nnet_utils/nnet_dense_latency.h:42]   --->   Operation 75 'bitconcatenate' 'shl_ln42_50' <Predicate = true> <Delay = 0.00>
ST_2 : Operation 76 [1/1] (0.00ns)   --->   "%sext_ln42_11 = sext i10 %shl_ln42_50" [firmware/nnet_utils/nnet_dense_latency.h:42]   --->   Operation 76 'sext' 'sext_ln42_11' <Predicate = true> <Delay = 0.00>
ST_2 : Operation 77 [1/1] (0.00ns)   --->   "%sext_ln42_12 = sext i10 %shl_ln42_50" [firmware/nnet_utils/nnet_dense_latency.h:42]   --->   Operation 77 'sext' 'sext_ln42_12' <Predicate = true> <Delay = 0.00>
ST_2 : Operation 78 [1/1] (0.00ns)   --->   "%shl_ln42_53_cast38 = zext i9 %shl_ln42_51" [firmware/nnet_utils/nnet_dense_latency.h:42]   --->   Operation 78 'zext' 'shl_ln42_53_cast38' <Predicate = true> <Delay = 0.00>
ST_2 : Operation 79 [1/1] (0.00ns)   --->   "%zext_ln73_20 = zext i9 %shl_ln42_52" [firmware/nnet_utils/nnet_mult.h:73->firmware/nnet_utils/nnet_dense_latency.h:42]   --->   Operation 79 'zext' 'zext_ln73_20' <Predicate = true> <Delay = 0.00>
ST_2 : Operation 80 [1/1] (0.00ns)   --->   "%shl_ln42_53 = bitconcatenate i10 @_ssdm_op_BitConcatenate.i10.i3.i7, i3 %sub_ln73_30, i7 0" [firmware/nnet_utils/nnet_dense_latency.h:42]   --->   Operation 80 'bitconcatenate' 'shl_ln42_53' <Predicate = true> <Delay = 0.00>
ST_2 : Operation 81 [1/1] (0.00ns)   --->   "%shl_ln42_55_cast44 = sext i10 %shl_ln42_53" [firmware/nnet_utils/nnet_dense_latency.h:42]   --->   Operation 81 'sext' 'shl_ln42_55_cast44' <Predicate = true> <Delay = 0.00>
ST_2 : Operation 82 [1/1] (0.00ns)   --->   "%shl_ln42_55_cast = sext i10 %shl_ln42_53" [firmware/nnet_utils/nnet_dense_latency.h:42]   --->   Operation 82 'sext' 'shl_ln42_55_cast' <Predicate = true> <Delay = 0.00>
ST_2 : Operation 83 [1/1] (0.00ns)   --->   "%zext_ln73_22 = zext i9 %shl_ln42_54" [firmware/nnet_utils/nnet_mult.h:73->firmware/nnet_utils/nnet_dense_latency.h:42]   --->   Operation 83 'zext' 'zext_ln73_22' <Predicate = true> <Delay = 0.00>
ST_2 : Operation 84 [1/1] (0.00ns)   --->   "%shl_ln42_57_cast = sext i10 %shl_ln42_55" [firmware/nnet_utils/nnet_dense_latency.h:42]   --->   Operation 84 'sext' 'shl_ln42_57_cast' <Predicate = true> <Delay = 0.00>
ST_2 : Operation 85 [1/1] (0.00ns)   --->   "%shl_ln42_61_cast = sext i10 %shl_ln42_59" [firmware/nnet_utils/nnet_dense_latency.h:42]   --->   Operation 85 'sext' 'shl_ln42_61_cast' <Predicate = true> <Delay = 0.00>
ST_2 : Operation 86 [1/1] (0.00ns)   --->   "%sext_ln58 = sext i10 %shl_ln42_61" [firmware/nnet_utils/nnet_dense_latency.h:58]   --->   Operation 86 'sext' 'sext_ln58' <Predicate = true> <Delay = 0.00>
ST_2 : Operation 87 [1/1] (0.00ns)   --->   "%sext_ln58_125 = sext i11 %add_ln58" [firmware/nnet_utils/nnet_dense_latency.h:58]   --->   Operation 87 'sext' 'sext_ln58_125' <Predicate = true> <Delay = 0.00>
ST_2 : Operation 88 [1/1] (0.00ns)   --->   "%zext_ln58 = zext i10 %add_ln58_161" [firmware/nnet_utils/nnet_dense_latency.h:58]   --->   Operation 88 'zext' 'zext_ln58' <Predicate = true> <Delay = 0.00>
ST_2 : Operation 89 [1/1] (1.73ns)   --->   "%add_ln58_162 = add i10 %shl_ln42_49, i10 %shl_ln42_53_cast" [firmware/nnet_utils/nnet_dense_latency.h:58]   --->   Operation 89 'add' 'add_ln58_162' <Predicate = true> <Delay = 1.73> <CoreInst = "Adder">   --->   Core 1 'Adder' <Latency = 0> <II = 1> <Delay = 1.73> <FuncUnit> <Opcode : 'add' 'sub'> <InPorts = 2> <OutPorts = 1>
ST_2 : Operation 90 [1/1] (0.00ns)   --->   "%sext_ln58_126 = sext i10 %add_ln58_162" [firmware/nnet_utils/nnet_dense_latency.h:58]   --->   Operation 90 'sext' 'sext_ln58_126' <Predicate = true> <Delay = 0.00>
ST_2 : Operation 91 [1/1] (1.73ns)   --->   "%add_ln58_163 = add i10 %zext_ln73_19, i10 %shl_ln42_55" [firmware/nnet_utils/nnet_dense_latency.h:58]   --->   Operation 91 'add' 'add_ln58_163' <Predicate = true> <Delay = 1.73> <CoreInst = "Adder">   --->   Core 1 'Adder' <Latency = 0> <II = 1> <Delay = 1.73> <FuncUnit> <Opcode : 'add' 'sub'> <InPorts = 2> <OutPorts = 1>
ST_2 : Operation 92 [1/1] (0.00ns)   --->   "%sext_ln58_127 = sext i10 %add_ln58_163" [firmware/nnet_utils/nnet_dense_latency.h:58]   --->   Operation 92 'sext' 'sext_ln58_127' <Predicate = true> <Delay = 0.00>
ST_2 : Operation 93 [1/1] (1.73ns)   --->   "%add_ln58_164 = add i11 %sext_ln58_127, i11 %shl_ln42_55_cast" [firmware/nnet_utils/nnet_dense_latency.h:58]   --->   Operation 93 'add' 'add_ln58_164' <Predicate = true> <Delay = 1.73> <CoreInst = "Adder">   --->   Core 1 'Adder' <Latency = 0> <II = 1> <Delay = 1.73> <FuncUnit> <Opcode : 'add' 'sub'> <InPorts = 2> <OutPorts = 1>
ST_2 : Operation 94 [1/1] (0.00ns)   --->   "%sext_ln58_128 = sext i11 %add_ln58_164" [firmware/nnet_utils/nnet_dense_latency.h:58]   --->   Operation 94 'sext' 'sext_ln58_128' <Predicate = true> <Delay = 0.00>
ST_2 : Operation 95 [1/1] (0.00ns) (grouped into TernaryAdder)   --->   "%add_ln58_165 = add i11 %shl_ln42_51_cast, i11 %shl_ln42_47_cast" [firmware/nnet_utils/nnet_dense_latency.h:58]   --->   Operation 95 'add' 'add_ln58_165' <Predicate = true> <Delay = 0.00> <CoreInst = "TAddSub">   --->   Core 10 'TAddSub' <Latency = 0> <II = 1> <Delay = 1.87> <IPBlock> <Opcode : '' 'add' 'sub'> <InPorts = 3> <OutPorts = 1> <Sync> <CReg>
ST_2 : Operation 96 [1/1] (0.00ns)   --->   "%zext_ln58_18 = zext i10 %add_ln58_166" [firmware/nnet_utils/nnet_dense_latency.h:58]   --->   Operation 96 'zext' 'zext_ln58_18' <Predicate = true> <Delay = 0.00>
ST_2 : Operation 97 [1/1] (3.75ns) (root node of TernaryAdder)   --->   "%add_ln58_167 = add i11 %zext_ln58_18, i11 %add_ln58_165" [firmware/nnet_utils/nnet_dense_latency.h:58]   --->   Operation 97 'add' 'add_ln58_167' <Predicate = true> <Delay = 3.75> <CoreInst = "TAddSub">   --->   Core 10 'TAddSub' <Latency = 0> <II = 1> <Delay = 1.87> <IPBlock> <Opcode : '' 'add' 'sub'> <InPorts = 3> <OutPorts = 1> <Sync> <CReg>
ST_2 : Operation 98 [1/1] (0.00ns)   --->   "%sext_ln58_129 = sext i11 %add_ln58_167" [firmware/nnet_utils/nnet_dense_latency.h:58]   --->   Operation 98 'sext' 'sext_ln58_129' <Predicate = true> <Delay = 0.00>
ST_2 : Operation 99 [1/1] (1.73ns)   --->   "%add_ln58_168 = add i10 %shl_ln42_55, i10 %zext_ln73_21" [firmware/nnet_utils/nnet_dense_latency.h:58]   --->   Operation 99 'add' 'add_ln58_168' <Predicate = true> <Delay = 1.73> <CoreInst = "Adder">   --->   Core 1 'Adder' <Latency = 0> <II = 1> <Delay = 1.73> <FuncUnit> <Opcode : 'add' 'sub'> <InPorts = 2> <OutPorts = 1>
ST_2 : Operation 100 [1/1] (0.00ns)   --->   "%sext_ln58_130 = sext i10 %add_ln58_168" [firmware/nnet_utils/nnet_dense_latency.h:58]   --->   Operation 100 'sext' 'sext_ln58_130' <Predicate = true> <Delay = 0.00>
ST_2 : Operation 101 [1/1] (0.00ns)   --->   "%sext_ln58_131 = sext i10 %add_ln58_169" [firmware/nnet_utils/nnet_dense_latency.h:58]   --->   Operation 101 'sext' 'sext_ln58_131' <Predicate = true> <Delay = 0.00>
ST_2 : Operation 102 [1/1] (1.73ns)   --->   "%add_ln58_170 = add i11 %sext_ln58_131, i11 %sext_ln58_130" [firmware/nnet_utils/nnet_dense_latency.h:58]   --->   Operation 102 'add' 'add_ln58_170' <Predicate = true> <Delay = 1.73> <CoreInst = "Adder">   --->   Core 1 'Adder' <Latency = 0> <II = 1> <Delay = 1.73> <FuncUnit> <Opcode : 'add' 'sub'> <InPorts = 2> <OutPorts = 1>
ST_2 : Operation 103 [1/1] (0.00ns)   --->   "%sext_ln58_132 = sext i11 %add_ln58_170" [firmware/nnet_utils/nnet_dense_latency.h:58]   --->   Operation 103 'sext' 'sext_ln58_132' <Predicate = true> <Delay = 0.00>
ST_2 : Operation 104 [1/1] (0.00ns) (grouped into TernaryAdder)   --->   "%add_ln58_171 = add i11 %sext_ln42, i11 %shl_ln42_61_cast" [firmware/nnet_utils/nnet_dense_latency.h:58]   --->   Operation 104 'add' 'add_ln58_171' <Predicate = true> <Delay = 0.00> <CoreInst = "TAddSub">   --->   Core 10 'TAddSub' <Latency = 0> <II = 1> <Delay = 1.87> <IPBlock> <Opcode : '' 'add' 'sub'> <InPorts = 3> <OutPorts = 1> <Sync> <CReg>
ST_2 : Operation 105 [1/1] (3.75ns) (root node of TernaryAdder)   --->   "%add_ln58_172 = add i11 %add_ln58_171, i11 %shl_ln42_53_cast38" [firmware/nnet_utils/nnet_dense_latency.h:58]   --->   Operation 105 'add' 'add_ln58_172' <Predicate = true> <Delay = 3.75> <CoreInst = "TAddSub">   --->   Core 10 'TAddSub' <Latency = 0> <II = 1> <Delay = 1.87> <IPBlock> <Opcode : '' 'add' 'sub'> <InPorts = 3> <OutPorts = 1> <Sync> <CReg>
ST_2 : Operation 106 [1/1] (0.00ns)   --->   "%sext_ln58_133 = sext i11 %add_ln58_172" [firmware/nnet_utils/nnet_dense_latency.h:58]   --->   Operation 106 'sext' 'sext_ln58_133' <Predicate = true> <Delay = 0.00>
ST_2 : Operation 107 [1/1] (0.00ns) (grouped into TernaryAdder)   --->   "%add_ln58_173 = add i12 %sext_ln42_12, i12 %sext_ln58_125" [firmware/nnet_utils/nnet_dense_latency.h:58]   --->   Operation 107 'add' 'add_ln58_173' <Predicate = true> <Delay = 0.00> <CoreInst = "TAddSub">   --->   Core 10 'TAddSub' <Latency = 0> <II = 1> <Delay = 1.87> <IPBlock> <Opcode : '' 'add' 'sub'> <InPorts = 3> <OutPorts = 1> <Sync> <CReg>
ST_2 : Operation 108 [1/1] (0.00ns)   --->   "%sext_ln58_134 = sext i10 %add_ln58_174" [firmware/nnet_utils/nnet_dense_latency.h:58]   --->   Operation 108 'sext' 'sext_ln58_134' <Predicate = true> <Delay = 0.00>
ST_2 : Operation 109 [1/1] (3.78ns) (root node of TernaryAdder)   --->   "%add_ln58_175 = add i12 %sext_ln58_134, i12 %add_ln58_173" [firmware/nnet_utils/nnet_dense_latency.h:58]   --->   Operation 109 'add' 'add_ln58_175' <Predicate = true> <Delay = 3.78> <CoreInst = "TAddSub">   --->   Core 10 'TAddSub' <Latency = 0> <II = 1> <Delay = 1.87> <IPBlock> <Opcode : '' 'add' 'sub'> <InPorts = 3> <OutPorts = 1> <Sync> <CReg>
ST_2 : Operation 110 [1/1] (0.00ns)   --->   "%sext_ln58_135 = sext i12 %add_ln58_175" [firmware/nnet_utils/nnet_dense_latency.h:58]   --->   Operation 110 'sext' 'sext_ln58_135' <Predicate = true> <Delay = 0.00>
ST_2 : Operation 111 [1/1] (0.00ns)   --->   "%zext_ln58_19 = zext i10 %add_ln58_176" [firmware/nnet_utils/nnet_dense_latency.h:58]   --->   Operation 111 'zext' 'zext_ln58_19' <Predicate = true> <Delay = 0.00>
ST_2 : Operation 112 [1/1] (0.00ns)   --->   "%sext_ln58_136 = sext i10 %add_ln58_177" [firmware/nnet_utils/nnet_dense_latency.h:58]   --->   Operation 112 'sext' 'sext_ln58_136' <Predicate = true> <Delay = 0.00>
ST_2 : Operation 113 [1/1] (1.73ns)   --->   "%add_ln58_178 = add i11 %sext_ln58_136, i11 %shl_ln42_55_cast" [firmware/nnet_utils/nnet_dense_latency.h:58]   --->   Operation 113 'add' 'add_ln58_178' <Predicate = true> <Delay = 1.73> <CoreInst = "Adder">   --->   Core 1 'Adder' <Latency = 0> <II = 1> <Delay = 1.73> <FuncUnit> <Opcode : 'add' 'sub'> <InPorts = 2> <OutPorts = 1>
ST_2 : Operation 114 [1/1] (0.00ns)   --->   "%sext_ln58_137 = sext i11 %add_ln58_178" [firmware/nnet_utils/nnet_dense_latency.h:58]   --->   Operation 114 'sext' 'sext_ln58_137' <Predicate = true> <Delay = 0.00>
ST_2 : Operation 115 [1/1] (1.63ns)   --->   "%add_ln58_179 = add i12 %sext_ln58_137, i12 %zext_ln58_19" [firmware/nnet_utils/nnet_dense_latency.h:58]   --->   Operation 115 'add' 'add_ln58_179' <Predicate = true> <Delay = 1.63> <CoreInst = "Adder">   --->   Core 1 'Adder' <Latency = 0> <II = 1> <Delay = 1.63> <FuncUnit> <Opcode : 'add' 'sub'> <InPorts = 2> <OutPorts = 1>
ST_2 : Operation 116 [1/1] (0.00ns)   --->   "%sext_ln58_138 = sext i12 %add_ln58_179" [firmware/nnet_utils/nnet_dense_latency.h:58]   --->   Operation 116 'sext' 'sext_ln58_138' <Predicate = true> <Delay = 0.00>
ST_2 : Operation 117 [1/1] (0.00ns)   --->   "%zext_ln58_20 = zext i10 %add_ln58_180" [firmware/nnet_utils/nnet_dense_latency.h:58]   --->   Operation 117 'zext' 'zext_ln58_20' <Predicate = true> <Delay = 0.00>
ST_2 : Operation 118 [1/1] (0.00ns)   --->   "%zext_ln58_21 = zext i10 %add_ln58_181" [firmware/nnet_utils/nnet_dense_latency.h:58]   --->   Operation 118 'zext' 'zext_ln58_21' <Predicate = true> <Delay = 0.00>
ST_2 : Operation 119 [1/1] (0.00ns) (grouped into TernaryAdder)   --->   "%add_ln58_182 = add i11 %zext_ln58_21, i11 %zext_ln73_20" [firmware/nnet_utils/nnet_dense_latency.h:58]   --->   Operation 119 'add' 'add_ln58_182' <Predicate = true> <Delay = 0.00> <CoreInst = "TAddSub">   --->   Core 10 'TAddSub' <Latency = 0> <II = 1> <Delay = 1.87> <IPBlock> <Opcode : '' 'add' 'sub'> <InPorts = 3> <OutPorts = 1> <Sync> <CReg>
ST_2 : Operation 120 [1/1] (3.75ns) (root node of TernaryAdder)   --->   "%add_ln58_183 = add i11 %add_ln58_182, i11 %zext_ln58_20" [firmware/nnet_utils/nnet_dense_latency.h:58]   --->   Operation 120 'add' 'add_ln58_183' <Predicate = true> <Delay = 3.75> <CoreInst = "TAddSub">   --->   Core 10 'TAddSub' <Latency = 0> <II = 1> <Delay = 1.87> <IPBlock> <Opcode : '' 'add' 'sub'> <InPorts = 3> <OutPorts = 1> <Sync> <CReg>
ST_2 : Operation 121 [1/1] (0.00ns)   --->   "%zext_ln58_22 = zext i11 %add_ln58_183" [firmware/nnet_utils/nnet_dense_latency.h:58]   --->   Operation 121 'zext' 'zext_ln58_22' <Predicate = true> <Delay = 0.00>
ST_2 : Operation 122 [1/1] (1.73ns)   --->   "%add_ln58_184 = add i11 %shl_ln42_51_cast, i11 %sext_ln42" [firmware/nnet_utils/nnet_dense_latency.h:58]   --->   Operation 122 'add' 'add_ln58_184' <Predicate = true> <Delay = 1.73> <CoreInst = "Adder">   --->   Core 1 'Adder' <Latency = 0> <II = 1> <Delay = 1.73> <FuncUnit> <Opcode : 'add' 'sub'> <InPorts = 2> <OutPorts = 1>
ST_2 : Operation 123 [1/1] (0.00ns)   --->   "%sext_ln58_139 = sext i11 %add_ln58_184" [firmware/nnet_utils/nnet_dense_latency.h:58]   --->   Operation 123 'sext' 'sext_ln58_139' <Predicate = true> <Delay = 0.00>
ST_2 : Operation 124 [1/1] (0.00ns)   --->   "%sext_ln58_140 = sext i10 %add_ln58_185" [firmware/nnet_utils/nnet_dense_latency.h:58]   --->   Operation 124 'sext' 'sext_ln58_140' <Predicate = true> <Delay = 0.00>
ST_2 : Operation 125 [1/1] (1.73ns)   --->   "%add_ln58_186 = add i11 %sext_ln58_140, i11 %zext_ln73_22" [firmware/nnet_utils/nnet_dense_latency.h:58]   --->   Operation 125 'add' 'add_ln58_186' <Predicate = true> <Delay = 1.73> <CoreInst = "Adder">   --->   Core 1 'Adder' <Latency = 0> <II = 1> <Delay = 1.73> <FuncUnit> <Opcode : 'add' 'sub'> <InPorts = 2> <OutPorts = 1>
ST_2 : Operation 126 [1/1] (0.00ns)   --->   "%sext_ln58_141 = sext i11 %add_ln58_186" [firmware/nnet_utils/nnet_dense_latency.h:58]   --->   Operation 126 'sext' 'sext_ln58_141' <Predicate = true> <Delay = 0.00>
ST_2 : Operation 127 [1/1] (1.63ns)   --->   "%add_ln58_187 = add i12 %sext_ln58_141, i12 %sext_ln58_139" [firmware/nnet_utils/nnet_dense_latency.h:58]   --->   Operation 127 'add' 'add_ln58_187' <Predicate = true> <Delay = 1.63> <CoreInst = "Adder">   --->   Core 1 'Adder' <Latency = 0> <II = 1> <Delay = 1.63> <FuncUnit> <Opcode : 'add' 'sub'> <InPorts = 2> <OutPorts = 1>
ST_2 : Operation 128 [1/1] (0.00ns)   --->   "%sext_ln58_142 = sext i12 %add_ln58_187" [firmware/nnet_utils/nnet_dense_latency.h:58]   --->   Operation 128 'sext' 'sext_ln58_142' <Predicate = true> <Delay = 0.00>
ST_2 : Operation 129 [1/1] (1.63ns)   --->   "%add_ln58_188 = add i11 %zext_ln73_20, i11 %add_ln58" [firmware/nnet_utils/nnet_dense_latency.h:58]   --->   Operation 129 'add' 'add_ln58_188' <Predicate = true> <Delay = 1.63> <CoreInst = "Adder">   --->   Core 1 'Adder' <Latency = 0> <II = 1> <Delay = 1.63> <FuncUnit> <Opcode : 'add' 'sub'> <InPorts = 2> <OutPorts = 1>
ST_2 : Operation 130 [1/1] (0.00ns)   --->   "%sext_ln58_143 = sext i11 %add_ln58_188" [firmware/nnet_utils/nnet_dense_latency.h:58]   --->   Operation 130 'sext' 'sext_ln58_143' <Predicate = true> <Delay = 0.00>
ST_2 : Operation 131 [1/1] (0.00ns)   --->   "%sext_ln58_144 = sext i10 %add_ln58_189" [firmware/nnet_utils/nnet_dense_latency.h:58]   --->   Operation 131 'sext' 'sext_ln58_144' <Predicate = true> <Delay = 0.00>
ST_2 : Operation 132 [1/1] (1.63ns)   --->   "%add_ln58_190 = add i12 %sext_ln58_144, i12 %sext_ln58_143" [firmware/nnet_utils/nnet_dense_latency.h:58]   --->   Operation 132 'add' 'add_ln58_190' <Predicate = true> <Delay = 1.63> <CoreInst = "Adder">   --->   Core 1 'Adder' <Latency = 0> <II = 1> <Delay = 1.63> <FuncUnit> <Opcode : 'add' 'sub'> <InPorts = 2> <OutPorts = 1>
ST_2 : Operation 133 [1/1] (0.00ns)   --->   "%sext_ln58_145 = sext i12 %add_ln58_190" [firmware/nnet_utils/nnet_dense_latency.h:58]   --->   Operation 133 'sext' 'sext_ln58_145' <Predicate = true> <Delay = 0.00>
ST_2 : Operation 134 [1/1] (0.00ns)   --->   "%zext_ln58_23 = zext i10 %add_ln58_176" [firmware/nnet_utils/nnet_dense_latency.h:58]   --->   Operation 134 'zext' 'zext_ln58_23' <Predicate = true> <Delay = 0.00>
ST_2 : Operation 135 [1/1] (1.73ns)   --->   "%add_ln58_191 = add i11 %zext_ln58_23, i11 %shl_ln42_47_cast" [firmware/nnet_utils/nnet_dense_latency.h:58]   --->   Operation 135 'add' 'add_ln58_191' <Predicate = true> <Delay = 1.73> <CoreInst = "Adder">   --->   Core 1 'Adder' <Latency = 0> <II = 1> <Delay = 1.73> <FuncUnit> <Opcode : 'add' 'sub'> <InPorts = 2> <OutPorts = 1>
ST_2 : Operation 136 [1/1] (0.00ns)   --->   "%sext_ln58_146 = sext i11 %add_ln58_191" [firmware/nnet_utils/nnet_dense_latency.h:58]   --->   Operation 136 'sext' 'sext_ln58_146' <Predicate = true> <Delay = 0.00>
ST_2 : Operation 137 [1/1] (0.00ns)   --->   "%sext_ln58_147 = sext i10 %add_ln58_189" [firmware/nnet_utils/nnet_dense_latency.h:58]   --->   Operation 137 'sext' 'sext_ln58_147' <Predicate = true> <Delay = 0.00>
ST_2 : Operation 138 [1/1] (1.73ns)   --->   "%add_ln58_192 = add i11 %sext_ln58_147, i11 %sext_ln42_11" [firmware/nnet_utils/nnet_dense_latency.h:58]   --->   Operation 138 'add' 'add_ln58_192' <Predicate = true> <Delay = 1.73> <CoreInst = "Adder">   --->   Core 1 'Adder' <Latency = 0> <II = 1> <Delay = 1.73> <FuncUnit> <Opcode : 'add' 'sub'> <InPorts = 2> <OutPorts = 1>
ST_2 : Operation 139 [1/1] (0.00ns)   --->   "%sext_ln58_148 = sext i11 %add_ln58_192" [firmware/nnet_utils/nnet_dense_latency.h:58]   --->   Operation 139 'sext' 'sext_ln58_148' <Predicate = true> <Delay = 0.00>
ST_2 : Operation 140 [1/1] (1.63ns)   --->   "%add_ln58_193 = add i12 %sext_ln58_148, i12 %sext_ln58_146" [firmware/nnet_utils/nnet_dense_latency.h:58]   --->   Operation 140 'add' 'add_ln58_193' <Predicate = true> <Delay = 1.63> <CoreInst = "Adder">   --->   Core 1 'Adder' <Latency = 0> <II = 1> <Delay = 1.63> <FuncUnit> <Opcode : 'add' 'sub'> <InPorts = 2> <OutPorts = 1>
ST_2 : Operation 141 [1/1] (0.00ns)   --->   "%sext_ln58_149 = sext i12 %add_ln58_193" [firmware/nnet_utils/nnet_dense_latency.h:58]   --->   Operation 141 'sext' 'sext_ln58_149' <Predicate = true> <Delay = 0.00>
ST_2 : Operation 142 [1/1] (1.73ns)   --->   "%add_ln58_194 = add i11 %zext_ln58, i11 %zext_ln73_20" [firmware/nnet_utils/nnet_dense_latency.h:58]   --->   Operation 142 'add' 'add_ln58_194' <Predicate = true> <Delay = 1.73> <CoreInst = "Adder">   --->   Core 1 'Adder' <Latency = 0> <II = 1> <Delay = 1.73> <FuncUnit> <Opcode : 'add' 'sub'> <InPorts = 2> <OutPorts = 1>
ST_2 : Operation 143 [1/1] (0.00ns)   --->   "%zext_ln58_24 = zext i11 %add_ln58_194" [firmware/nnet_utils/nnet_dense_latency.h:58]   --->   Operation 143 'zext' 'zext_ln58_24' <Predicate = true> <Delay = 0.00>
ST_2 : Operation 144 [1/1] (0.00ns)   --->   "%sext_ln58_150 = sext i10 %add_ln58_195" [firmware/nnet_utils/nnet_dense_latency.h:58]   --->   Operation 144 'sext' 'sext_ln58_150' <Predicate = true> <Delay = 0.00>
ST_2 : Operation 145 [1/1] (1.63ns)   --->   "%add_ln58_196 = add i12 %sext_ln58_150, i12 %zext_ln58_24" [firmware/nnet_utils/nnet_dense_latency.h:58]   --->   Operation 145 'add' 'add_ln58_196' <Predicate = true> <Delay = 1.63> <CoreInst = "Adder">   --->   Core 1 'Adder' <Latency = 0> <II = 1> <Delay = 1.63> <FuncUnit> <Opcode : 'add' 'sub'> <InPorts = 2> <OutPorts = 1>
ST_2 : Operation 146 [1/1] (0.00ns)   --->   "%sext_ln58_151 = sext i12 %add_ln58_196" [firmware/nnet_utils/nnet_dense_latency.h:58]   --->   Operation 146 'sext' 'sext_ln58_151' <Predicate = true> <Delay = 0.00>
ST_2 : Operation 147 [1/1] (1.73ns)   --->   "%add_ln58_197 = add i11 %sext_ln58, i11 %zext_ln58" [firmware/nnet_utils/nnet_dense_latency.h:58]   --->   Operation 147 'add' 'add_ln58_197' <Predicate = true> <Delay = 1.73> <CoreInst = "Adder">   --->   Core 1 'Adder' <Latency = 0> <II = 1> <Delay = 1.73> <FuncUnit> <Opcode : 'add' 'sub'> <InPorts = 2> <OutPorts = 1>
ST_2 : Operation 148 [1/1] (0.00ns)   --->   "%sext_ln58_152 = sext i11 %add_ln58_197" [firmware/nnet_utils/nnet_dense_latency.h:58]   --->   Operation 148 'sext' 'sext_ln58_152' <Predicate = true> <Delay = 0.00>
ST_2 : Operation 149 [1/1] (1.73ns)   --->   "%add_ln58_198 = add i11 %zext_ln58_20, i11 %shl_ln42_49_cast42" [firmware/nnet_utils/nnet_dense_latency.h:58]   --->   Operation 149 'add' 'add_ln58_198' <Predicate = true> <Delay = 1.73> <CoreInst = "Adder">   --->   Core 1 'Adder' <Latency = 0> <II = 1> <Delay = 1.73> <FuncUnit> <Opcode : 'add' 'sub'> <InPorts = 2> <OutPorts = 1>
ST_2 : Operation 150 [1/1] (0.00ns)   --->   "%zext_ln58_25 = zext i11 %add_ln58_198" [firmware/nnet_utils/nnet_dense_latency.h:58]   --->   Operation 150 'zext' 'zext_ln58_25' <Predicate = true> <Delay = 0.00>
ST_2 : Operation 151 [1/1] (0.00ns)   --->   "%sext_ln58_153 = sext i10 %add_ln58_199" [firmware/nnet_utils/nnet_dense_latency.h:58]   --->   Operation 151 'sext' 'sext_ln58_153' <Predicate = true> <Delay = 0.00>
ST_2 : Operation 152 [1/1] (1.73ns)   --->   "%add_ln58_200 = add i11 %sext_ln58_153, i11 %shl_ln42_57_cast" [firmware/nnet_utils/nnet_dense_latency.h:58]   --->   Operation 152 'add' 'add_ln58_200' <Predicate = true> <Delay = 1.73> <CoreInst = "Adder">   --->   Core 1 'Adder' <Latency = 0> <II = 1> <Delay = 1.73> <FuncUnit> <Opcode : 'add' 'sub'> <InPorts = 2> <OutPorts = 1>
ST_2 : Operation 153 [1/1] (0.00ns)   --->   "%sext_ln58_154 = sext i11 %add_ln58_200" [firmware/nnet_utils/nnet_dense_latency.h:58]   --->   Operation 153 'sext' 'sext_ln58_154' <Predicate = true> <Delay = 0.00>
ST_2 : Operation 154 [1/1] (1.63ns)   --->   "%add_ln58_201 = add i12 %sext_ln58_154, i12 %zext_ln58_25" [firmware/nnet_utils/nnet_dense_latency.h:58]   --->   Operation 154 'add' 'add_ln58_201' <Predicate = true> <Delay = 1.63> <CoreInst = "Adder">   --->   Core 1 'Adder' <Latency = 0> <II = 1> <Delay = 1.63> <FuncUnit> <Opcode : 'add' 'sub'> <InPorts = 2> <OutPorts = 1>
ST_2 : Operation 155 [1/1] (0.00ns)   --->   "%sext_ln68 = sext i12 %add_ln58_201" [firmware/nnet_utils/nnet_dense_latency.h:68]   --->   Operation 155 'sext' 'sext_ln68' <Predicate = true> <Delay = 0.00>
ST_2 : Operation 156 [1/1] (0.00ns)   --->   "%mrv = insertvalue i256 <undef>, i16 %zext_ln58_22" [firmware/nnet_utils/nnet_dense_latency.h:68]   --->   Operation 156 'insertvalue' 'mrv' <Predicate = true> <Delay = 0.00>
ST_2 : Operation 157 [1/1] (0.00ns)   --->   "%mrv_1 = insertvalue i256 %mrv, i16 %sext_ln58_142" [firmware/nnet_utils/nnet_dense_latency.h:68]   --->   Operation 157 'insertvalue' 'mrv_1' <Predicate = true> <Delay = 0.00>
ST_2 : Operation 158 [1/1] (0.00ns)   --->   "%mrv_2 = insertvalue i256 %mrv_1, i16 %sext_ln58_145" [firmware/nnet_utils/nnet_dense_latency.h:68]   --->   Operation 158 'insertvalue' 'mrv_2' <Predicate = true> <Delay = 0.00>
ST_2 : Operation 159 [1/1] (0.00ns)   --->   "%mrv_3 = insertvalue i256 %mrv_2, i16 %sext_ln58_149" [firmware/nnet_utils/nnet_dense_latency.h:68]   --->   Operation 159 'insertvalue' 'mrv_3' <Predicate = true> <Delay = 0.00>
ST_2 : Operation 160 [1/1] (0.00ns)   --->   "%mrv_4 = insertvalue i256 %mrv_3, i16 %sext_ln58_151" [firmware/nnet_utils/nnet_dense_latency.h:68]   --->   Operation 160 'insertvalue' 'mrv_4' <Predicate = true> <Delay = 0.00>
ST_2 : Operation 161 [1/1] (0.00ns)   --->   "%mrv_5 = insertvalue i256 %mrv_4, i16 %sext_ln58_129" [firmware/nnet_utils/nnet_dense_latency.h:68]   --->   Operation 161 'insertvalue' 'mrv_5' <Predicate = true> <Delay = 0.00>
ST_2 : Operation 162 [1/1] (0.00ns)   --->   "%mrv_6 = insertvalue i256 %mrv_5, i16 %sext_ln58_126" [firmware/nnet_utils/nnet_dense_latency.h:68]   --->   Operation 162 'insertvalue' 'mrv_6' <Predicate = true> <Delay = 0.00>
ST_2 : Operation 163 [1/1] (0.00ns)   --->   "%mrv_7 = insertvalue i256 %mrv_6, i16 %shl_ln42_47_cast43" [firmware/nnet_utils/nnet_dense_latency.h:68]   --->   Operation 163 'insertvalue' 'mrv_7' <Predicate = true> <Delay = 0.00>
ST_2 : Operation 164 [1/1] (0.00ns)   --->   "%mrv_8 = insertvalue i256 %mrv_7, i16 %sext_ln58_128" [firmware/nnet_utils/nnet_dense_latency.h:68]   --->   Operation 164 'insertvalue' 'mrv_8' <Predicate = true> <Delay = 0.00>
ST_2 : Operation 165 [1/1] (0.00ns)   --->   "%mrv_9 = insertvalue i256 %mrv_8, i16 %shl_ln42_55_cast44" [firmware/nnet_utils/nnet_dense_latency.h:68]   --->   Operation 165 'insertvalue' 'mrv_9' <Predicate = true> <Delay = 0.00>
ST_2 : Operation 166 [1/1] (0.00ns)   --->   "%mrv_10 = insertvalue i256 %mrv_9, i16 %sext_ln58_152" [firmware/nnet_utils/nnet_dense_latency.h:68]   --->   Operation 166 'insertvalue' 'mrv_10' <Predicate = true> <Delay = 0.00>
ST_2 : Operation 167 [1/1] (0.00ns)   --->   "%mrv_11 = insertvalue i256 %mrv_10, i16 %sext_ln58_132" [firmware/nnet_utils/nnet_dense_latency.h:68]   --->   Operation 167 'insertvalue' 'mrv_11' <Predicate = true> <Delay = 0.00>
ST_2 : Operation 168 [1/1] (0.00ns)   --->   "%mrv_12 = insertvalue i256 %mrv_11, i16 %sext_ln58_133" [firmware/nnet_utils/nnet_dense_latency.h:68]   --->   Operation 168 'insertvalue' 'mrv_12' <Predicate = true> <Delay = 0.00>
ST_2 : Operation 169 [1/1] (0.00ns)   --->   "%mrv_13 = insertvalue i256 %mrv_12, i16 %sext_ln58_135" [firmware/nnet_utils/nnet_dense_latency.h:68]   --->   Operation 169 'insertvalue' 'mrv_13' <Predicate = true> <Delay = 0.00>
ST_2 : Operation 170 [1/1] (0.00ns)   --->   "%mrv_14 = insertvalue i256 %mrv_13, i16 %sext_ln68" [firmware/nnet_utils/nnet_dense_latency.h:68]   --->   Operation 170 'insertvalue' 'mrv_14' <Predicate = true> <Delay = 0.00>
ST_2 : Operation 171 [1/1] (0.00ns)   --->   "%mrv_15 = insertvalue i256 %mrv_14, i16 %sext_ln58_138" [firmware/nnet_utils/nnet_dense_latency.h:68]   --->   Operation 171 'insertvalue' 'mrv_15' <Predicate = true> <Delay = 0.00>
ST_2 : Operation 172 [1/1] (0.00ns)   --->   "%ret_ln68 = ret i256 %mrv_15" [firmware/nnet_utils/nnet_dense_latency.h:68]   --->   Operation 172 'ret' 'ret_ln68' <Predicate = true> <Delay = 0.00>


============================================================
+ Verbose Summary: Timing violations
============================================================
Target clock period: 5.000ns, clock uncertainty: 0.625ns.

 <State 1>: 3.296ns
The critical path consists of the following:
	wire read operation ('data_1_val_read', firmware/nnet_utils/nnet_mult.h:70->firmware/nnet_utils/nnet_dense_latency.h:42) on port 'data_1_val' (firmware/nnet_utils/nnet_mult.h:70->firmware/nnet_utils/nnet_dense_latency.h:42) [19]  (0.000 ns)
	'sub' operation 3 bit ('sub_ln73_27', firmware/nnet_utils/nnet_mult.h:73->firmware/nnet_utils/nnet_dense_latency.h:42) [29]  (1.565 ns)
	'add' operation 11 bit ('add_ln58', firmware/nnet_utils/nnet_dense_latency.h:58) [81]  (1.731 ns)

 <State 2>: 3.786ns
The critical path consists of the following:
	'add' operation 12 bit ('add_ln58_173', firmware/nnet_utils/nnet_dense_latency.h:58) [105]  (0.000 ns)
	'add' operation 12 bit ('add_ln58_175', firmware/nnet_utils/nnet_dense_latency.h:58) [108]  (3.786 ns)


============================================================
+ Verbose Summary: Binding
============================================================
N/A
* FSMD analyzer results:
  - Output states:
 - Input state : 
  - Chain level:
	State 1
	State 2


============================================================
+ Verbose Summary: Datapath Resource usage 
============================================================
N/A
