/home/dabadjiev/smartpixels_ml_dsabadjiev/smart-pixels-ml/hlsTmp/myproject_prj/solution1/.autopilot/db/myproject.pp.0.cpp:28591:7: warning: Added loop label VITIS_LOOP_1223_1:   [xilinx-label-all-loops]
      for (i = 0; i < __N - 1; ++i) {
      ^~~
      VITIS_LOOP_1223_1: 
/home/dabadjiev/smartpixels_ml_dsabadjiev/smart-pixels-ml/hlsTmp/myproject_prj/solution1/.autopilot/db/myproject.pp.0.cpp:28591:7: note: FIX-IT applied suggested code changes
/home/dabadjiev/smartpixels_ml_dsabadjiev/smart-pixels-ml/hlsTmp/myproject_prj/solution1/.autopilot/db/myproject.pp.0.cpp:29565:5: warning: Added loop label VITIS_LOOP_676_1:   [xilinx-label-all-loops]
    for (unsigned i = low; i != high; ++i) {
    ^~~
    VITIS_LOOP_676_1: 
/home/dabadjiev/smartpixels_ml_dsabadjiev/smart-pixels-ml/hlsTmp/myproject_prj/solution1/.autopilot/db/myproject.pp.0.cpp:29565:5: note: FIX-IT applied suggested code changes
/home/dabadjiev/smartpixels_ml_dsabadjiev/smart-pixels-ml/hlsTmp/myproject_prj/solution1/.autopilot/db/myproject.pp.0.cpp:29579:5: warning: Added loop label VITIS_LOOP_690_1:   [xilinx-label-all-loops]
    for (unsigned i = low; i != high; ++i) {
    ^~~
    VITIS_LOOP_690_1: 
/home/dabadjiev/smartpixels_ml_dsabadjiev/smart-pixels-ml/hlsTmp/myproject_prj/solution1/.autopilot/db/myproject.pp.0.cpp:29579:5: note: FIX-IT applied suggested code changes
/home/dabadjiev/smartpixels_ml_dsabadjiev/smart-pixels-ml/hlsTmp/myproject_prj/solution1/.autopilot/db/myproject.pp.0.cpp:29593:5: warning: Added loop label VITIS_LOOP_704_1:   [xilinx-label-all-loops]
    for (unsigned i = low; i != high; ++i) {
    ^~~
    VITIS_LOOP_704_1: 
/home/dabadjiev/smartpixels_ml_dsabadjiev/smart-pixels-ml/hlsTmp/myproject_prj/solution1/.autopilot/db/myproject.pp.0.cpp:29593:5: note: FIX-IT applied suggested code changes
/home/dabadjiev/smartpixels_ml_dsabadjiev/smart-pixels-ml/hlsTmp/myproject_prj/solution1/.autopilot/db/myproject.pp.0.cpp:31210:7: warning: Added loop label VITIS_LOOP_1247_1:   [xilinx-label-all-loops]
      for (i = 0; i < __N - 1; ++i) {
      ^~~
      VITIS_LOOP_1247_1: 
/home/dabadjiev/smartpixels_ml_dsabadjiev/smart-pixels-ml/hlsTmp/myproject_prj/solution1/.autopilot/db/myproject.pp.0.cpp:31210:7: note: FIX-IT applied suggested code changes
/home/dabadjiev/smartpixels_ml_dsabadjiev/smart-pixels-ml/hlsTmp/myproject_prj/solution1/.autopilot/db/myproject.pp.0.cpp:33193:9: warning: Added loop label VITIS_LOOP_27_1:   [xilinx-label-all-loops]
        for (unsigned i = 0; i < N; i++) {
        ^~~
        VITIS_LOOP_27_1: 
/home/dabadjiev/smartpixels_ml_dsabadjiev/smart-pixels-ml/hlsTmp/myproject_prj/solution1/.autopilot/db/myproject.pp.0.cpp:33193:9: note: FIX-IT applied suggested code changes
/home/dabadjiev/smartpixels_ml_dsabadjiev/smart-pixels-ml/hlsTmp/myproject_prj/solution1/.autopilot/db/myproject.pp.0.cpp:33206:9: warning: Added loop label VITIS_LOOP_40_1:   [xilinx-label-all-loops]
        for (size_t i = 0; i < N; i++) {
        ^~~
        VITIS_LOOP_40_1: 
/home/dabadjiev/smartpixels_ml_dsabadjiev/smart-pixels-ml/hlsTmp/myproject_prj/solution1/.autopilot/db/myproject.pp.0.cpp:33206:9: note: FIX-IT applied suggested code changes
/home/dabadjiev/smartpixels_ml_dsabadjiev/smart-pixels-ml/hlsTmp/myproject_prj/solution1/.autopilot/db/myproject.pp.0.cpp:56174:5: warning: Added loop label VITIS_LOOP_265_1:   [xilinx-label-all-loops]
    for (typename std::vector<src_T>::const_iterator i = in_begin; i != in_end; ++i) {
    ^~~
    VITIS_LOOP_265_1: 
/home/dabadjiev/smartpixels_ml_dsabadjiev/smart-pixels-ml/hlsTmp/myproject_prj/solution1/.autopilot/db/myproject.pp.0.cpp:56174:5: note: FIX-IT applied suggested code changes
/home/dabadjiev/smartpixels_ml_dsabadjiev/smart-pixels-ml/hlsTmp/myproject_prj/solution1/.autopilot/db/myproject.pp.0.cpp:56184:5: warning: Added loop label VITIS_LOOP_275_1:   [xilinx-label-all-loops]
    for (auto i = 0; i < SIZE; i++)
    ^~~
    VITIS_LOOP_275_1: 
/home/dabadjiev/smartpixels_ml_dsabadjiev/smart-pixels-ml/hlsTmp/myproject_prj/solution1/.autopilot/db/myproject.pp.0.cpp:56184:5: note: FIX-IT applied suggested code changes
/home/dabadjiev/smartpixels_ml_dsabadjiev/smart-pixels-ml/hlsTmp/myproject_prj/solution1/.autopilot/db/myproject.pp.0.cpp:56195:5: warning: Added loop label VITIS_LOOP_286_1:   [xilinx-label-all-loops]
    for (int i = 0; i < SIZE; i++) {
    ^~~
    VITIS_LOOP_286_1: 
/home/dabadjiev/smartpixels_ml_dsabadjiev/smart-pixels-ml/hlsTmp/myproject_prj/solution1/.autopilot/db/myproject.pp.0.cpp:56195:5: note: FIX-IT applied suggested code changes
/home/dabadjiev/smartpixels_ml_dsabadjiev/smart-pixels-ml/hlsTmp/myproject_prj/solution1/.autopilot/db/myproject.pp.0.cpp:56202:5: warning: Added loop label VITIS_LOOP_293_1:   [xilinx-label-all-loops]
    for (int i = 0; i < SIZE / res_T::size; i++) {
    ^~~
    VITIS_LOOP_293_1: 
/home/dabadjiev/smartpixels_ml_dsabadjiev/smart-pixels-ml/hlsTmp/myproject_prj/solution1/.autopilot/db/myproject.pp.0.cpp:56202:5: note: FIX-IT applied suggested code changes
/home/dabadjiev/smartpixels_ml_dsabadjiev/smart-pixels-ml/hlsTmp/myproject_prj/solution1/.autopilot/db/myproject.pp.0.cpp:56204:9: warning: Added loop label VITIS_LOOP_295_2:   [xilinx-label-all-loops]
        for (int j = 0; j < res_T::size; j++) {
        ^~~
        VITIS_LOOP_295_2: 
/home/dabadjiev/smartpixels_ml_dsabadjiev/smart-pixels-ml/hlsTmp/myproject_prj/solution1/.autopilot/db/myproject.pp.0.cpp:56204:9: note: FIX-IT applied suggested code changes
/home/dabadjiev/smartpixels_ml_dsabadjiev/smart-pixels-ml/hlsTmp/myproject_prj/solution1/.autopilot/db/myproject.pp.0.cpp:56216:5: warning: Added loop label VITIS_LOOP_307_1:   [xilinx-label-all-loops]
    for (int i = 0; i < SIZE / data_T::size; i++) {
    ^~~
    VITIS_LOOP_307_1: 
/home/dabadjiev/smartpixels_ml_dsabadjiev/smart-pixels-ml/hlsTmp/myproject_prj/solution1/.autopilot/db/myproject.pp.0.cpp:56216:5: note: FIX-IT applied suggested code changes
/home/dabadjiev/smartpixels_ml_dsabadjiev/smart-pixels-ml/hlsTmp/myproject_prj/solution1/.autopilot/db/myproject.pp.0.cpp:56218:9: warning: Added loop label VITIS_LOOP_309_2:   [xilinx-label-all-loops]
        for (int j = 0; j < data_T::size; j++) {
        ^~~
        VITIS_LOOP_309_2: 
/home/dabadjiev/smartpixels_ml_dsabadjiev/smart-pixels-ml/hlsTmp/myproject_prj/solution1/.autopilot/db/myproject.pp.0.cpp:56218:9: note: FIX-IT applied suggested code changes
/home/dabadjiev/smartpixels_ml_dsabadjiev/smart-pixels-ml/hlsTmp/myproject_prj/solution1/.autopilot/db/myproject.pp.0.cpp:56233:5: warning: Added loop label VITIS_LOOP_324_1:   [xilinx-label-all-loops]
    for (int ii = 0; ii < nrows; ii++) {
    ^~~
    VITIS_LOOP_324_1: 
/home/dabadjiev/smartpixels_ml_dsabadjiev/smart-pixels-ml/hlsTmp/myproject_prj/solution1/.autopilot/db/myproject.pp.0.cpp:56233:5: note: FIX-IT applied suggested code changes
/home/dabadjiev/smartpixels_ml_dsabadjiev/smart-pixels-ml/hlsTmp/myproject_prj/solution1/.autopilot/db/myproject.pp.0.cpp:56253:5: warning: Added loop label VITIS_LOOP_344_1:   [xilinx-label-all-loops]
    for (int ii = 0; ii < nrows; ii++) {
    ^~~
    VITIS_LOOP_344_1: 
/home/dabadjiev/smartpixels_ml_dsabadjiev/smart-pixels-ml/hlsTmp/myproject_prj/solution1/.autopilot/db/myproject.pp.0.cpp:56253:5: note: FIX-IT applied suggested code changes
/home/dabadjiev/smartpixels_ml_dsabadjiev/smart-pixels-ml/hlsTmp/myproject_prj/solution1/.autopilot/db/myproject.pp.0.cpp:56254:9: warning: Added loop label VITIS_LOOP_345_2:   [xilinx-label-all-loops]
        for (int jj = 0; jj < ncols; jj++) {
        ^~~
        VITIS_LOOP_345_2: 
/home/dabadjiev/smartpixels_ml_dsabadjiev/smart-pixels-ml/hlsTmp/myproject_prj/solution1/.autopilot/db/myproject.pp.0.cpp:56254:9: note: FIX-IT applied suggested code changes
/home/dabadjiev/smartpixels_ml_dsabadjiev/smart-pixels-ml/hlsTmp/myproject_prj/solution1/.autopilot/db/myproject.pp.0.cpp:56269:5: warning: Added loop label VITIS_LOOP_360_1:   [xilinx-label-all-loops]
    for (int ii = 0; ii < N_IN; ii++) {
    ^~~
    VITIS_LOOP_360_1: 
/home/dabadjiev/smartpixels_ml_dsabadjiev/smart-pixels-ml/hlsTmp/myproject_prj/solution1/.autopilot/db/myproject.pp.0.cpp:56269:5: note: FIX-IT applied suggested code changes
/home/dabadjiev/smartpixels_ml_dsabadjiev/smart-pixels-ml/hlsTmp/myproject_prj/solution1/.autopilot/db/myproject.pp.0.cpp:56276:5: warning: Added loop label VITIS_LOOP_367_1:   [xilinx-label-all-loops]
    for (int ii = 0; ii < N_IN; ii++) {
    ^~~
    VITIS_LOOP_367_1: 
/home/dabadjiev/smartpixels_ml_dsabadjiev/smart-pixels-ml/hlsTmp/myproject_prj/solution1/.autopilot/db/myproject.pp.0.cpp:56276:5: note: FIX-IT applied suggested code changes
/home/dabadjiev/smartpixels_ml_dsabadjiev/smart-pixels-ml/hlsTmp/myproject_prj/solution1/.autopilot/db/myproject.pp.0.cpp:56399:2: warning: Added loop label VITIS_LOOP_31_1:   [xilinx-label-all-loops]
 for (int ii = 0; ii < CONFIG_T::n_in; ii++) {
 ^~~
 VITIS_LOOP_31_1: 
/home/dabadjiev/smartpixels_ml_dsabadjiev/smart-pixels-ml/hlsTmp/myproject_prj/solution1/.autopilot/db/myproject.pp.0.cpp:56399:2: note: FIX-IT applied suggested code changes
/home/dabadjiev/smartpixels_ml_dsabadjiev/smart-pixels-ml/hlsTmp/myproject_prj/solution1/.autopilot/db/myproject.pp.0.cpp:56411:5: warning: Added loop label VITIS_LOOP_43_1:   [xilinx-label-all-loops]
    for (int ii = 0; ii < CONFIG_T::n_in; ii++) {
    ^~~
    VITIS_LOOP_43_1: 
/home/dabadjiev/smartpixels_ml_dsabadjiev/smart-pixels-ml/hlsTmp/myproject_prj/solution1/.autopilot/db/myproject.pp.0.cpp:56411:5: note: FIX-IT applied suggested code changes
/home/dabadjiev/smartpixels_ml_dsabadjiev/smart-pixels-ml/hlsTmp/myproject_prj/solution1/.autopilot/db/myproject.pp.0.cpp:56425:5: warning: Added loop label VITIS_LOOP_57_1:   [xilinx-label-all-loops]
    for (int ii = 0; ii < CONFIG_T::n_in; ii++) {
    ^~~
    VITIS_LOOP_57_1: 
/home/dabadjiev/smartpixels_ml_dsabadjiev/smart-pixels-ml/hlsTmp/myproject_prj/solution1/.autopilot/db/myproject.pp.0.cpp:56425:5: note: FIX-IT applied suggested code changes
/home/dabadjiev/smartpixels_ml_dsabadjiev/smart-pixels-ml/hlsTmp/myproject_prj/solution1/.autopilot/db/myproject.pp.0.cpp:56452:5: warning: Added loop label VITIS_LOOP_84_1:   [xilinx-label-all-loops]
    for (int ii = 0; ii < N_TABLE; ii++) {
    ^~~
    VITIS_LOOP_84_1: 
/home/dabadjiev/smartpixels_ml_dsabadjiev/smart-pixels-ml/hlsTmp/myproject_prj/solution1/.autopilot/db/myproject.pp.0.cpp:56452:5: note: FIX-IT applied suggested code changes
/home/dabadjiev/smartpixels_ml_dsabadjiev/smart-pixels-ml/hlsTmp/myproject_prj/solution1/.autopilot/db/myproject.pp.0.cpp:56482:5: warning: Added loop label VITIS_LOOP_114_1:   [xilinx-label-all-loops]
    for (int ii = 0; ii < CONFIG_T::n_in; ii++) {
    ^~~
    VITIS_LOOP_114_1: 
/home/dabadjiev/smartpixels_ml_dsabadjiev/smart-pixels-ml/hlsTmp/myproject_prj/solution1/.autopilot/db/myproject.pp.0.cpp:56482:5: note: FIX-IT applied suggested code changes
/home/dabadjiev/smartpixels_ml_dsabadjiev/smart-pixels-ml/hlsTmp/myproject_prj/solution1/.autopilot/db/myproject.pp.0.cpp:56519:5: warning: Added loop label VITIS_LOOP_151_1:   [xilinx-label-all-loops]
    for (unsigned i = 0; i < CONFIG_T::table_size; i++) {
    ^~~
    VITIS_LOOP_151_1: 
/home/dabadjiev/smartpixels_ml_dsabadjiev/smart-pixels-ml/hlsTmp/myproject_prj/solution1/.autopilot/db/myproject.pp.0.cpp:56519:5: note: FIX-IT applied suggested code changes
/home/dabadjiev/smartpixels_ml_dsabadjiev/smart-pixels-ml/hlsTmp/myproject_prj/solution1/.autopilot/db/myproject.pp.0.cpp:56530:5: warning: Added loop label VITIS_LOOP_162_1:   [xilinx-label-all-loops]
    for (unsigned i = 0; i < CONFIG_T::table_size; i++) {
    ^~~
    VITIS_LOOP_162_1: 
/home/dabadjiev/smartpixels_ml_dsabadjiev/smart-pixels-ml/hlsTmp/myproject_prj/solution1/.autopilot/db/myproject.pp.0.cpp:56530:5: note: FIX-IT applied suggested code changes
/home/dabadjiev/smartpixels_ml_dsabadjiev/smart-pixels-ml/hlsTmp/myproject_prj/solution1/.autopilot/db/myproject.pp.0.cpp:56563:5: warning: Added loop label VITIS_LOOP_195_1:   [xilinx-label-all-loops]
    for (unsigned i = 0; i < CONFIG_T::n_in; i++) {
    ^~~
    VITIS_LOOP_195_1: 
/home/dabadjiev/smartpixels_ml_dsabadjiev/smart-pixels-ml/hlsTmp/myproject_prj/solution1/.autopilot/db/myproject.pp.0.cpp:56563:5: note: FIX-IT applied suggested code changes
/home/dabadjiev/smartpixels_ml_dsabadjiev/smart-pixels-ml/hlsTmp/myproject_prj/solution1/.autopilot/db/myproject.pp.0.cpp:56577:5: warning: Added loop label VITIS_LOOP_209_2:   [xilinx-label-all-loops]
    for (unsigned i = 0; i < CONFIG_T::n_in; i++) {
    ^~~
    VITIS_LOOP_209_2: 
/home/dabadjiev/smartpixels_ml_dsabadjiev/smart-pixels-ml/hlsTmp/myproject_prj/solution1/.autopilot/db/myproject.pp.0.cpp:56577:5: note: FIX-IT applied suggested code changes
/home/dabadjiev/smartpixels_ml_dsabadjiev/smart-pixels-ml/hlsTmp/myproject_prj/solution1/.autopilot/db/myproject.pp.0.cpp:56611:5: warning: Added loop label VITIS_LOOP_243_1:   [xilinx-label-all-loops]
    for (unsigned i = 0; i < CONFIG_T::n_in; i++) {
    ^~~
    VITIS_LOOP_243_1: 
/home/dabadjiev/smartpixels_ml_dsabadjiev/smart-pixels-ml/hlsTmp/myproject_prj/solution1/.autopilot/db/myproject.pp.0.cpp:56611:5: note: FIX-IT applied suggested code changes
/home/dabadjiev/smartpixels_ml_dsabadjiev/smart-pixels-ml/hlsTmp/myproject_prj/solution1/.autopilot/db/myproject.pp.0.cpp:56620:5: warning: Added loop label VITIS_LOOP_252_2:   [xilinx-label-all-loops]
    for (unsigned i = 0; i < CONFIG_T::n_in; i++) {
    ^~~
    VITIS_LOOP_252_2: 
/home/dabadjiev/smartpixels_ml_dsabadjiev/smart-pixels-ml/hlsTmp/myproject_prj/solution1/.autopilot/db/myproject.pp.0.cpp:56620:5: note: FIX-IT applied suggested code changes
/home/dabadjiev/smartpixels_ml_dsabadjiev/smart-pixels-ml/hlsTmp/myproject_prj/solution1/.autopilot/db/myproject.pp.0.cpp:56634:5: warning: Added loop label VITIS_LOOP_266_3:   [xilinx-label-all-loops]
    for (unsigned i = 0; i < CONFIG_T::n_in; i++) {
    ^~~
    VITIS_LOOP_266_3: 
/home/dabadjiev/smartpixels_ml_dsabadjiev/smart-pixels-ml/hlsTmp/myproject_prj/solution1/.autopilot/db/myproject.pp.0.cpp:56634:5: note: FIX-IT applied suggested code changes
/home/dabadjiev/smartpixels_ml_dsabadjiev/smart-pixels-ml/hlsTmp/myproject_prj/solution1/.autopilot/db/myproject.pp.0.cpp:56641:5: warning: Added loop label VITIS_LOOP_273_1:   [xilinx-label-all-loops]
    for (int ii = 0; ii < N_TABLE; ii++) {
    ^~~
    VITIS_LOOP_273_1: 
/home/dabadjiev/smartpixels_ml_dsabadjiev/smart-pixels-ml/hlsTmp/myproject_prj/solution1/.autopilot/db/myproject.pp.0.cpp:56641:5: note: FIX-IT applied suggested code changes
/home/dabadjiev/smartpixels_ml_dsabadjiev/smart-pixels-ml/hlsTmp/myproject_prj/solution1/.autopilot/db/myproject.pp.0.cpp:56654:5: warning: Added loop label VITIS_LOOP_286_1:   [xilinx-label-all-loops]
    for (int ii = 0; ii < N_TABLE; ii++) {
    ^~~
    VITIS_LOOP_286_1: 
/home/dabadjiev/smartpixels_ml_dsabadjiev/smart-pixels-ml/hlsTmp/myproject_prj/solution1/.autopilot/db/myproject.pp.0.cpp:56654:5: note: FIX-IT applied suggested code changes
/home/dabadjiev/smartpixels_ml_dsabadjiev/smart-pixels-ml/hlsTmp/myproject_prj/solution1/.autopilot/db/myproject.pp.0.cpp:56691:5: warning: Added loop label VITIS_LOOP_323_1:   [xilinx-label-all-loops]
    for (int ii = 0; ii < CONFIG_T::n_in; ii++) {
    ^~~
    VITIS_LOOP_323_1: 
/home/dabadjiev/smartpixels_ml_dsabadjiev/smart-pixels-ml/hlsTmp/myproject_prj/solution1/.autopilot/db/myproject.pp.0.cpp:56691:5: note: FIX-IT applied suggested code changes
/home/dabadjiev/smartpixels_ml_dsabadjiev/smart-pixels-ml/hlsTmp/myproject_prj/solution1/.autopilot/db/myproject.pp.0.cpp:56696:5: warning: Added loop label VITIS_LOOP_328_2:   [xilinx-label-all-loops]
    for (int ii = 0; ii < CONFIG_T::n_in; ii++) {
    ^~~
    VITIS_LOOP_328_2: 
/home/dabadjiev/smartpixels_ml_dsabadjiev/smart-pixels-ml/hlsTmp/myproject_prj/solution1/.autopilot/db/myproject.pp.0.cpp:56696:5: note: FIX-IT applied suggested code changes
/home/dabadjiev/smartpixels_ml_dsabadjiev/smart-pixels-ml/hlsTmp/myproject_prj/solution1/.autopilot/db/myproject.pp.0.cpp:56697:9: warning: Added loop label VITIS_LOOP_329_3:   [xilinx-label-all-loops]
        for (int jj = 0; jj < CONFIG_T::n_in; jj++) {
        ^~~
        VITIS_LOOP_329_3: 
/home/dabadjiev/smartpixels_ml_dsabadjiev/smart-pixels-ml/hlsTmp/myproject_prj/solution1/.autopilot/db/myproject.pp.0.cpp:56697:9: note: FIX-IT applied suggested code changes
/home/dabadjiev/smartpixels_ml_dsabadjiev/smart-pixels-ml/hlsTmp/myproject_prj/solution1/.autopilot/db/myproject.pp.0.cpp:56714:5: warning: Added loop label VITIS_LOOP_346_4:   [xilinx-label-all-loops]
    for (int ii = 0; ii < CONFIG_T::n_in; ii++) {
    ^~~
    VITIS_LOOP_346_4: 
/home/dabadjiev/smartpixels_ml_dsabadjiev/smart-pixels-ml/hlsTmp/myproject_prj/solution1/.autopilot/db/myproject.pp.0.cpp:56714:5: note: FIX-IT applied suggested code changes
/home/dabadjiev/smartpixels_ml_dsabadjiev/smart-pixels-ml/hlsTmp/myproject_prj/solution1/.autopilot/db/myproject.pp.0.cpp:56727:5: warning: Added loop label VITIS_LOOP_359_1:   [xilinx-label-all-loops]
    for (int i = 0; i < CONFIG_T::n_in; i++) {
    ^~~
    VITIS_LOOP_359_1: 
/home/dabadjiev/smartpixels_ml_dsabadjiev/smart-pixels-ml/hlsTmp/myproject_prj/solution1/.autopilot/db/myproject.pp.0.cpp:56727:5: note: FIX-IT applied suggested code changes
/home/dabadjiev/smartpixels_ml_dsabadjiev/smart-pixels-ml/hlsTmp/myproject_prj/solution1/.autopilot/db/myproject.pp.0.cpp:56735:5: warning: Added loop label VITIS_LOOP_367_2:   [xilinx-label-all-loops]
    for (int i = 1; i < CONFIG_T::n_in; i++) {
    ^~~
    VITIS_LOOP_367_2: 
/home/dabadjiev/smartpixels_ml_dsabadjiev/smart-pixels-ml/hlsTmp/myproject_prj/solution1/.autopilot/db/myproject.pp.0.cpp:56735:5: note: FIX-IT applied suggested code changes
/home/dabadjiev/smartpixels_ml_dsabadjiev/smart-pixels-ml/hlsTmp/myproject_prj/solution1/.autopilot/db/myproject.pp.0.cpp:56770:5: warning: Added loop label VITIS_LOOP_402_1:   [xilinx-label-all-loops]
    for (int ii = 0; ii < N_TABLE; ii++) {
    ^~~
    VITIS_LOOP_402_1: 
/home/dabadjiev/smartpixels_ml_dsabadjiev/smart-pixels-ml/hlsTmp/myproject_prj/solution1/.autopilot/db/myproject.pp.0.cpp:56770:5: note: FIX-IT applied suggested code changes
/home/dabadjiev/smartpixels_ml_dsabadjiev/smart-pixels-ml/hlsTmp/myproject_prj/solution1/.autopilot/db/myproject.pp.0.cpp:56800:5: warning: Added loop label VITIS_LOOP_432_1:   [xilinx-label-all-loops]
    for (int ii = 0; ii < CONFIG_T::n_in; ii++) {
    ^~~
    VITIS_LOOP_432_1: 
/home/dabadjiev/smartpixels_ml_dsabadjiev/smart-pixels-ml/hlsTmp/myproject_prj/solution1/.autopilot/db/myproject.pp.0.cpp:56800:5: note: FIX-IT applied suggested code changes
/home/dabadjiev/smartpixels_ml_dsabadjiev/smart-pixels-ml/hlsTmp/myproject_prj/solution1/.autopilot/db/myproject.pp.0.cpp:56819:2: warning: Added loop label VITIS_LOOP_451_1:   [xilinx-label-all-loops]
 for (int ii = 0; ii < CONFIG_T::n_in; ii++) {
 ^~~
 VITIS_LOOP_451_1: 
/home/dabadjiev/smartpixels_ml_dsabadjiev/smart-pixels-ml/hlsTmp/myproject_prj/solution1/.autopilot/db/myproject.pp.0.cpp:56819:2: note: FIX-IT applied suggested code changes
/home/dabadjiev/smartpixels_ml_dsabadjiev/smart-pixels-ml/hlsTmp/myproject_prj/solution1/.autopilot/db/myproject.pp.0.cpp:56835:5: warning: Added loop label VITIS_LOOP_467_1:   [xilinx-label-all-loops]
    for (int ii = 0; ii < CONFIG_T::n_in; ii++) {
    ^~~
    VITIS_LOOP_467_1: 
/home/dabadjiev/smartpixels_ml_dsabadjiev/smart-pixels-ml/hlsTmp/myproject_prj/solution1/.autopilot/db/myproject.pp.0.cpp:56835:5: note: FIX-IT applied suggested code changes
/home/dabadjiev/smartpixels_ml_dsabadjiev/smart-pixels-ml/hlsTmp/myproject_prj/solution1/.autopilot/db/myproject.pp.0.cpp:56853:5: warning: Added loop label VITIS_LOOP_485_1:   [xilinx-label-all-loops]
    for (int ii = 0; ii < CONFIG_T::n_in; ii++) {
    ^~~
    VITIS_LOOP_485_1: 
/home/dabadjiev/smartpixels_ml_dsabadjiev/smart-pixels-ml/hlsTmp/myproject_prj/solution1/.autopilot/db/myproject.pp.0.cpp:56853:5: note: FIX-IT applied suggested code changes
/home/dabadjiev/smartpixels_ml_dsabadjiev/smart-pixels-ml/hlsTmp/myproject_prj/solution1/.autopilot/db/myproject.pp.0.cpp:56870:5: warning: Added loop label VITIS_LOOP_502_1:   [xilinx-label-all-loops]
    for (int ii = 0; ii < CONFIG_T::n_in; ii++) {
    ^~~
    VITIS_LOOP_502_1: 
/home/dabadjiev/smartpixels_ml_dsabadjiev/smart-pixels-ml/hlsTmp/myproject_prj/solution1/.autopilot/db/myproject.pp.0.cpp:56870:5: note: FIX-IT applied suggested code changes
/home/dabadjiev/smartpixels_ml_dsabadjiev/smart-pixels-ml/hlsTmp/myproject_prj/solution1/.autopilot/db/myproject.pp.0.cpp:56887:5: warning: Added loop label VITIS_LOOP_519_1:   [xilinx-label-all-loops]
    for (int ii = 0; ii < N_TABLE; ii++) {
    ^~~
    VITIS_LOOP_519_1: 
/home/dabadjiev/smartpixels_ml_dsabadjiev/smart-pixels-ml/hlsTmp/myproject_prj/solution1/.autopilot/db/myproject.pp.0.cpp:56887:5: note: FIX-IT applied suggested code changes
/home/dabadjiev/smartpixels_ml_dsabadjiev/smart-pixels-ml/hlsTmp/myproject_prj/solution1/.autopilot/db/myproject.pp.0.cpp:56917:5: warning: Added loop label VITIS_LOOP_549_1:   [xilinx-label-all-loops]
    for (int ii = 0; ii < CONFIG_T::n_in; ii++) {
    ^~~
    VITIS_LOOP_549_1: 
/home/dabadjiev/smartpixels_ml_dsabadjiev/smart-pixels-ml/hlsTmp/myproject_prj/solution1/.autopilot/db/myproject.pp.0.cpp:56917:5: note: FIX-IT applied suggested code changes
/home/dabadjiev/smartpixels_ml_dsabadjiev/smart-pixels-ml/hlsTmp/myproject_prj/solution1/.autopilot/db/myproject.pp.0.cpp:56936:5: warning: Added loop label VITIS_LOOP_568_1:   [xilinx-label-all-loops]
    for (int ii = 0; ii < N_TABLE; ii++) {
    ^~~
    VITIS_LOOP_568_1: 
/home/dabadjiev/smartpixels_ml_dsabadjiev/smart-pixels-ml/hlsTmp/myproject_prj/solution1/.autopilot/db/myproject.pp.0.cpp:56936:5: note: FIX-IT applied suggested code changes
/home/dabadjiev/smartpixels_ml_dsabadjiev/smart-pixels-ml/hlsTmp/myproject_prj/solution1/.autopilot/db/myproject.pp.0.cpp:56966:5: warning: Added loop label VITIS_LOOP_598_1:   [xilinx-label-all-loops]
    for (int ii = 0; ii < CONFIG_T::n_in; ii++) {
    ^~~
    VITIS_LOOP_598_1: 
/home/dabadjiev/smartpixels_ml_dsabadjiev/smart-pixels-ml/hlsTmp/myproject_prj/solution1/.autopilot/db/myproject.pp.0.cpp:56966:5: note: FIX-IT applied suggested code changes
/home/dabadjiev/smartpixels_ml_dsabadjiev/smart-pixels-ml/hlsTmp/myproject_prj/solution1/.autopilot/db/myproject.pp.0.cpp:56985:5: warning: Added loop label VITIS_LOOP_617_1:   [xilinx-label-all-loops]
    for (int ii = 0; ii < N_TABLE; ii++) {
    ^~~
    VITIS_LOOP_617_1: 
/home/dabadjiev/smartpixels_ml_dsabadjiev/smart-pixels-ml/hlsTmp/myproject_prj/solution1/.autopilot/db/myproject.pp.0.cpp:56985:5: note: FIX-IT applied suggested code changes
/home/dabadjiev/smartpixels_ml_dsabadjiev/smart-pixels-ml/hlsTmp/myproject_prj/solution1/.autopilot/db/myproject.pp.0.cpp:57015:5: warning: Added loop label VITIS_LOOP_647_1:   [xilinx-label-all-loops]
    for (int ii = 0; ii < CONFIG_T::n_in; ii++) {
    ^~~
    VITIS_LOOP_647_1: 
/home/dabadjiev/smartpixels_ml_dsabadjiev/smart-pixels-ml/hlsTmp/myproject_prj/solution1/.autopilot/db/myproject.pp.0.cpp:57015:5: note: FIX-IT applied suggested code changes
/home/dabadjiev/smartpixels_ml_dsabadjiev/smart-pixels-ml/hlsTmp/myproject_prj/solution1/.autopilot/db/myproject.pp.0.cpp:57042:5: warning: Added loop label VITIS_LOOP_674_1:   [xilinx-label-all-loops]
    for (int ii = 0; ii < N_TABLE; ii++) {
    ^~~
    VITIS_LOOP_674_1: 
/home/dabadjiev/smartpixels_ml_dsabadjiev/smart-pixels-ml/hlsTmp/myproject_prj/solution1/.autopilot/db/myproject.pp.0.cpp:57042:5: note: FIX-IT applied suggested code changes
/home/dabadjiev/smartpixels_ml_dsabadjiev/smart-pixels-ml/hlsTmp/myproject_prj/solution1/.autopilot/db/myproject.pp.0.cpp:57071:5: warning: Added loop label VITIS_LOOP_703_1:   [xilinx-label-all-loops]
    for (int ii = 0; ii < CONFIG_T::n_in; ii++) {
    ^~~
    VITIS_LOOP_703_1: 
/home/dabadjiev/smartpixels_ml_dsabadjiev/smart-pixels-ml/hlsTmp/myproject_prj/solution1/.autopilot/db/myproject.pp.0.cpp:57071:5: note: FIX-IT applied suggested code changes
/home/dabadjiev/smartpixels_ml_dsabadjiev/smart-pixels-ml/hlsTmp/myproject_prj/solution1/.autopilot/db/myproject.pp.0.cpp:57092:5: warning: Added loop label VITIS_LOOP_724_1:   [xilinx-label-all-loops]
    for (int ii = 0; ii < CONFIG_T::n_in; ii++) {
    ^~~
    VITIS_LOOP_724_1: 
/home/dabadjiev/smartpixels_ml_dsabadjiev/smart-pixels-ml/hlsTmp/myproject_prj/solution1/.autopilot/db/myproject.pp.0.cpp:57092:5: note: FIX-IT applied suggested code changes
/home/dabadjiev/smartpixels_ml_dsabadjiev/smart-pixels-ml/hlsTmp/myproject_prj/solution1/.autopilot/db/myproject.pp.0.cpp:57110:5: warning: Added loop label VITIS_LOOP_742_1:   [xilinx-label-all-loops]
    for (int ii = 0; ii < CONFIG_T::n_in; ii++) {
    ^~~
    VITIS_LOOP_742_1: 
/home/dabadjiev/smartpixels_ml_dsabadjiev/smart-pixels-ml/hlsTmp/myproject_prj/solution1/.autopilot/db/myproject.pp.0.cpp:57110:5: note: FIX-IT applied suggested code changes
/home/dabadjiev/smartpixels_ml_dsabadjiev/smart-pixels-ml/hlsTmp/myproject_prj/solution1/.autopilot/db/myproject.pp.0.cpp:57130:5: warning: Added loop label VITIS_LOOP_762_1:   [xilinx-label-all-loops]
    for (int ii = 0; ii < CONFIG_T::n_in; ii++) {
    ^~~
    VITIS_LOOP_762_1: 
/home/dabadjiev/smartpixels_ml_dsabadjiev/smart-pixels-ml/hlsTmp/myproject_prj/solution1/.autopilot/db/myproject.pp.0.cpp:57130:5: note: FIX-IT applied suggested code changes
/home/dabadjiev/smartpixels_ml_dsabadjiev/smart-pixels-ml/hlsTmp/myproject_prj/solution1/.autopilot/db/myproject.pp.0.cpp:57226:9: warning: Added loop label VITIS_LOOP_73_1:   [xilinx-label-all-loops]
        for (int i = 0; i < N / data_T::size; i++) {
        ^~~
        VITIS_LOOP_73_1: 
/home/dabadjiev/smartpixels_ml_dsabadjiev/smart-pixels-ml/hlsTmp/myproject_prj/solution1/.autopilot/db/myproject.pp.0.cpp:57226:9: note: FIX-IT applied suggested code changes
/home/dabadjiev/smartpixels_ml_dsabadjiev/smart-pixels-ml/hlsTmp/myproject_prj/solution1/.autopilot/db/myproject.pp.0.cpp:57233:13: warning: Added loop label VITIS_LOOP_80_2:   [xilinx-label-all-loops]
            for (int j = 0; j < data_T::size; j++) {
            ^~~
            VITIS_LOOP_80_2: 
/home/dabadjiev/smartpixels_ml_dsabadjiev/smart-pixels-ml/hlsTmp/myproject_prj/solution1/.autopilot/db/myproject.pp.0.cpp:57233:13: note: FIX-IT applied suggested code changes
/home/dabadjiev/smartpixels_ml_dsabadjiev/smart-pixels-ml/hlsTmp/myproject_prj/solution1/.autopilot/db/myproject.pp.0.cpp:57242:9: warning: Added loop label VITIS_LOOP_89_3:   [xilinx-label-all-loops]
        for (int i = 0; i < N / data_T::size; i++) {
        ^~~
        VITIS_LOOP_89_3: 
/home/dabadjiev/smartpixels_ml_dsabadjiev/smart-pixels-ml/hlsTmp/myproject_prj/solution1/.autopilot/db/myproject.pp.0.cpp:57242:9: note: FIX-IT applied suggested code changes
/home/dabadjiev/smartpixels_ml_dsabadjiev/smart-pixels-ml/hlsTmp/myproject_prj/solution1/.autopilot/db/myproject.pp.0.cpp:57251:13: warning: Added loop label VITIS_LOOP_98_4:   [xilinx-label-all-loops]
            for (int j = 0; j < pack_diff; j++) {
            ^~~
            VITIS_LOOP_98_4: 
/home/dabadjiev/smartpixels_ml_dsabadjiev/smart-pixels-ml/hlsTmp/myproject_prj/solution1/.autopilot/db/myproject.pp.0.cpp:57251:13: note: FIX-IT applied suggested code changes
/home/dabadjiev/smartpixels_ml_dsabadjiev/smart-pixels-ml/hlsTmp/myproject_prj/solution1/.autopilot/db/myproject.pp.0.cpp:57255:17: warning: Added loop label VITIS_LOOP_102_5:   [xilinx-label-all-loops]
                for (int k = 0; k < res_T::size; k++) {
                ^~~
                VITIS_LOOP_102_5: 
/home/dabadjiev/smartpixels_ml_dsabadjiev/smart-pixels-ml/hlsTmp/myproject_prj/solution1/.autopilot/db/myproject.pp.0.cpp:57255:17: note: FIX-IT applied suggested code changes
/home/dabadjiev/smartpixels_ml_dsabadjiev/smart-pixels-ml/hlsTmp/myproject_prj/solution1/.autopilot/db/myproject.pp.0.cpp:57266:9: warning: Added loop label VITIS_LOOP_113_6:   [xilinx-label-all-loops]
        for (int i = 0; i < N / data_T::size; i++) {
        ^~~
        VITIS_LOOP_113_6: 
/home/dabadjiev/smartpixels_ml_dsabadjiev/smart-pixels-ml/hlsTmp/myproject_prj/solution1/.autopilot/db/myproject.pp.0.cpp:57266:9: note: FIX-IT applied suggested code changes
/home/dabadjiev/smartpixels_ml_dsabadjiev/smart-pixels-ml/hlsTmp/myproject_prj/solution1/.autopilot/db/myproject.pp.0.cpp:57270:13: warning: Added loop label VITIS_LOOP_117_7:   [xilinx-label-all-loops]
            for (int j = 0; j < data_T::size; j++) {
            ^~~
            VITIS_LOOP_117_7: 
/home/dabadjiev/smartpixels_ml_dsabadjiev/smart-pixels-ml/hlsTmp/myproject_prj/solution1/.autopilot/db/myproject.pp.0.cpp:57270:13: note: FIX-IT applied suggested code changes
/home/dabadjiev/smartpixels_ml_dsabadjiev/smart-pixels-ml/hlsTmp/myproject_prj/solution1/.autopilot/db/myproject.pp.0.cpp:57294:9: warning: Added loop label VITIS_LOOP_141_1:   [xilinx-label-all-loops]
        for (int j = 0; j < n_dupl; j++) {
        ^~~
        VITIS_LOOP_141_1: 
/home/dabadjiev/smartpixels_ml_dsabadjiev/smart-pixels-ml/hlsTmp/myproject_prj/solution1/.autopilot/db/myproject.pp.0.cpp:57294:9: note: FIX-IT applied suggested code changes
/home/dabadjiev/smartpixels_ml_dsabadjiev/smart-pixels-ml/hlsTmp/myproject_prj/solution1/.autopilot/db/myproject.pp.0.cpp:57298:13: warning: Added loop label VITIS_LOOP_145_2:   [xilinx-label-all-loops]
            for (int k = 0; k < res_T::size; k++) {
            ^~~
            VITIS_LOOP_145_2: 
/home/dabadjiev/smartpixels_ml_dsabadjiev/smart-pixels-ml/hlsTmp/myproject_prj/solution1/.autopilot/db/myproject.pp.0.cpp:57298:13: note: FIX-IT applied suggested code changes
/home/dabadjiev/smartpixels_ml_dsabadjiev/smart-pixels-ml/hlsTmp/myproject_prj/solution1/.autopilot/db/myproject.pp.0.cpp:57317:9: warning: Added loop label VITIS_LOOP_164_1:   [xilinx-label-all-loops]
        for (int k = 0; k < res_T::size; k++) {
        ^~~
        VITIS_LOOP_164_1: 
/home/dabadjiev/smartpixels_ml_dsabadjiev/smart-pixels-ml/hlsTmp/myproject_prj/solution1/.autopilot/db/myproject.pp.0.cpp:57317:9: note: FIX-IT applied suggested code changes
/home/dabadjiev/smartpixels_ml_dsabadjiev/smart-pixels-ml/hlsTmp/myproject_prj/solution1/.autopilot/db/myproject.pp.0.cpp:57340:2: warning: Added loop label VITIS_LOOP_187_1:   [xilinx-label-all-loops]
 for (int i = 0; i < CONFIG_T::height * CONFIG_T::width / data_T::size; i++) {
 ^~~
 VITIS_LOOP_187_1: 
/home/dabadjiev/smartpixels_ml_dsabadjiev/smart-pixels-ml/hlsTmp/myproject_prj/solution1/.autopilot/db/myproject.pp.0.cpp:57340:2: note: FIX-IT applied suggested code changes
/home/dabadjiev/smartpixels_ml_dsabadjiev/smart-pixels-ml/hlsTmp/myproject_prj/solution1/.autopilot/db/myproject.pp.0.cpp:57343:9: warning: Added loop label VITIS_LOOP_190_2:   [xilinx-label-all-loops]
        for (int j = 0; j < data_T::size; j++) {
        ^~~
        VITIS_LOOP_190_2: 
/home/dabadjiev/smartpixels_ml_dsabadjiev/smart-pixels-ml/hlsTmp/myproject_prj/solution1/.autopilot/db/myproject.pp.0.cpp:57343:9: note: FIX-IT applied suggested code changes
/home/dabadjiev/smartpixels_ml_dsabadjiev/smart-pixels-ml/hlsTmp/myproject_prj/solution1/.autopilot/db/myproject.pp.0.cpp:57348:5: warning: Added loop label VITIS_LOOP_195_3:   [xilinx-label-all-loops]
    for (int i = 0; i < CONFIG_T::height * CONFIG_T::width / res_T::size; i++) {
    ^~~
    VITIS_LOOP_195_3: 
/home/dabadjiev/smartpixels_ml_dsabadjiev/smart-pixels-ml/hlsTmp/myproject_prj/solution1/.autopilot/db/myproject.pp.0.cpp:57348:5: note: FIX-IT applied suggested code changes
/home/dabadjiev/smartpixels_ml_dsabadjiev/smart-pixels-ml/hlsTmp/myproject_prj/solution1/.autopilot/db/myproject.pp.0.cpp:57352:9: warning: Added loop label VITIS_LOOP_199_4:   [xilinx-label-all-loops]
        for (int j = 0; j < res_T::size; j++) {
        ^~~
        VITIS_LOOP_199_4: 
/home/dabadjiev/smartpixels_ml_dsabadjiev/smart-pixels-ml/hlsTmp/myproject_prj/solution1/.autopilot/db/myproject.pp.0.cpp:57352:9: note: FIX-IT applied suggested code changes
/home/dabadjiev/smartpixels_ml_dsabadjiev/smart-pixels-ml/hlsTmp/myproject_prj/solution1/.autopilot/db/myproject.pp.0.cpp:57566:9: warning: Added loop label VITIS_LOOP_213_1:   [xilinx-label-all-loops]
        for (unsigned j = 0; j < data_T::size; j++) {
        ^~~
        VITIS_LOOP_213_1: 
/home/dabadjiev/smartpixels_ml_dsabadjiev/smart-pixels-ml/hlsTmp/myproject_prj/solution1/.autopilot/db/myproject.pp.0.cpp:57566:9: note: FIX-IT applied suggested code changes
/home/dabadjiev/smartpixels_ml_dsabadjiev/smart-pixels-ml/hlsTmp/myproject_prj/solution1/.autopilot/db/myproject.pp.0.cpp:57575:9: warning: Added loop label VITIS_LOOP_222_2:   [xilinx-label-all-loops]
        for (unsigned j = 0; j < data_T::size; j++) {
        ^~~
        VITIS_LOOP_222_2: 
/home/dabadjiev/smartpixels_ml_dsabadjiev/smart-pixels-ml/hlsTmp/myproject_prj/solution1/.autopilot/db/myproject.pp.0.cpp:57575:9: note: FIX-IT applied suggested code changes
/home/dabadjiev/smartpixels_ml_dsabadjiev/smart-pixels-ml/hlsTmp/myproject_prj/solution1/.autopilot/db/myproject.pp.0.cpp:57681:5: warning: Added loop label VITIS_LOOP_328_1:   [xilinx-label-all-loops]
    for (int i = 0; i < CONFIG_T::n_in / res_T::size; i++) {
    ^~~
    VITIS_LOOP_328_1: 
/home/dabadjiev/smartpixels_ml_dsabadjiev/smart-pixels-ml/hlsTmp/myproject_prj/solution1/.autopilot/db/myproject.pp.0.cpp:57681:5: note: FIX-IT applied suggested code changes
/home/dabadjiev/smartpixels_ml_dsabadjiev/smart-pixels-ml/hlsTmp/myproject_prj/solution1/.autopilot/db/myproject.pp.0.cpp:57686:9: warning: Added loop label VITIS_LOOP_333_2:   [xilinx-label-all-loops]
        for (int i = 0; i < res_T::size; i++) {
        ^~~
        VITIS_LOOP_333_2: 
/home/dabadjiev/smartpixels_ml_dsabadjiev/smart-pixels-ml/hlsTmp/myproject_prj/solution1/.autopilot/db/myproject.pp.0.cpp:57686:9: note: FIX-IT applied suggested code changes
/home/dabadjiev/smartpixels_ml_dsabadjiev/smart-pixels-ml/hlsTmp/myproject_prj/solution1/.autopilot/db/myproject.pp.0.cpp:57694:9: warning: Added loop label VITIS_LOOP_341_3:   [xilinx-label-all-loops]
        for (int i = 1; i < res_T::size; i++) {
        ^~~
        VITIS_LOOP_341_3: 
/home/dabadjiev/smartpixels_ml_dsabadjiev/smart-pixels-ml/hlsTmp/myproject_prj/solution1/.autopilot/db/myproject.pp.0.cpp:57694:9: note: FIX-IT applied suggested code changes
/home/dabadjiev/smartpixels_ml_dsabadjiev/smart-pixels-ml/hlsTmp/myproject_prj/solution1/.autopilot/db/myproject.pp.0.cpp:58728:5: warning: Added loop label VITIS_LOOP_88_1:   [xilinx-label-all-loops]
    for (int ii = 0; ii < CONFIG_T::n_in; ii++) {
    ^~~
    VITIS_LOOP_88_1: 
/home/dabadjiev/smartpixels_ml_dsabadjiev/smart-pixels-ml/hlsTmp/myproject_prj/solution1/.autopilot/db/myproject.pp.0.cpp:58728:5: note: FIX-IT applied suggested code changes
/home/dabadjiev/smartpixels_ml_dsabadjiev/smart-pixels-ml/hlsTmp/myproject_prj/solution1/.autopilot/db/myproject.pp.0.cpp:58748:5: warning: Added loop label VITIS_LOOP_108_1:   [xilinx-label-all-loops]
    for (int ii = 0; ii < CONFIG_T::n_in; ii++) {
    ^~~
    VITIS_LOOP_108_1: 
/home/dabadjiev/smartpixels_ml_dsabadjiev/smart-pixels-ml/hlsTmp/myproject_prj/solution1/.autopilot/db/myproject.pp.0.cpp:58748:5: note: FIX-IT applied suggested code changes
/home/dabadjiev/smartpixels_ml_dsabadjiev/smart-pixels-ml/hlsTmp/myproject_prj/solution1/.autopilot/db/myproject.pp.0.cpp:58903:5: warning: Added loop label VITIS_LOOP_14_1:   [xilinx-label-all-loops]
    for (unsigned k = 0; k < CONFIG_T::n_out; k++) {
    ^~~
    VITIS_LOOP_14_1: 
/home/dabadjiev/smartpixels_ml_dsabadjiev/smart-pixels-ml/hlsTmp/myproject_prj/solution1/.autopilot/db/myproject.pp.0.cpp:58903:5: note: FIX-IT applied suggested code changes
/home/dabadjiev/smartpixels_ml_dsabadjiev/smart-pixels-ml/hlsTmp/myproject_prj/solution1/.autopilot/db/myproject.pp.0.cpp:58963:9: warning: Added loop label VITIS_LOOP_74_1:   [xilinx-label-all-loops]
        for (int im = 0; im < CONFIG_T::n_out; im++) {
        ^~~
        VITIS_LOOP_74_1: 
/home/dabadjiev/smartpixels_ml_dsabadjiev/smart-pixels-ml/hlsTmp/myproject_prj/solution1/.autopilot/db/myproject.pp.0.cpp:58963:9: note: FIX-IT applied suggested code changes
/home/dabadjiev/smartpixels_ml_dsabadjiev/smart-pixels-ml/hlsTmp/myproject_prj/solution1/.autopilot/db/myproject.pp.0.cpp:59147:2: warning: Added loop label VITIS_LOOP_39_1:   [xilinx-label-all-loops]
 for (int ii = 0; ii < CONFIG_T::n_elem; ii++) {
 ^~~
 VITIS_LOOP_39_1: 
/home/dabadjiev/smartpixels_ml_dsabadjiev/smart-pixels-ml/hlsTmp/myproject_prj/solution1/.autopilot/db/myproject.pp.0.cpp:59147:2: note: FIX-IT applied suggested code changes
/home/dabadjiev/smartpixels_ml_dsabadjiev/smart-pixels-ml/hlsTmp/myproject_prj/solution1/.autopilot/db/myproject.pp.0.cpp:59156:2: warning: Added loop label VITIS_LOOP_48_1:   [xilinx-label-all-loops]
 for (int ii = 0; ii < CONFIG_T::n_elem; ii++) {
 ^~~
 VITIS_LOOP_48_1: 
/home/dabadjiev/smartpixels_ml_dsabadjiev/smart-pixels-ml/hlsTmp/myproject_prj/solution1/.autopilot/db/myproject.pp.0.cpp:59156:2: note: FIX-IT applied suggested code changes
/home/dabadjiev/smartpixels_ml_dsabadjiev/smart-pixels-ml/hlsTmp/myproject_prj/solution1/.autopilot/db/myproject.pp.0.cpp:59165:2: warning: Added loop label VITIS_LOOP_57_1:   [xilinx-label-all-loops]
 for (int ii = 0; ii < CONFIG_T::n_elem; ii++) {
 ^~~
 VITIS_LOOP_57_1: 
/home/dabadjiev/smartpixels_ml_dsabadjiev/smart-pixels-ml/hlsTmp/myproject_prj/solution1/.autopilot/db/myproject.pp.0.cpp:59165:2: note: FIX-IT applied suggested code changes
/home/dabadjiev/smartpixels_ml_dsabadjiev/smart-pixels-ml/hlsTmp/myproject_prj/solution1/.autopilot/db/myproject.pp.0.cpp:59174:2: warning: Added loop label VITIS_LOOP_66_1:   [xilinx-label-all-loops]
 for (int ii = 0; ii < CONFIG_T::n_elem; ii++) {
 ^~~
 VITIS_LOOP_66_1: 
/home/dabadjiev/smartpixels_ml_dsabadjiev/smart-pixels-ml/hlsTmp/myproject_prj/solution1/.autopilot/db/myproject.pp.0.cpp:59174:2: note: FIX-IT applied suggested code changes
/home/dabadjiev/smartpixels_ml_dsabadjiev/smart-pixels-ml/hlsTmp/myproject_prj/solution1/.autopilot/db/myproject.pp.0.cpp:59183:2: warning: Added loop label VITIS_LOOP_75_1:   [xilinx-label-all-loops]
 for (int ii = 0; ii < CONFIG_T::n_elem; ii++) {
 ^~~
 VITIS_LOOP_75_1: 
/home/dabadjiev/smartpixels_ml_dsabadjiev/smart-pixels-ml/hlsTmp/myproject_prj/solution1/.autopilot/db/myproject.pp.0.cpp:59183:2: note: FIX-IT applied suggested code changes
/home/dabadjiev/smartpixels_ml_dsabadjiev/smart-pixels-ml/hlsTmp/myproject_prj/solution1/.autopilot/db/myproject.pp.0.cpp:59192:2: warning: Added loop label VITIS_LOOP_84_1:   [xilinx-label-all-loops]
 for (int ii = 0; ii < CONFIG_T::n_elem; ii++) {
 ^~~
 VITIS_LOOP_84_1: 
/home/dabadjiev/smartpixels_ml_dsabadjiev/smart-pixels-ml/hlsTmp/myproject_prj/solution1/.autopilot/db/myproject.pp.0.cpp:59192:2: note: FIX-IT applied suggested code changes
/home/dabadjiev/smartpixels_ml_dsabadjiev/smart-pixels-ml/hlsTmp/myproject_prj/solution1/.autopilot/db/myproject.pp.0.cpp:59227:2: warning: Added loop label VITIS_LOOP_119_1:   [xilinx-label-all-loops]
 for (int ii = 0; ii < CONFIG_T::n_elem1_0; ii++) {
 ^~~
 VITIS_LOOP_119_1: 
/home/dabadjiev/smartpixels_ml_dsabadjiev/smart-pixels-ml/hlsTmp/myproject_prj/solution1/.autopilot/db/myproject.pp.0.cpp:59227:2: note: FIX-IT applied suggested code changes
/home/dabadjiev/smartpixels_ml_dsabadjiev/smart-pixels-ml/hlsTmp/myproject_prj/solution1/.autopilot/db/myproject.pp.0.cpp:59230:5: warning: Added loop label VITIS_LOOP_122_2:   [xilinx-label-all-loops]
    for (int ii = 0; ii < CONFIG_T::n_elem2_0; ii++) {
    ^~~
    VITIS_LOOP_122_2: 
/home/dabadjiev/smartpixels_ml_dsabadjiev/smart-pixels-ml/hlsTmp/myproject_prj/solution1/.autopilot/db/myproject.pp.0.cpp:59230:5: note: FIX-IT applied suggested code changes
/home/dabadjiev/smartpixels_ml_dsabadjiev/smart-pixels-ml/hlsTmp/myproject_prj/solution1/.autopilot/db/myproject.pp.0.cpp:59241:2: warning: Added loop label VITIS_LOOP_133_1:   [xilinx-label-all-loops]
 for (int ii = 0; ii < CONFIG_T::n_elem1_0 * CONFIG_T::n_elem1_1; ii++) {
 ^~~
 VITIS_LOOP_133_1: 
/home/dabadjiev/smartpixels_ml_dsabadjiev/smart-pixels-ml/hlsTmp/myproject_prj/solution1/.autopilot/db/myproject.pp.0.cpp:59241:2: note: FIX-IT applied suggested code changes
/home/dabadjiev/smartpixels_ml_dsabadjiev/smart-pixels-ml/hlsTmp/myproject_prj/solution1/.autopilot/db/myproject.pp.0.cpp:59244:5: warning: Added loop label VITIS_LOOP_136_2:   [xilinx-label-all-loops]
    for (int ii = 0; ii < CONFIG_T::n_elem2_0 * CONFIG_T::n_elem2_1; ii++) {
    ^~~
    VITIS_LOOP_136_2: 
/home/dabadjiev/smartpixels_ml_dsabadjiev/smart-pixels-ml/hlsTmp/myproject_prj/solution1/.autopilot/db/myproject.pp.0.cpp:59244:5: note: FIX-IT applied suggested code changes
/home/dabadjiev/smartpixels_ml_dsabadjiev/smart-pixels-ml/hlsTmp/myproject_prj/solution1/.autopilot/db/myproject.pp.0.cpp:59255:2: warning: Added loop label VITIS_LOOP_147_1:   [xilinx-label-all-loops]
 for (int ii = 0; ii < CONFIG_T::n_elem1_0; ii++) {
 ^~~
 VITIS_LOOP_147_1: 
/home/dabadjiev/smartpixels_ml_dsabadjiev/smart-pixels-ml/hlsTmp/myproject_prj/solution1/.autopilot/db/myproject.pp.0.cpp:59255:2: note: FIX-IT applied suggested code changes
/home/dabadjiev/smartpixels_ml_dsabadjiev/smart-pixels-ml/hlsTmp/myproject_prj/solution1/.autopilot/db/myproject.pp.0.cpp:59256:9: warning: Added loop label VITIS_LOOP_148_2:   [xilinx-label-all-loops]
        for (int jj = 0; jj < CONFIG_T::n_elem1_1; jj++) {
        ^~~
        VITIS_LOOP_148_2: 
/home/dabadjiev/smartpixels_ml_dsabadjiev/smart-pixels-ml/hlsTmp/myproject_prj/solution1/.autopilot/db/myproject.pp.0.cpp:59256:9: note: FIX-IT applied suggested code changes
/home/dabadjiev/smartpixels_ml_dsabadjiev/smart-pixels-ml/hlsTmp/myproject_prj/solution1/.autopilot/db/myproject.pp.0.cpp:59259:9: warning: Added loop label VITIS_LOOP_151_3:   [xilinx-label-all-loops]
        for (int jj = 0; jj < CONFIG_T::n_elem2_1; jj++) {
        ^~~
        VITIS_LOOP_151_3: 
/home/dabadjiev/smartpixels_ml_dsabadjiev/smart-pixels-ml/hlsTmp/myproject_prj/solution1/.autopilot/db/myproject.pp.0.cpp:59259:9: note: FIX-IT applied suggested code changes
/home/dabadjiev/smartpixels_ml_dsabadjiev/smart-pixels-ml/hlsTmp/myproject_prj/solution1/.autopilot/db/myproject.pp.0.cpp:59286:2: warning: Added loop label VITIS_LOOP_178_1:   [xilinx-label-all-loops]
 for (int ii = 0; ii < CONFIG_T::n_elem1_0 * CONFIG_T::n_elem1_1 * CONFIG_T::n_elem1_2; ii++) {
 ^~~
 VITIS_LOOP_178_1: 
/home/dabadjiev/smartpixels_ml_dsabadjiev/smart-pixels-ml/hlsTmp/myproject_prj/solution1/.autopilot/db/myproject.pp.0.cpp:59286:2: note: FIX-IT applied suggested code changes
/home/dabadjiev/smartpixels_ml_dsabadjiev/smart-pixels-ml/hlsTmp/myproject_prj/solution1/.autopilot/db/myproject.pp.0.cpp:59289:5: warning: Added loop label VITIS_LOOP_181_2:   [xilinx-label-all-loops]
    for (int ii = 0; ii < CONFIG_T::n_elem2_0 * CONFIG_T::n_elem2_1 * CONFIG_T::n_elem2_2; ii++) {
    ^~~
    VITIS_LOOP_181_2: 
/home/dabadjiev/smartpixels_ml_dsabadjiev/smart-pixels-ml/hlsTmp/myproject_prj/solution1/.autopilot/db/myproject.pp.0.cpp:59289:5: note: FIX-IT applied suggested code changes
/home/dabadjiev/smartpixels_ml_dsabadjiev/smart-pixels-ml/hlsTmp/myproject_prj/solution1/.autopilot/db/myproject.pp.0.cpp:59301:2: warning: Added loop label VITIS_LOOP_193_1:   [xilinx-label-all-loops]
 for (int ii = 0; ii < CONFIG_T::n_elem1_0; ii++) {
 ^~~
 VITIS_LOOP_193_1: 
/home/dabadjiev/smartpixels_ml_dsabadjiev/smart-pixels-ml/hlsTmp/myproject_prj/solution1/.autopilot/db/myproject.pp.0.cpp:59301:2: note: FIX-IT applied suggested code changes
/home/dabadjiev/smartpixels_ml_dsabadjiev/smart-pixels-ml/hlsTmp/myproject_prj/solution1/.autopilot/db/myproject.pp.0.cpp:59302:9: warning: Added loop label VITIS_LOOP_194_2:   [xilinx-label-all-loops]
        for (int jj = 0; jj < CONFIG_T::n_elem1_1; jj++) {
        ^~~
        VITIS_LOOP_194_2: 
/home/dabadjiev/smartpixels_ml_dsabadjiev/smart-pixels-ml/hlsTmp/myproject_prj/solution1/.autopilot/db/myproject.pp.0.cpp:59302:9: note: FIX-IT applied suggested code changes
/home/dabadjiev/smartpixels_ml_dsabadjiev/smart-pixels-ml/hlsTmp/myproject_prj/solution1/.autopilot/db/myproject.pp.0.cpp:59303:13: warning: Added loop label VITIS_LOOP_195_3:   [xilinx-label-all-loops]
            for (int kk = 0; kk < CONFIG_T::n_elem1_2; kk++) {
            ^~~
            VITIS_LOOP_195_3: 
/home/dabadjiev/smartpixels_ml_dsabadjiev/smart-pixels-ml/hlsTmp/myproject_prj/solution1/.autopilot/db/myproject.pp.0.cpp:59303:13: note: FIX-IT applied suggested code changes
/home/dabadjiev/smartpixels_ml_dsabadjiev/smart-pixels-ml/hlsTmp/myproject_prj/solution1/.autopilot/db/myproject.pp.0.cpp:59310:9: warning: Added loop label VITIS_LOOP_202_4:   [xilinx-label-all-loops]
        for (int jj = 0; jj < CONFIG_T::n_elem2_1; jj++) {
        ^~~
        VITIS_LOOP_202_4: 
/home/dabadjiev/smartpixels_ml_dsabadjiev/smart-pixels-ml/hlsTmp/myproject_prj/solution1/.autopilot/db/myproject.pp.0.cpp:59310:9: note: FIX-IT applied suggested code changes
/home/dabadjiev/smartpixels_ml_dsabadjiev/smart-pixels-ml/hlsTmp/myproject_prj/solution1/.autopilot/db/myproject.pp.0.cpp:59311:13: warning: Added loop label VITIS_LOOP_203_5:   [xilinx-label-all-loops]
            for (int kk = 0; kk < CONFIG_T::n_elem2_2; kk++) {
            ^~~
            VITIS_LOOP_203_5: 
/home/dabadjiev/smartpixels_ml_dsabadjiev/smart-pixels-ml/hlsTmp/myproject_prj/solution1/.autopilot/db/myproject.pp.0.cpp:59311:13: note: FIX-IT applied suggested code changes
/home/dabadjiev/smartpixels_ml_dsabadjiev/smart-pixels-ml/hlsTmp/myproject_prj/solution1/.autopilot/db/myproject.pp.0.cpp:59328:2: warning: Added loop label VITIS_LOOP_220_1:   [xilinx-label-all-loops]
 for (int ii = 0; ii < CONFIG_T::n_elem1_0; ii++) {
 ^~~
 VITIS_LOOP_220_1: 
/home/dabadjiev/smartpixels_ml_dsabadjiev/smart-pixels-ml/hlsTmp/myproject_prj/solution1/.autopilot/db/myproject.pp.0.cpp:59328:2: note: FIX-IT applied suggested code changes
/home/dabadjiev/smartpixels_ml_dsabadjiev/smart-pixels-ml/hlsTmp/myproject_prj/solution1/.autopilot/db/myproject.pp.0.cpp:59329:9: warning: Added loop label VITIS_LOOP_221_2:   [xilinx-label-all-loops]
        for (int jj = 0; jj < CONFIG_T::n_elem1_1; jj++) {
        ^~~
        VITIS_LOOP_221_2: 
/home/dabadjiev/smartpixels_ml_dsabadjiev/smart-pixels-ml/hlsTmp/myproject_prj/solution1/.autopilot/db/myproject.pp.0.cpp:59329:9: note: FIX-IT applied suggested code changes
/home/dabadjiev/smartpixels_ml_dsabadjiev/smart-pixels-ml/hlsTmp/myproject_prj/solution1/.autopilot/db/myproject.pp.0.cpp:59330:13: warning: Added loop label VITIS_LOOP_222_3:   [xilinx-label-all-loops]
            for (int kk = 0; kk < CONFIG_T::n_elem1_2; kk++) {
            ^~~
            VITIS_LOOP_222_3: 
/home/dabadjiev/smartpixels_ml_dsabadjiev/smart-pixels-ml/hlsTmp/myproject_prj/solution1/.autopilot/db/myproject.pp.0.cpp:59330:13: note: FIX-IT applied suggested code changes
/home/dabadjiev/smartpixels_ml_dsabadjiev/smart-pixels-ml/hlsTmp/myproject_prj/solution1/.autopilot/db/myproject.pp.0.cpp:59336:13: warning: Added loop label VITIS_LOOP_228_4:   [xilinx-label-all-loops]
            for (int kk = 0; kk < CONFIG_T::n_elem1_2; kk++) {
            ^~~
            VITIS_LOOP_228_4: 
/home/dabadjiev/smartpixels_ml_dsabadjiev/smart-pixels-ml/hlsTmp/myproject_prj/solution1/.autopilot/db/myproject.pp.0.cpp:59336:13: note: FIX-IT applied suggested code changes
