

================================================================
== Vitis HLS Report for 'normalize_ap_fixed_16_6_5_3_0_ap_fixed_16_6_5_3_0_config22_s'
================================================================
* Date:           Mon Oct 20 15:01:54 2025

* Version:        2024.1 (Build 5069499 on May 21 2024)
* Project:        myproject_prj
* Solution:       solution1 (Vivado IP Flow Target)
* Product family: zynq
* Target device:  xc7z020-clg400-1


================================================================
== Performance Estimates
================================================================
+ Timing: 
    * Summary: 
    +--------+---------+----------+------------+
    |  Clock |  Target | Estimated| Uncertainty|
    +--------+---------+----------+------------+
    |ap_clk  |  5.00 ns|      0 ns|     0.62 ns|
    +--------+---------+----------+------------+

+ Latency: 
    * Summary: 
    +---------+---------+----------+----------+-----+-----+---------+
    |  Latency (cycles) |  Latency (absolute) |  Interval | Pipeline|
    |   min   |   max   |    min   |    max   | min | max |   Type  |
    +---------+---------+----------+----------+-----+-----+---------+
    |        0|        0|      0 ns|      0 ns|    1|    1|      yes|
    +---------+---------+----------+----------+-----+-----+---------+

    + Detail: 
        * Instance: 
        N/A

        * Loop: 
        N/A

============================================================
+ Verbose Summary: Synthesis Manager
============================================================
InlineROM: 1
ExposeGlobal: 0
============================================================
+ Verbose Summary: CDFG Model
============================================================
IsTopModel: 0
ResetActiveHigh: 1
IsCombinational: 0
IsDatapathOnly: 0
HasWiredReturn: 1
HasMFsm: 2
HasVarLatency: 0
IsPipeline: 1
IsRtlPipelined: 0
IsInstanceOverlapped: 0
IsDontTouch: 0
HasImplIP: 0
IsGatedGlobalClock: 0

+ Individual pipeline summary: 
  * Pipeline-0: initiation interval (II) = 1, depth = 1


============================================================
+ Verbose Summary: Schedule
============================================================
* Number of FSM states : 1
* Pipeline : 1
  Pipeline-0 : II = 1, D = 1, States = { 1 }
* Dataflow Pipeline: 0

* FSM state transitions: 
1 --> 

* FSM state operations: 

State 1 <SV = 0> <Delay = 0.00>
ST_1 : Operation 2 [1/1] (0.00ns)   --->   "%specpipeline_ln48 = specpipeline void @_ssdm_op_SpecPipeline, i32 1, i32 0, i32 0, i32 0, void @empty_0" [firmware/nnet_utils/nnet_batchnorm.h:48]   --->   Operation 2 'specpipeline' 'specpipeline_ln48' <Predicate = true> <Delay = 0.00>
ST_1 : Operation 3 [1/1] (0.00ns)   --->   "%specresourcelimit_ln48 = specresourcelimit void @_ssdm_op_SpecResourceLimit, i64 17, void @empty_1, void @empty_0, void @empty_0, void @empty_0" [firmware/nnet_utils/nnet_batchnorm.h:48]   --->   Operation 3 'specresourcelimit' 'specresourcelimit_ln48' <Predicate = true> <Delay = 0.00>
ST_1 : Operation 4 [1/1] (0.00ns)   --->   "%data_16_val_read = read i15 @_ssdm_op_Read.ap_auto.i15, i15 %data_16_val" [firmware/nnet_utils/nnet_batchnorm.h:54]   --->   Operation 4 'read' 'data_16_val_read' <Predicate = true> <Delay = 0.00>
ST_1 : Operation 5 [1/1] (0.00ns)   --->   "%data_15_val_read = read i16 @_ssdm_op_Read.ap_auto.i16, i16 %data_15_val" [firmware/nnet_utils/nnet_batchnorm.h:54]   --->   Operation 5 'read' 'data_15_val_read' <Predicate = true> <Delay = 0.00>
ST_1 : Operation 6 [1/1] (0.00ns)   --->   "%data_14_val_read = read i15 @_ssdm_op_Read.ap_auto.i15, i15 %data_14_val" [firmware/nnet_utils/nnet_batchnorm.h:54]   --->   Operation 6 'read' 'data_14_val_read' <Predicate = true> <Delay = 0.00>
ST_1 : Operation 7 [1/1] (0.00ns)   --->   "%data_13_val_read = read i15 @_ssdm_op_Read.ap_auto.i15, i15 %data_13_val" [firmware/nnet_utils/nnet_batchnorm.h:54]   --->   Operation 7 'read' 'data_13_val_read' <Predicate = true> <Delay = 0.00>
ST_1 : Operation 8 [1/1] (0.00ns)   --->   "%data_12_val_read = read i16 @_ssdm_op_Read.ap_auto.i16, i16 %data_12_val" [firmware/nnet_utils/nnet_batchnorm.h:54]   --->   Operation 8 'read' 'data_12_val_read' <Predicate = true> <Delay = 0.00>
ST_1 : Operation 9 [1/1] (0.00ns)   --->   "%data_11_val_read = read i15 @_ssdm_op_Read.ap_auto.i15, i15 %data_11_val" [firmware/nnet_utils/nnet_batchnorm.h:54]   --->   Operation 9 'read' 'data_11_val_read' <Predicate = true> <Delay = 0.00>
ST_1 : Operation 10 [1/1] (0.00ns)   --->   "%data_10_val_read = read i15 @_ssdm_op_Read.ap_auto.i15, i15 %data_10_val" [firmware/nnet_utils/nnet_batchnorm.h:54]   --->   Operation 10 'read' 'data_10_val_read' <Predicate = true> <Delay = 0.00>
ST_1 : Operation 11 [1/1] (0.00ns)   --->   "%data_9_val_read = read i15 @_ssdm_op_Read.ap_auto.i15, i15 %data_9_val" [firmware/nnet_utils/nnet_batchnorm.h:54]   --->   Operation 11 'read' 'data_9_val_read' <Predicate = true> <Delay = 0.00>
ST_1 : Operation 12 [1/1] (0.00ns)   --->   "%data_8_val_read = read i15 @_ssdm_op_Read.ap_auto.i15, i15 %data_8_val" [firmware/nnet_utils/nnet_batchnorm.h:54]   --->   Operation 12 'read' 'data_8_val_read' <Predicate = true> <Delay = 0.00>
ST_1 : Operation 13 [1/1] (0.00ns)   --->   "%data_7_val_read = read i15 @_ssdm_op_Read.ap_auto.i15, i15 %data_7_val" [firmware/nnet_utils/nnet_batchnorm.h:54]   --->   Operation 13 'read' 'data_7_val_read' <Predicate = true> <Delay = 0.00>
ST_1 : Operation 14 [1/1] (0.00ns)   --->   "%data_6_val_read = read i15 @_ssdm_op_Read.ap_auto.i15, i15 %data_6_val" [firmware/nnet_utils/nnet_batchnorm.h:54]   --->   Operation 14 'read' 'data_6_val_read' <Predicate = true> <Delay = 0.00>
ST_1 : Operation 15 [1/1] (0.00ns)   --->   "%data_5_val_read = read i15 @_ssdm_op_Read.ap_auto.i15, i15 %data_5_val" [firmware/nnet_utils/nnet_batchnorm.h:54]   --->   Operation 15 'read' 'data_5_val_read' <Predicate = true> <Delay = 0.00>
ST_1 : Operation 16 [1/1] (0.00ns)   --->   "%data_4_val_read = read i15 @_ssdm_op_Read.ap_auto.i15, i15 %data_4_val" [firmware/nnet_utils/nnet_batchnorm.h:54]   --->   Operation 16 'read' 'data_4_val_read' <Predicate = true> <Delay = 0.00>
ST_1 : Operation 17 [1/1] (0.00ns)   --->   "%data_3_val_read = read i15 @_ssdm_op_Read.ap_auto.i15, i15 %data_3_val" [firmware/nnet_utils/nnet_batchnorm.h:54]   --->   Operation 17 'read' 'data_3_val_read' <Predicate = true> <Delay = 0.00>
ST_1 : Operation 18 [1/1] (0.00ns)   --->   "%data_2_val_read = read i15 @_ssdm_op_Read.ap_auto.i15, i15 %data_2_val" [firmware/nnet_utils/nnet_batchnorm.h:54]   --->   Operation 18 'read' 'data_2_val_read' <Predicate = true> <Delay = 0.00>
ST_1 : Operation 19 [1/1] (0.00ns)   --->   "%data_1_val_read = read i15 @_ssdm_op_Read.ap_auto.i15, i15 %data_1_val" [firmware/nnet_utils/nnet_batchnorm.h:54]   --->   Operation 19 'read' 'data_1_val_read' <Predicate = true> <Delay = 0.00>
ST_1 : Operation 20 [1/1] (0.00ns)   --->   "%data_0_val_read = read i15 @_ssdm_op_Read.ap_auto.i15, i15 %data_0_val" [firmware/nnet_utils/nnet_batchnorm.h:54]   --->   Operation 20 'read' 'data_0_val_read' <Predicate = true> <Delay = 0.00>
ST_1 : Operation 21 [1/1] (0.00ns)   --->   "%shl_ln = bitconcatenate i16 @_ssdm_op_BitConcatenate.i16.i15.i1, i15 %data_0_val_read, i1 0" [firmware/nnet_utils/nnet_batchnorm.h:54]   --->   Operation 21 'bitconcatenate' 'shl_ln' <Predicate = true> <Delay = 0.00>
ST_1 : Operation 22 [1/1] (0.00ns)   --->   "%shl_ln54_1 = bitconcatenate i16 @_ssdm_op_BitConcatenate.i16.i15.i1, i15 %data_1_val_read, i1 0" [firmware/nnet_utils/nnet_batchnorm.h:54]   --->   Operation 22 'bitconcatenate' 'shl_ln54_1' <Predicate = true> <Delay = 0.00>
ST_1 : Operation 23 [1/1] (0.00ns)   --->   "%shl_ln54_2 = bitconcatenate i16 @_ssdm_op_BitConcatenate.i16.i15.i1, i15 %data_2_val_read, i1 0" [firmware/nnet_utils/nnet_batchnorm.h:54]   --->   Operation 23 'bitconcatenate' 'shl_ln54_2' <Predicate = true> <Delay = 0.00>
ST_1 : Operation 24 [1/1] (0.00ns)   --->   "%shl_ln54_3 = bitconcatenate i16 @_ssdm_op_BitConcatenate.i16.i15.i1, i15 %data_3_val_read, i1 0" [firmware/nnet_utils/nnet_batchnorm.h:54]   --->   Operation 24 'bitconcatenate' 'shl_ln54_3' <Predicate = true> <Delay = 0.00>
ST_1 : Operation 25 [1/1] (0.00ns)   --->   "%shl_ln54_4 = bitconcatenate i16 @_ssdm_op_BitConcatenate.i16.i15.i1, i15 %data_4_val_read, i1 0" [firmware/nnet_utils/nnet_batchnorm.h:54]   --->   Operation 25 'bitconcatenate' 'shl_ln54_4' <Predicate = true> <Delay = 0.00>
ST_1 : Operation 26 [1/1] (0.00ns)   --->   "%shl_ln54_5 = bitconcatenate i16 @_ssdm_op_BitConcatenate.i16.i15.i1, i15 %data_5_val_read, i1 0" [firmware/nnet_utils/nnet_batchnorm.h:54]   --->   Operation 26 'bitconcatenate' 'shl_ln54_5' <Predicate = true> <Delay = 0.00>
ST_1 : Operation 27 [1/1] (0.00ns)   --->   "%shl_ln54_6 = bitconcatenate i16 @_ssdm_op_BitConcatenate.i16.i15.i1, i15 %data_6_val_read, i1 0" [firmware/nnet_utils/nnet_batchnorm.h:54]   --->   Operation 27 'bitconcatenate' 'shl_ln54_6' <Predicate = true> <Delay = 0.00>
ST_1 : Operation 28 [1/1] (0.00ns)   --->   "%shl_ln54_7 = bitconcatenate i16 @_ssdm_op_BitConcatenate.i16.i15.i1, i15 %data_7_val_read, i1 0" [firmware/nnet_utils/nnet_batchnorm.h:54]   --->   Operation 28 'bitconcatenate' 'shl_ln54_7' <Predicate = true> <Delay = 0.00>
ST_1 : Operation 29 [1/1] (0.00ns)   --->   "%shl_ln54_8 = bitconcatenate i16 @_ssdm_op_BitConcatenate.i16.i15.i1, i15 %data_8_val_read, i1 0" [firmware/nnet_utils/nnet_batchnorm.h:54]   --->   Operation 29 'bitconcatenate' 'shl_ln54_8' <Predicate = true> <Delay = 0.00>
ST_1 : Operation 30 [1/1] (0.00ns)   --->   "%shl_ln54_9 = bitconcatenate i16 @_ssdm_op_BitConcatenate.i16.i15.i1, i15 %data_9_val_read, i1 0" [firmware/nnet_utils/nnet_batchnorm.h:54]   --->   Operation 30 'bitconcatenate' 'shl_ln54_9' <Predicate = true> <Delay = 0.00>
ST_1 : Operation 31 [1/1] (0.00ns)   --->   "%shl_ln54_s = bitconcatenate i16 @_ssdm_op_BitConcatenate.i16.i15.i1, i15 %data_10_val_read, i1 0" [firmware/nnet_utils/nnet_batchnorm.h:54]   --->   Operation 31 'bitconcatenate' 'shl_ln54_s' <Predicate = true> <Delay = 0.00>
ST_1 : Operation 32 [1/1] (0.00ns)   --->   "%shl_ln54_10 = bitconcatenate i16 @_ssdm_op_BitConcatenate.i16.i15.i1, i15 %data_11_val_read, i1 0" [firmware/nnet_utils/nnet_batchnorm.h:54]   --->   Operation 32 'bitconcatenate' 'shl_ln54_10' <Predicate = true> <Delay = 0.00>
ST_1 : Operation 33 [1/1] (0.00ns)   --->   "%trunc_ln = partselect i14 @_ssdm_op_PartSelect.i14.i16.i32.i32, i16 %data_12_val_read, i32 2, i32 15" [firmware/nnet_utils/nnet_batchnorm.h:54]   --->   Operation 33 'partselect' 'trunc_ln' <Predicate = true> <Delay = 0.00>
ST_1 : Operation 34 [1/1] (0.00ns)   --->   "%sext_ln54 = sext i14 %trunc_ln" [firmware/nnet_utils/nnet_batchnorm.h:54]   --->   Operation 34 'sext' 'sext_ln54' <Predicate = true> <Delay = 0.00>
ST_1 : Operation 35 [1/1] (0.00ns)   --->   "%shl_ln54_11 = bitconcatenate i16 @_ssdm_op_BitConcatenate.i16.i15.i1, i15 %data_13_val_read, i1 0" [firmware/nnet_utils/nnet_batchnorm.h:54]   --->   Operation 35 'bitconcatenate' 'shl_ln54_11' <Predicate = true> <Delay = 0.00>
ST_1 : Operation 36 [1/1] (0.00ns)   --->   "%shl_ln54_12 = bitconcatenate i16 @_ssdm_op_BitConcatenate.i16.i15.i1, i15 %data_14_val_read, i1 0" [firmware/nnet_utils/nnet_batchnorm.h:54]   --->   Operation 36 'bitconcatenate' 'shl_ln54_12' <Predicate = true> <Delay = 0.00>
ST_1 : Operation 37 [1/1] (0.00ns)   --->   "%shl_ln54_13 = bitconcatenate i16 @_ssdm_op_BitConcatenate.i16.i15.i1, i15 %data_16_val_read, i1 0" [firmware/nnet_utils/nnet_batchnorm.h:54]   --->   Operation 37 'bitconcatenate' 'shl_ln54_13' <Predicate = true> <Delay = 0.00>
ST_1 : Operation 38 [1/1] (0.00ns)   --->   "%mrv = insertvalue i272 <undef>, i16 %shl_ln" [firmware/nnet_utils/nnet_batchnorm.h:63]   --->   Operation 38 'insertvalue' 'mrv' <Predicate = true> <Delay = 0.00>
ST_1 : Operation 39 [1/1] (0.00ns)   --->   "%mrv_1 = insertvalue i272 %mrv, i16 %shl_ln54_1" [firmware/nnet_utils/nnet_batchnorm.h:63]   --->   Operation 39 'insertvalue' 'mrv_1' <Predicate = true> <Delay = 0.00>
ST_1 : Operation 40 [1/1] (0.00ns)   --->   "%mrv_2 = insertvalue i272 %mrv_1, i16 %shl_ln54_2" [firmware/nnet_utils/nnet_batchnorm.h:63]   --->   Operation 40 'insertvalue' 'mrv_2' <Predicate = true> <Delay = 0.00>
ST_1 : Operation 41 [1/1] (0.00ns)   --->   "%mrv_3 = insertvalue i272 %mrv_2, i16 %shl_ln54_3" [firmware/nnet_utils/nnet_batchnorm.h:63]   --->   Operation 41 'insertvalue' 'mrv_3' <Predicate = true> <Delay = 0.00>
ST_1 : Operation 42 [1/1] (0.00ns)   --->   "%mrv_4 = insertvalue i272 %mrv_3, i16 %shl_ln54_4" [firmware/nnet_utils/nnet_batchnorm.h:63]   --->   Operation 42 'insertvalue' 'mrv_4' <Predicate = true> <Delay = 0.00>
ST_1 : Operation 43 [1/1] (0.00ns)   --->   "%mrv_5 = insertvalue i272 %mrv_4, i16 %shl_ln54_5" [firmware/nnet_utils/nnet_batchnorm.h:63]   --->   Operation 43 'insertvalue' 'mrv_5' <Predicate = true> <Delay = 0.00>
ST_1 : Operation 44 [1/1] (0.00ns)   --->   "%mrv_6 = insertvalue i272 %mrv_5, i16 %shl_ln54_6" [firmware/nnet_utils/nnet_batchnorm.h:63]   --->   Operation 44 'insertvalue' 'mrv_6' <Predicate = true> <Delay = 0.00>
ST_1 : Operation 45 [1/1] (0.00ns)   --->   "%mrv_7 = insertvalue i272 %mrv_6, i16 %shl_ln54_7" [firmware/nnet_utils/nnet_batchnorm.h:63]   --->   Operation 45 'insertvalue' 'mrv_7' <Predicate = true> <Delay = 0.00>
ST_1 : Operation 46 [1/1] (0.00ns)   --->   "%mrv_8 = insertvalue i272 %mrv_7, i16 %shl_ln54_8" [firmware/nnet_utils/nnet_batchnorm.h:63]   --->   Operation 46 'insertvalue' 'mrv_8' <Predicate = true> <Delay = 0.00>
ST_1 : Operation 47 [1/1] (0.00ns)   --->   "%mrv_9 = insertvalue i272 %mrv_8, i16 %shl_ln54_9" [firmware/nnet_utils/nnet_batchnorm.h:63]   --->   Operation 47 'insertvalue' 'mrv_9' <Predicate = true> <Delay = 0.00>
ST_1 : Operation 48 [1/1] (0.00ns)   --->   "%mrv_10 = insertvalue i272 %mrv_9, i16 %shl_ln54_s" [firmware/nnet_utils/nnet_batchnorm.h:63]   --->   Operation 48 'insertvalue' 'mrv_10' <Predicate = true> <Delay = 0.00>
ST_1 : Operation 49 [1/1] (0.00ns)   --->   "%mrv_11 = insertvalue i272 %mrv_10, i16 %shl_ln54_10" [firmware/nnet_utils/nnet_batchnorm.h:63]   --->   Operation 49 'insertvalue' 'mrv_11' <Predicate = true> <Delay = 0.00>
ST_1 : Operation 50 [1/1] (0.00ns)   --->   "%mrv_12 = insertvalue i272 %mrv_11, i16 %sext_ln54" [firmware/nnet_utils/nnet_batchnorm.h:63]   --->   Operation 50 'insertvalue' 'mrv_12' <Predicate = true> <Delay = 0.00>
ST_1 : Operation 51 [1/1] (0.00ns)   --->   "%mrv_13 = insertvalue i272 %mrv_12, i16 %shl_ln54_11" [firmware/nnet_utils/nnet_batchnorm.h:63]   --->   Operation 51 'insertvalue' 'mrv_13' <Predicate = true> <Delay = 0.00>
ST_1 : Operation 52 [1/1] (0.00ns)   --->   "%mrv_14 = insertvalue i272 %mrv_13, i16 %shl_ln54_12" [firmware/nnet_utils/nnet_batchnorm.h:63]   --->   Operation 52 'insertvalue' 'mrv_14' <Predicate = true> <Delay = 0.00>
ST_1 : Operation 53 [1/1] (0.00ns)   --->   "%mrv_15 = insertvalue i272 %mrv_14, i16 %data_15_val_read" [firmware/nnet_utils/nnet_batchnorm.h:63]   --->   Operation 53 'insertvalue' 'mrv_15' <Predicate = true> <Delay = 0.00>
ST_1 : Operation 54 [1/1] (0.00ns)   --->   "%mrv_16 = insertvalue i272 %mrv_15, i16 %shl_ln54_13" [firmware/nnet_utils/nnet_batchnorm.h:63]   --->   Operation 54 'insertvalue' 'mrv_16' <Predicate = true> <Delay = 0.00>
ST_1 : Operation 55 [1/1] (0.00ns)   --->   "%ret_ln63 = ret i272 %mrv_16" [firmware/nnet_utils/nnet_batchnorm.h:63]   --->   Operation 55 'ret' 'ret_ln63' <Predicate = true> <Delay = 0.00>


============================================================
+ Verbose Summary: Binding
============================================================
STG Binding: 
---------------- STG Properties BEGIN ----------------
- Is combinational: 1
- Is one-state seq: 0
- Is datapath-only: 0
- Is pipelined: 1
- Is top level: 0
Port [ Return ] is wired: 1; IO mode=ap_ctrl_hs:ce=0
Port [ data_0_val]:  wired=1; compound=0; hidden=0; nouse=0; global=0; static=0; extern=0; dir=0; type=0; pingpong=0; private_global=0; IO mode=ap_none:ce=0
Port [ data_1_val]:  wired=1; compound=0; hidden=0; nouse=0; global=0; static=0; extern=0; dir=0; type=0; pingpong=0; private_global=0; IO mode=ap_none:ce=0
Port [ data_2_val]:  wired=1; compound=0; hidden=0; nouse=0; global=0; static=0; extern=0; dir=0; type=0; pingpong=0; private_global=0; IO mode=ap_none:ce=0
Port [ data_3_val]:  wired=1; compound=0; hidden=0; nouse=0; global=0; static=0; extern=0; dir=0; type=0; pingpong=0; private_global=0; IO mode=ap_none:ce=0
Port [ data_4_val]:  wired=1; compound=0; hidden=0; nouse=0; global=0; static=0; extern=0; dir=0; type=0; pingpong=0; private_global=0; IO mode=ap_none:ce=0
Port [ data_5_val]:  wired=1; compound=0; hidden=0; nouse=0; global=0; static=0; extern=0; dir=0; type=0; pingpong=0; private_global=0; IO mode=ap_none:ce=0
Port [ data_6_val]:  wired=1; compound=0; hidden=0; nouse=0; global=0; static=0; extern=0; dir=0; type=0; pingpong=0; private_global=0; IO mode=ap_none:ce=0
Port [ data_7_val]:  wired=1; compound=0; hidden=0; nouse=0; global=0; static=0; extern=0; dir=0; type=0; pingpong=0; private_global=0; IO mode=ap_none:ce=0
Port [ data_8_val]:  wired=1; compound=0; hidden=0; nouse=0; global=0; static=0; extern=0; dir=0; type=0; pingpong=0; private_global=0; IO mode=ap_none:ce=0
Port [ data_9_val]:  wired=1; compound=0; hidden=0; nouse=0; global=0; static=0; extern=0; dir=0; type=0; pingpong=0; private_global=0; IO mode=ap_none:ce=0
Port [ data_10_val]:  wired=1; compound=0; hidden=0; nouse=0; global=0; static=0; extern=0; dir=0; type=0; pingpong=0; private_global=0; IO mode=ap_none:ce=0
Port [ data_11_val]:  wired=1; compound=0; hidden=0; nouse=0; global=0; static=0; extern=0; dir=0; type=0; pingpong=0; private_global=0; IO mode=ap_none:ce=0
Port [ data_12_val]:  wired=1; compound=0; hidden=0; nouse=0; global=0; static=0; extern=0; dir=0; type=0; pingpong=0; private_global=0; IO mode=ap_none:ce=0
Port [ data_13_val]:  wired=1; compound=0; hidden=0; nouse=0; global=0; static=0; extern=0; dir=0; type=0; pingpong=0; private_global=0; IO mode=ap_none:ce=0
Port [ data_14_val]:  wired=1; compound=0; hidden=0; nouse=0; global=0; static=0; extern=0; dir=0; type=0; pingpong=0; private_global=0; IO mode=ap_none:ce=0
Port [ data_15_val]:  wired=1; compound=0; hidden=0; nouse=0; global=0; static=0; extern=0; dir=0; type=0; pingpong=0; private_global=0; IO mode=ap_none:ce=0
Port [ data_16_val]:  wired=1; compound=0; hidden=0; nouse=0; global=0; static=0; extern=0; dir=0; type=0; pingpong=0; private_global=0; IO mode=ap_none:ce=0
---------------- STG Properties END ------------------

---------------- Datapath Model BEGIN ----------------

<LifeTime>
<method=bitvector/>
specpipeline_ln48      (specpipeline     ) [ 00]
specresourcelimit_ln48 (specresourcelimit) [ 00]
data_16_val_read       (read             ) [ 00]
data_15_val_read       (read             ) [ 00]
data_14_val_read       (read             ) [ 00]
data_13_val_read       (read             ) [ 00]
data_12_val_read       (read             ) [ 00]
data_11_val_read       (read             ) [ 00]
data_10_val_read       (read             ) [ 00]
data_9_val_read        (read             ) [ 00]
data_8_val_read        (read             ) [ 00]
data_7_val_read        (read             ) [ 00]
data_6_val_read        (read             ) [ 00]
data_5_val_read        (read             ) [ 00]
data_4_val_read        (read             ) [ 00]
data_3_val_read        (read             ) [ 00]
data_2_val_read        (read             ) [ 00]
data_1_val_read        (read             ) [ 00]
data_0_val_read        (read             ) [ 00]
shl_ln                 (bitconcatenate   ) [ 00]
shl_ln54_1             (bitconcatenate   ) [ 00]
shl_ln54_2             (bitconcatenate   ) [ 00]
shl_ln54_3             (bitconcatenate   ) [ 00]
shl_ln54_4             (bitconcatenate   ) [ 00]
shl_ln54_5             (bitconcatenate   ) [ 00]
shl_ln54_6             (bitconcatenate   ) [ 00]
shl_ln54_7             (bitconcatenate   ) [ 00]
shl_ln54_8             (bitconcatenate   ) [ 00]
shl_ln54_9             (bitconcatenate   ) [ 00]
shl_ln54_s             (bitconcatenate   ) [ 00]
shl_ln54_10            (bitconcatenate   ) [ 00]
trunc_ln               (partselect       ) [ 00]
sext_ln54              (sext             ) [ 00]
shl_ln54_11            (bitconcatenate   ) [ 00]
shl_ln54_12            (bitconcatenate   ) [ 00]
shl_ln54_13            (bitconcatenate   ) [ 00]
mrv                    (insertvalue      ) [ 00]
mrv_1                  (insertvalue      ) [ 00]
mrv_2                  (insertvalue      ) [ 00]
mrv_3                  (insertvalue      ) [ 00]
mrv_4                  (insertvalue      ) [ 00]
mrv_5                  (insertvalue      ) [ 00]
mrv_6                  (insertvalue      ) [ 00]
mrv_7                  (insertvalue      ) [ 00]
mrv_8                  (insertvalue      ) [ 00]
mrv_9                  (insertvalue      ) [ 00]
mrv_10                 (insertvalue      ) [ 00]
mrv_11                 (insertvalue      ) [ 00]
mrv_12                 (insertvalue      ) [ 00]
mrv_13                 (insertvalue      ) [ 00]
mrv_14                 (insertvalue      ) [ 00]
mrv_15                 (insertvalue      ) [ 00]
mrv_16                 (insertvalue      ) [ 00]
ret_ln63               (ret              ) [ 00]
</LifeTime>

<model>

<comp_list>
<comp id="0" class="1000" name="data_0_val">
<pin_list>
<pin id="1" dir="1" index="0" bw="1" slack="0"/>
</pin_list>
<bind>
<StgValue><ssdm name="data_0_val"/></StgValue>
</bind>
</comp>

<comp id="2" class="1000" name="data_1_val">
<pin_list>
<pin id="3" dir="1" index="0" bw="1" slack="0"/>
</pin_list>
<bind>
<StgValue><ssdm name="data_1_val"/></StgValue>
</bind>
</comp>

<comp id="4" class="1000" name="data_2_val">
<pin_list>
<pin id="5" dir="1" index="0" bw="1" slack="0"/>
</pin_list>
<bind>
<StgValue><ssdm name="data_2_val"/></StgValue>
</bind>
</comp>

<comp id="6" class="1000" name="data_3_val">
<pin_list>
<pin id="7" dir="1" index="0" bw="1" slack="0"/>
</pin_list>
<bind>
<StgValue><ssdm name="data_3_val"/></StgValue>
</bind>
</comp>

<comp id="8" class="1000" name="data_4_val">
<pin_list>
<pin id="9" dir="1" index="0" bw="1" slack="0"/>
</pin_list>
<bind>
<StgValue><ssdm name="data_4_val"/></StgValue>
</bind>
</comp>

<comp id="10" class="1000" name="data_5_val">
<pin_list>
<pin id="11" dir="1" index="0" bw="1" slack="0"/>
</pin_list>
<bind>
<StgValue><ssdm name="data_5_val"/></StgValue>
</bind>
</comp>

<comp id="12" class="1000" name="data_6_val">
<pin_list>
<pin id="13" dir="1" index="0" bw="1" slack="0"/>
</pin_list>
<bind>
<StgValue><ssdm name="data_6_val"/></StgValue>
</bind>
</comp>

<comp id="14" class="1000" name="data_7_val">
<pin_list>
<pin id="15" dir="1" index="0" bw="1" slack="0"/>
</pin_list>
<bind>
<StgValue><ssdm name="data_7_val"/></StgValue>
</bind>
</comp>

<comp id="16" class="1000" name="data_8_val">
<pin_list>
<pin id="17" dir="1" index="0" bw="1" slack="0"/>
</pin_list>
<bind>
<StgValue><ssdm name="data_8_val"/></StgValue>
</bind>
</comp>

<comp id="18" class="1000" name="data_9_val">
<pin_list>
<pin id="19" dir="1" index="0" bw="1" slack="0"/>
</pin_list>
<bind>
<StgValue><ssdm name="data_9_val"/></StgValue>
</bind>
</comp>

<comp id="20" class="1000" name="data_10_val">
<pin_list>
<pin id="21" dir="1" index="0" bw="1" slack="0"/>
</pin_list>
<bind>
<StgValue><ssdm name="data_10_val"/></StgValue>
</bind>
</comp>

<comp id="22" class="1000" name="data_11_val">
<pin_list>
<pin id="23" dir="1" index="0" bw="1" slack="0"/>
</pin_list>
<bind>
<StgValue><ssdm name="data_11_val"/></StgValue>
</bind>
</comp>

<comp id="24" class="1000" name="data_12_val">
<pin_list>
<pin id="25" dir="1" index="0" bw="1" slack="0"/>
</pin_list>
<bind>
<StgValue><ssdm name="data_12_val"/></StgValue>
</bind>
</comp>

<comp id="26" class="1000" name="data_13_val">
<pin_list>
<pin id="27" dir="1" index="0" bw="1" slack="0"/>
</pin_list>
<bind>
<StgValue><ssdm name="data_13_val"/></StgValue>
</bind>
</comp>

<comp id="28" class="1000" name="data_14_val">
<pin_list>
<pin id="29" dir="1" index="0" bw="1" slack="0"/>
</pin_list>
<bind>
<StgValue><ssdm name="data_14_val"/></StgValue>
</bind>
</comp>

<comp id="30" class="1000" name="data_15_val">
<pin_list>
<pin id="31" dir="1" index="0" bw="1" slack="0"/>
</pin_list>
<bind>
<StgValue><ssdm name="data_15_val"/></StgValue>
</bind>
</comp>

<comp id="32" class="1000" name="data_16_val">
<pin_list>
<pin id="33" dir="1" index="0" bw="1" slack="0"/>
</pin_list>
<bind>
<StgValue><ssdm name="data_16_val"/></StgValue>
</bind>
</comp>

<comp id="34" class="1001" name="const_34">
<pin_list>
<pin id="35" dir="1" index="0" bw="1" slack="2147483647"/>
</pin_list>
<bind>
<StgValue><ssdm name="_ssdm_op_SpecPipeline"/></StgValue>
</bind>
</comp>

<comp id="36" class="1001" name="const_36">
<pin_list>
<pin id="37" dir="1" index="0" bw="1" slack="2147483647"/>
</pin_list>
<bind>
<StgValue><ssdm name=""/></StgValue>
</bind>
</comp>

<comp id="38" class="1001" name="const_38">
<pin_list>
<pin id="39" dir="1" index="0" bw="1" slack="2147483647"/>
</pin_list>
<bind>
<StgValue><ssdm name=""/></StgValue>
</bind>
</comp>

<comp id="40" class="1001" name="const_40">
<pin_list>
<pin id="41" dir="1" index="0" bw="1" slack="2147483647"/>
</pin_list>
<bind>
<StgValue><ssdm name="empty_0"/></StgValue>
</bind>
</comp>

<comp id="42" class="1001" name="const_42">
<pin_list>
<pin id="43" dir="1" index="0" bw="1" slack="2147483647"/>
</pin_list>
<bind>
<StgValue><ssdm name="_ssdm_op_SpecResourceLimit"/></StgValue>
</bind>
</comp>

<comp id="44" class="1001" name="const_44">
<pin_list>
<pin id="45" dir="1" index="0" bw="1" slack="2147483647"/>
</pin_list>
<bind>
<StgValue><ssdm name=""/></StgValue>
</bind>
</comp>

<comp id="46" class="1001" name="const_46">
<pin_list>
<pin id="47" dir="1" index="0" bw="1" slack="2147483647"/>
</pin_list>
<bind>
<StgValue><ssdm name="empty_1"/></StgValue>
</bind>
</comp>

<comp id="48" class="1001" name="const_48">
<pin_list>
<pin id="49" dir="1" index="0" bw="1" slack="0"/>
</pin_list>
<bind>
<StgValue><ssdm name="_ssdm_op_Read.ap_auto.i15"/></StgValue>
</bind>
</comp>

<comp id="50" class="1001" name="const_50">
<pin_list>
<pin id="51" dir="1" index="0" bw="1" slack="0"/>
</pin_list>
<bind>
<StgValue><ssdm name="_ssdm_op_Read.ap_auto.i16"/></StgValue>
</bind>
</comp>

<comp id="52" class="1001" name="const_52">
<pin_list>
<pin id="53" dir="1" index="0" bw="1" slack="0"/>
</pin_list>
<bind>
<StgValue><ssdm name="_ssdm_op_BitConcatenate.i16.i15.i1"/></StgValue>
</bind>
</comp>

<comp id="54" class="1001" name="const_54">
<pin_list>
<pin id="55" dir="1" index="0" bw="1" slack="0"/>
</pin_list>
<bind>
<StgValue><ssdm name=""/></StgValue>
</bind>
</comp>

<comp id="56" class="1001" name="const_56">
<pin_list>
<pin id="57" dir="1" index="0" bw="1" slack="0"/>
</pin_list>
<bind>
<StgValue><ssdm name="_ssdm_op_PartSelect.i14.i16.i32.i32"/></StgValue>
</bind>
</comp>

<comp id="58" class="1001" name="const_58">
<pin_list>
<pin id="59" dir="1" index="0" bw="1" slack="0"/>
</pin_list>
<bind>
<StgValue><ssdm name=""/></StgValue>
</bind>
</comp>

<comp id="60" class="1001" name="const_60">
<pin_list>
<pin id="61" dir="1" index="0" bw="1" slack="0"/>
</pin_list>
<bind>
<StgValue><ssdm name=""/></StgValue>
</bind>
</comp>

<comp id="62" class="1001" name="const_62">
<pin_list>
<pin id="63" dir="1" index="0" bw="1" slack="0"/>
</pin_list>
<bind>
<StgValue><ssdm name=""/></StgValue>
</bind>
</comp>

<comp id="64" class="1004" name="data_16_val_read_read_fu_64">
<pin_list>
<pin id="65" dir="0" index="0" bw="15" slack="0"/>
<pin id="66" dir="0" index="1" bw="15" slack="0"/>
<pin id="67" dir="1" index="2" bw="15" slack="0"/>
</pin_list>
<bind>
<opcode="read(1150) " fcode="read"/>
<opset="data_16_val_read/1 "/>
</bind>
</comp>

<comp id="70" class="1004" name="data_15_val_read_read_fu_70">
<pin_list>
<pin id="71" dir="0" index="0" bw="16" slack="0"/>
<pin id="72" dir="0" index="1" bw="16" slack="0"/>
<pin id="73" dir="1" index="2" bw="16" slack="0"/>
</pin_list>
<bind>
<opcode="read(1150) " fcode="read"/>
<opset="data_15_val_read/1 "/>
</bind>
</comp>

<comp id="76" class="1004" name="data_14_val_read_read_fu_76">
<pin_list>
<pin id="77" dir="0" index="0" bw="15" slack="0"/>
<pin id="78" dir="0" index="1" bw="15" slack="0"/>
<pin id="79" dir="1" index="2" bw="15" slack="0"/>
</pin_list>
<bind>
<opcode="read(1150) " fcode="read"/>
<opset="data_14_val_read/1 "/>
</bind>
</comp>

<comp id="82" class="1004" name="data_13_val_read_read_fu_82">
<pin_list>
<pin id="83" dir="0" index="0" bw="15" slack="0"/>
<pin id="84" dir="0" index="1" bw="15" slack="0"/>
<pin id="85" dir="1" index="2" bw="15" slack="0"/>
</pin_list>
<bind>
<opcode="read(1150) " fcode="read"/>
<opset="data_13_val_read/1 "/>
</bind>
</comp>

<comp id="88" class="1004" name="data_12_val_read_read_fu_88">
<pin_list>
<pin id="89" dir="0" index="0" bw="16" slack="0"/>
<pin id="90" dir="0" index="1" bw="16" slack="0"/>
<pin id="91" dir="1" index="2" bw="16" slack="0"/>
</pin_list>
<bind>
<opcode="read(1150) " fcode="read"/>
<opset="data_12_val_read/1 "/>
</bind>
</comp>

<comp id="94" class="1004" name="data_11_val_read_read_fu_94">
<pin_list>
<pin id="95" dir="0" index="0" bw="15" slack="0"/>
<pin id="96" dir="0" index="1" bw="15" slack="0"/>
<pin id="97" dir="1" index="2" bw="15" slack="0"/>
</pin_list>
<bind>
<opcode="read(1150) " fcode="read"/>
<opset="data_11_val_read/1 "/>
</bind>
</comp>

<comp id="100" class="1004" name="data_10_val_read_read_fu_100">
<pin_list>
<pin id="101" dir="0" index="0" bw="15" slack="0"/>
<pin id="102" dir="0" index="1" bw="15" slack="0"/>
<pin id="103" dir="1" index="2" bw="15" slack="0"/>
</pin_list>
<bind>
<opcode="read(1150) " fcode="read"/>
<opset="data_10_val_read/1 "/>
</bind>
</comp>

<comp id="106" class="1004" name="data_9_val_read_read_fu_106">
<pin_list>
<pin id="107" dir="0" index="0" bw="15" slack="0"/>
<pin id="108" dir="0" index="1" bw="15" slack="0"/>
<pin id="109" dir="1" index="2" bw="15" slack="0"/>
</pin_list>
<bind>
<opcode="read(1150) " fcode="read"/>
<opset="data_9_val_read/1 "/>
</bind>
</comp>

<comp id="112" class="1004" name="data_8_val_read_read_fu_112">
<pin_list>
<pin id="113" dir="0" index="0" bw="15" slack="0"/>
<pin id="114" dir="0" index="1" bw="15" slack="0"/>
<pin id="115" dir="1" index="2" bw="15" slack="0"/>
</pin_list>
<bind>
<opcode="read(1150) " fcode="read"/>
<opset="data_8_val_read/1 "/>
</bind>
</comp>

<comp id="118" class="1004" name="data_7_val_read_read_fu_118">
<pin_list>
<pin id="119" dir="0" index="0" bw="15" slack="0"/>
<pin id="120" dir="0" index="1" bw="15" slack="0"/>
<pin id="121" dir="1" index="2" bw="15" slack="0"/>
</pin_list>
<bind>
<opcode="read(1150) " fcode="read"/>
<opset="data_7_val_read/1 "/>
</bind>
</comp>

<comp id="124" class="1004" name="data_6_val_read_read_fu_124">
<pin_list>
<pin id="125" dir="0" index="0" bw="15" slack="0"/>
<pin id="126" dir="0" index="1" bw="15" slack="0"/>
<pin id="127" dir="1" index="2" bw="15" slack="0"/>
</pin_list>
<bind>
<opcode="read(1150) " fcode="read"/>
<opset="data_6_val_read/1 "/>
</bind>
</comp>

<comp id="130" class="1004" name="data_5_val_read_read_fu_130">
<pin_list>
<pin id="131" dir="0" index="0" bw="15" slack="0"/>
<pin id="132" dir="0" index="1" bw="15" slack="0"/>
<pin id="133" dir="1" index="2" bw="15" slack="0"/>
</pin_list>
<bind>
<opcode="read(1150) " fcode="read"/>
<opset="data_5_val_read/1 "/>
</bind>
</comp>

<comp id="136" class="1004" name="data_4_val_read_read_fu_136">
<pin_list>
<pin id="137" dir="0" index="0" bw="15" slack="0"/>
<pin id="138" dir="0" index="1" bw="15" slack="0"/>
<pin id="139" dir="1" index="2" bw="15" slack="0"/>
</pin_list>
<bind>
<opcode="read(1150) " fcode="read"/>
<opset="data_4_val_read/1 "/>
</bind>
</comp>

<comp id="142" class="1004" name="data_3_val_read_read_fu_142">
<pin_list>
<pin id="143" dir="0" index="0" bw="15" slack="0"/>
<pin id="144" dir="0" index="1" bw="15" slack="0"/>
<pin id="145" dir="1" index="2" bw="15" slack="0"/>
</pin_list>
<bind>
<opcode="read(1150) " fcode="read"/>
<opset="data_3_val_read/1 "/>
</bind>
</comp>

<comp id="148" class="1004" name="data_2_val_read_read_fu_148">
<pin_list>
<pin id="149" dir="0" index="0" bw="15" slack="0"/>
<pin id="150" dir="0" index="1" bw="15" slack="0"/>
<pin id="151" dir="1" index="2" bw="15" slack="0"/>
</pin_list>
<bind>
<opcode="read(1150) " fcode="read"/>
<opset="data_2_val_read/1 "/>
</bind>
</comp>

<comp id="154" class="1004" name="data_1_val_read_read_fu_154">
<pin_list>
<pin id="155" dir="0" index="0" bw="15" slack="0"/>
<pin id="156" dir="0" index="1" bw="15" slack="0"/>
<pin id="157" dir="1" index="2" bw="15" slack="0"/>
</pin_list>
<bind>
<opcode="read(1150) " fcode="read"/>
<opset="data_1_val_read/1 "/>
</bind>
</comp>

<comp id="160" class="1004" name="data_0_val_read_read_fu_160">
<pin_list>
<pin id="161" dir="0" index="0" bw="15" slack="0"/>
<pin id="162" dir="0" index="1" bw="15" slack="0"/>
<pin id="163" dir="1" index="2" bw="15" slack="0"/>
</pin_list>
<bind>
<opcode="read(1150) " fcode="read"/>
<opset="data_0_val_read/1 "/>
</bind>
</comp>

<comp id="166" class="1004" name="shl_ln_fu_166">
<pin_list>
<pin id="167" dir="0" index="0" bw="16" slack="0"/>
<pin id="168" dir="0" index="1" bw="15" slack="0"/>
<pin id="169" dir="0" index="2" bw="1" slack="0"/>
<pin id="170" dir="1" index="3" bw="16" slack="0"/>
</pin_list>
<bind>
<opcode="bitconcatenate(1004) " fcode="bitconcatenate"/>
<opset="shl_ln/1 "/>
</bind>
</comp>

<comp id="174" class="1004" name="shl_ln54_1_fu_174">
<pin_list>
<pin id="175" dir="0" index="0" bw="16" slack="0"/>
<pin id="176" dir="0" index="1" bw="15" slack="0"/>
<pin id="177" dir="0" index="2" bw="1" slack="0"/>
<pin id="178" dir="1" index="3" bw="16" slack="0"/>
</pin_list>
<bind>
<opcode="bitconcatenate(1004) " fcode="bitconcatenate"/>
<opset="shl_ln54_1/1 "/>
</bind>
</comp>

<comp id="182" class="1004" name="shl_ln54_2_fu_182">
<pin_list>
<pin id="183" dir="0" index="0" bw="16" slack="0"/>
<pin id="184" dir="0" index="1" bw="15" slack="0"/>
<pin id="185" dir="0" index="2" bw="1" slack="0"/>
<pin id="186" dir="1" index="3" bw="16" slack="0"/>
</pin_list>
<bind>
<opcode="bitconcatenate(1004) " fcode="bitconcatenate"/>
<opset="shl_ln54_2/1 "/>
</bind>
</comp>

<comp id="190" class="1004" name="shl_ln54_3_fu_190">
<pin_list>
<pin id="191" dir="0" index="0" bw="16" slack="0"/>
<pin id="192" dir="0" index="1" bw="15" slack="0"/>
<pin id="193" dir="0" index="2" bw="1" slack="0"/>
<pin id="194" dir="1" index="3" bw="16" slack="0"/>
</pin_list>
<bind>
<opcode="bitconcatenate(1004) " fcode="bitconcatenate"/>
<opset="shl_ln54_3/1 "/>
</bind>
</comp>

<comp id="198" class="1004" name="shl_ln54_4_fu_198">
<pin_list>
<pin id="199" dir="0" index="0" bw="16" slack="0"/>
<pin id="200" dir="0" index="1" bw="15" slack="0"/>
<pin id="201" dir="0" index="2" bw="1" slack="0"/>
<pin id="202" dir="1" index="3" bw="16" slack="0"/>
</pin_list>
<bind>
<opcode="bitconcatenate(1004) " fcode="bitconcatenate"/>
<opset="shl_ln54_4/1 "/>
</bind>
</comp>

<comp id="206" class="1004" name="shl_ln54_5_fu_206">
<pin_list>
<pin id="207" dir="0" index="0" bw="16" slack="0"/>
<pin id="208" dir="0" index="1" bw="15" slack="0"/>
<pin id="209" dir="0" index="2" bw="1" slack="0"/>
<pin id="210" dir="1" index="3" bw="16" slack="0"/>
</pin_list>
<bind>
<opcode="bitconcatenate(1004) " fcode="bitconcatenate"/>
<opset="shl_ln54_5/1 "/>
</bind>
</comp>

<comp id="214" class="1004" name="shl_ln54_6_fu_214">
<pin_list>
<pin id="215" dir="0" index="0" bw="16" slack="0"/>
<pin id="216" dir="0" index="1" bw="15" slack="0"/>
<pin id="217" dir="0" index="2" bw="1" slack="0"/>
<pin id="218" dir="1" index="3" bw="16" slack="0"/>
</pin_list>
<bind>
<opcode="bitconcatenate(1004) " fcode="bitconcatenate"/>
<opset="shl_ln54_6/1 "/>
</bind>
</comp>

<comp id="222" class="1004" name="shl_ln54_7_fu_222">
<pin_list>
<pin id="223" dir="0" index="0" bw="16" slack="0"/>
<pin id="224" dir="0" index="1" bw="15" slack="0"/>
<pin id="225" dir="0" index="2" bw="1" slack="0"/>
<pin id="226" dir="1" index="3" bw="16" slack="0"/>
</pin_list>
<bind>
<opcode="bitconcatenate(1004) " fcode="bitconcatenate"/>
<opset="shl_ln54_7/1 "/>
</bind>
</comp>

<comp id="230" class="1004" name="shl_ln54_8_fu_230">
<pin_list>
<pin id="231" dir="0" index="0" bw="16" slack="0"/>
<pin id="232" dir="0" index="1" bw="15" slack="0"/>
<pin id="233" dir="0" index="2" bw="1" slack="0"/>
<pin id="234" dir="1" index="3" bw="16" slack="0"/>
</pin_list>
<bind>
<opcode="bitconcatenate(1004) " fcode="bitconcatenate"/>
<opset="shl_ln54_8/1 "/>
</bind>
</comp>

<comp id="238" class="1004" name="shl_ln54_9_fu_238">
<pin_list>
<pin id="239" dir="0" index="0" bw="16" slack="0"/>
<pin id="240" dir="0" index="1" bw="15" slack="0"/>
<pin id="241" dir="0" index="2" bw="1" slack="0"/>
<pin id="242" dir="1" index="3" bw="16" slack="0"/>
</pin_list>
<bind>
<opcode="bitconcatenate(1004) " fcode="bitconcatenate"/>
<opset="shl_ln54_9/1 "/>
</bind>
</comp>

<comp id="246" class="1004" name="shl_ln54_s_fu_246">
<pin_list>
<pin id="247" dir="0" index="0" bw="16" slack="0"/>
<pin id="248" dir="0" index="1" bw="15" slack="0"/>
<pin id="249" dir="0" index="2" bw="1" slack="0"/>
<pin id="250" dir="1" index="3" bw="16" slack="0"/>
</pin_list>
<bind>
<opcode="bitconcatenate(1004) " fcode="bitconcatenate"/>
<opset="shl_ln54_s/1 "/>
</bind>
</comp>

<comp id="254" class="1004" name="shl_ln54_10_fu_254">
<pin_list>
<pin id="255" dir="0" index="0" bw="16" slack="0"/>
<pin id="256" dir="0" index="1" bw="15" slack="0"/>
<pin id="257" dir="0" index="2" bw="1" slack="0"/>
<pin id="258" dir="1" index="3" bw="16" slack="0"/>
</pin_list>
<bind>
<opcode="bitconcatenate(1004) " fcode="bitconcatenate"/>
<opset="shl_ln54_10/1 "/>
</bind>
</comp>

<comp id="262" class="1004" name="trunc_ln_fu_262">
<pin_list>
<pin id="263" dir="0" index="0" bw="14" slack="0"/>
<pin id="264" dir="0" index="1" bw="16" slack="0"/>
<pin id="265" dir="0" index="2" bw="3" slack="0"/>
<pin id="266" dir="0" index="3" bw="5" slack="0"/>
<pin id="267" dir="1" index="4" bw="14" slack="0"/>
</pin_list>
<bind>
<opcode="partselect(1002) " fcode="partselect"/>
<opset="trunc_ln/1 "/>
</bind>
</comp>

<comp id="272" class="1004" name="sext_ln54_fu_272">
<pin_list>
<pin id="273" dir="0" index="0" bw="14" slack="0"/>
<pin id="274" dir="1" index="1" bw="16" slack="0"/>
</pin_list>
<bind>
<opcode="sext(35) " fcode="sext"/>
<opset="sext_ln54/1 "/>
</bind>
</comp>

<comp id="276" class="1004" name="shl_ln54_11_fu_276">
<pin_list>
<pin id="277" dir="0" index="0" bw="16" slack="0"/>
<pin id="278" dir="0" index="1" bw="15" slack="0"/>
<pin id="279" dir="0" index="2" bw="1" slack="0"/>
<pin id="280" dir="1" index="3" bw="16" slack="0"/>
</pin_list>
<bind>
<opcode="bitconcatenate(1004) " fcode="bitconcatenate"/>
<opset="shl_ln54_11/1 "/>
</bind>
</comp>

<comp id="284" class="1004" name="shl_ln54_12_fu_284">
<pin_list>
<pin id="285" dir="0" index="0" bw="16" slack="0"/>
<pin id="286" dir="0" index="1" bw="15" slack="0"/>
<pin id="287" dir="0" index="2" bw="1" slack="0"/>
<pin id="288" dir="1" index="3" bw="16" slack="0"/>
</pin_list>
<bind>
<opcode="bitconcatenate(1004) " fcode="bitconcatenate"/>
<opset="shl_ln54_12/1 "/>
</bind>
</comp>

<comp id="292" class="1004" name="shl_ln54_13_fu_292">
<pin_list>
<pin id="293" dir="0" index="0" bw="16" slack="0"/>
<pin id="294" dir="0" index="1" bw="15" slack="0"/>
<pin id="295" dir="0" index="2" bw="1" slack="0"/>
<pin id="296" dir="1" index="3" bw="16" slack="0"/>
</pin_list>
<bind>
<opcode="bitconcatenate(1004) " fcode="bitconcatenate"/>
<opset="shl_ln54_13/1 "/>
</bind>
</comp>

<comp id="300" class="1004" name="mrv_fu_300">
<pin_list>
<pin id="301" dir="0" index="0" bw="272" slack="0"/>
<pin id="302" dir="0" index="1" bw="16" slack="0"/>
<pin id="303" dir="1" index="2" bw="272" slack="0"/>
</pin_list>
<bind>
<opcode="insertvalue(57) " fcode="insertvalue"/>
<opset="mrv/1 "/>
</bind>
</comp>

<comp id="306" class="1004" name="mrv_1_fu_306">
<pin_list>
<pin id="307" dir="0" index="0" bw="272" slack="0"/>
<pin id="308" dir="0" index="1" bw="16" slack="0"/>
<pin id="309" dir="1" index="2" bw="272" slack="0"/>
</pin_list>
<bind>
<opcode="insertvalue(57) " fcode="insertvalue"/>
<opset="mrv_1/1 "/>
</bind>
</comp>

<comp id="312" class="1004" name="mrv_2_fu_312">
<pin_list>
<pin id="313" dir="0" index="0" bw="272" slack="0"/>
<pin id="314" dir="0" index="1" bw="16" slack="0"/>
<pin id="315" dir="1" index="2" bw="272" slack="0"/>
</pin_list>
<bind>
<opcode="insertvalue(57) " fcode="insertvalue"/>
<opset="mrv_2/1 "/>
</bind>
</comp>

<comp id="318" class="1004" name="mrv_3_fu_318">
<pin_list>
<pin id="319" dir="0" index="0" bw="272" slack="0"/>
<pin id="320" dir="0" index="1" bw="16" slack="0"/>
<pin id="321" dir="1" index="2" bw="272" slack="0"/>
</pin_list>
<bind>
<opcode="insertvalue(57) " fcode="insertvalue"/>
<opset="mrv_3/1 "/>
</bind>
</comp>

<comp id="324" class="1004" name="mrv_4_fu_324">
<pin_list>
<pin id="325" dir="0" index="0" bw="272" slack="0"/>
<pin id="326" dir="0" index="1" bw="16" slack="0"/>
<pin id="327" dir="1" index="2" bw="272" slack="0"/>
</pin_list>
<bind>
<opcode="insertvalue(57) " fcode="insertvalue"/>
<opset="mrv_4/1 "/>
</bind>
</comp>

<comp id="330" class="1004" name="mrv_5_fu_330">
<pin_list>
<pin id="331" dir="0" index="0" bw="272" slack="0"/>
<pin id="332" dir="0" index="1" bw="16" slack="0"/>
<pin id="333" dir="1" index="2" bw="272" slack="0"/>
</pin_list>
<bind>
<opcode="insertvalue(57) " fcode="insertvalue"/>
<opset="mrv_5/1 "/>
</bind>
</comp>

<comp id="336" class="1004" name="mrv_6_fu_336">
<pin_list>
<pin id="337" dir="0" index="0" bw="272" slack="0"/>
<pin id="338" dir="0" index="1" bw="16" slack="0"/>
<pin id="339" dir="1" index="2" bw="272" slack="0"/>
</pin_list>
<bind>
<opcode="insertvalue(57) " fcode="insertvalue"/>
<opset="mrv_6/1 "/>
</bind>
</comp>

<comp id="342" class="1004" name="mrv_7_fu_342">
<pin_list>
<pin id="343" dir="0" index="0" bw="272" slack="0"/>
<pin id="344" dir="0" index="1" bw="16" slack="0"/>
<pin id="345" dir="1" index="2" bw="272" slack="0"/>
</pin_list>
<bind>
<opcode="insertvalue(57) " fcode="insertvalue"/>
<opset="mrv_7/1 "/>
</bind>
</comp>

<comp id="348" class="1004" name="mrv_8_fu_348">
<pin_list>
<pin id="349" dir="0" index="0" bw="272" slack="0"/>
<pin id="350" dir="0" index="1" bw="16" slack="0"/>
<pin id="351" dir="1" index="2" bw="272" slack="0"/>
</pin_list>
<bind>
<opcode="insertvalue(57) " fcode="insertvalue"/>
<opset="mrv_8/1 "/>
</bind>
</comp>

<comp id="354" class="1004" name="mrv_9_fu_354">
<pin_list>
<pin id="355" dir="0" index="0" bw="272" slack="0"/>
<pin id="356" dir="0" index="1" bw="16" slack="0"/>
<pin id="357" dir="1" index="2" bw="272" slack="0"/>
</pin_list>
<bind>
<opcode="insertvalue(57) " fcode="insertvalue"/>
<opset="mrv_9/1 "/>
</bind>
</comp>

<comp id="360" class="1004" name="mrv_10_fu_360">
<pin_list>
<pin id="361" dir="0" index="0" bw="272" slack="0"/>
<pin id="362" dir="0" index="1" bw="16" slack="0"/>
<pin id="363" dir="1" index="2" bw="272" slack="0"/>
</pin_list>
<bind>
<opcode="insertvalue(57) " fcode="insertvalue"/>
<opset="mrv_10/1 "/>
</bind>
</comp>

<comp id="366" class="1004" name="mrv_11_fu_366">
<pin_list>
<pin id="367" dir="0" index="0" bw="272" slack="0"/>
<pin id="368" dir="0" index="1" bw="16" slack="0"/>
<pin id="369" dir="1" index="2" bw="272" slack="0"/>
</pin_list>
<bind>
<opcode="insertvalue(57) " fcode="insertvalue"/>
<opset="mrv_11/1 "/>
</bind>
</comp>

<comp id="372" class="1004" name="mrv_12_fu_372">
<pin_list>
<pin id="373" dir="0" index="0" bw="272" slack="0"/>
<pin id="374" dir="0" index="1" bw="14" slack="0"/>
<pin id="375" dir="1" index="2" bw="272" slack="0"/>
</pin_list>
<bind>
<opcode="insertvalue(57) " fcode="insertvalue"/>
<opset="mrv_12/1 "/>
</bind>
</comp>

<comp id="378" class="1004" name="mrv_13_fu_378">
<pin_list>
<pin id="379" dir="0" index="0" bw="272" slack="0"/>
<pin id="380" dir="0" index="1" bw="16" slack="0"/>
<pin id="381" dir="1" index="2" bw="272" slack="0"/>
</pin_list>
<bind>
<opcode="insertvalue(57) " fcode="insertvalue"/>
<opset="mrv_13/1 "/>
</bind>
</comp>

<comp id="384" class="1004" name="mrv_14_fu_384">
<pin_list>
<pin id="385" dir="0" index="0" bw="272" slack="0"/>
<pin id="386" dir="0" index="1" bw="16" slack="0"/>
<pin id="387" dir="1" index="2" bw="272" slack="0"/>
</pin_list>
<bind>
<opcode="insertvalue(57) " fcode="insertvalue"/>
<opset="mrv_14/1 "/>
</bind>
</comp>

<comp id="390" class="1004" name="mrv_15_fu_390">
<pin_list>
<pin id="391" dir="0" index="0" bw="272" slack="0"/>
<pin id="392" dir="0" index="1" bw="16" slack="0"/>
<pin id="393" dir="1" index="2" bw="272" slack="0"/>
</pin_list>
<bind>
<opcode="insertvalue(57) " fcode="insertvalue"/>
<opset="mrv_15/1 "/>
</bind>
</comp>

<comp id="396" class="1004" name="mrv_16_fu_396">
<pin_list>
<pin id="397" dir="0" index="0" bw="272" slack="0"/>
<pin id="398" dir="0" index="1" bw="16" slack="0"/>
<pin id="399" dir="1" index="2" bw="272" slack="2147483647"/>
</pin_list>
<bind>
<opcode="insertvalue(57) " fcode="insertvalue"/>
<opset="mrv_16/1 "/>
</bind>
</comp>

</comp_list>

<net_list>
<net id="68"><net_src comp="48" pin="0"/><net_sink comp="64" pin=0"/></net>

<net id="69"><net_src comp="32" pin="0"/><net_sink comp="64" pin=1"/></net>

<net id="74"><net_src comp="50" pin="0"/><net_sink comp="70" pin=0"/></net>

<net id="75"><net_src comp="30" pin="0"/><net_sink comp="70" pin=1"/></net>

<net id="80"><net_src comp="48" pin="0"/><net_sink comp="76" pin=0"/></net>

<net id="81"><net_src comp="28" pin="0"/><net_sink comp="76" pin=1"/></net>

<net id="86"><net_src comp="48" pin="0"/><net_sink comp="82" pin=0"/></net>

<net id="87"><net_src comp="26" pin="0"/><net_sink comp="82" pin=1"/></net>

<net id="92"><net_src comp="50" pin="0"/><net_sink comp="88" pin=0"/></net>

<net id="93"><net_src comp="24" pin="0"/><net_sink comp="88" pin=1"/></net>

<net id="98"><net_src comp="48" pin="0"/><net_sink comp="94" pin=0"/></net>

<net id="99"><net_src comp="22" pin="0"/><net_sink comp="94" pin=1"/></net>

<net id="104"><net_src comp="48" pin="0"/><net_sink comp="100" pin=0"/></net>

<net id="105"><net_src comp="20" pin="0"/><net_sink comp="100" pin=1"/></net>

<net id="110"><net_src comp="48" pin="0"/><net_sink comp="106" pin=0"/></net>

<net id="111"><net_src comp="18" pin="0"/><net_sink comp="106" pin=1"/></net>

<net id="116"><net_src comp="48" pin="0"/><net_sink comp="112" pin=0"/></net>

<net id="117"><net_src comp="16" pin="0"/><net_sink comp="112" pin=1"/></net>

<net id="122"><net_src comp="48" pin="0"/><net_sink comp="118" pin=0"/></net>

<net id="123"><net_src comp="14" pin="0"/><net_sink comp="118" pin=1"/></net>

<net id="128"><net_src comp="48" pin="0"/><net_sink comp="124" pin=0"/></net>

<net id="129"><net_src comp="12" pin="0"/><net_sink comp="124" pin=1"/></net>

<net id="134"><net_src comp="48" pin="0"/><net_sink comp="130" pin=0"/></net>

<net id="135"><net_src comp="10" pin="0"/><net_sink comp="130" pin=1"/></net>

<net id="140"><net_src comp="48" pin="0"/><net_sink comp="136" pin=0"/></net>

<net id="141"><net_src comp="8" pin="0"/><net_sink comp="136" pin=1"/></net>

<net id="146"><net_src comp="48" pin="0"/><net_sink comp="142" pin=0"/></net>

<net id="147"><net_src comp="6" pin="0"/><net_sink comp="142" pin=1"/></net>

<net id="152"><net_src comp="48" pin="0"/><net_sink comp="148" pin=0"/></net>

<net id="153"><net_src comp="4" pin="0"/><net_sink comp="148" pin=1"/></net>

<net id="158"><net_src comp="48" pin="0"/><net_sink comp="154" pin=0"/></net>

<net id="159"><net_src comp="2" pin="0"/><net_sink comp="154" pin=1"/></net>

<net id="164"><net_src comp="48" pin="0"/><net_sink comp="160" pin=0"/></net>

<net id="165"><net_src comp="0" pin="0"/><net_sink comp="160" pin=1"/></net>

<net id="171"><net_src comp="52" pin="0"/><net_sink comp="166" pin=0"/></net>

<net id="172"><net_src comp="160" pin="2"/><net_sink comp="166" pin=1"/></net>

<net id="173"><net_src comp="54" pin="0"/><net_sink comp="166" pin=2"/></net>

<net id="179"><net_src comp="52" pin="0"/><net_sink comp="174" pin=0"/></net>

<net id="180"><net_src comp="154" pin="2"/><net_sink comp="174" pin=1"/></net>

<net id="181"><net_src comp="54" pin="0"/><net_sink comp="174" pin=2"/></net>

<net id="187"><net_src comp="52" pin="0"/><net_sink comp="182" pin=0"/></net>

<net id="188"><net_src comp="148" pin="2"/><net_sink comp="182" pin=1"/></net>

<net id="189"><net_src comp="54" pin="0"/><net_sink comp="182" pin=2"/></net>

<net id="195"><net_src comp="52" pin="0"/><net_sink comp="190" pin=0"/></net>

<net id="196"><net_src comp="142" pin="2"/><net_sink comp="190" pin=1"/></net>

<net id="197"><net_src comp="54" pin="0"/><net_sink comp="190" pin=2"/></net>

<net id="203"><net_src comp="52" pin="0"/><net_sink comp="198" pin=0"/></net>

<net id="204"><net_src comp="136" pin="2"/><net_sink comp="198" pin=1"/></net>

<net id="205"><net_src comp="54" pin="0"/><net_sink comp="198" pin=2"/></net>

<net id="211"><net_src comp="52" pin="0"/><net_sink comp="206" pin=0"/></net>

<net id="212"><net_src comp="130" pin="2"/><net_sink comp="206" pin=1"/></net>

<net id="213"><net_src comp="54" pin="0"/><net_sink comp="206" pin=2"/></net>

<net id="219"><net_src comp="52" pin="0"/><net_sink comp="214" pin=0"/></net>

<net id="220"><net_src comp="124" pin="2"/><net_sink comp="214" pin=1"/></net>

<net id="221"><net_src comp="54" pin="0"/><net_sink comp="214" pin=2"/></net>

<net id="227"><net_src comp="52" pin="0"/><net_sink comp="222" pin=0"/></net>

<net id="228"><net_src comp="118" pin="2"/><net_sink comp="222" pin=1"/></net>

<net id="229"><net_src comp="54" pin="0"/><net_sink comp="222" pin=2"/></net>

<net id="235"><net_src comp="52" pin="0"/><net_sink comp="230" pin=0"/></net>

<net id="236"><net_src comp="112" pin="2"/><net_sink comp="230" pin=1"/></net>

<net id="237"><net_src comp="54" pin="0"/><net_sink comp="230" pin=2"/></net>

<net id="243"><net_src comp="52" pin="0"/><net_sink comp="238" pin=0"/></net>

<net id="244"><net_src comp="106" pin="2"/><net_sink comp="238" pin=1"/></net>

<net id="245"><net_src comp="54" pin="0"/><net_sink comp="238" pin=2"/></net>

<net id="251"><net_src comp="52" pin="0"/><net_sink comp="246" pin=0"/></net>

<net id="252"><net_src comp="100" pin="2"/><net_sink comp="246" pin=1"/></net>

<net id="253"><net_src comp="54" pin="0"/><net_sink comp="246" pin=2"/></net>

<net id="259"><net_src comp="52" pin="0"/><net_sink comp="254" pin=0"/></net>

<net id="260"><net_src comp="94" pin="2"/><net_sink comp="254" pin=1"/></net>

<net id="261"><net_src comp="54" pin="0"/><net_sink comp="254" pin=2"/></net>

<net id="268"><net_src comp="56" pin="0"/><net_sink comp="262" pin=0"/></net>

<net id="269"><net_src comp="88" pin="2"/><net_sink comp="262" pin=1"/></net>

<net id="270"><net_src comp="58" pin="0"/><net_sink comp="262" pin=2"/></net>

<net id="271"><net_src comp="60" pin="0"/><net_sink comp="262" pin=3"/></net>

<net id="275"><net_src comp="262" pin="4"/><net_sink comp="272" pin=0"/></net>

<net id="281"><net_src comp="52" pin="0"/><net_sink comp="276" pin=0"/></net>

<net id="282"><net_src comp="82" pin="2"/><net_sink comp="276" pin=1"/></net>

<net id="283"><net_src comp="54" pin="0"/><net_sink comp="276" pin=2"/></net>

<net id="289"><net_src comp="52" pin="0"/><net_sink comp="284" pin=0"/></net>

<net id="290"><net_src comp="76" pin="2"/><net_sink comp="284" pin=1"/></net>

<net id="291"><net_src comp="54" pin="0"/><net_sink comp="284" pin=2"/></net>

<net id="297"><net_src comp="52" pin="0"/><net_sink comp="292" pin=0"/></net>

<net id="298"><net_src comp="64" pin="2"/><net_sink comp="292" pin=1"/></net>

<net id="299"><net_src comp="54" pin="0"/><net_sink comp="292" pin=2"/></net>

<net id="304"><net_src comp="62" pin="0"/><net_sink comp="300" pin=0"/></net>

<net id="305"><net_src comp="166" pin="3"/><net_sink comp="300" pin=1"/></net>

<net id="310"><net_src comp="300" pin="2"/><net_sink comp="306" pin=0"/></net>

<net id="311"><net_src comp="174" pin="3"/><net_sink comp="306" pin=1"/></net>

<net id="316"><net_src comp="306" pin="2"/><net_sink comp="312" pin=0"/></net>

<net id="317"><net_src comp="182" pin="3"/><net_sink comp="312" pin=1"/></net>

<net id="322"><net_src comp="312" pin="2"/><net_sink comp="318" pin=0"/></net>

<net id="323"><net_src comp="190" pin="3"/><net_sink comp="318" pin=1"/></net>

<net id="328"><net_src comp="318" pin="2"/><net_sink comp="324" pin=0"/></net>

<net id="329"><net_src comp="198" pin="3"/><net_sink comp="324" pin=1"/></net>

<net id="334"><net_src comp="324" pin="2"/><net_sink comp="330" pin=0"/></net>

<net id="335"><net_src comp="206" pin="3"/><net_sink comp="330" pin=1"/></net>

<net id="340"><net_src comp="330" pin="2"/><net_sink comp="336" pin=0"/></net>

<net id="341"><net_src comp="214" pin="3"/><net_sink comp="336" pin=1"/></net>

<net id="346"><net_src comp="336" pin="2"/><net_sink comp="342" pin=0"/></net>

<net id="347"><net_src comp="222" pin="3"/><net_sink comp="342" pin=1"/></net>

<net id="352"><net_src comp="342" pin="2"/><net_sink comp="348" pin=0"/></net>

<net id="353"><net_src comp="230" pin="3"/><net_sink comp="348" pin=1"/></net>

<net id="358"><net_src comp="348" pin="2"/><net_sink comp="354" pin=0"/></net>

<net id="359"><net_src comp="238" pin="3"/><net_sink comp="354" pin=1"/></net>

<net id="364"><net_src comp="354" pin="2"/><net_sink comp="360" pin=0"/></net>

<net id="365"><net_src comp="246" pin="3"/><net_sink comp="360" pin=1"/></net>

<net id="370"><net_src comp="360" pin="2"/><net_sink comp="366" pin=0"/></net>

<net id="371"><net_src comp="254" pin="3"/><net_sink comp="366" pin=1"/></net>

<net id="376"><net_src comp="366" pin="2"/><net_sink comp="372" pin=0"/></net>

<net id="377"><net_src comp="272" pin="1"/><net_sink comp="372" pin=1"/></net>

<net id="382"><net_src comp="372" pin="2"/><net_sink comp="378" pin=0"/></net>

<net id="383"><net_src comp="276" pin="3"/><net_sink comp="378" pin=1"/></net>

<net id="388"><net_src comp="378" pin="2"/><net_sink comp="384" pin=0"/></net>

<net id="389"><net_src comp="284" pin="3"/><net_sink comp="384" pin=1"/></net>

<net id="394"><net_src comp="384" pin="2"/><net_sink comp="390" pin=0"/></net>

<net id="395"><net_src comp="70" pin="2"/><net_sink comp="390" pin=1"/></net>

<net id="400"><net_src comp="390" pin="2"/><net_sink comp="396" pin=0"/></net>

<net id="401"><net_src comp="292" pin="3"/><net_sink comp="396" pin=1"/></net>

</net_list>

</model> 
---------------- Datapath Model END ------------------

* FSMD analyzer results:
  - Output states:
 - Input state : 
	Port: normalize<ap_fixed<16, 6, 5, 3, 0>, ap_fixed<16, 6, 5, 3, 0>, config22> : data_0_val | {1 }
	Port: normalize<ap_fixed<16, 6, 5, 3, 0>, ap_fixed<16, 6, 5, 3, 0>, config22> : data_1_val | {1 }
	Port: normalize<ap_fixed<16, 6, 5, 3, 0>, ap_fixed<16, 6, 5, 3, 0>, config22> : data_2_val | {1 }
	Port: normalize<ap_fixed<16, 6, 5, 3, 0>, ap_fixed<16, 6, 5, 3, 0>, config22> : data_3_val | {1 }
	Port: normalize<ap_fixed<16, 6, 5, 3, 0>, ap_fixed<16, 6, 5, 3, 0>, config22> : data_4_val | {1 }
	Port: normalize<ap_fixed<16, 6, 5, 3, 0>, ap_fixed<16, 6, 5, 3, 0>, config22> : data_5_val | {1 }
	Port: normalize<ap_fixed<16, 6, 5, 3, 0>, ap_fixed<16, 6, 5, 3, 0>, config22> : data_6_val | {1 }
	Port: normalize<ap_fixed<16, 6, 5, 3, 0>, ap_fixed<16, 6, 5, 3, 0>, config22> : data_7_val | {1 }
	Port: normalize<ap_fixed<16, 6, 5, 3, 0>, ap_fixed<16, 6, 5, 3, 0>, config22> : data_8_val | {1 }
	Port: normalize<ap_fixed<16, 6, 5, 3, 0>, ap_fixed<16, 6, 5, 3, 0>, config22> : data_9_val | {1 }
	Port: normalize<ap_fixed<16, 6, 5, 3, 0>, ap_fixed<16, 6, 5, 3, 0>, config22> : data_10_val | {1 }
	Port: normalize<ap_fixed<16, 6, 5, 3, 0>, ap_fixed<16, 6, 5, 3, 0>, config22> : data_11_val | {1 }
	Port: normalize<ap_fixed<16, 6, 5, 3, 0>, ap_fixed<16, 6, 5, 3, 0>, config22> : data_12_val | {1 }
	Port: normalize<ap_fixed<16, 6, 5, 3, 0>, ap_fixed<16, 6, 5, 3, 0>, config22> : data_13_val | {1 }
	Port: normalize<ap_fixed<16, 6, 5, 3, 0>, ap_fixed<16, 6, 5, 3, 0>, config22> : data_14_val | {1 }
	Port: normalize<ap_fixed<16, 6, 5, 3, 0>, ap_fixed<16, 6, 5, 3, 0>, config22> : data_15_val | {1 }
	Port: normalize<ap_fixed<16, 6, 5, 3, 0>, ap_fixed<16, 6, 5, 3, 0>, config22> : data_16_val | {1 }
  - Chain level:
	State 1
		sext_ln54 : 1
		mrv : 1
		mrv_1 : 2
		mrv_2 : 3
		mrv_3 : 4
		mrv_4 : 5
		mrv_5 : 6
		mrv_6 : 7
		mrv_7 : 8
		mrv_8 : 9
		mrv_9 : 10
		mrv_10 : 11
		mrv_11 : 12
		mrv_12 : 13
		mrv_13 : 14
		mrv_14 : 15
		mrv_15 : 16
		mrv_16 : 17
		ret_ln63 : 18


============================================================
+ Verbose Summary: Datapath Resource usage 
============================================================

* Functional unit list:
|----------|------------------------------|
| Operation|        Functional Unit       |
|----------|------------------------------|
|          |  data_16_val_read_read_fu_64 |
|          |  data_15_val_read_read_fu_70 |
|          |  data_14_val_read_read_fu_76 |
|          |  data_13_val_read_read_fu_82 |
|          |  data_12_val_read_read_fu_88 |
|          |  data_11_val_read_read_fu_94 |
|          | data_10_val_read_read_fu_100 |
|          |  data_9_val_read_read_fu_106 |
|   read   |  data_8_val_read_read_fu_112 |
|          |  data_7_val_read_read_fu_118 |
|          |  data_6_val_read_read_fu_124 |
|          |  data_5_val_read_read_fu_130 |
|          |  data_4_val_read_read_fu_136 |
|          |  data_3_val_read_read_fu_142 |
|          |  data_2_val_read_read_fu_148 |
|          |  data_1_val_read_read_fu_154 |
|          |  data_0_val_read_read_fu_160 |
|----------|------------------------------|
|          |         shl_ln_fu_166        |
|          |       shl_ln54_1_fu_174      |
|          |       shl_ln54_2_fu_182      |
|          |       shl_ln54_3_fu_190      |
|          |       shl_ln54_4_fu_198      |
|          |       shl_ln54_5_fu_206      |
|          |       shl_ln54_6_fu_214      |
|bitconcatenate|       shl_ln54_7_fu_222      |
|          |       shl_ln54_8_fu_230      |
|          |       shl_ln54_9_fu_238      |
|          |       shl_ln54_s_fu_246      |
|          |      shl_ln54_10_fu_254      |
|          |      shl_ln54_11_fu_276      |
|          |      shl_ln54_12_fu_284      |
|          |      shl_ln54_13_fu_292      |
|----------|------------------------------|
|partselect|        trunc_ln_fu_262       |
|----------|------------------------------|
|   sext   |       sext_ln54_fu_272       |
|----------|------------------------------|
|          |          mrv_fu_300          |
|          |         mrv_1_fu_306         |
|          |         mrv_2_fu_312         |
|          |         mrv_3_fu_318         |
|          |         mrv_4_fu_324         |
|          |         mrv_5_fu_330         |
|          |         mrv_6_fu_336         |
|          |         mrv_7_fu_342         |
|insertvalue|         mrv_8_fu_348         |
|          |         mrv_9_fu_354         |
|          |         mrv_10_fu_360        |
|          |         mrv_11_fu_366        |
|          |         mrv_12_fu_372        |
|          |         mrv_13_fu_378        |
|          |         mrv_14_fu_384        |
|          |         mrv_15_fu_390        |
|          |         mrv_16_fu_396        |
|----------|------------------------------|
|   Total  |                              |
|----------|------------------------------|

Memories:
N/A

* Register list:
N/A

* Multiplexer (MUX) list: 
|--------|------|------|------|--------|
|  Comp  |  Pin | Size |  BW  | S x BW |
|--------|------|------|------|--------|
|  Total |      |      |      |    0   |
|--------|------|------|------|--------|



* Summary:
+-----------+
|           |
+-----------+
|  Function |
|   Memory  |
|Multiplexer|
|  Register |
+-----------+
|   Total   |
+-----------+
