

================================================================
== Vitis HLS Report for 'normalize_ap_fixed_16_6_5_3_0_ap_fixed_16_6_5_3_0_config22_s'
================================================================
* Date:           Mon Oct 20 15:01:54 2025

* Version:        2024.1 (Build 5069499 on May 21 2024)
* Project:        myproject_prj
* Solution:       solution1 (Vivado IP Flow Target)
* Product family: zynq
* Target device:  xc7z020-clg400-1


================================================================
== Performance Estimates
================================================================
+ Timing: 
    * Summary: 
    +--------+---------+----------+------------+
    |  Clock |  Target | Estimated| Uncertainty|
    +--------+---------+----------+------------+
    |ap_clk  |  5.00 ns|      0 ns|     0.62 ns|
    +--------+---------+----------+------------+

+ Latency: 
    * Summary: 
    +---------+---------+----------+----------+-----+-----+---------+
    |  Latency (cycles) |  Latency (absolute) |  Interval | Pipeline|
    |   min   |   max   |    min   |    max   | min | max |   Type  |
    +---------+---------+----------+----------+-----+-----+---------+
    |        0|        0|      0 ns|      0 ns|    1|    1|      yes|
    +---------+---------+----------+----------+-----+-----+---------+

    + Detail: 
        * Instance: 
        N/A

        * Loop: 
        N/A

============================================================
+ Verbose Summary: Synthesis Manager
============================================================
InlineROM: 1
ExposeGlobal: 0
============================================================
+ Verbose Summary: CDFG Model
============================================================
IsTopModel: 0
ResetActiveHigh: 1
IsCombinational: 0
IsDatapathOnly: 0
HasWiredReturn: 1
HasMFsm: 2
HasVarLatency: 0
IsPipeline: 1
IsRtlPipelined: 0
IsInstanceOverlapped: 0
IsDontTouch: 0
HasImplIP: 0
IsGatedGlobalClock: 0

+ Individual pipeline summary: 
  * Pipeline-0: initiation interval (II) = 1, depth = 1


============================================================
+ Verbose Summary: Schedule
============================================================
* Number of FSM states : 1
* Pipeline : 1
  Pipeline-0 : II = 1, D = 1, States = { 1 }
* Dataflow Pipeline: 0

* FSM state transitions: 
1 --> 

* FSM state operations: 

State 1 <SV = 0> <Delay = 0.00>
ST_1 : Operation 2 [1/1] (0.00ns)   --->   "%specpipeline_ln48 = specpipeline void @_ssdm_op_SpecPipeline, i32 1, i32 0, i32 0, i32 0, void @empty_0" [firmware/nnet_utils/nnet_batchnorm.h:48]   --->   Operation 2 'specpipeline' 'specpipeline_ln48' <Predicate = true> <Delay = 0.00>
ST_1 : Operation 3 [1/1] (0.00ns)   --->   "%specresourcelimit_ln48 = specresourcelimit void @_ssdm_op_SpecResourceLimit, i64 17, void @empty_1, void @empty_0, void @empty_0, void @empty_0" [firmware/nnet_utils/nnet_batchnorm.h:48]   --->   Operation 3 'specresourcelimit' 'specresourcelimit_ln48' <Predicate = true> <Delay = 0.00>
ST_1 : Operation 4 [1/1] (0.00ns)   --->   "%data_16_val_read = read i15 @_ssdm_op_Read.ap_auto.i15, i15 %data_16_val" [firmware/nnet_utils/nnet_batchnorm.h:54]   --->   Operation 4 'read' 'data_16_val_read' <Predicate = true> <Delay = 0.00>
ST_1 : Operation 5 [1/1] (0.00ns)   --->   "%data_15_val_read = read i16 @_ssdm_op_Read.ap_auto.i16, i16 %data_15_val" [firmware/nnet_utils/nnet_batchnorm.h:54]   --->   Operation 5 'read' 'data_15_val_read' <Predicate = true> <Delay = 0.00>
ST_1 : Operation 6 [1/1] (0.00ns)   --->   "%data_14_val_read = read i15 @_ssdm_op_Read.ap_auto.i15, i15 %data_14_val" [firmware/nnet_utils/nnet_batchnorm.h:54]   --->   Operation 6 'read' 'data_14_val_read' <Predicate = true> <Delay = 0.00>
ST_1 : Operation 7 [1/1] (0.00ns)   --->   "%data_13_val_read = read i15 @_ssdm_op_Read.ap_auto.i15, i15 %data_13_val" [firmware/nnet_utils/nnet_batchnorm.h:54]   --->   Operation 7 'read' 'data_13_val_read' <Predicate = true> <Delay = 0.00>
ST_1 : Operation 8 [1/1] (0.00ns)   --->   "%data_12_val_read = read i16 @_ssdm_op_Read.ap_auto.i16, i16 %data_12_val" [firmware/nnet_utils/nnet_batchnorm.h:54]   --->   Operation 8 'read' 'data_12_val_read' <Predicate = true> <Delay = 0.00>
ST_1 : Operation 9 [1/1] (0.00ns)   --->   "%data_11_val_read = read i15 @_ssdm_op_Read.ap_auto.i15, i15 %data_11_val" [firmware/nnet_utils/nnet_batchnorm.h:54]   --->   Operation 9 'read' 'data_11_val_read' <Predicate = true> <Delay = 0.00>
ST_1 : Operation 10 [1/1] (0.00ns)   --->   "%data_10_val_read = read i15 @_ssdm_op_Read.ap_auto.i15, i15 %data_10_val" [firmware/nnet_utils/nnet_batchnorm.h:54]   --->   Operation 10 'read' 'data_10_val_read' <Predicate = true> <Delay = 0.00>
ST_1 : Operation 11 [1/1] (0.00ns)   --->   "%data_9_val_read = read i15 @_ssdm_op_Read.ap_auto.i15, i15 %data_9_val" [firmware/nnet_utils/nnet_batchnorm.h:54]   --->   Operation 11 'read' 'data_9_val_read' <Predicate = true> <Delay = 0.00>
ST_1 : Operation 12 [1/1] (0.00ns)   --->   "%data_8_val_read = read i15 @_ssdm_op_Read.ap_auto.i15, i15 %data_8_val" [firmware/nnet_utils/nnet_batchnorm.h:54]   --->   Operation 12 'read' 'data_8_val_read' <Predicate = true> <Delay = 0.00>
ST_1 : Operation 13 [1/1] (0.00ns)   --->   "%data_7_val_read = read i15 @_ssdm_op_Read.ap_auto.i15, i15 %data_7_val" [firmware/nnet_utils/nnet_batchnorm.h:54]   --->   Operation 13 'read' 'data_7_val_read' <Predicate = true> <Delay = 0.00>
ST_1 : Operation 14 [1/1] (0.00ns)   --->   "%data_6_val_read = read i15 @_ssdm_op_Read.ap_auto.i15, i15 %data_6_val" [firmware/nnet_utils/nnet_batchnorm.h:54]   --->   Operation 14 'read' 'data_6_val_read' <Predicate = true> <Delay = 0.00>
ST_1 : Operation 15 [1/1] (0.00ns)   --->   "%data_5_val_read = read i15 @_ssdm_op_Read.ap_auto.i15, i15 %data_5_val" [firmware/nnet_utils/nnet_batchnorm.h:54]   --->   Operation 15 'read' 'data_5_val_read' <Predicate = true> <Delay = 0.00>
ST_1 : Operation 16 [1/1] (0.00ns)   --->   "%data_4_val_read = read i15 @_ssdm_op_Read.ap_auto.i15, i15 %data_4_val" [firmware/nnet_utils/nnet_batchnorm.h:54]   --->   Operation 16 'read' 'data_4_val_read' <Predicate = true> <Delay = 0.00>
ST_1 : Operation 17 [1/1] (0.00ns)   --->   "%data_3_val_read = read i15 @_ssdm_op_Read.ap_auto.i15, i15 %data_3_val" [firmware/nnet_utils/nnet_batchnorm.h:54]   --->   Operation 17 'read' 'data_3_val_read' <Predicate = true> <Delay = 0.00>
ST_1 : Operation 18 [1/1] (0.00ns)   --->   "%data_2_val_read = read i15 @_ssdm_op_Read.ap_auto.i15, i15 %data_2_val" [firmware/nnet_utils/nnet_batchnorm.h:54]   --->   Operation 18 'read' 'data_2_val_read' <Predicate = true> <Delay = 0.00>
ST_1 : Operation 19 [1/1] (0.00ns)   --->   "%data_1_val_read = read i15 @_ssdm_op_Read.ap_auto.i15, i15 %data_1_val" [firmware/nnet_utils/nnet_batchnorm.h:54]   --->   Operation 19 'read' 'data_1_val_read' <Predicate = true> <Delay = 0.00>
ST_1 : Operation 20 [1/1] (0.00ns)   --->   "%data_0_val_read = read i15 @_ssdm_op_Read.ap_auto.i15, i15 %data_0_val" [firmware/nnet_utils/nnet_batchnorm.h:54]   --->   Operation 20 'read' 'data_0_val_read' <Predicate = true> <Delay = 0.00>
ST_1 : Operation 21 [1/1] (0.00ns)   --->   "%shl_ln = bitconcatenate i16 @_ssdm_op_BitConcatenate.i16.i15.i1, i15 %data_0_val_read, i1 0" [firmware/nnet_utils/nnet_batchnorm.h:54]   --->   Operation 21 'bitconcatenate' 'shl_ln' <Predicate = true> <Delay = 0.00>
ST_1 : Operation 22 [1/1] (0.00ns)   --->   "%shl_ln54_1 = bitconcatenate i16 @_ssdm_op_BitConcatenate.i16.i15.i1, i15 %data_1_val_read, i1 0" [firmware/nnet_utils/nnet_batchnorm.h:54]   --->   Operation 22 'bitconcatenate' 'shl_ln54_1' <Predicate = true> <Delay = 0.00>
ST_1 : Operation 23 [1/1] (0.00ns)   --->   "%shl_ln54_2 = bitconcatenate i16 @_ssdm_op_BitConcatenate.i16.i15.i1, i15 %data_2_val_read, i1 0" [firmware/nnet_utils/nnet_batchnorm.h:54]   --->   Operation 23 'bitconcatenate' 'shl_ln54_2' <Predicate = true> <Delay = 0.00>
ST_1 : Operation 24 [1/1] (0.00ns)   --->   "%shl_ln54_3 = bitconcatenate i16 @_ssdm_op_BitConcatenate.i16.i15.i1, i15 %data_3_val_read, i1 0" [firmware/nnet_utils/nnet_batchnorm.h:54]   --->   Operation 24 'bitconcatenate' 'shl_ln54_3' <Predicate = true> <Delay = 0.00>
ST_1 : Operation 25 [1/1] (0.00ns)   --->   "%shl_ln54_4 = bitconcatenate i16 @_ssdm_op_BitConcatenate.i16.i15.i1, i15 %data_4_val_read, i1 0" [firmware/nnet_utils/nnet_batchnorm.h:54]   --->   Operation 25 'bitconcatenate' 'shl_ln54_4' <Predicate = true> <Delay = 0.00>
ST_1 : Operation 26 [1/1] (0.00ns)   --->   "%shl_ln54_5 = bitconcatenate i16 @_ssdm_op_BitConcatenate.i16.i15.i1, i15 %data_5_val_read, i1 0" [firmware/nnet_utils/nnet_batchnorm.h:54]   --->   Operation 26 'bitconcatenate' 'shl_ln54_5' <Predicate = true> <Delay = 0.00>
ST_1 : Operation 27 [1/1] (0.00ns)   --->   "%shl_ln54_6 = bitconcatenate i16 @_ssdm_op_BitConcatenate.i16.i15.i1, i15 %data_6_val_read, i1 0" [firmware/nnet_utils/nnet_batchnorm.h:54]   --->   Operation 27 'bitconcatenate' 'shl_ln54_6' <Predicate = true> <Delay = 0.00>
ST_1 : Operation 28 [1/1] (0.00ns)   --->   "%shl_ln54_7 = bitconcatenate i16 @_ssdm_op_BitConcatenate.i16.i15.i1, i15 %data_7_val_read, i1 0" [firmware/nnet_utils/nnet_batchnorm.h:54]   --->   Operation 28 'bitconcatenate' 'shl_ln54_7' <Predicate = true> <Delay = 0.00>
ST_1 : Operation 29 [1/1] (0.00ns)   --->   "%shl_ln54_8 = bitconcatenate i16 @_ssdm_op_BitConcatenate.i16.i15.i1, i15 %data_8_val_read, i1 0" [firmware/nnet_utils/nnet_batchnorm.h:54]   --->   Operation 29 'bitconcatenate' 'shl_ln54_8' <Predicate = true> <Delay = 0.00>
ST_1 : Operation 30 [1/1] (0.00ns)   --->   "%shl_ln54_9 = bitconcatenate i16 @_ssdm_op_BitConcatenate.i16.i15.i1, i15 %data_9_val_read, i1 0" [firmware/nnet_utils/nnet_batchnorm.h:54]   --->   Operation 30 'bitconcatenate' 'shl_ln54_9' <Predicate = true> <Delay = 0.00>
ST_1 : Operation 31 [1/1] (0.00ns)   --->   "%shl_ln54_s = bitconcatenate i16 @_ssdm_op_BitConcatenate.i16.i15.i1, i15 %data_10_val_read, i1 0" [firmware/nnet_utils/nnet_batchnorm.h:54]   --->   Operation 31 'bitconcatenate' 'shl_ln54_s' <Predicate = true> <Delay = 0.00>
ST_1 : Operation 32 [1/1] (0.00ns)   --->   "%shl_ln54_10 = bitconcatenate i16 @_ssdm_op_BitConcatenate.i16.i15.i1, i15 %data_11_val_read, i1 0" [firmware/nnet_utils/nnet_batchnorm.h:54]   --->   Operation 32 'bitconcatenate' 'shl_ln54_10' <Predicate = true> <Delay = 0.00>
ST_1 : Operation 33 [1/1] (0.00ns)   --->   "%trunc_ln = partselect i14 @_ssdm_op_PartSelect.i14.i16.i32.i32, i16 %data_12_val_read, i32 2, i32 15" [firmware/nnet_utils/nnet_batchnorm.h:54]   --->   Operation 33 'partselect' 'trunc_ln' <Predicate = true> <Delay = 0.00>
ST_1 : Operation 34 [1/1] (0.00ns)   --->   "%sext_ln54 = sext i14 %trunc_ln" [firmware/nnet_utils/nnet_batchnorm.h:54]   --->   Operation 34 'sext' 'sext_ln54' <Predicate = true> <Delay = 0.00>
ST_1 : Operation 35 [1/1] (0.00ns)   --->   "%shl_ln54_11 = bitconcatenate i16 @_ssdm_op_BitConcatenate.i16.i15.i1, i15 %data_13_val_read, i1 0" [firmware/nnet_utils/nnet_batchnorm.h:54]   --->   Operation 35 'bitconcatenate' 'shl_ln54_11' <Predicate = true> <Delay = 0.00>
ST_1 : Operation 36 [1/1] (0.00ns)   --->   "%shl_ln54_12 = bitconcatenate i16 @_ssdm_op_BitConcatenate.i16.i15.i1, i15 %data_14_val_read, i1 0" [firmware/nnet_utils/nnet_batchnorm.h:54]   --->   Operation 36 'bitconcatenate' 'shl_ln54_12' <Predicate = true> <Delay = 0.00>
ST_1 : Operation 37 [1/1] (0.00ns)   --->   "%shl_ln54_13 = bitconcatenate i16 @_ssdm_op_BitConcatenate.i16.i15.i1, i15 %data_16_val_read, i1 0" [firmware/nnet_utils/nnet_batchnorm.h:54]   --->   Operation 37 'bitconcatenate' 'shl_ln54_13' <Predicate = true> <Delay = 0.00>
ST_1 : Operation 38 [1/1] (0.00ns)   --->   "%mrv = insertvalue i272 <undef>, i16 %shl_ln" [firmware/nnet_utils/nnet_batchnorm.h:63]   --->   Operation 38 'insertvalue' 'mrv' <Predicate = true> <Delay = 0.00>
ST_1 : Operation 39 [1/1] (0.00ns)   --->   "%mrv_1 = insertvalue i272 %mrv, i16 %shl_ln54_1" [firmware/nnet_utils/nnet_batchnorm.h:63]   --->   Operation 39 'insertvalue' 'mrv_1' <Predicate = true> <Delay = 0.00>
ST_1 : Operation 40 [1/1] (0.00ns)   --->   "%mrv_2 = insertvalue i272 %mrv_1, i16 %shl_ln54_2" [firmware/nnet_utils/nnet_batchnorm.h:63]   --->   Operation 40 'insertvalue' 'mrv_2' <Predicate = true> <Delay = 0.00>
ST_1 : Operation 41 [1/1] (0.00ns)   --->   "%mrv_3 = insertvalue i272 %mrv_2, i16 %shl_ln54_3" [firmware/nnet_utils/nnet_batchnorm.h:63]   --->   Operation 41 'insertvalue' 'mrv_3' <Predicate = true> <Delay = 0.00>
ST_1 : Operation 42 [1/1] (0.00ns)   --->   "%mrv_4 = insertvalue i272 %mrv_3, i16 %shl_ln54_4" [firmware/nnet_utils/nnet_batchnorm.h:63]   --->   Operation 42 'insertvalue' 'mrv_4' <Predicate = true> <Delay = 0.00>
ST_1 : Operation 43 [1/1] (0.00ns)   --->   "%mrv_5 = insertvalue i272 %mrv_4, i16 %shl_ln54_5" [firmware/nnet_utils/nnet_batchnorm.h:63]   --->   Operation 43 'insertvalue' 'mrv_5' <Predicate = true> <Delay = 0.00>
ST_1 : Operation 44 [1/1] (0.00ns)   --->   "%mrv_6 = insertvalue i272 %mrv_5, i16 %shl_ln54_6" [firmware/nnet_utils/nnet_batchnorm.h:63]   --->   Operation 44 'insertvalue' 'mrv_6' <Predicate = true> <Delay = 0.00>
ST_1 : Operation 45 [1/1] (0.00ns)   --->   "%mrv_7 = insertvalue i272 %mrv_6, i16 %shl_ln54_7" [firmware/nnet_utils/nnet_batchnorm.h:63]   --->   Operation 45 'insertvalue' 'mrv_7' <Predicate = true> <Delay = 0.00>
ST_1 : Operation 46 [1/1] (0.00ns)   --->   "%mrv_8 = insertvalue i272 %mrv_7, i16 %shl_ln54_8" [firmware/nnet_utils/nnet_batchnorm.h:63]   --->   Operation 46 'insertvalue' 'mrv_8' <Predicate = true> <Delay = 0.00>
ST_1 : Operation 47 [1/1] (0.00ns)   --->   "%mrv_9 = insertvalue i272 %mrv_8, i16 %shl_ln54_9" [firmware/nnet_utils/nnet_batchnorm.h:63]   --->   Operation 47 'insertvalue' 'mrv_9' <Predicate = true> <Delay = 0.00>
ST_1 : Operation 48 [1/1] (0.00ns)   --->   "%mrv_10 = insertvalue i272 %mrv_9, i16 %shl_ln54_s" [firmware/nnet_utils/nnet_batchnorm.h:63]   --->   Operation 48 'insertvalue' 'mrv_10' <Predicate = true> <Delay = 0.00>
ST_1 : Operation 49 [1/1] (0.00ns)   --->   "%mrv_11 = insertvalue i272 %mrv_10, i16 %shl_ln54_10" [firmware/nnet_utils/nnet_batchnorm.h:63]   --->   Operation 49 'insertvalue' 'mrv_11' <Predicate = true> <Delay = 0.00>
ST_1 : Operation 50 [1/1] (0.00ns)   --->   "%mrv_12 = insertvalue i272 %mrv_11, i16 %sext_ln54" [firmware/nnet_utils/nnet_batchnorm.h:63]   --->   Operation 50 'insertvalue' 'mrv_12' <Predicate = true> <Delay = 0.00>
ST_1 : Operation 51 [1/1] (0.00ns)   --->   "%mrv_13 = insertvalue i272 %mrv_12, i16 %shl_ln54_11" [firmware/nnet_utils/nnet_batchnorm.h:63]   --->   Operation 51 'insertvalue' 'mrv_13' <Predicate = true> <Delay = 0.00>
ST_1 : Operation 52 [1/1] (0.00ns)   --->   "%mrv_14 = insertvalue i272 %mrv_13, i16 %shl_ln54_12" [firmware/nnet_utils/nnet_batchnorm.h:63]   --->   Operation 52 'insertvalue' 'mrv_14' <Predicate = true> <Delay = 0.00>
ST_1 : Operation 53 [1/1] (0.00ns)   --->   "%mrv_15 = insertvalue i272 %mrv_14, i16 %data_15_val_read" [firmware/nnet_utils/nnet_batchnorm.h:63]   --->   Operation 53 'insertvalue' 'mrv_15' <Predicate = true> <Delay = 0.00>
ST_1 : Operation 54 [1/1] (0.00ns)   --->   "%mrv_16 = insertvalue i272 %mrv_15, i16 %shl_ln54_13" [firmware/nnet_utils/nnet_batchnorm.h:63]   --->   Operation 54 'insertvalue' 'mrv_16' <Predicate = true> <Delay = 0.00>
ST_1 : Operation 55 [1/1] (0.00ns)   --->   "%ret_ln63 = ret i272 %mrv_16" [firmware/nnet_utils/nnet_batchnorm.h:63]   --->   Operation 55 'ret' 'ret_ln63' <Predicate = true> <Delay = 0.00>


============================================================
+ Verbose Summary: Timing violations
============================================================
Target clock period: 5.000ns, clock uncertainty: 0.625ns.

 <State 1>: 0.000ns
The critical path consists of the following:


============================================================
+ Verbose Summary: Binding
============================================================
N/A
* FSMD analyzer results:
  - Output states:
 - Input state : 
  - Chain level:
	State 1


============================================================
+ Verbose Summary: Datapath Resource usage 
============================================================
N/A
