

================================================================
== Vitis HLS Report for 'normalize_ap_fixed_16_6_5_3_0_ap_fixed_16_6_5_3_0_config23_s'
================================================================
* Date:           Mon Oct 20 15:01:57 2025

* Version:        2024.1 (Build 5069499 on May 21 2024)
* Project:        myproject_prj
* Solution:       solution1 (Vivado IP Flow Target)
* Product family: zynq
* Target device:  xc7z020-clg400-1


================================================================
== Performance Estimates
================================================================
+ Timing: 
    * Summary: 
    +--------+---------+----------+------------+
    |  Clock |  Target | Estimated| Uncertainty|
    +--------+---------+----------+------------+
    |ap_clk  |  5.00 ns|      0 ns|     0.62 ns|
    +--------+---------+----------+------------+

+ Latency: 
    * Summary: 
    +---------+---------+----------+----------+-----+-----+---------+
    |  Latency (cycles) |  Latency (absolute) |  Interval | Pipeline|
    |   min   |   max   |    min   |    max   | min | max |   Type  |
    +---------+---------+----------+----------+-----+-----+---------+
    |        0|        0|      0 ns|      0 ns|    1|    1|      yes|
    +---------+---------+----------+----------+-----+-----+---------+

    + Detail: 
        * Instance: 
        N/A

        * Loop: 
        N/A



================================================================
== Utilization Estimates
================================================================
* Summary: 
+-----------------+---------+-----+--------+-------+-----+
|       Name      | BRAM_18K| DSP |   FF   |  LUT  | URAM|
+-----------------+---------+-----+--------+-------+-----+
|DSP              |        -|    -|       -|      -|    -|
|Expression       |        -|    -|       -|      -|    -|
|FIFO             |        -|    -|       -|      -|    -|
|Instance         |        -|    -|       -|      -|    -|
|Memory           |        -|    -|       -|      -|    -|
|Multiplexer      |        -|    -|       -|      -|    -|
|Register         |        -|    -|       -|      -|    -|
+-----------------+---------+-----+--------+-------+-----+
|Total            |        0|    0|       0|      0|    0|
+-----------------+---------+-----+--------+-------+-----+
|Available        |      280|  220|  106400|  53200|    0|
+-----------------+---------+-----+--------+-------+-----+
|Utilization (%)  |        0|    0|       0|      0|    0|
+-----------------+---------+-----+--------+-------+-----+

+ Detail: 
    * Instance: 
    N/A

    * DSP: 
    N/A

    * Memory: 
    N/A

    * FIFO: 
    N/A

    * Expression: 
    N/A

    * Multiplexer: 
    N/A

    * Register: 
    N/A



================================================================
== Interface
================================================================
* Summary: 
+--------------+-----+-----+------------+-------------------------------------------------------------------------+--------------+
|   RTL Ports  | Dir | Bits|  Protocol  |                              Source Object                              |    C Type    |
+--------------+-----+-----+------------+-------------------------------------------------------------------------+--------------+
|ap_ready      |  out|    1|  ap_ctrl_hs|  normalize<ap_fixed<16, 6, 5, 3, 0>, ap_fixed<16, 6, 5, 3, 0>, config23>|  return value|
|ap_return_0   |  out|   16|  ap_ctrl_hs|  normalize<ap_fixed<16, 6, 5, 3, 0>, ap_fixed<16, 6, 5, 3, 0>, config23>|  return value|
|ap_return_1   |  out|   16|  ap_ctrl_hs|  normalize<ap_fixed<16, 6, 5, 3, 0>, ap_fixed<16, 6, 5, 3, 0>, config23>|  return value|
|ap_return_2   |  out|   16|  ap_ctrl_hs|  normalize<ap_fixed<16, 6, 5, 3, 0>, ap_fixed<16, 6, 5, 3, 0>, config23>|  return value|
|ap_return_3   |  out|   16|  ap_ctrl_hs|  normalize<ap_fixed<16, 6, 5, 3, 0>, ap_fixed<16, 6, 5, 3, 0>, config23>|  return value|
|ap_return_4   |  out|   16|  ap_ctrl_hs|  normalize<ap_fixed<16, 6, 5, 3, 0>, ap_fixed<16, 6, 5, 3, 0>, config23>|  return value|
|ap_return_5   |  out|   16|  ap_ctrl_hs|  normalize<ap_fixed<16, 6, 5, 3, 0>, ap_fixed<16, 6, 5, 3, 0>, config23>|  return value|
|ap_return_6   |  out|   16|  ap_ctrl_hs|  normalize<ap_fixed<16, 6, 5, 3, 0>, ap_fixed<16, 6, 5, 3, 0>, config23>|  return value|
|ap_return_7   |  out|   16|  ap_ctrl_hs|  normalize<ap_fixed<16, 6, 5, 3, 0>, ap_fixed<16, 6, 5, 3, 0>, config23>|  return value|
|ap_return_8   |  out|   16|  ap_ctrl_hs|  normalize<ap_fixed<16, 6, 5, 3, 0>, ap_fixed<16, 6, 5, 3, 0>, config23>|  return value|
|ap_return_9   |  out|   16|  ap_ctrl_hs|  normalize<ap_fixed<16, 6, 5, 3, 0>, ap_fixed<16, 6, 5, 3, 0>, config23>|  return value|
|ap_return_10  |  out|   16|  ap_ctrl_hs|  normalize<ap_fixed<16, 6, 5, 3, 0>, ap_fixed<16, 6, 5, 3, 0>, config23>|  return value|
|ap_return_11  |  out|   16|  ap_ctrl_hs|  normalize<ap_fixed<16, 6, 5, 3, 0>, ap_fixed<16, 6, 5, 3, 0>, config23>|  return value|
|ap_return_12  |  out|   16|  ap_ctrl_hs|  normalize<ap_fixed<16, 6, 5, 3, 0>, ap_fixed<16, 6, 5, 3, 0>, config23>|  return value|
|ap_return_13  |  out|   16|  ap_ctrl_hs|  normalize<ap_fixed<16, 6, 5, 3, 0>, ap_fixed<16, 6, 5, 3, 0>, config23>|  return value|
|ap_return_14  |  out|   16|  ap_ctrl_hs|  normalize<ap_fixed<16, 6, 5, 3, 0>, ap_fixed<16, 6, 5, 3, 0>, config23>|  return value|
|ap_return_15  |  out|   16|  ap_ctrl_hs|  normalize<ap_fixed<16, 6, 5, 3, 0>, ap_fixed<16, 6, 5, 3, 0>, config23>|  return value|
|ap_return_16  |  out|   16|  ap_ctrl_hs|  normalize<ap_fixed<16, 6, 5, 3, 0>, ap_fixed<16, 6, 5, 3, 0>, config23>|  return value|
|ap_return_17  |  out|   16|  ap_ctrl_hs|  normalize<ap_fixed<16, 6, 5, 3, 0>, ap_fixed<16, 6, 5, 3, 0>, config23>|  return value|
|ap_return_18  |  out|   16|  ap_ctrl_hs|  normalize<ap_fixed<16, 6, 5, 3, 0>, ap_fixed<16, 6, 5, 3, 0>, config23>|  return value|
|ap_return_19  |  out|   16|  ap_ctrl_hs|  normalize<ap_fixed<16, 6, 5, 3, 0>, ap_fixed<16, 6, 5, 3, 0>, config23>|  return value|
|ap_rst        |   in|    1|  ap_ctrl_hs|  normalize<ap_fixed<16, 6, 5, 3, 0>, ap_fixed<16, 6, 5, 3, 0>, config23>|  return value|
|data_0_val    |   in|   16|     ap_none|                                                               data_0_val|        scalar|
|data_1_val    |   in|   16|     ap_none|                                                               data_1_val|        scalar|
|data_2_val    |   in|   16|     ap_none|                                                               data_2_val|        scalar|
|data_3_val    |   in|   16|     ap_none|                                                               data_3_val|        scalar|
|data_4_val    |   in|   16|     ap_none|                                                               data_4_val|        scalar|
|data_5_val    |   in|   16|     ap_none|                                                               data_5_val|        scalar|
|data_6_val    |   in|   16|     ap_none|                                                               data_6_val|        scalar|
|data_7_val    |   in|   16|     ap_none|                                                               data_7_val|        scalar|
|data_8_val    |   in|   16|     ap_none|                                                               data_8_val|        scalar|
|data_9_val    |   in|   16|     ap_none|                                                               data_9_val|        scalar|
|data_10_val   |   in|   16|     ap_none|                                                              data_10_val|        scalar|
|data_11_val   |   in|   16|     ap_none|                                                              data_11_val|        scalar|
|data_12_val   |   in|   16|     ap_none|                                                              data_12_val|        scalar|
|data_13_val   |   in|   16|     ap_none|                                                              data_13_val|        scalar|
|data_14_val   |   in|   16|     ap_none|                                                              data_14_val|        scalar|
|data_15_val   |   in|   16|     ap_none|                                                              data_15_val|        scalar|
|data_16_val   |   in|   16|     ap_none|                                                              data_16_val|        scalar|
|data_17_val   |   in|   16|     ap_none|                                                              data_17_val|        scalar|
|data_18_val   |   in|   16|     ap_none|                                                              data_18_val|        scalar|
|data_19_val   |   in|   16|     ap_none|                                                              data_19_val|        scalar|
+--------------+-----+-----+------------+-------------------------------------------------------------------------+--------------+

============================================================
+ Verbose Summary: Synthesis Manager
============================================================
InlineROM: 1
ExposeGlobal: 0
============================================================
+ Verbose Summary: CDFG Model
============================================================
IsTopModel: 0
ResetActiveHigh: 1
IsCombinational: 1
IsDatapathOnly: 2
HasWiredReturn: 1
HasMFsm: 2
HasVarLatency: 0
IsPipeline: 1
IsRtlPipelined: 0
IsInstanceOverlapped: 0
IsDontTouch: 0
HasImplIP: 0
IsGatedGlobalClock: 0

+ Individual pipeline summary: 
  * Pipeline-0: initiation interval (II) = 1, depth = 1


============================================================
+ Verbose Summary: Schedule
============================================================
* Number of FSM states : 1
* Pipeline : 1
  Pipeline-0 : II = 1, D = 1, States = { 1 }
* Dataflow Pipeline: 0

* FSM state transitions: 
1 --> 

* FSM state operations: 

State 1 <SV = 0> <Delay = 0.00>
ST_1 : Operation 2 [1/1] (0.00ns)   --->   "%specpipeline_ln48 = specpipeline void @_ssdm_op_SpecPipeline, i32 1, i32 0, i32 0, i32 0, void @empty_0" [firmware/nnet_utils/nnet_batchnorm.h:48]   --->   Operation 2 'specpipeline' 'specpipeline_ln48' <Predicate = true> <Delay = 0.00>
ST_1 : Operation 3 [1/1] (0.00ns)   --->   "%specresourcelimit_ln48 = specresourcelimit void @_ssdm_op_SpecResourceLimit, i64 20, void @empty_1, void @empty_0, void @empty_0, void @empty_0" [firmware/nnet_utils/nnet_batchnorm.h:48]   --->   Operation 3 'specresourcelimit' 'specresourcelimit_ln48' <Predicate = true> <Delay = 0.00>
ST_1 : Operation 4 [1/1] (0.00ns)   --->   "%data_19_val_read = read i16 @_ssdm_op_Read.ap_auto.i16, i16 %data_19_val" [firmware/nnet_utils/nnet_batchnorm.h:54]   --->   Operation 4 'read' 'data_19_val_read' <Predicate = true> <Delay = 0.00>
ST_1 : Operation 5 [1/1] (0.00ns)   --->   "%data_18_val_read = read i16 @_ssdm_op_Read.ap_auto.i16, i16 %data_18_val" [firmware/nnet_utils/nnet_batchnorm.h:54]   --->   Operation 5 'read' 'data_18_val_read' <Predicate = true> <Delay = 0.00>
ST_1 : Operation 6 [1/1] (0.00ns)   --->   "%data_17_val_read = read i16 @_ssdm_op_Read.ap_auto.i16, i16 %data_17_val" [firmware/nnet_utils/nnet_batchnorm.h:54]   --->   Operation 6 'read' 'data_17_val_read' <Predicate = true> <Delay = 0.00>
ST_1 : Operation 7 [1/1] (0.00ns)   --->   "%data_16_val_read = read i16 @_ssdm_op_Read.ap_auto.i16, i16 %data_16_val" [firmware/nnet_utils/nnet_batchnorm.h:54]   --->   Operation 7 'read' 'data_16_val_read' <Predicate = true> <Delay = 0.00>
ST_1 : Operation 8 [1/1] (0.00ns)   --->   "%data_15_val_read = read i16 @_ssdm_op_Read.ap_auto.i16, i16 %data_15_val" [firmware/nnet_utils/nnet_batchnorm.h:54]   --->   Operation 8 'read' 'data_15_val_read' <Predicate = true> <Delay = 0.00>
ST_1 : Operation 9 [1/1] (0.00ns)   --->   "%data_14_val_read = read i16 @_ssdm_op_Read.ap_auto.i16, i16 %data_14_val" [firmware/nnet_utils/nnet_batchnorm.h:54]   --->   Operation 9 'read' 'data_14_val_read' <Predicate = true> <Delay = 0.00>
ST_1 : Operation 10 [1/1] (0.00ns)   --->   "%data_13_val_read = read i16 @_ssdm_op_Read.ap_auto.i16, i16 %data_13_val" [firmware/nnet_utils/nnet_batchnorm.h:54]   --->   Operation 10 'read' 'data_13_val_read' <Predicate = true> <Delay = 0.00>
ST_1 : Operation 11 [1/1] (0.00ns)   --->   "%data_12_val_read = read i16 @_ssdm_op_Read.ap_auto.i16, i16 %data_12_val" [firmware/nnet_utils/nnet_batchnorm.h:54]   --->   Operation 11 'read' 'data_12_val_read' <Predicate = true> <Delay = 0.00>
ST_1 : Operation 12 [1/1] (0.00ns)   --->   "%data_11_val_read = read i16 @_ssdm_op_Read.ap_auto.i16, i16 %data_11_val" [firmware/nnet_utils/nnet_batchnorm.h:54]   --->   Operation 12 'read' 'data_11_val_read' <Predicate = true> <Delay = 0.00>
ST_1 : Operation 13 [1/1] (0.00ns)   --->   "%data_10_val_read = read i16 @_ssdm_op_Read.ap_auto.i16, i16 %data_10_val" [firmware/nnet_utils/nnet_batchnorm.h:54]   --->   Operation 13 'read' 'data_10_val_read' <Predicate = true> <Delay = 0.00>
ST_1 : Operation 14 [1/1] (0.00ns)   --->   "%data_9_val_read = read i16 @_ssdm_op_Read.ap_auto.i16, i16 %data_9_val" [firmware/nnet_utils/nnet_batchnorm.h:54]   --->   Operation 14 'read' 'data_9_val_read' <Predicate = true> <Delay = 0.00>
ST_1 : Operation 15 [1/1] (0.00ns)   --->   "%data_8_val_read = read i16 @_ssdm_op_Read.ap_auto.i16, i16 %data_8_val" [firmware/nnet_utils/nnet_batchnorm.h:54]   --->   Operation 15 'read' 'data_8_val_read' <Predicate = true> <Delay = 0.00>
ST_1 : Operation 16 [1/1] (0.00ns)   --->   "%data_7_val_read = read i16 @_ssdm_op_Read.ap_auto.i16, i16 %data_7_val" [firmware/nnet_utils/nnet_batchnorm.h:54]   --->   Operation 16 'read' 'data_7_val_read' <Predicate = true> <Delay = 0.00>
ST_1 : Operation 17 [1/1] (0.00ns)   --->   "%data_6_val_read = read i16 @_ssdm_op_Read.ap_auto.i16, i16 %data_6_val" [firmware/nnet_utils/nnet_batchnorm.h:54]   --->   Operation 17 'read' 'data_6_val_read' <Predicate = true> <Delay = 0.00>
ST_1 : Operation 18 [1/1] (0.00ns)   --->   "%data_5_val_read = read i16 @_ssdm_op_Read.ap_auto.i16, i16 %data_5_val" [firmware/nnet_utils/nnet_batchnorm.h:54]   --->   Operation 18 'read' 'data_5_val_read' <Predicate = true> <Delay = 0.00>
ST_1 : Operation 19 [1/1] (0.00ns)   --->   "%data_4_val_read = read i16 @_ssdm_op_Read.ap_auto.i16, i16 %data_4_val" [firmware/nnet_utils/nnet_batchnorm.h:54]   --->   Operation 19 'read' 'data_4_val_read' <Predicate = true> <Delay = 0.00>
ST_1 : Operation 20 [1/1] (0.00ns)   --->   "%data_3_val_read = read i16 @_ssdm_op_Read.ap_auto.i16, i16 %data_3_val" [firmware/nnet_utils/nnet_batchnorm.h:54]   --->   Operation 20 'read' 'data_3_val_read' <Predicate = true> <Delay = 0.00>
ST_1 : Operation 21 [1/1] (0.00ns)   --->   "%data_2_val_read = read i16 @_ssdm_op_Read.ap_auto.i16, i16 %data_2_val" [firmware/nnet_utils/nnet_batchnorm.h:54]   --->   Operation 21 'read' 'data_2_val_read' <Predicate = true> <Delay = 0.00>
ST_1 : Operation 22 [1/1] (0.00ns)   --->   "%data_1_val_read = read i16 @_ssdm_op_Read.ap_auto.i16, i16 %data_1_val" [firmware/nnet_utils/nnet_batchnorm.h:54]   --->   Operation 22 'read' 'data_1_val_read' <Predicate = true> <Delay = 0.00>
ST_1 : Operation 23 [1/1] (0.00ns)   --->   "%data_0_val_read = read i16 @_ssdm_op_Read.ap_auto.i16, i16 %data_0_val" [firmware/nnet_utils/nnet_batchnorm.h:54]   --->   Operation 23 'read' 'data_0_val_read' <Predicate = true> <Delay = 0.00>
ST_1 : Operation 24 [1/1] (0.00ns)   --->   "%trunc_ln = partselect i15 @_ssdm_op_PartSelect.i15.i16.i32.i32, i16 %data_5_val_read, i32 1, i32 15" [firmware/nnet_utils/nnet_batchnorm.h:54]   --->   Operation 24 'partselect' 'trunc_ln' <Predicate = true> <Delay = 0.00>
ST_1 : Operation 25 [1/1] (0.00ns)   --->   "%sext_ln54 = sext i15 %trunc_ln" [firmware/nnet_utils/nnet_batchnorm.h:54]   --->   Operation 25 'sext' 'sext_ln54' <Predicate = true> <Delay = 0.00>
ST_1 : Operation 26 [1/1] (0.00ns)   --->   "%mrv = insertvalue i320 <undef>, i16 %data_0_val_read" [firmware/nnet_utils/nnet_batchnorm.h:63]   --->   Operation 26 'insertvalue' 'mrv' <Predicate = true> <Delay = 0.00>
ST_1 : Operation 27 [1/1] (0.00ns)   --->   "%mrv_1 = insertvalue i320 %mrv, i16 %data_1_val_read" [firmware/nnet_utils/nnet_batchnorm.h:63]   --->   Operation 27 'insertvalue' 'mrv_1' <Predicate = true> <Delay = 0.00>
ST_1 : Operation 28 [1/1] (0.00ns)   --->   "%mrv_2 = insertvalue i320 %mrv_1, i16 %data_2_val_read" [firmware/nnet_utils/nnet_batchnorm.h:63]   --->   Operation 28 'insertvalue' 'mrv_2' <Predicate = true> <Delay = 0.00>
ST_1 : Operation 29 [1/1] (0.00ns)   --->   "%mrv_3 = insertvalue i320 %mrv_2, i16 %data_3_val_read" [firmware/nnet_utils/nnet_batchnorm.h:63]   --->   Operation 29 'insertvalue' 'mrv_3' <Predicate = true> <Delay = 0.00>
ST_1 : Operation 30 [1/1] (0.00ns)   --->   "%mrv_4 = insertvalue i320 %mrv_3, i16 %data_4_val_read" [firmware/nnet_utils/nnet_batchnorm.h:63]   --->   Operation 30 'insertvalue' 'mrv_4' <Predicate = true> <Delay = 0.00>
ST_1 : Operation 31 [1/1] (0.00ns)   --->   "%mrv_5 = insertvalue i320 %mrv_4, i16 %sext_ln54" [firmware/nnet_utils/nnet_batchnorm.h:63]   --->   Operation 31 'insertvalue' 'mrv_5' <Predicate = true> <Delay = 0.00>
ST_1 : Operation 32 [1/1] (0.00ns)   --->   "%mrv_6 = insertvalue i320 %mrv_5, i16 %data_6_val_read" [firmware/nnet_utils/nnet_batchnorm.h:63]   --->   Operation 32 'insertvalue' 'mrv_6' <Predicate = true> <Delay = 0.00>
ST_1 : Operation 33 [1/1] (0.00ns)   --->   "%mrv_7 = insertvalue i320 %mrv_6, i16 %data_7_val_read" [firmware/nnet_utils/nnet_batchnorm.h:63]   --->   Operation 33 'insertvalue' 'mrv_7' <Predicate = true> <Delay = 0.00>
ST_1 : Operation 34 [1/1] (0.00ns)   --->   "%mrv_8 = insertvalue i320 %mrv_7, i16 %data_8_val_read" [firmware/nnet_utils/nnet_batchnorm.h:63]   --->   Operation 34 'insertvalue' 'mrv_8' <Predicate = true> <Delay = 0.00>
ST_1 : Operation 35 [1/1] (0.00ns)   --->   "%mrv_9 = insertvalue i320 %mrv_8, i16 %data_9_val_read" [firmware/nnet_utils/nnet_batchnorm.h:63]   --->   Operation 35 'insertvalue' 'mrv_9' <Predicate = true> <Delay = 0.00>
ST_1 : Operation 36 [1/1] (0.00ns)   --->   "%mrv_10 = insertvalue i320 %mrv_9, i16 %data_10_val_read" [firmware/nnet_utils/nnet_batchnorm.h:63]   --->   Operation 36 'insertvalue' 'mrv_10' <Predicate = true> <Delay = 0.00>
ST_1 : Operation 37 [1/1] (0.00ns)   --->   "%mrv_11 = insertvalue i320 %mrv_10, i16 %data_11_val_read" [firmware/nnet_utils/nnet_batchnorm.h:63]   --->   Operation 37 'insertvalue' 'mrv_11' <Predicate = true> <Delay = 0.00>
ST_1 : Operation 38 [1/1] (0.00ns)   --->   "%mrv_12 = insertvalue i320 %mrv_11, i16 %data_12_val_read" [firmware/nnet_utils/nnet_batchnorm.h:63]   --->   Operation 38 'insertvalue' 'mrv_12' <Predicate = true> <Delay = 0.00>
ST_1 : Operation 39 [1/1] (0.00ns)   --->   "%mrv_13 = insertvalue i320 %mrv_12, i16 %data_13_val_read" [firmware/nnet_utils/nnet_batchnorm.h:63]   --->   Operation 39 'insertvalue' 'mrv_13' <Predicate = true> <Delay = 0.00>
ST_1 : Operation 40 [1/1] (0.00ns)   --->   "%mrv_14 = insertvalue i320 %mrv_13, i16 %data_14_val_read" [firmware/nnet_utils/nnet_batchnorm.h:63]   --->   Operation 40 'insertvalue' 'mrv_14' <Predicate = true> <Delay = 0.00>
ST_1 : Operation 41 [1/1] (0.00ns)   --->   "%mrv_15 = insertvalue i320 %mrv_14, i16 %data_15_val_read" [firmware/nnet_utils/nnet_batchnorm.h:63]   --->   Operation 41 'insertvalue' 'mrv_15' <Predicate = true> <Delay = 0.00>
ST_1 : Operation 42 [1/1] (0.00ns)   --->   "%mrv_16 = insertvalue i320 %mrv_15, i16 %data_16_val_read" [firmware/nnet_utils/nnet_batchnorm.h:63]   --->   Operation 42 'insertvalue' 'mrv_16' <Predicate = true> <Delay = 0.00>
ST_1 : Operation 43 [1/1] (0.00ns)   --->   "%mrv_17 = insertvalue i320 %mrv_16, i16 %data_17_val_read" [firmware/nnet_utils/nnet_batchnorm.h:63]   --->   Operation 43 'insertvalue' 'mrv_17' <Predicate = true> <Delay = 0.00>
ST_1 : Operation 44 [1/1] (0.00ns)   --->   "%mrv_18 = insertvalue i320 %mrv_17, i16 %data_18_val_read" [firmware/nnet_utils/nnet_batchnorm.h:63]   --->   Operation 44 'insertvalue' 'mrv_18' <Predicate = true> <Delay = 0.00>
ST_1 : Operation 45 [1/1] (0.00ns)   --->   "%mrv_s = insertvalue i320 %mrv_18, i16 %data_19_val_read" [firmware/nnet_utils/nnet_batchnorm.h:63]   --->   Operation 45 'insertvalue' 'mrv_s' <Predicate = true> <Delay = 0.00>
ST_1 : Operation 46 [1/1] (0.00ns)   --->   "%ret_ln63 = ret i320 %mrv_s" [firmware/nnet_utils/nnet_batchnorm.h:63]   --->   Operation 46 'ret' 'ret_ln63' <Predicate = true> <Delay = 0.00>


============================================================
+ Verbose Summary: Binding
============================================================
STG Binding: 
---------------- STG Properties BEGIN ----------------
- Is combinational: 1
- Is one-state seq: 0
- Is datapath-only: 0
- Is pipelined: 1
- Is top level: 0
Port [ Return ] is wired: 1; IO mode=ap_ctrl_hs:ce=0
Port [ data_0_val]:  wired=1; compound=0; hidden=0; nouse=0; global=0; static=0; extern=0; dir=0; type=0; pingpong=0; private_global=0; IO mode=ap_none:ce=0
Port [ data_1_val]:  wired=1; compound=0; hidden=0; nouse=0; global=0; static=0; extern=0; dir=0; type=0; pingpong=0; private_global=0; IO mode=ap_none:ce=0
Port [ data_2_val]:  wired=1; compound=0; hidden=0; nouse=0; global=0; static=0; extern=0; dir=0; type=0; pingpong=0; private_global=0; IO mode=ap_none:ce=0
Port [ data_3_val]:  wired=1; compound=0; hidden=0; nouse=0; global=0; static=0; extern=0; dir=0; type=0; pingpong=0; private_global=0; IO mode=ap_none:ce=0
Port [ data_4_val]:  wired=1; compound=0; hidden=0; nouse=0; global=0; static=0; extern=0; dir=0; type=0; pingpong=0; private_global=0; IO mode=ap_none:ce=0
Port [ data_5_val]:  wired=1; compound=0; hidden=0; nouse=0; global=0; static=0; extern=0; dir=0; type=0; pingpong=0; private_global=0; IO mode=ap_none:ce=0
Port [ data_6_val]:  wired=1; compound=0; hidden=0; nouse=0; global=0; static=0; extern=0; dir=0; type=0; pingpong=0; private_global=0; IO mode=ap_none:ce=0
Port [ data_7_val]:  wired=1; compound=0; hidden=0; nouse=0; global=0; static=0; extern=0; dir=0; type=0; pingpong=0; private_global=0; IO mode=ap_none:ce=0
Port [ data_8_val]:  wired=1; compound=0; hidden=0; nouse=0; global=0; static=0; extern=0; dir=0; type=0; pingpong=0; private_global=0; IO mode=ap_none:ce=0
Port [ data_9_val]:  wired=1; compound=0; hidden=0; nouse=0; global=0; static=0; extern=0; dir=0; type=0; pingpong=0; private_global=0; IO mode=ap_none:ce=0
Port [ data_10_val]:  wired=1; compound=0; hidden=0; nouse=0; global=0; static=0; extern=0; dir=0; type=0; pingpong=0; private_global=0; IO mode=ap_none:ce=0
Port [ data_11_val]:  wired=1; compound=0; hidden=0; nouse=0; global=0; static=0; extern=0; dir=0; type=0; pingpong=0; private_global=0; IO mode=ap_none:ce=0
Port [ data_12_val]:  wired=1; compound=0; hidden=0; nouse=0; global=0; static=0; extern=0; dir=0; type=0; pingpong=0; private_global=0; IO mode=ap_none:ce=0
Port [ data_13_val]:  wired=1; compound=0; hidden=0; nouse=0; global=0; static=0; extern=0; dir=0; type=0; pingpong=0; private_global=0; IO mode=ap_none:ce=0
Port [ data_14_val]:  wired=1; compound=0; hidden=0; nouse=0; global=0; static=0; extern=0; dir=0; type=0; pingpong=0; private_global=0; IO mode=ap_none:ce=0
Port [ data_15_val]:  wired=1; compound=0; hidden=0; nouse=0; global=0; static=0; extern=0; dir=0; type=0; pingpong=0; private_global=0; IO mode=ap_none:ce=0
Port [ data_16_val]:  wired=1; compound=0; hidden=0; nouse=0; global=0; static=0; extern=0; dir=0; type=0; pingpong=0; private_global=0; IO mode=ap_none:ce=0
Port [ data_17_val]:  wired=1; compound=0; hidden=0; nouse=0; global=0; static=0; extern=0; dir=0; type=0; pingpong=0; private_global=0; IO mode=ap_none:ce=0
Port [ data_18_val]:  wired=1; compound=0; hidden=0; nouse=0; global=0; static=0; extern=0; dir=0; type=0; pingpong=0; private_global=0; IO mode=ap_none:ce=0
Port [ data_19_val]:  wired=1; compound=0; hidden=0; nouse=0; global=0; static=0; extern=0; dir=0; type=0; pingpong=0; private_global=0; IO mode=ap_none:ce=0
---------------- STG Properties END ------------------

---------------- Datapath Model BEGIN ----------------

<LifeTime>
<method=bitvector/>
specpipeline_ln48      (specpipeline     ) [ 00]
specresourcelimit_ln48 (specresourcelimit) [ 00]
data_19_val_read       (read             ) [ 00]
data_18_val_read       (read             ) [ 00]
data_17_val_read       (read             ) [ 00]
data_16_val_read       (read             ) [ 00]
data_15_val_read       (read             ) [ 00]
data_14_val_read       (read             ) [ 00]
data_13_val_read       (read             ) [ 00]
data_12_val_read       (read             ) [ 00]
data_11_val_read       (read             ) [ 00]
data_10_val_read       (read             ) [ 00]
data_9_val_read        (read             ) [ 00]
data_8_val_read        (read             ) [ 00]
data_7_val_read        (read             ) [ 00]
data_6_val_read        (read             ) [ 00]
data_5_val_read        (read             ) [ 00]
data_4_val_read        (read             ) [ 00]
data_3_val_read        (read             ) [ 00]
data_2_val_read        (read             ) [ 00]
data_1_val_read        (read             ) [ 00]
data_0_val_read        (read             ) [ 00]
trunc_ln               (partselect       ) [ 00]
sext_ln54              (sext             ) [ 00]
mrv                    (insertvalue      ) [ 00]
mrv_1                  (insertvalue      ) [ 00]
mrv_2                  (insertvalue      ) [ 00]
mrv_3                  (insertvalue      ) [ 00]
mrv_4                  (insertvalue      ) [ 00]
mrv_5                  (insertvalue      ) [ 00]
mrv_6                  (insertvalue      ) [ 00]
mrv_7                  (insertvalue      ) [ 00]
mrv_8                  (insertvalue      ) [ 00]
mrv_9                  (insertvalue      ) [ 00]
mrv_10                 (insertvalue      ) [ 00]
mrv_11                 (insertvalue      ) [ 00]
mrv_12                 (insertvalue      ) [ 00]
mrv_13                 (insertvalue      ) [ 00]
mrv_14                 (insertvalue      ) [ 00]
mrv_15                 (insertvalue      ) [ 00]
mrv_16                 (insertvalue      ) [ 00]
mrv_17                 (insertvalue      ) [ 00]
mrv_18                 (insertvalue      ) [ 00]
mrv_s                  (insertvalue      ) [ 00]
ret_ln63               (ret              ) [ 00]
</LifeTime>

<model>

<comp_list>
<comp id="0" class="1000" name="data_0_val">
<pin_list>
<pin id="1" dir="1" index="0" bw="1" slack="0"/>
</pin_list>
<bind>
<StgValue><ssdm name="data_0_val"/></StgValue>
</bind>
</comp>

<comp id="2" class="1000" name="data_1_val">
<pin_list>
<pin id="3" dir="1" index="0" bw="1" slack="0"/>
</pin_list>
<bind>
<StgValue><ssdm name="data_1_val"/></StgValue>
</bind>
</comp>

<comp id="4" class="1000" name="data_2_val">
<pin_list>
<pin id="5" dir="1" index="0" bw="1" slack="0"/>
</pin_list>
<bind>
<StgValue><ssdm name="data_2_val"/></StgValue>
</bind>
</comp>

<comp id="6" class="1000" name="data_3_val">
<pin_list>
<pin id="7" dir="1" index="0" bw="1" slack="0"/>
</pin_list>
<bind>
<StgValue><ssdm name="data_3_val"/></StgValue>
</bind>
</comp>

<comp id="8" class="1000" name="data_4_val">
<pin_list>
<pin id="9" dir="1" index="0" bw="1" slack="0"/>
</pin_list>
<bind>
<StgValue><ssdm name="data_4_val"/></StgValue>
</bind>
</comp>

<comp id="10" class="1000" name="data_5_val">
<pin_list>
<pin id="11" dir="1" index="0" bw="1" slack="0"/>
</pin_list>
<bind>
<StgValue><ssdm name="data_5_val"/></StgValue>
</bind>
</comp>

<comp id="12" class="1000" name="data_6_val">
<pin_list>
<pin id="13" dir="1" index="0" bw="1" slack="0"/>
</pin_list>
<bind>
<StgValue><ssdm name="data_6_val"/></StgValue>
</bind>
</comp>

<comp id="14" class="1000" name="data_7_val">
<pin_list>
<pin id="15" dir="1" index="0" bw="1" slack="0"/>
</pin_list>
<bind>
<StgValue><ssdm name="data_7_val"/></StgValue>
</bind>
</comp>

<comp id="16" class="1000" name="data_8_val">
<pin_list>
<pin id="17" dir="1" index="0" bw="1" slack="0"/>
</pin_list>
<bind>
<StgValue><ssdm name="data_8_val"/></StgValue>
</bind>
</comp>

<comp id="18" class="1000" name="data_9_val">
<pin_list>
<pin id="19" dir="1" index="0" bw="1" slack="0"/>
</pin_list>
<bind>
<StgValue><ssdm name="data_9_val"/></StgValue>
</bind>
</comp>

<comp id="20" class="1000" name="data_10_val">
<pin_list>
<pin id="21" dir="1" index="0" bw="1" slack="0"/>
</pin_list>
<bind>
<StgValue><ssdm name="data_10_val"/></StgValue>
</bind>
</comp>

<comp id="22" class="1000" name="data_11_val">
<pin_list>
<pin id="23" dir="1" index="0" bw="1" slack="0"/>
</pin_list>
<bind>
<StgValue><ssdm name="data_11_val"/></StgValue>
</bind>
</comp>

<comp id="24" class="1000" name="data_12_val">
<pin_list>
<pin id="25" dir="1" index="0" bw="1" slack="0"/>
</pin_list>
<bind>
<StgValue><ssdm name="data_12_val"/></StgValue>
</bind>
</comp>

<comp id="26" class="1000" name="data_13_val">
<pin_list>
<pin id="27" dir="1" index="0" bw="1" slack="0"/>
</pin_list>
<bind>
<StgValue><ssdm name="data_13_val"/></StgValue>
</bind>
</comp>

<comp id="28" class="1000" name="data_14_val">
<pin_list>
<pin id="29" dir="1" index="0" bw="1" slack="0"/>
</pin_list>
<bind>
<StgValue><ssdm name="data_14_val"/></StgValue>
</bind>
</comp>

<comp id="30" class="1000" name="data_15_val">
<pin_list>
<pin id="31" dir="1" index="0" bw="1" slack="0"/>
</pin_list>
<bind>
<StgValue><ssdm name="data_15_val"/></StgValue>
</bind>
</comp>

<comp id="32" class="1000" name="data_16_val">
<pin_list>
<pin id="33" dir="1" index="0" bw="1" slack="0"/>
</pin_list>
<bind>
<StgValue><ssdm name="data_16_val"/></StgValue>
</bind>
</comp>

<comp id="34" class="1000" name="data_17_val">
<pin_list>
<pin id="35" dir="1" index="0" bw="1" slack="0"/>
</pin_list>
<bind>
<StgValue><ssdm name="data_17_val"/></StgValue>
</bind>
</comp>

<comp id="36" class="1000" name="data_18_val">
<pin_list>
<pin id="37" dir="1" index="0" bw="1" slack="0"/>
</pin_list>
<bind>
<StgValue><ssdm name="data_18_val"/></StgValue>
</bind>
</comp>

<comp id="38" class="1000" name="data_19_val">
<pin_list>
<pin id="39" dir="1" index="0" bw="1" slack="0"/>
</pin_list>
<bind>
<StgValue><ssdm name="data_19_val"/></StgValue>
</bind>
</comp>

<comp id="40" class="1001" name="const_40">
<pin_list>
<pin id="41" dir="1" index="0" bw="1" slack="2147483647"/>
</pin_list>
<bind>
<StgValue><ssdm name="_ssdm_op_SpecPipeline"/></StgValue>
</bind>
</comp>

<comp id="42" class="1001" name="const_42">
<pin_list>
<pin id="43" dir="1" index="0" bw="1" slack="0"/>
</pin_list>
<bind>
<StgValue><ssdm name=""/></StgValue>
</bind>
</comp>

<comp id="44" class="1001" name="const_44">
<pin_list>
<pin id="45" dir="1" index="0" bw="1" slack="2147483647"/>
</pin_list>
<bind>
<StgValue><ssdm name=""/></StgValue>
</bind>
</comp>

<comp id="46" class="1001" name="const_46">
<pin_list>
<pin id="47" dir="1" index="0" bw="1" slack="2147483647"/>
</pin_list>
<bind>
<StgValue><ssdm name="empty_0"/></StgValue>
</bind>
</comp>

<comp id="48" class="1001" name="const_48">
<pin_list>
<pin id="49" dir="1" index="0" bw="1" slack="2147483647"/>
</pin_list>
<bind>
<StgValue><ssdm name="_ssdm_op_SpecResourceLimit"/></StgValue>
</bind>
</comp>

<comp id="50" class="1001" name="const_50">
<pin_list>
<pin id="51" dir="1" index="0" bw="1" slack="2147483647"/>
</pin_list>
<bind>
<StgValue><ssdm name=""/></StgValue>
</bind>
</comp>

<comp id="52" class="1001" name="const_52">
<pin_list>
<pin id="53" dir="1" index="0" bw="1" slack="2147483647"/>
</pin_list>
<bind>
<StgValue><ssdm name="empty_1"/></StgValue>
</bind>
</comp>

<comp id="54" class="1001" name="const_54">
<pin_list>
<pin id="55" dir="1" index="0" bw="1" slack="0"/>
</pin_list>
<bind>
<StgValue><ssdm name="_ssdm_op_Read.ap_auto.i16"/></StgValue>
</bind>
</comp>

<comp id="56" class="1001" name="const_56">
<pin_list>
<pin id="57" dir="1" index="0" bw="1" slack="0"/>
</pin_list>
<bind>
<StgValue><ssdm name="_ssdm_op_PartSelect.i15.i16.i32.i32"/></StgValue>
</bind>
</comp>

<comp id="58" class="1001" name="const_58">
<pin_list>
<pin id="59" dir="1" index="0" bw="1" slack="0"/>
</pin_list>
<bind>
<StgValue><ssdm name=""/></StgValue>
</bind>
</comp>

<comp id="60" class="1001" name="const_60">
<pin_list>
<pin id="61" dir="1" index="0" bw="1" slack="0"/>
</pin_list>
<bind>
<StgValue><ssdm name=""/></StgValue>
</bind>
</comp>

<comp id="62" class="1004" name="data_19_val_read_read_fu_62">
<pin_list>
<pin id="63" dir="0" index="0" bw="16" slack="0"/>
<pin id="64" dir="0" index="1" bw="16" slack="0"/>
<pin id="65" dir="1" index="2" bw="16" slack="0"/>
</pin_list>
<bind>
<opcode="read(1150) " fcode="read"/>
<opset="data_19_val_read/1 "/>
</bind>
</comp>

<comp id="68" class="1004" name="data_18_val_read_read_fu_68">
<pin_list>
<pin id="69" dir="0" index="0" bw="16" slack="0"/>
<pin id="70" dir="0" index="1" bw="16" slack="0"/>
<pin id="71" dir="1" index="2" bw="16" slack="0"/>
</pin_list>
<bind>
<opcode="read(1150) " fcode="read"/>
<opset="data_18_val_read/1 "/>
</bind>
</comp>

<comp id="74" class="1004" name="data_17_val_read_read_fu_74">
<pin_list>
<pin id="75" dir="0" index="0" bw="16" slack="0"/>
<pin id="76" dir="0" index="1" bw="16" slack="0"/>
<pin id="77" dir="1" index="2" bw="16" slack="0"/>
</pin_list>
<bind>
<opcode="read(1150) " fcode="read"/>
<opset="data_17_val_read/1 "/>
</bind>
</comp>

<comp id="80" class="1004" name="data_16_val_read_read_fu_80">
<pin_list>
<pin id="81" dir="0" index="0" bw="16" slack="0"/>
<pin id="82" dir="0" index="1" bw="16" slack="0"/>
<pin id="83" dir="1" index="2" bw="16" slack="0"/>
</pin_list>
<bind>
<opcode="read(1150) " fcode="read"/>
<opset="data_16_val_read/1 "/>
</bind>
</comp>

<comp id="86" class="1004" name="data_15_val_read_read_fu_86">
<pin_list>
<pin id="87" dir="0" index="0" bw="16" slack="0"/>
<pin id="88" dir="0" index="1" bw="16" slack="0"/>
<pin id="89" dir="1" index="2" bw="16" slack="0"/>
</pin_list>
<bind>
<opcode="read(1150) " fcode="read"/>
<opset="data_15_val_read/1 "/>
</bind>
</comp>

<comp id="92" class="1004" name="data_14_val_read_read_fu_92">
<pin_list>
<pin id="93" dir="0" index="0" bw="16" slack="0"/>
<pin id="94" dir="0" index="1" bw="16" slack="0"/>
<pin id="95" dir="1" index="2" bw="16" slack="0"/>
</pin_list>
<bind>
<opcode="read(1150) " fcode="read"/>
<opset="data_14_val_read/1 "/>
</bind>
</comp>

<comp id="98" class="1004" name="data_13_val_read_read_fu_98">
<pin_list>
<pin id="99" dir="0" index="0" bw="16" slack="0"/>
<pin id="100" dir="0" index="1" bw="16" slack="0"/>
<pin id="101" dir="1" index="2" bw="16" slack="0"/>
</pin_list>
<bind>
<opcode="read(1150) " fcode="read"/>
<opset="data_13_val_read/1 "/>
</bind>
</comp>

<comp id="104" class="1004" name="data_12_val_read_read_fu_104">
<pin_list>
<pin id="105" dir="0" index="0" bw="16" slack="0"/>
<pin id="106" dir="0" index="1" bw="16" slack="0"/>
<pin id="107" dir="1" index="2" bw="16" slack="0"/>
</pin_list>
<bind>
<opcode="read(1150) " fcode="read"/>
<opset="data_12_val_read/1 "/>
</bind>
</comp>

<comp id="110" class="1004" name="data_11_val_read_read_fu_110">
<pin_list>
<pin id="111" dir="0" index="0" bw="16" slack="0"/>
<pin id="112" dir="0" index="1" bw="16" slack="0"/>
<pin id="113" dir="1" index="2" bw="16" slack="0"/>
</pin_list>
<bind>
<opcode="read(1150) " fcode="read"/>
<opset="data_11_val_read/1 "/>
</bind>
</comp>

<comp id="116" class="1004" name="data_10_val_read_read_fu_116">
<pin_list>
<pin id="117" dir="0" index="0" bw="16" slack="0"/>
<pin id="118" dir="0" index="1" bw="16" slack="0"/>
<pin id="119" dir="1" index="2" bw="16" slack="0"/>
</pin_list>
<bind>
<opcode="read(1150) " fcode="read"/>
<opset="data_10_val_read/1 "/>
</bind>
</comp>

<comp id="122" class="1004" name="data_9_val_read_read_fu_122">
<pin_list>
<pin id="123" dir="0" index="0" bw="16" slack="0"/>
<pin id="124" dir="0" index="1" bw="16" slack="0"/>
<pin id="125" dir="1" index="2" bw="16" slack="0"/>
</pin_list>
<bind>
<opcode="read(1150) " fcode="read"/>
<opset="data_9_val_read/1 "/>
</bind>
</comp>

<comp id="128" class="1004" name="data_8_val_read_read_fu_128">
<pin_list>
<pin id="129" dir="0" index="0" bw="16" slack="0"/>
<pin id="130" dir="0" index="1" bw="16" slack="0"/>
<pin id="131" dir="1" index="2" bw="16" slack="0"/>
</pin_list>
<bind>
<opcode="read(1150) " fcode="read"/>
<opset="data_8_val_read/1 "/>
</bind>
</comp>

<comp id="134" class="1004" name="data_7_val_read_read_fu_134">
<pin_list>
<pin id="135" dir="0" index="0" bw="16" slack="0"/>
<pin id="136" dir="0" index="1" bw="16" slack="0"/>
<pin id="137" dir="1" index="2" bw="16" slack="0"/>
</pin_list>
<bind>
<opcode="read(1150) " fcode="read"/>
<opset="data_7_val_read/1 "/>
</bind>
</comp>

<comp id="140" class="1004" name="data_6_val_read_read_fu_140">
<pin_list>
<pin id="141" dir="0" index="0" bw="16" slack="0"/>
<pin id="142" dir="0" index="1" bw="16" slack="0"/>
<pin id="143" dir="1" index="2" bw="16" slack="0"/>
</pin_list>
<bind>
<opcode="read(1150) " fcode="read"/>
<opset="data_6_val_read/1 "/>
</bind>
</comp>

<comp id="146" class="1004" name="data_5_val_read_read_fu_146">
<pin_list>
<pin id="147" dir="0" index="0" bw="16" slack="0"/>
<pin id="148" dir="0" index="1" bw="16" slack="0"/>
<pin id="149" dir="1" index="2" bw="16" slack="0"/>
</pin_list>
<bind>
<opcode="read(1150) " fcode="read"/>
<opset="data_5_val_read/1 "/>
</bind>
</comp>

<comp id="152" class="1004" name="data_4_val_read_read_fu_152">
<pin_list>
<pin id="153" dir="0" index="0" bw="16" slack="0"/>
<pin id="154" dir="0" index="1" bw="16" slack="0"/>
<pin id="155" dir="1" index="2" bw="16" slack="0"/>
</pin_list>
<bind>
<opcode="read(1150) " fcode="read"/>
<opset="data_4_val_read/1 "/>
</bind>
</comp>

<comp id="158" class="1004" name="data_3_val_read_read_fu_158">
<pin_list>
<pin id="159" dir="0" index="0" bw="16" slack="0"/>
<pin id="160" dir="0" index="1" bw="16" slack="0"/>
<pin id="161" dir="1" index="2" bw="16" slack="0"/>
</pin_list>
<bind>
<opcode="read(1150) " fcode="read"/>
<opset="data_3_val_read/1 "/>
</bind>
</comp>

<comp id="164" class="1004" name="data_2_val_read_read_fu_164">
<pin_list>
<pin id="165" dir="0" index="0" bw="16" slack="0"/>
<pin id="166" dir="0" index="1" bw="16" slack="0"/>
<pin id="167" dir="1" index="2" bw="16" slack="0"/>
</pin_list>
<bind>
<opcode="read(1150) " fcode="read"/>
<opset="data_2_val_read/1 "/>
</bind>
</comp>

<comp id="170" class="1004" name="data_1_val_read_read_fu_170">
<pin_list>
<pin id="171" dir="0" index="0" bw="16" slack="0"/>
<pin id="172" dir="0" index="1" bw="16" slack="0"/>
<pin id="173" dir="1" index="2" bw="16" slack="0"/>
</pin_list>
<bind>
<opcode="read(1150) " fcode="read"/>
<opset="data_1_val_read/1 "/>
</bind>
</comp>

<comp id="176" class="1004" name="data_0_val_read_read_fu_176">
<pin_list>
<pin id="177" dir="0" index="0" bw="16" slack="0"/>
<pin id="178" dir="0" index="1" bw="16" slack="0"/>
<pin id="179" dir="1" index="2" bw="16" slack="0"/>
</pin_list>
<bind>
<opcode="read(1150) " fcode="read"/>
<opset="data_0_val_read/1 "/>
</bind>
</comp>

<comp id="182" class="1004" name="trunc_ln_fu_182">
<pin_list>
<pin id="183" dir="0" index="0" bw="15" slack="0"/>
<pin id="184" dir="0" index="1" bw="16" slack="0"/>
<pin id="185" dir="0" index="2" bw="1" slack="0"/>
<pin id="186" dir="0" index="3" bw="5" slack="0"/>
<pin id="187" dir="1" index="4" bw="15" slack="0"/>
</pin_list>
<bind>
<opcode="partselect(1002) " fcode="partselect"/>
<opset="trunc_ln/1 "/>
</bind>
</comp>

<comp id="192" class="1004" name="sext_ln54_fu_192">
<pin_list>
<pin id="193" dir="0" index="0" bw="15" slack="0"/>
<pin id="194" dir="1" index="1" bw="16" slack="0"/>
</pin_list>
<bind>
<opcode="sext(35) " fcode="sext"/>
<opset="sext_ln54/1 "/>
</bind>
</comp>

<comp id="196" class="1004" name="mrv_fu_196">
<pin_list>
<pin id="197" dir="0" index="0" bw="320" slack="0"/>
<pin id="198" dir="0" index="1" bw="16" slack="0"/>
<pin id="199" dir="1" index="2" bw="320" slack="0"/>
</pin_list>
<bind>
<opcode="insertvalue(57) " fcode="insertvalue"/>
<opset="mrv/1 "/>
</bind>
</comp>

<comp id="202" class="1004" name="mrv_1_fu_202">
<pin_list>
<pin id="203" dir="0" index="0" bw="320" slack="0"/>
<pin id="204" dir="0" index="1" bw="16" slack="0"/>
<pin id="205" dir="1" index="2" bw="320" slack="0"/>
</pin_list>
<bind>
<opcode="insertvalue(57) " fcode="insertvalue"/>
<opset="mrv_1/1 "/>
</bind>
</comp>

<comp id="208" class="1004" name="mrv_2_fu_208">
<pin_list>
<pin id="209" dir="0" index="0" bw="320" slack="0"/>
<pin id="210" dir="0" index="1" bw="16" slack="0"/>
<pin id="211" dir="1" index="2" bw="320" slack="0"/>
</pin_list>
<bind>
<opcode="insertvalue(57) " fcode="insertvalue"/>
<opset="mrv_2/1 "/>
</bind>
</comp>

<comp id="214" class="1004" name="mrv_3_fu_214">
<pin_list>
<pin id="215" dir="0" index="0" bw="320" slack="0"/>
<pin id="216" dir="0" index="1" bw="16" slack="0"/>
<pin id="217" dir="1" index="2" bw="320" slack="0"/>
</pin_list>
<bind>
<opcode="insertvalue(57) " fcode="insertvalue"/>
<opset="mrv_3/1 "/>
</bind>
</comp>

<comp id="220" class="1004" name="mrv_4_fu_220">
<pin_list>
<pin id="221" dir="0" index="0" bw="320" slack="0"/>
<pin id="222" dir="0" index="1" bw="16" slack="0"/>
<pin id="223" dir="1" index="2" bw="320" slack="0"/>
</pin_list>
<bind>
<opcode="insertvalue(57) " fcode="insertvalue"/>
<opset="mrv_4/1 "/>
</bind>
</comp>

<comp id="226" class="1004" name="mrv_5_fu_226">
<pin_list>
<pin id="227" dir="0" index="0" bw="320" slack="0"/>
<pin id="228" dir="0" index="1" bw="15" slack="0"/>
<pin id="229" dir="1" index="2" bw="320" slack="0"/>
</pin_list>
<bind>
<opcode="insertvalue(57) " fcode="insertvalue"/>
<opset="mrv_5/1 "/>
</bind>
</comp>

<comp id="232" class="1004" name="mrv_6_fu_232">
<pin_list>
<pin id="233" dir="0" index="0" bw="320" slack="0"/>
<pin id="234" dir="0" index="1" bw="16" slack="0"/>
<pin id="235" dir="1" index="2" bw="320" slack="0"/>
</pin_list>
<bind>
<opcode="insertvalue(57) " fcode="insertvalue"/>
<opset="mrv_6/1 "/>
</bind>
</comp>

<comp id="238" class="1004" name="mrv_7_fu_238">
<pin_list>
<pin id="239" dir="0" index="0" bw="320" slack="0"/>
<pin id="240" dir="0" index="1" bw="16" slack="0"/>
<pin id="241" dir="1" index="2" bw="320" slack="0"/>
</pin_list>
<bind>
<opcode="insertvalue(57) " fcode="insertvalue"/>
<opset="mrv_7/1 "/>
</bind>
</comp>

<comp id="244" class="1004" name="mrv_8_fu_244">
<pin_list>
<pin id="245" dir="0" index="0" bw="320" slack="0"/>
<pin id="246" dir="0" index="1" bw="16" slack="0"/>
<pin id="247" dir="1" index="2" bw="320" slack="0"/>
</pin_list>
<bind>
<opcode="insertvalue(57) " fcode="insertvalue"/>
<opset="mrv_8/1 "/>
</bind>
</comp>

<comp id="250" class="1004" name="mrv_9_fu_250">
<pin_list>
<pin id="251" dir="0" index="0" bw="320" slack="0"/>
<pin id="252" dir="0" index="1" bw="16" slack="0"/>
<pin id="253" dir="1" index="2" bw="320" slack="0"/>
</pin_list>
<bind>
<opcode="insertvalue(57) " fcode="insertvalue"/>
<opset="mrv_9/1 "/>
</bind>
</comp>

<comp id="256" class="1004" name="mrv_10_fu_256">
<pin_list>
<pin id="257" dir="0" index="0" bw="320" slack="0"/>
<pin id="258" dir="0" index="1" bw="16" slack="0"/>
<pin id="259" dir="1" index="2" bw="320" slack="0"/>
</pin_list>
<bind>
<opcode="insertvalue(57) " fcode="insertvalue"/>
<opset="mrv_10/1 "/>
</bind>
</comp>

<comp id="262" class="1004" name="mrv_11_fu_262">
<pin_list>
<pin id="263" dir="0" index="0" bw="320" slack="0"/>
<pin id="264" dir="0" index="1" bw="16" slack="0"/>
<pin id="265" dir="1" index="2" bw="320" slack="0"/>
</pin_list>
<bind>
<opcode="insertvalue(57) " fcode="insertvalue"/>
<opset="mrv_11/1 "/>
</bind>
</comp>

<comp id="268" class="1004" name="mrv_12_fu_268">
<pin_list>
<pin id="269" dir="0" index="0" bw="320" slack="0"/>
<pin id="270" dir="0" index="1" bw="16" slack="0"/>
<pin id="271" dir="1" index="2" bw="320" slack="0"/>
</pin_list>
<bind>
<opcode="insertvalue(57) " fcode="insertvalue"/>
<opset="mrv_12/1 "/>
</bind>
</comp>

<comp id="274" class="1004" name="mrv_13_fu_274">
<pin_list>
<pin id="275" dir="0" index="0" bw="320" slack="0"/>
<pin id="276" dir="0" index="1" bw="16" slack="0"/>
<pin id="277" dir="1" index="2" bw="320" slack="0"/>
</pin_list>
<bind>
<opcode="insertvalue(57) " fcode="insertvalue"/>
<opset="mrv_13/1 "/>
</bind>
</comp>

<comp id="280" class="1004" name="mrv_14_fu_280">
<pin_list>
<pin id="281" dir="0" index="0" bw="320" slack="0"/>
<pin id="282" dir="0" index="1" bw="16" slack="0"/>
<pin id="283" dir="1" index="2" bw="320" slack="0"/>
</pin_list>
<bind>
<opcode="insertvalue(57) " fcode="insertvalue"/>
<opset="mrv_14/1 "/>
</bind>
</comp>

<comp id="286" class="1004" name="mrv_15_fu_286">
<pin_list>
<pin id="287" dir="0" index="0" bw="320" slack="0"/>
<pin id="288" dir="0" index="1" bw="16" slack="0"/>
<pin id="289" dir="1" index="2" bw="320" slack="0"/>
</pin_list>
<bind>
<opcode="insertvalue(57) " fcode="insertvalue"/>
<opset="mrv_15/1 "/>
</bind>
</comp>

<comp id="292" class="1004" name="mrv_16_fu_292">
<pin_list>
<pin id="293" dir="0" index="0" bw="320" slack="0"/>
<pin id="294" dir="0" index="1" bw="16" slack="0"/>
<pin id="295" dir="1" index="2" bw="320" slack="0"/>
</pin_list>
<bind>
<opcode="insertvalue(57) " fcode="insertvalue"/>
<opset="mrv_16/1 "/>
</bind>
</comp>

<comp id="298" class="1004" name="mrv_17_fu_298">
<pin_list>
<pin id="299" dir="0" index="0" bw="320" slack="0"/>
<pin id="300" dir="0" index="1" bw="16" slack="0"/>
<pin id="301" dir="1" index="2" bw="320" slack="0"/>
</pin_list>
<bind>
<opcode="insertvalue(57) " fcode="insertvalue"/>
<opset="mrv_17/1 "/>
</bind>
</comp>

<comp id="304" class="1004" name="mrv_18_fu_304">
<pin_list>
<pin id="305" dir="0" index="0" bw="320" slack="0"/>
<pin id="306" dir="0" index="1" bw="16" slack="0"/>
<pin id="307" dir="1" index="2" bw="320" slack="0"/>
</pin_list>
<bind>
<opcode="insertvalue(57) " fcode="insertvalue"/>
<opset="mrv_18/1 "/>
</bind>
</comp>

<comp id="310" class="1004" name="mrv_s_fu_310">
<pin_list>
<pin id="311" dir="0" index="0" bw="320" slack="0"/>
<pin id="312" dir="0" index="1" bw="16" slack="0"/>
<pin id="313" dir="1" index="2" bw="320" slack="2147483647"/>
</pin_list>
<bind>
<opcode="insertvalue(57) " fcode="insertvalue"/>
<opset="mrv_s/1 "/>
</bind>
</comp>

</comp_list>

<net_list>
<net id="66"><net_src comp="54" pin="0"/><net_sink comp="62" pin=0"/></net>

<net id="67"><net_src comp="38" pin="0"/><net_sink comp="62" pin=1"/></net>

<net id="72"><net_src comp="54" pin="0"/><net_sink comp="68" pin=0"/></net>

<net id="73"><net_src comp="36" pin="0"/><net_sink comp="68" pin=1"/></net>

<net id="78"><net_src comp="54" pin="0"/><net_sink comp="74" pin=0"/></net>

<net id="79"><net_src comp="34" pin="0"/><net_sink comp="74" pin=1"/></net>

<net id="84"><net_src comp="54" pin="0"/><net_sink comp="80" pin=0"/></net>

<net id="85"><net_src comp="32" pin="0"/><net_sink comp="80" pin=1"/></net>

<net id="90"><net_src comp="54" pin="0"/><net_sink comp="86" pin=0"/></net>

<net id="91"><net_src comp="30" pin="0"/><net_sink comp="86" pin=1"/></net>

<net id="96"><net_src comp="54" pin="0"/><net_sink comp="92" pin=0"/></net>

<net id="97"><net_src comp="28" pin="0"/><net_sink comp="92" pin=1"/></net>

<net id="102"><net_src comp="54" pin="0"/><net_sink comp="98" pin=0"/></net>

<net id="103"><net_src comp="26" pin="0"/><net_sink comp="98" pin=1"/></net>

<net id="108"><net_src comp="54" pin="0"/><net_sink comp="104" pin=0"/></net>

<net id="109"><net_src comp="24" pin="0"/><net_sink comp="104" pin=1"/></net>

<net id="114"><net_src comp="54" pin="0"/><net_sink comp="110" pin=0"/></net>

<net id="115"><net_src comp="22" pin="0"/><net_sink comp="110" pin=1"/></net>

<net id="120"><net_src comp="54" pin="0"/><net_sink comp="116" pin=0"/></net>

<net id="121"><net_src comp="20" pin="0"/><net_sink comp="116" pin=1"/></net>

<net id="126"><net_src comp="54" pin="0"/><net_sink comp="122" pin=0"/></net>

<net id="127"><net_src comp="18" pin="0"/><net_sink comp="122" pin=1"/></net>

<net id="132"><net_src comp="54" pin="0"/><net_sink comp="128" pin=0"/></net>

<net id="133"><net_src comp="16" pin="0"/><net_sink comp="128" pin=1"/></net>

<net id="138"><net_src comp="54" pin="0"/><net_sink comp="134" pin=0"/></net>

<net id="139"><net_src comp="14" pin="0"/><net_sink comp="134" pin=1"/></net>

<net id="144"><net_src comp="54" pin="0"/><net_sink comp="140" pin=0"/></net>

<net id="145"><net_src comp="12" pin="0"/><net_sink comp="140" pin=1"/></net>

<net id="150"><net_src comp="54" pin="0"/><net_sink comp="146" pin=0"/></net>

<net id="151"><net_src comp="10" pin="0"/><net_sink comp="146" pin=1"/></net>

<net id="156"><net_src comp="54" pin="0"/><net_sink comp="152" pin=0"/></net>

<net id="157"><net_src comp="8" pin="0"/><net_sink comp="152" pin=1"/></net>

<net id="162"><net_src comp="54" pin="0"/><net_sink comp="158" pin=0"/></net>

<net id="163"><net_src comp="6" pin="0"/><net_sink comp="158" pin=1"/></net>

<net id="168"><net_src comp="54" pin="0"/><net_sink comp="164" pin=0"/></net>

<net id="169"><net_src comp="4" pin="0"/><net_sink comp="164" pin=1"/></net>

<net id="174"><net_src comp="54" pin="0"/><net_sink comp="170" pin=0"/></net>

<net id="175"><net_src comp="2" pin="0"/><net_sink comp="170" pin=1"/></net>

<net id="180"><net_src comp="54" pin="0"/><net_sink comp="176" pin=0"/></net>

<net id="181"><net_src comp="0" pin="0"/><net_sink comp="176" pin=1"/></net>

<net id="188"><net_src comp="56" pin="0"/><net_sink comp="182" pin=0"/></net>

<net id="189"><net_src comp="146" pin="2"/><net_sink comp="182" pin=1"/></net>

<net id="190"><net_src comp="42" pin="0"/><net_sink comp="182" pin=2"/></net>

<net id="191"><net_src comp="58" pin="0"/><net_sink comp="182" pin=3"/></net>

<net id="195"><net_src comp="182" pin="4"/><net_sink comp="192" pin=0"/></net>

<net id="200"><net_src comp="60" pin="0"/><net_sink comp="196" pin=0"/></net>

<net id="201"><net_src comp="176" pin="2"/><net_sink comp="196" pin=1"/></net>

<net id="206"><net_src comp="196" pin="2"/><net_sink comp="202" pin=0"/></net>

<net id="207"><net_src comp="170" pin="2"/><net_sink comp="202" pin=1"/></net>

<net id="212"><net_src comp="202" pin="2"/><net_sink comp="208" pin=0"/></net>

<net id="213"><net_src comp="164" pin="2"/><net_sink comp="208" pin=1"/></net>

<net id="218"><net_src comp="208" pin="2"/><net_sink comp="214" pin=0"/></net>

<net id="219"><net_src comp="158" pin="2"/><net_sink comp="214" pin=1"/></net>

<net id="224"><net_src comp="214" pin="2"/><net_sink comp="220" pin=0"/></net>

<net id="225"><net_src comp="152" pin="2"/><net_sink comp="220" pin=1"/></net>

<net id="230"><net_src comp="220" pin="2"/><net_sink comp="226" pin=0"/></net>

<net id="231"><net_src comp="192" pin="1"/><net_sink comp="226" pin=1"/></net>

<net id="236"><net_src comp="226" pin="2"/><net_sink comp="232" pin=0"/></net>

<net id="237"><net_src comp="140" pin="2"/><net_sink comp="232" pin=1"/></net>

<net id="242"><net_src comp="232" pin="2"/><net_sink comp="238" pin=0"/></net>

<net id="243"><net_src comp="134" pin="2"/><net_sink comp="238" pin=1"/></net>

<net id="248"><net_src comp="238" pin="2"/><net_sink comp="244" pin=0"/></net>

<net id="249"><net_src comp="128" pin="2"/><net_sink comp="244" pin=1"/></net>

<net id="254"><net_src comp="244" pin="2"/><net_sink comp="250" pin=0"/></net>

<net id="255"><net_src comp="122" pin="2"/><net_sink comp="250" pin=1"/></net>

<net id="260"><net_src comp="250" pin="2"/><net_sink comp="256" pin=0"/></net>

<net id="261"><net_src comp="116" pin="2"/><net_sink comp="256" pin=1"/></net>

<net id="266"><net_src comp="256" pin="2"/><net_sink comp="262" pin=0"/></net>

<net id="267"><net_src comp="110" pin="2"/><net_sink comp="262" pin=1"/></net>

<net id="272"><net_src comp="262" pin="2"/><net_sink comp="268" pin=0"/></net>

<net id="273"><net_src comp="104" pin="2"/><net_sink comp="268" pin=1"/></net>

<net id="278"><net_src comp="268" pin="2"/><net_sink comp="274" pin=0"/></net>

<net id="279"><net_src comp="98" pin="2"/><net_sink comp="274" pin=1"/></net>

<net id="284"><net_src comp="274" pin="2"/><net_sink comp="280" pin=0"/></net>

<net id="285"><net_src comp="92" pin="2"/><net_sink comp="280" pin=1"/></net>

<net id="290"><net_src comp="280" pin="2"/><net_sink comp="286" pin=0"/></net>

<net id="291"><net_src comp="86" pin="2"/><net_sink comp="286" pin=1"/></net>

<net id="296"><net_src comp="286" pin="2"/><net_sink comp="292" pin=0"/></net>

<net id="297"><net_src comp="80" pin="2"/><net_sink comp="292" pin=1"/></net>

<net id="302"><net_src comp="292" pin="2"/><net_sink comp="298" pin=0"/></net>

<net id="303"><net_src comp="74" pin="2"/><net_sink comp="298" pin=1"/></net>

<net id="308"><net_src comp="298" pin="2"/><net_sink comp="304" pin=0"/></net>

<net id="309"><net_src comp="68" pin="2"/><net_sink comp="304" pin=1"/></net>

<net id="314"><net_src comp="304" pin="2"/><net_sink comp="310" pin=0"/></net>

<net id="315"><net_src comp="62" pin="2"/><net_sink comp="310" pin=1"/></net>

</net_list>

</model> 
---------------- Datapath Model END ------------------

* FSMD analyzer results:
  - Output states:
 - Input state : 
	Port: normalize<ap_fixed<16, 6, 5, 3, 0>, ap_fixed<16, 6, 5, 3, 0>, config23> : data_0_val | {1 }
	Port: normalize<ap_fixed<16, 6, 5, 3, 0>, ap_fixed<16, 6, 5, 3, 0>, config23> : data_1_val | {1 }
	Port: normalize<ap_fixed<16, 6, 5, 3, 0>, ap_fixed<16, 6, 5, 3, 0>, config23> : data_2_val | {1 }
	Port: normalize<ap_fixed<16, 6, 5, 3, 0>, ap_fixed<16, 6, 5, 3, 0>, config23> : data_3_val | {1 }
	Port: normalize<ap_fixed<16, 6, 5, 3, 0>, ap_fixed<16, 6, 5, 3, 0>, config23> : data_4_val | {1 }
	Port: normalize<ap_fixed<16, 6, 5, 3, 0>, ap_fixed<16, 6, 5, 3, 0>, config23> : data_5_val | {1 }
	Port: normalize<ap_fixed<16, 6, 5, 3, 0>, ap_fixed<16, 6, 5, 3, 0>, config23> : data_6_val | {1 }
	Port: normalize<ap_fixed<16, 6, 5, 3, 0>, ap_fixed<16, 6, 5, 3, 0>, config23> : data_7_val | {1 }
	Port: normalize<ap_fixed<16, 6, 5, 3, 0>, ap_fixed<16, 6, 5, 3, 0>, config23> : data_8_val | {1 }
	Port: normalize<ap_fixed<16, 6, 5, 3, 0>, ap_fixed<16, 6, 5, 3, 0>, config23> : data_9_val | {1 }
	Port: normalize<ap_fixed<16, 6, 5, 3, 0>, ap_fixed<16, 6, 5, 3, 0>, config23> : data_10_val | {1 }
	Port: normalize<ap_fixed<16, 6, 5, 3, 0>, ap_fixed<16, 6, 5, 3, 0>, config23> : data_11_val | {1 }
	Port: normalize<ap_fixed<16, 6, 5, 3, 0>, ap_fixed<16, 6, 5, 3, 0>, config23> : data_12_val | {1 }
	Port: normalize<ap_fixed<16, 6, 5, 3, 0>, ap_fixed<16, 6, 5, 3, 0>, config23> : data_13_val | {1 }
	Port: normalize<ap_fixed<16, 6, 5, 3, 0>, ap_fixed<16, 6, 5, 3, 0>, config23> : data_14_val | {1 }
	Port: normalize<ap_fixed<16, 6, 5, 3, 0>, ap_fixed<16, 6, 5, 3, 0>, config23> : data_15_val | {1 }
	Port: normalize<ap_fixed<16, 6, 5, 3, 0>, ap_fixed<16, 6, 5, 3, 0>, config23> : data_16_val | {1 }
	Port: normalize<ap_fixed<16, 6, 5, 3, 0>, ap_fixed<16, 6, 5, 3, 0>, config23> : data_17_val | {1 }
	Port: normalize<ap_fixed<16, 6, 5, 3, 0>, ap_fixed<16, 6, 5, 3, 0>, config23> : data_18_val | {1 }
	Port: normalize<ap_fixed<16, 6, 5, 3, 0>, ap_fixed<16, 6, 5, 3, 0>, config23> : data_19_val | {1 }
  - Chain level:
	State 1
		sext_ln54 : 1
		mrv_1 : 1
		mrv_2 : 2
		mrv_3 : 3
		mrv_4 : 4
		mrv_5 : 5
		mrv_6 : 6
		mrv_7 : 7
		mrv_8 : 8
		mrv_9 : 9
		mrv_10 : 10
		mrv_11 : 11
		mrv_12 : 12
		mrv_13 : 13
		mrv_14 : 14
		mrv_15 : 15
		mrv_16 : 16
		mrv_17 : 17
		mrv_18 : 18
		mrv_s : 19
		ret_ln63 : 20


============================================================
+ Verbose Summary: Datapath Resource usage 
============================================================

* Functional unit list:
|----------|------------------------------|
| Operation|        Functional Unit       |
|----------|------------------------------|
|          |  data_19_val_read_read_fu_62 |
|          |  data_18_val_read_read_fu_68 |
|          |  data_17_val_read_read_fu_74 |
|          |  data_16_val_read_read_fu_80 |
|          |  data_15_val_read_read_fu_86 |
|          |  data_14_val_read_read_fu_92 |
|          |  data_13_val_read_read_fu_98 |
|          | data_12_val_read_read_fu_104 |
|          | data_11_val_read_read_fu_110 |
|   read   | data_10_val_read_read_fu_116 |
|          |  data_9_val_read_read_fu_122 |
|          |  data_8_val_read_read_fu_128 |
|          |  data_7_val_read_read_fu_134 |
|          |  data_6_val_read_read_fu_140 |
|          |  data_5_val_read_read_fu_146 |
|          |  data_4_val_read_read_fu_152 |
|          |  data_3_val_read_read_fu_158 |
|          |  data_2_val_read_read_fu_164 |
|          |  data_1_val_read_read_fu_170 |
|          |  data_0_val_read_read_fu_176 |
|----------|------------------------------|
|partselect|        trunc_ln_fu_182       |
|----------|------------------------------|
|   sext   |       sext_ln54_fu_192       |
|----------|------------------------------|
|          |          mrv_fu_196          |
|          |         mrv_1_fu_202         |
|          |         mrv_2_fu_208         |
|          |         mrv_3_fu_214         |
|          |         mrv_4_fu_220         |
|          |         mrv_5_fu_226         |
|          |         mrv_6_fu_232         |
|          |         mrv_7_fu_238         |
|          |         mrv_8_fu_244         |
|insertvalue|         mrv_9_fu_250         |
|          |         mrv_10_fu_256        |
|          |         mrv_11_fu_262        |
|          |         mrv_12_fu_268        |
|          |         mrv_13_fu_274        |
|          |         mrv_14_fu_280        |
|          |         mrv_15_fu_286        |
|          |         mrv_16_fu_292        |
|          |         mrv_17_fu_298        |
|          |         mrv_18_fu_304        |
|          |         mrv_s_fu_310         |
|----------|------------------------------|
|   Total  |                              |
|----------|------------------------------|

Memories:
N/A

* Register list:
N/A

* Multiplexer (MUX) list: 
|--------|------|------|------|--------|
|  Comp  |  Pin | Size |  BW  | S x BW |
|--------|------|------|------|--------|
|  Total |      |      |      |    0   |
|--------|------|------|------|--------|



* Summary:
+-----------+
|           |
+-----------+
|  Function |
|   Memory  |
|Multiplexer|
|  Register |
+-----------+
|   Total   |
+-----------+
