

================================================================
== Vitis HLS Report for 'relu_ap_fixed_16_6_5_3_0_ap_ufixed_2_0_4_0_0_relu_config18_s'
================================================================
* Date:           Mon Oct 20 15:01:56 2025

* Version:        2024.1 (Build 5069499 on May 21 2024)
* Project:        myproject_prj
* Solution:       solution1 (Vivado IP Flow Target)
* Product family: zynq
* Target device:  xc7z020-clg400-1


================================================================
== Performance Estimates
================================================================
+ Timing: 
    * Summary: 
    +--------+---------+----------+------------+
    |  Clock |  Target | Estimated| Uncertainty|
    +--------+---------+----------+------------+
    |ap_clk  |  5.00 ns|  3.435 ns|     0.62 ns|
    +--------+---------+----------+------------+

+ Latency: 
    * Summary: 
    +---------+---------+----------+----------+-----+-----+---------+
    |  Latency (cycles) |  Latency (absolute) |  Interval | Pipeline|
    |   min   |   max   |    min   |    max   | min | max |   Type  |
    +---------+---------+----------+----------+-----+-----+---------+
    |        1|        1|  5.000 ns|  5.000 ns|    1|    1|      yes|
    +---------+---------+----------+----------+-----+-----+---------+

    + Detail: 
        * Instance: 
        N/A

        * Loop: 
        N/A

============================================================
+ Verbose Summary: Synthesis Manager
============================================================
InlineROM: 1
ExposeGlobal: 0
============================================================
+ Verbose Summary: CDFG Model
============================================================
IsTopModel: 0
ResetActiveHigh: 1
IsCombinational: 0
IsDatapathOnly: 0
HasWiredReturn: 1
HasMFsm: 2
HasVarLatency: 0
IsPipeline: 1
IsRtlPipelined: 1
IsInstanceOverlapped: 0
IsDontTouch: 0
HasImplIP: 0
IsGatedGlobalClock: 0

+ Individual pipeline summary: 
  * Pipeline-0: initiation interval (II) = 1, depth = 2


============================================================
+ Verbose Summary: Schedule
============================================================
* Number of FSM states : 2
* Pipeline : 1
  Pipeline-0 : II = 1, D = 2, States = { 1 2 }
* Dataflow Pipeline: 0

* FSM state transitions: 
1 --> 2 
2 --> 

* FSM state operations: 

State 1 <SV = 0> <Delay = 3.43>
ST_1 : Operation 3 [1/1] (0.00ns)   --->   "%data_6_val_read = read i16 @_ssdm_op_Read.ap_auto.i16, i16 %data_6_val" [firmware/nnet_utils/nnet_activation.h:42]   --->   Operation 3 'read' 'data_6_val_read' <Predicate = true> <Delay = 0.00>
ST_1 : Operation 4 [1/1] (0.00ns)   --->   "%data_5_val_read = read i16 @_ssdm_op_Read.ap_auto.i16, i16 %data_5_val" [firmware/nnet_utils/nnet_activation.h:42]   --->   Operation 4 'read' 'data_5_val_read' <Predicate = true> <Delay = 0.00>
ST_1 : Operation 5 [1/1] (0.00ns)   --->   "%data_4_val_read = read i16 @_ssdm_op_Read.ap_auto.i16, i16 %data_4_val" [firmware/nnet_utils/nnet_activation.h:42]   --->   Operation 5 'read' 'data_4_val_read' <Predicate = true> <Delay = 0.00>
ST_1 : Operation 6 [1/1] (0.00ns)   --->   "%data_1_val_read = read i16 @_ssdm_op_Read.ap_auto.i16, i16 %data_1_val" [firmware/nnet_utils/nnet_activation.h:42]   --->   Operation 6 'read' 'data_1_val_read' <Predicate = true> <Delay = 0.00>
ST_1 : Operation 7 [1/1] (0.00ns)   --->   "%data_0_val_read = read i16 @_ssdm_op_Read.ap_auto.i16, i16 %data_0_val" [firmware/nnet_utils/nnet_activation.h:42]   --->   Operation 7 'read' 'data_0_val_read' <Predicate = true> <Delay = 0.00>
ST_1 : Operation 8 [1/1] (0.00ns)   --->   "%tmp = bitselect i1 @_ssdm_op_BitSelect.i1.i16.i32, i16 %data_0_val_read, i32 15" [firmware/nnet_utils/nnet_activation.h:46]   --->   Operation 8 'bitselect' 'tmp' <Predicate = true> <Delay = 0.00>
ST_1 : Operation 9 [1/1] (0.00ns) (grouped into LUT with out node add_ln46)   --->   "%trunc_ln = partselect i2 @_ssdm_op_PartSelect.i2.i16.i32.i32, i16 %data_0_val_read, i32 8, i32 9" [firmware/nnet_utils/nnet_activation.h:46]   --->   Operation 9 'partselect' 'trunc_ln' <Predicate = true> <Delay = 0.00>
ST_1 : Operation 10 [1/1] (0.00ns) (grouped into LUT with out node add_ln46)   --->   "%tmp_218 = bitselect i1 @_ssdm_op_BitSelect.i1.i16.i32, i16 %data_0_val_read, i32 7" [firmware/nnet_utils/nnet_activation.h:46]   --->   Operation 10 'bitselect' 'tmp_218' <Predicate = true> <Delay = 0.00>
ST_1 : Operation 11 [1/1] (0.00ns)   --->   "%trunc_ln46 = trunc i16 %data_0_val_read" [firmware/nnet_utils/nnet_activation.h:46]   --->   Operation 11 'trunc' 'trunc_ln46' <Predicate = true> <Delay = 0.00>
ST_1 : Operation 12 [1/1] (1.87ns)   --->   "%icmp_ln46 = icmp_ne  i7 %trunc_ln46, i7 0" [firmware/nnet_utils/nnet_activation.h:46]   --->   Operation 12 'icmp' 'icmp_ln46' <Predicate = true> <Delay = 1.87> <CoreInst = "Cmp">   --->   Core 9 'Cmp' <Latency = 0> <II = 1> <Delay = 1.87> <FuncUnit> <Opcode : 'seteq' 'setne' 'setle' 'setge' 'setlt' 'setgt'> <InPorts = 2> <OutPorts = 1>
ST_1 : Operation 13 [1/1] (0.00ns) (grouped into LUT with out node add_ln46)   --->   "%tmp_220 = bitselect i1 @_ssdm_op_BitSelect.i1.i16.i32, i16 %data_0_val_read, i32 8" [firmware/nnet_utils/nnet_activation.h:46]   --->   Operation 13 'bitselect' 'tmp_220' <Predicate = true> <Delay = 0.00>
ST_1 : Operation 14 [1/1] (0.00ns) (grouped into LUT with out node add_ln46)   --->   "%or_ln46 = or i1 %tmp_220, i1 %icmp_ln46" [firmware/nnet_utils/nnet_activation.h:46]   --->   Operation 14 'or' 'or_ln46' <Predicate = true> <Delay = 0.00> <CoreInst = "LogicGate">   --->   Core 74 'LogicGate' <Latency = 0> <II = 1> <Delay = 0.97> <FuncUnit> <Opcode : 'and' 'or' 'xor'> <InPorts = 2> <OutPorts = 1>
ST_1 : Operation 15 [1/1] (0.00ns) (grouped into LUT with out node add_ln46)   --->   "%and_ln46 = and i1 %or_ln46, i1 %tmp_218" [firmware/nnet_utils/nnet_activation.h:46]   --->   Operation 15 'and' 'and_ln46' <Predicate = true> <Delay = 0.00> <CoreInst = "LogicGate">   --->   Core 74 'LogicGate' <Latency = 0> <II = 1> <Delay = 0.97> <FuncUnit> <Opcode : 'and' 'or' 'xor'> <InPorts = 2> <OutPorts = 1>
ST_1 : Operation 16 [1/1] (0.00ns) (grouped into LUT with out node add_ln46)   --->   "%zext_ln46 = zext i1 %and_ln46" [firmware/nnet_utils/nnet_activation.h:46]   --->   Operation 16 'zext' 'zext_ln46' <Predicate = true> <Delay = 0.00>
ST_1 : Operation 17 [1/1] (1.56ns) (out node of the LUT)   --->   "%add_ln46 = add i2 %trunc_ln, i2 %zext_ln46" [firmware/nnet_utils/nnet_activation.h:46]   --->   Operation 17 'add' 'add_ln46' <Predicate = true> <Delay = 1.56> <CoreInst = "Adder">   --->   Core 1 'Adder' <Latency = 0> <II = 1> <Delay = 1.56> <FuncUnit> <Opcode : 'add' 'sub'> <InPorts = 2> <OutPorts = 1>
ST_1 : Operation 18 [1/1] (0.00ns)   --->   "%tmp_s = partselect i6 @_ssdm_op_PartSelect.i6.i16.i32.i32, i16 %data_0_val_read, i32 10, i32 15" [firmware/nnet_utils/nnet_activation.h:46]   --->   Operation 18 'partselect' 'tmp_s' <Predicate = true> <Delay = 0.00>
ST_1 : Operation 19 [1/1] (1.82ns)   --->   "%icmp_ln46_73 = icmp_eq  i6 %tmp_s, i6 0" [firmware/nnet_utils/nnet_activation.h:46]   --->   Operation 19 'icmp' 'icmp_ln46_73' <Predicate = true> <Delay = 1.82> <CoreInst = "Cmp">   --->   Core 9 'Cmp' <Latency = 0> <II = 1> <Delay = 1.82> <FuncUnit> <Opcode : 'seteq' 'setne' 'setle' 'setge' 'setlt' 'setgt'> <InPorts = 2> <OutPorts = 1>
ST_1 : Operation 20 [1/1] (0.00ns)   --->   "%tmp_222 = bitselect i1 @_ssdm_op_BitSelect.i1.i16.i32, i16 %data_1_val_read, i32 15" [firmware/nnet_utils/nnet_activation.h:46]   --->   Operation 20 'bitselect' 'tmp_222' <Predicate = true> <Delay = 0.00>
ST_1 : Operation 21 [1/1] (0.00ns) (grouped into LUT with out node add_ln46_36)   --->   "%trunc_ln46_s = partselect i2 @_ssdm_op_PartSelect.i2.i16.i32.i32, i16 %data_1_val_read, i32 8, i32 9" [firmware/nnet_utils/nnet_activation.h:46]   --->   Operation 21 'partselect' 'trunc_ln46_s' <Predicate = true> <Delay = 0.00>
ST_1 : Operation 22 [1/1] (0.00ns) (grouped into LUT with out node add_ln46_36)   --->   "%tmp_223 = bitselect i1 @_ssdm_op_BitSelect.i1.i16.i32, i16 %data_1_val_read, i32 7" [firmware/nnet_utils/nnet_activation.h:46]   --->   Operation 22 'bitselect' 'tmp_223' <Predicate = true> <Delay = 0.00>
ST_1 : Operation 23 [1/1] (0.00ns)   --->   "%trunc_ln46_54 = trunc i16 %data_1_val_read" [firmware/nnet_utils/nnet_activation.h:46]   --->   Operation 23 'trunc' 'trunc_ln46_54' <Predicate = true> <Delay = 0.00>
ST_1 : Operation 24 [1/1] (1.87ns)   --->   "%icmp_ln46_74 = icmp_ne  i7 %trunc_ln46_54, i7 0" [firmware/nnet_utils/nnet_activation.h:46]   --->   Operation 24 'icmp' 'icmp_ln46_74' <Predicate = true> <Delay = 1.87> <CoreInst = "Cmp">   --->   Core 9 'Cmp' <Latency = 0> <II = 1> <Delay = 1.87> <FuncUnit> <Opcode : 'seteq' 'setne' 'setle' 'setge' 'setlt' 'setgt'> <InPorts = 2> <OutPorts = 1>
ST_1 : Operation 25 [1/1] (0.00ns) (grouped into LUT with out node add_ln46_36)   --->   "%tmp_225 = bitselect i1 @_ssdm_op_BitSelect.i1.i16.i32, i16 %data_1_val_read, i32 8" [firmware/nnet_utils/nnet_activation.h:46]   --->   Operation 25 'bitselect' 'tmp_225' <Predicate = true> <Delay = 0.00>
ST_1 : Operation 26 [1/1] (0.00ns) (grouped into LUT with out node add_ln46_36)   --->   "%or_ln46_112 = or i1 %tmp_225, i1 %icmp_ln46_74" [firmware/nnet_utils/nnet_activation.h:46]   --->   Operation 26 'or' 'or_ln46_112' <Predicate = true> <Delay = 0.00> <CoreInst = "LogicGate">   --->   Core 74 'LogicGate' <Latency = 0> <II = 1> <Delay = 0.97> <FuncUnit> <Opcode : 'and' 'or' 'xor'> <InPorts = 2> <OutPorts = 1>
ST_1 : Operation 27 [1/1] (0.00ns) (grouped into LUT with out node add_ln46_36)   --->   "%and_ln46_70 = and i1 %or_ln46_112, i1 %tmp_223" [firmware/nnet_utils/nnet_activation.h:46]   --->   Operation 27 'and' 'and_ln46_70' <Predicate = true> <Delay = 0.00> <CoreInst = "LogicGate">   --->   Core 74 'LogicGate' <Latency = 0> <II = 1> <Delay = 0.97> <FuncUnit> <Opcode : 'and' 'or' 'xor'> <InPorts = 2> <OutPorts = 1>
ST_1 : Operation 28 [1/1] (0.00ns) (grouped into LUT with out node add_ln46_36)   --->   "%zext_ln46_36 = zext i1 %and_ln46_70" [firmware/nnet_utils/nnet_activation.h:46]   --->   Operation 28 'zext' 'zext_ln46_36' <Predicate = true> <Delay = 0.00>
ST_1 : Operation 29 [1/1] (1.56ns) (out node of the LUT)   --->   "%add_ln46_36 = add i2 %trunc_ln46_s, i2 %zext_ln46_36" [firmware/nnet_utils/nnet_activation.h:46]   --->   Operation 29 'add' 'add_ln46_36' <Predicate = true> <Delay = 1.56> <CoreInst = "Adder">   --->   Core 1 'Adder' <Latency = 0> <II = 1> <Delay = 1.56> <FuncUnit> <Opcode : 'add' 'sub'> <InPorts = 2> <OutPorts = 1>
ST_1 : Operation 30 [1/1] (0.00ns)   --->   "%tmp_217 = partselect i6 @_ssdm_op_PartSelect.i6.i16.i32.i32, i16 %data_1_val_read, i32 10, i32 15" [firmware/nnet_utils/nnet_activation.h:46]   --->   Operation 30 'partselect' 'tmp_217' <Predicate = true> <Delay = 0.00>
ST_1 : Operation 31 [1/1] (1.82ns)   --->   "%icmp_ln46_75 = icmp_eq  i6 %tmp_217, i6 0" [firmware/nnet_utils/nnet_activation.h:46]   --->   Operation 31 'icmp' 'icmp_ln46_75' <Predicate = true> <Delay = 1.82> <CoreInst = "Cmp">   --->   Core 9 'Cmp' <Latency = 0> <II = 1> <Delay = 1.82> <FuncUnit> <Opcode : 'seteq' 'setne' 'setle' 'setge' 'setlt' 'setgt'> <InPorts = 2> <OutPorts = 1>
ST_1 : Operation 32 [1/1] (0.00ns)   --->   "%tmp_227 = bitselect i1 @_ssdm_op_BitSelect.i1.i16.i32, i16 %data_4_val_read, i32 15" [firmware/nnet_utils/nnet_activation.h:46]   --->   Operation 32 'bitselect' 'tmp_227' <Predicate = true> <Delay = 0.00>
ST_1 : Operation 33 [1/1] (0.00ns) (grouped into LUT with out node add_ln46_37)   --->   "%trunc_ln46_34 = partselect i2 @_ssdm_op_PartSelect.i2.i16.i32.i32, i16 %data_4_val_read, i32 8, i32 9" [firmware/nnet_utils/nnet_activation.h:46]   --->   Operation 33 'partselect' 'trunc_ln46_34' <Predicate = true> <Delay = 0.00>
ST_1 : Operation 34 [1/1] (0.00ns) (grouped into LUT with out node add_ln46_37)   --->   "%tmp_228 = bitselect i1 @_ssdm_op_BitSelect.i1.i16.i32, i16 %data_4_val_read, i32 7" [firmware/nnet_utils/nnet_activation.h:46]   --->   Operation 34 'bitselect' 'tmp_228' <Predicate = true> <Delay = 0.00>
ST_1 : Operation 35 [1/1] (0.00ns)   --->   "%trunc_ln46_55 = trunc i16 %data_4_val_read" [firmware/nnet_utils/nnet_activation.h:46]   --->   Operation 35 'trunc' 'trunc_ln46_55' <Predicate = true> <Delay = 0.00>
ST_1 : Operation 36 [1/1] (1.87ns)   --->   "%icmp_ln46_76 = icmp_ne  i7 %trunc_ln46_55, i7 0" [firmware/nnet_utils/nnet_activation.h:46]   --->   Operation 36 'icmp' 'icmp_ln46_76' <Predicate = true> <Delay = 1.87> <CoreInst = "Cmp">   --->   Core 9 'Cmp' <Latency = 0> <II = 1> <Delay = 1.87> <FuncUnit> <Opcode : 'seteq' 'setne' 'setle' 'setge' 'setlt' 'setgt'> <InPorts = 2> <OutPorts = 1>
ST_1 : Operation 37 [1/1] (0.00ns) (grouped into LUT with out node add_ln46_37)   --->   "%tmp_230 = bitselect i1 @_ssdm_op_BitSelect.i1.i16.i32, i16 %data_4_val_read, i32 8" [firmware/nnet_utils/nnet_activation.h:46]   --->   Operation 37 'bitselect' 'tmp_230' <Predicate = true> <Delay = 0.00>
ST_1 : Operation 38 [1/1] (0.00ns) (grouped into LUT with out node add_ln46_37)   --->   "%or_ln46_115 = or i1 %tmp_230, i1 %icmp_ln46_76" [firmware/nnet_utils/nnet_activation.h:46]   --->   Operation 38 'or' 'or_ln46_115' <Predicate = true> <Delay = 0.00> <CoreInst = "LogicGate">   --->   Core 74 'LogicGate' <Latency = 0> <II = 1> <Delay = 0.97> <FuncUnit> <Opcode : 'and' 'or' 'xor'> <InPorts = 2> <OutPorts = 1>
ST_1 : Operation 39 [1/1] (0.00ns) (grouped into LUT with out node add_ln46_37)   --->   "%and_ln46_71 = and i1 %or_ln46_115, i1 %tmp_228" [firmware/nnet_utils/nnet_activation.h:46]   --->   Operation 39 'and' 'and_ln46_71' <Predicate = true> <Delay = 0.00> <CoreInst = "LogicGate">   --->   Core 74 'LogicGate' <Latency = 0> <II = 1> <Delay = 0.97> <FuncUnit> <Opcode : 'and' 'or' 'xor'> <InPorts = 2> <OutPorts = 1>
ST_1 : Operation 40 [1/1] (0.00ns) (grouped into LUT with out node add_ln46_37)   --->   "%zext_ln46_37 = zext i1 %and_ln46_71" [firmware/nnet_utils/nnet_activation.h:46]   --->   Operation 40 'zext' 'zext_ln46_37' <Predicate = true> <Delay = 0.00>
ST_1 : Operation 41 [1/1] (1.56ns) (out node of the LUT)   --->   "%add_ln46_37 = add i2 %trunc_ln46_34, i2 %zext_ln46_37" [firmware/nnet_utils/nnet_activation.h:46]   --->   Operation 41 'add' 'add_ln46_37' <Predicate = true> <Delay = 1.56> <CoreInst = "Adder">   --->   Core 1 'Adder' <Latency = 0> <II = 1> <Delay = 1.56> <FuncUnit> <Opcode : 'add' 'sub'> <InPorts = 2> <OutPorts = 1>
ST_1 : Operation 42 [1/1] (0.00ns)   --->   "%tmp_231 = partselect i6 @_ssdm_op_PartSelect.i6.i16.i32.i32, i16 %data_4_val_read, i32 10, i32 15" [firmware/nnet_utils/nnet_activation.h:46]   --->   Operation 42 'partselect' 'tmp_231' <Predicate = true> <Delay = 0.00>
ST_1 : Operation 43 [1/1] (1.82ns)   --->   "%icmp_ln46_77 = icmp_eq  i6 %tmp_231, i6 0" [firmware/nnet_utils/nnet_activation.h:46]   --->   Operation 43 'icmp' 'icmp_ln46_77' <Predicate = true> <Delay = 1.82> <CoreInst = "Cmp">   --->   Core 9 'Cmp' <Latency = 0> <II = 1> <Delay = 1.82> <FuncUnit> <Opcode : 'seteq' 'setne' 'setle' 'setge' 'setlt' 'setgt'> <InPorts = 2> <OutPorts = 1>
ST_1 : Operation 44 [1/1] (0.00ns)   --->   "%tmp_233 = bitselect i1 @_ssdm_op_BitSelect.i1.i16.i32, i16 %data_5_val_read, i32 15" [firmware/nnet_utils/nnet_activation.h:46]   --->   Operation 44 'bitselect' 'tmp_233' <Predicate = true> <Delay = 0.00>
ST_1 : Operation 45 [1/1] (0.00ns) (grouped into LUT with out node add_ln46_38)   --->   "%trunc_ln46_35 = partselect i2 @_ssdm_op_PartSelect.i2.i16.i32.i32, i16 %data_5_val_read, i32 8, i32 9" [firmware/nnet_utils/nnet_activation.h:46]   --->   Operation 45 'partselect' 'trunc_ln46_35' <Predicate = true> <Delay = 0.00>
ST_1 : Operation 46 [1/1] (0.00ns) (grouped into LUT with out node add_ln46_38)   --->   "%tmp_234 = bitselect i1 @_ssdm_op_BitSelect.i1.i16.i32, i16 %data_5_val_read, i32 7" [firmware/nnet_utils/nnet_activation.h:46]   --->   Operation 46 'bitselect' 'tmp_234' <Predicate = true> <Delay = 0.00>
ST_1 : Operation 47 [1/1] (0.00ns)   --->   "%trunc_ln46_56 = trunc i16 %data_5_val_read" [firmware/nnet_utils/nnet_activation.h:46]   --->   Operation 47 'trunc' 'trunc_ln46_56' <Predicate = true> <Delay = 0.00>
ST_1 : Operation 48 [1/1] (1.87ns)   --->   "%icmp_ln46_78 = icmp_ne  i7 %trunc_ln46_56, i7 0" [firmware/nnet_utils/nnet_activation.h:46]   --->   Operation 48 'icmp' 'icmp_ln46_78' <Predicate = true> <Delay = 1.87> <CoreInst = "Cmp">   --->   Core 9 'Cmp' <Latency = 0> <II = 1> <Delay = 1.87> <FuncUnit> <Opcode : 'seteq' 'setne' 'setle' 'setge' 'setlt' 'setgt'> <InPorts = 2> <OutPorts = 1>
ST_1 : Operation 49 [1/1] (0.00ns) (grouped into LUT with out node add_ln46_38)   --->   "%tmp_236 = bitselect i1 @_ssdm_op_BitSelect.i1.i16.i32, i16 %data_5_val_read, i32 8" [firmware/nnet_utils/nnet_activation.h:46]   --->   Operation 49 'bitselect' 'tmp_236' <Predicate = true> <Delay = 0.00>
ST_1 : Operation 50 [1/1] (0.00ns) (grouped into LUT with out node add_ln46_38)   --->   "%or_ln46_118 = or i1 %tmp_236, i1 %icmp_ln46_78" [firmware/nnet_utils/nnet_activation.h:46]   --->   Operation 50 'or' 'or_ln46_118' <Predicate = true> <Delay = 0.00> <CoreInst = "LogicGate">   --->   Core 74 'LogicGate' <Latency = 0> <II = 1> <Delay = 0.97> <FuncUnit> <Opcode : 'and' 'or' 'xor'> <InPorts = 2> <OutPorts = 1>
ST_1 : Operation 51 [1/1] (0.00ns) (grouped into LUT with out node add_ln46_38)   --->   "%and_ln46_72 = and i1 %or_ln46_118, i1 %tmp_234" [firmware/nnet_utils/nnet_activation.h:46]   --->   Operation 51 'and' 'and_ln46_72' <Predicate = true> <Delay = 0.00> <CoreInst = "LogicGate">   --->   Core 74 'LogicGate' <Latency = 0> <II = 1> <Delay = 0.97> <FuncUnit> <Opcode : 'and' 'or' 'xor'> <InPorts = 2> <OutPorts = 1>
ST_1 : Operation 52 [1/1] (0.00ns) (grouped into LUT with out node add_ln46_38)   --->   "%zext_ln46_38 = zext i1 %and_ln46_72" [firmware/nnet_utils/nnet_activation.h:46]   --->   Operation 52 'zext' 'zext_ln46_38' <Predicate = true> <Delay = 0.00>
ST_1 : Operation 53 [1/1] (1.56ns) (out node of the LUT)   --->   "%add_ln46_38 = add i2 %trunc_ln46_35, i2 %zext_ln46_38" [firmware/nnet_utils/nnet_activation.h:46]   --->   Operation 53 'add' 'add_ln46_38' <Predicate = true> <Delay = 1.56> <CoreInst = "Adder">   --->   Core 1 'Adder' <Latency = 0> <II = 1> <Delay = 1.56> <FuncUnit> <Opcode : 'add' 'sub'> <InPorts = 2> <OutPorts = 1>
ST_1 : Operation 54 [1/1] (0.00ns)   --->   "%tmp_237 = partselect i6 @_ssdm_op_PartSelect.i6.i16.i32.i32, i16 %data_5_val_read, i32 10, i32 15" [firmware/nnet_utils/nnet_activation.h:46]   --->   Operation 54 'partselect' 'tmp_237' <Predicate = true> <Delay = 0.00>
ST_1 : Operation 55 [1/1] (1.82ns)   --->   "%icmp_ln46_79 = icmp_eq  i6 %tmp_237, i6 0" [firmware/nnet_utils/nnet_activation.h:46]   --->   Operation 55 'icmp' 'icmp_ln46_79' <Predicate = true> <Delay = 1.82> <CoreInst = "Cmp">   --->   Core 9 'Cmp' <Latency = 0> <II = 1> <Delay = 1.82> <FuncUnit> <Opcode : 'seteq' 'setne' 'setle' 'setge' 'setlt' 'setgt'> <InPorts = 2> <OutPorts = 1>
ST_1 : Operation 56 [1/1] (0.00ns)   --->   "%tmp_239 = bitselect i1 @_ssdm_op_BitSelect.i1.i16.i32, i16 %data_6_val_read, i32 15" [firmware/nnet_utils/nnet_activation.h:46]   --->   Operation 56 'bitselect' 'tmp_239' <Predicate = true> <Delay = 0.00>
ST_1 : Operation 57 [1/1] (0.00ns) (grouped into LUT with out node add_ln46_39)   --->   "%trunc_ln46_36 = partselect i2 @_ssdm_op_PartSelect.i2.i16.i32.i32, i16 %data_6_val_read, i32 8, i32 9" [firmware/nnet_utils/nnet_activation.h:46]   --->   Operation 57 'partselect' 'trunc_ln46_36' <Predicate = true> <Delay = 0.00>
ST_1 : Operation 58 [1/1] (0.00ns) (grouped into LUT with out node add_ln46_39)   --->   "%tmp_240 = bitselect i1 @_ssdm_op_BitSelect.i1.i16.i32, i16 %data_6_val_read, i32 7" [firmware/nnet_utils/nnet_activation.h:46]   --->   Operation 58 'bitselect' 'tmp_240' <Predicate = true> <Delay = 0.00>
ST_1 : Operation 59 [1/1] (0.00ns)   --->   "%trunc_ln46_57 = trunc i16 %data_6_val_read" [firmware/nnet_utils/nnet_activation.h:46]   --->   Operation 59 'trunc' 'trunc_ln46_57' <Predicate = true> <Delay = 0.00>
ST_1 : Operation 60 [1/1] (1.87ns)   --->   "%icmp_ln46_80 = icmp_ne  i7 %trunc_ln46_57, i7 0" [firmware/nnet_utils/nnet_activation.h:46]   --->   Operation 60 'icmp' 'icmp_ln46_80' <Predicate = true> <Delay = 1.87> <CoreInst = "Cmp">   --->   Core 9 'Cmp' <Latency = 0> <II = 1> <Delay = 1.87> <FuncUnit> <Opcode : 'seteq' 'setne' 'setle' 'setge' 'setlt' 'setgt'> <InPorts = 2> <OutPorts = 1>
ST_1 : Operation 61 [1/1] (0.00ns) (grouped into LUT with out node add_ln46_39)   --->   "%tmp_242 = bitselect i1 @_ssdm_op_BitSelect.i1.i16.i32, i16 %data_6_val_read, i32 8" [firmware/nnet_utils/nnet_activation.h:46]   --->   Operation 61 'bitselect' 'tmp_242' <Predicate = true> <Delay = 0.00>
ST_1 : Operation 62 [1/1] (0.00ns) (grouped into LUT with out node add_ln46_39)   --->   "%or_ln46_121 = or i1 %tmp_242, i1 %icmp_ln46_80" [firmware/nnet_utils/nnet_activation.h:46]   --->   Operation 62 'or' 'or_ln46_121' <Predicate = true> <Delay = 0.00> <CoreInst = "LogicGate">   --->   Core 74 'LogicGate' <Latency = 0> <II = 1> <Delay = 0.97> <FuncUnit> <Opcode : 'and' 'or' 'xor'> <InPorts = 2> <OutPorts = 1>
ST_1 : Operation 63 [1/1] (0.00ns) (grouped into LUT with out node add_ln46_39)   --->   "%and_ln46_74 = and i1 %or_ln46_121, i1 %tmp_240" [firmware/nnet_utils/nnet_activation.h:46]   --->   Operation 63 'and' 'and_ln46_74' <Predicate = true> <Delay = 0.00> <CoreInst = "LogicGate">   --->   Core 74 'LogicGate' <Latency = 0> <II = 1> <Delay = 0.97> <FuncUnit> <Opcode : 'and' 'or' 'xor'> <InPorts = 2> <OutPorts = 1>
ST_1 : Operation 64 [1/1] (0.00ns) (grouped into LUT with out node add_ln46_39)   --->   "%zext_ln46_39 = zext i1 %and_ln46_74" [firmware/nnet_utils/nnet_activation.h:46]   --->   Operation 64 'zext' 'zext_ln46_39' <Predicate = true> <Delay = 0.00>
ST_1 : Operation 65 [1/1] (1.56ns) (out node of the LUT)   --->   "%add_ln46_39 = add i2 %trunc_ln46_36, i2 %zext_ln46_39" [firmware/nnet_utils/nnet_activation.h:46]   --->   Operation 65 'add' 'add_ln46_39' <Predicate = true> <Delay = 1.56> <CoreInst = "Adder">   --->   Core 1 'Adder' <Latency = 0> <II = 1> <Delay = 1.56> <FuncUnit> <Opcode : 'add' 'sub'> <InPorts = 2> <OutPorts = 1>
ST_1 : Operation 66 [1/1] (0.00ns)   --->   "%tmp_243 = partselect i6 @_ssdm_op_PartSelect.i6.i16.i32.i32, i16 %data_6_val_read, i32 10, i32 15" [firmware/nnet_utils/nnet_activation.h:46]   --->   Operation 66 'partselect' 'tmp_243' <Predicate = true> <Delay = 0.00>
ST_1 : Operation 67 [1/1] (1.82ns)   --->   "%icmp_ln46_81 = icmp_eq  i6 %tmp_243, i6 0" [firmware/nnet_utils/nnet_activation.h:46]   --->   Operation 67 'icmp' 'icmp_ln46_81' <Predicate = true> <Delay = 1.82> <CoreInst = "Cmp">   --->   Core 9 'Cmp' <Latency = 0> <II = 1> <Delay = 1.82> <FuncUnit> <Opcode : 'seteq' 'setne' 'setle' 'setge' 'setlt' 'setgt'> <InPorts = 2> <OutPorts = 1>

State 2 <SV = 1> <Delay = 3.07>
ST_2 : Operation 68 [1/1] (0.00ns)   --->   "%specpipeline_ln42 = specpipeline void @_ssdm_op_SpecPipeline, i32 4294967295, i32 0, i32 0, i32 0, void @empty_0" [firmware/nnet_utils/nnet_activation.h:42]   --->   Operation 68 'specpipeline' 'specpipeline_ln42' <Predicate = true> <Delay = 0.00>
ST_2 : Operation 69 [1/1] (2.07ns)   --->   "%icmp_ln45 = icmp_sgt  i16 %data_0_val_read, i16 0" [firmware/nnet_utils/nnet_activation.h:45]   --->   Operation 69 'icmp' 'icmp_ln45' <Predicate = true> <Delay = 2.07> <CoreInst = "Cmp">   --->   Core 9 'Cmp' <Latency = 0> <II = 1> <Delay = 2.07> <FuncUnit> <Opcode : 'seteq' 'setne' 'setle' 'setge' 'setlt' 'setgt'> <InPorts = 2> <OutPorts = 1>
ST_2 : Operation 70 [1/1] (0.00ns) (grouped into LUT with out node empty)   --->   "%tmp_219 = bitselect i1 @_ssdm_op_BitSelect.i1.i16.i32, i16 %data_0_val_read, i32 9" [firmware/nnet_utils/nnet_activation.h:46]   --->   Operation 70 'bitselect' 'tmp_219' <Predicate = true> <Delay = 0.00>
ST_2 : Operation 71 [1/1] (0.00ns) (grouped into LUT with out node empty)   --->   "%tmp_221 = bitselect i1 @_ssdm_op_BitSelect.i1.i2.i32, i2 %add_ln46, i32 1" [firmware/nnet_utils/nnet_activation.h:46]   --->   Operation 71 'bitselect' 'tmp_221' <Predicate = true> <Delay = 0.00>
ST_2 : Operation 72 [1/1] (0.00ns) (grouped into LUT with out node empty)   --->   "%not_tmp_257 = xor i1 %tmp_219, i1 1" [firmware/nnet_utils/nnet_activation.h:46]   --->   Operation 72 'xor' 'not_tmp_257' <Predicate = true> <Delay = 0.00> <CoreInst = "LogicGate">   --->   Core 74 'LogicGate' <Latency = 0> <II = 1> <Delay = 0.97> <FuncUnit> <Opcode : 'and' 'or' 'xor'> <InPorts = 2> <OutPorts = 1>
ST_2 : Operation 73 [1/1] (0.00ns) (grouped into LUT with out node empty)   --->   "%and_ln46_73 = or i1 %tmp_221, i1 %not_tmp_257" [firmware/nnet_utils/nnet_activation.h:46]   --->   Operation 73 'or' 'and_ln46_73' <Predicate = true> <Delay = 0.00> <CoreInst = "LogicGate">   --->   Core 74 'LogicGate' <Latency = 0> <II = 1> <Delay = 0.97> <FuncUnit> <Opcode : 'and' 'or' 'xor'> <InPorts = 2> <OutPorts = 1>
ST_2 : Operation 74 [1/1] (0.97ns) (out node of the LUT)   --->   "%empty = and i1 %icmp_ln46_73, i1 %and_ln46_73" [firmware/nnet_utils/nnet_activation.h:46]   --->   Operation 74 'and' 'empty' <Predicate = true> <Delay = 0.97> <CoreInst = "LogicGate">   --->   Core 74 'LogicGate' <Latency = 0> <II = 1> <Delay = 0.97> <FuncUnit> <Opcode : 'and' 'or' 'xor'> <InPorts = 2> <OutPorts = 1>
ST_2 : Operation 75 [1/1] (0.00ns) (grouped into LUT with out node select_ln46_110)   --->   "%or_ln46_110 = or i1 %empty, i1 %tmp" [firmware/nnet_utils/nnet_activation.h:46]   --->   Operation 75 'or' 'or_ln46_110' <Predicate = true> <Delay = 0.00> <CoreInst = "LogicGate">   --->   Core 74 'LogicGate' <Latency = 0> <II = 1> <Delay = 0.97> <FuncUnit> <Opcode : 'and' 'or' 'xor'> <InPorts = 2> <OutPorts = 1>
ST_2 : Operation 76 [1/1] (0.00ns) (grouped into LUT with out node res_0_0)   --->   "%xor_ln46 = xor i1 %empty, i1 1" [firmware/nnet_utils/nnet_activation.h:46]   --->   Operation 76 'xor' 'xor_ln46' <Predicate = true> <Delay = 0.00> <CoreInst = "LogicGate">   --->   Core 74 'LogicGate' <Latency = 0> <II = 1> <Delay = 0.97> <FuncUnit> <Opcode : 'and' 'or' 'xor'> <InPorts = 2> <OutPorts = 1>
ST_2 : Operation 77 [1/1] (0.00ns) (grouped into LUT with out node res_0_0)   --->   "%or_ln46_111 = or i1 %tmp, i1 %xor_ln46" [firmware/nnet_utils/nnet_activation.h:46]   --->   Operation 77 'or' 'or_ln46_111' <Predicate = true> <Delay = 0.00> <CoreInst = "LogicGate">   --->   Core 74 'LogicGate' <Latency = 0> <II = 1> <Delay = 0.97> <FuncUnit> <Opcode : 'and' 'or' 'xor'> <InPorts = 2> <OutPorts = 1>
ST_2 : Operation 78 [1/1] (0.00ns) (grouped into LUT with out node select_ln46_110)   --->   "%select_ln46 = select i1 %tmp, i2 0, i2 %add_ln46" [firmware/nnet_utils/nnet_activation.h:46]   --->   Operation 78 'select' 'select_ln46' <Predicate = true> <Delay = 0.00> <CoreInst = "Sel">   --->   Core 73 'Sel' <Latency = 0> <II = 1> <Delay = 0.99> <FuncUnit> <Opcode : 'select'> <InPorts = 3> <OutPorts = 1>
ST_2 : Operation 79 [1/1] (0.99ns) (out node of the LUT)   --->   "%select_ln46_110 = select i1 %or_ln46_110, i2 %select_ln46, i2 3" [firmware/nnet_utils/nnet_activation.h:46]   --->   Operation 79 'select' 'select_ln46_110' <Predicate = true> <Delay = 0.99> <CoreInst = "Sel">   --->   Core 73 'Sel' <Latency = 0> <II = 1> <Delay = 0.99> <FuncUnit> <Opcode : 'select'> <InPorts = 3> <OutPorts = 1>
ST_2 : Operation 80 [1/1] (0.00ns) (grouped into LUT with out node res_0_0)   --->   "%select_ln46_111 = select i1 %or_ln46_111, i2 %select_ln46_110, i2 %add_ln46" [firmware/nnet_utils/nnet_activation.h:46]   --->   Operation 80 'select' 'select_ln46_111' <Predicate = true> <Delay = 0.00> <CoreInst = "Sel">   --->   Core 73 'Sel' <Latency = 0> <II = 1> <Delay = 0.99> <FuncUnit> <Opcode : 'select'> <InPorts = 3> <OutPorts = 1>
ST_2 : Operation 81 [1/1] (0.99ns) (out node of the LUT)   --->   "%res_0_0 = select i1 %icmp_ln45, i2 %select_ln46_111, i2 0" [firmware/nnet_utils/nnet_activation.h:45]   --->   Operation 81 'select' 'res_0_0' <Predicate = true> <Delay = 0.99> <CoreInst = "Sel">   --->   Core 73 'Sel' <Latency = 0> <II = 1> <Delay = 0.99> <FuncUnit> <Opcode : 'select'> <InPorts = 3> <OutPorts = 1>
ST_2 : Operation 82 [1/1] (2.07ns)   --->   "%icmp_ln45_36 = icmp_sgt  i16 %data_1_val_read, i16 0" [firmware/nnet_utils/nnet_activation.h:45]   --->   Operation 82 'icmp' 'icmp_ln45_36' <Predicate = true> <Delay = 2.07> <CoreInst = "Cmp">   --->   Core 9 'Cmp' <Latency = 0> <II = 1> <Delay = 2.07> <FuncUnit> <Opcode : 'seteq' 'setne' 'setle' 'setge' 'setlt' 'setgt'> <InPorts = 2> <OutPorts = 1>
ST_2 : Operation 83 [1/1] (0.00ns) (grouped into LUT with out node empty_46)   --->   "%tmp_224 = bitselect i1 @_ssdm_op_BitSelect.i1.i16.i32, i16 %data_1_val_read, i32 9" [firmware/nnet_utils/nnet_activation.h:46]   --->   Operation 83 'bitselect' 'tmp_224' <Predicate = true> <Delay = 0.00>
ST_2 : Operation 84 [1/1] (0.00ns) (grouped into LUT with out node empty_46)   --->   "%tmp_226 = bitselect i1 @_ssdm_op_BitSelect.i1.i2.i32, i2 %add_ln46_36, i32 1" [firmware/nnet_utils/nnet_activation.h:46]   --->   Operation 84 'bitselect' 'tmp_226' <Predicate = true> <Delay = 0.00>
ST_2 : Operation 85 [1/1] (0.00ns) (grouped into LUT with out node empty_46)   --->   "%not_tmp_264 = xor i1 %tmp_224, i1 1" [firmware/nnet_utils/nnet_activation.h:46]   --->   Operation 85 'xor' 'not_tmp_264' <Predicate = true> <Delay = 0.00> <CoreInst = "LogicGate">   --->   Core 74 'LogicGate' <Latency = 0> <II = 1> <Delay = 0.97> <FuncUnit> <Opcode : 'and' 'or' 'xor'> <InPorts = 2> <OutPorts = 1>
ST_2 : Operation 86 [1/1] (0.00ns) (grouped into LUT with out node empty_46)   --->   "%and_ln46_75 = or i1 %tmp_226, i1 %not_tmp_264" [firmware/nnet_utils/nnet_activation.h:46]   --->   Operation 86 'or' 'and_ln46_75' <Predicate = true> <Delay = 0.00> <CoreInst = "LogicGate">   --->   Core 74 'LogicGate' <Latency = 0> <II = 1> <Delay = 0.97> <FuncUnit> <Opcode : 'and' 'or' 'xor'> <InPorts = 2> <OutPorts = 1>
ST_2 : Operation 87 [1/1] (0.97ns) (out node of the LUT)   --->   "%empty_46 = and i1 %icmp_ln46_75, i1 %and_ln46_75" [firmware/nnet_utils/nnet_activation.h:46]   --->   Operation 87 'and' 'empty_46' <Predicate = true> <Delay = 0.97> <CoreInst = "LogicGate">   --->   Core 74 'LogicGate' <Latency = 0> <II = 1> <Delay = 0.97> <FuncUnit> <Opcode : 'and' 'or' 'xor'> <InPorts = 2> <OutPorts = 1>
ST_2 : Operation 88 [1/1] (0.00ns) (grouped into LUT with out node select_ln46_113)   --->   "%or_ln46_113 = or i1 %empty_46, i1 %tmp_222" [firmware/nnet_utils/nnet_activation.h:46]   --->   Operation 88 'or' 'or_ln46_113' <Predicate = true> <Delay = 0.00> <CoreInst = "LogicGate">   --->   Core 74 'LogicGate' <Latency = 0> <II = 1> <Delay = 0.97> <FuncUnit> <Opcode : 'and' 'or' 'xor'> <InPorts = 2> <OutPorts = 1>
ST_2 : Operation 89 [1/1] (0.00ns) (grouped into LUT with out node res_1_0)   --->   "%xor_ln46_36 = xor i1 %empty_46, i1 1" [firmware/nnet_utils/nnet_activation.h:46]   --->   Operation 89 'xor' 'xor_ln46_36' <Predicate = true> <Delay = 0.00> <CoreInst = "LogicGate">   --->   Core 74 'LogicGate' <Latency = 0> <II = 1> <Delay = 0.97> <FuncUnit> <Opcode : 'and' 'or' 'xor'> <InPorts = 2> <OutPorts = 1>
ST_2 : Operation 90 [1/1] (0.00ns) (grouped into LUT with out node res_1_0)   --->   "%or_ln46_114 = or i1 %tmp_222, i1 %xor_ln46_36" [firmware/nnet_utils/nnet_activation.h:46]   --->   Operation 90 'or' 'or_ln46_114' <Predicate = true> <Delay = 0.00> <CoreInst = "LogicGate">   --->   Core 74 'LogicGate' <Latency = 0> <II = 1> <Delay = 0.97> <FuncUnit> <Opcode : 'and' 'or' 'xor'> <InPorts = 2> <OutPorts = 1>
ST_2 : Operation 91 [1/1] (0.00ns) (grouped into LUT with out node select_ln46_113)   --->   "%select_ln46_112 = select i1 %tmp_222, i2 0, i2 %add_ln46_36" [firmware/nnet_utils/nnet_activation.h:46]   --->   Operation 91 'select' 'select_ln46_112' <Predicate = true> <Delay = 0.00> <CoreInst = "Sel">   --->   Core 73 'Sel' <Latency = 0> <II = 1> <Delay = 0.99> <FuncUnit> <Opcode : 'select'> <InPorts = 3> <OutPorts = 1>
ST_2 : Operation 92 [1/1] (0.99ns) (out node of the LUT)   --->   "%select_ln46_113 = select i1 %or_ln46_113, i2 %select_ln46_112, i2 3" [firmware/nnet_utils/nnet_activation.h:46]   --->   Operation 92 'select' 'select_ln46_113' <Predicate = true> <Delay = 0.99> <CoreInst = "Sel">   --->   Core 73 'Sel' <Latency = 0> <II = 1> <Delay = 0.99> <FuncUnit> <Opcode : 'select'> <InPorts = 3> <OutPorts = 1>
ST_2 : Operation 93 [1/1] (0.00ns) (grouped into LUT with out node res_1_0)   --->   "%select_ln46_114 = select i1 %or_ln46_114, i2 %select_ln46_113, i2 %add_ln46_36" [firmware/nnet_utils/nnet_activation.h:46]   --->   Operation 93 'select' 'select_ln46_114' <Predicate = true> <Delay = 0.00> <CoreInst = "Sel">   --->   Core 73 'Sel' <Latency = 0> <II = 1> <Delay = 0.99> <FuncUnit> <Opcode : 'select'> <InPorts = 3> <OutPorts = 1>
ST_2 : Operation 94 [1/1] (0.99ns) (out node of the LUT)   --->   "%res_1_0 = select i1 %icmp_ln45_36, i2 %select_ln46_114, i2 0" [firmware/nnet_utils/nnet_activation.h:45]   --->   Operation 94 'select' 'res_1_0' <Predicate = true> <Delay = 0.99> <CoreInst = "Sel">   --->   Core 73 'Sel' <Latency = 0> <II = 1> <Delay = 0.99> <FuncUnit> <Opcode : 'select'> <InPorts = 3> <OutPorts = 1>
ST_2 : Operation 95 [1/1] (2.07ns)   --->   "%icmp_ln45_37 = icmp_sgt  i16 %data_4_val_read, i16 0" [firmware/nnet_utils/nnet_activation.h:45]   --->   Operation 95 'icmp' 'icmp_ln45_37' <Predicate = true> <Delay = 2.07> <CoreInst = "Cmp">   --->   Core 9 'Cmp' <Latency = 0> <II = 1> <Delay = 2.07> <FuncUnit> <Opcode : 'seteq' 'setne' 'setle' 'setge' 'setlt' 'setgt'> <InPorts = 2> <OutPorts = 1>
ST_2 : Operation 96 [1/1] (0.00ns) (grouped into LUT with out node empty_47)   --->   "%tmp_229 = bitselect i1 @_ssdm_op_BitSelect.i1.i16.i32, i16 %data_4_val_read, i32 9" [firmware/nnet_utils/nnet_activation.h:46]   --->   Operation 96 'bitselect' 'tmp_229' <Predicate = true> <Delay = 0.00>
ST_2 : Operation 97 [1/1] (0.00ns) (grouped into LUT with out node empty_47)   --->   "%tmp_232 = bitselect i1 @_ssdm_op_BitSelect.i1.i2.i32, i2 %add_ln46_37, i32 1" [firmware/nnet_utils/nnet_activation.h:46]   --->   Operation 97 'bitselect' 'tmp_232' <Predicate = true> <Delay = 0.00>
ST_2 : Operation 98 [1/1] (0.00ns) (grouped into LUT with out node empty_47)   --->   "%not_tmp_271 = xor i1 %tmp_229, i1 1" [firmware/nnet_utils/nnet_activation.h:46]   --->   Operation 98 'xor' 'not_tmp_271' <Predicate = true> <Delay = 0.00> <CoreInst = "LogicGate">   --->   Core 74 'LogicGate' <Latency = 0> <II = 1> <Delay = 0.97> <FuncUnit> <Opcode : 'and' 'or' 'xor'> <InPorts = 2> <OutPorts = 1>
ST_2 : Operation 99 [1/1] (0.00ns) (grouped into LUT with out node empty_47)   --->   "%and_ln46_77 = or i1 %tmp_232, i1 %not_tmp_271" [firmware/nnet_utils/nnet_activation.h:46]   --->   Operation 99 'or' 'and_ln46_77' <Predicate = true> <Delay = 0.00> <CoreInst = "LogicGate">   --->   Core 74 'LogicGate' <Latency = 0> <II = 1> <Delay = 0.97> <FuncUnit> <Opcode : 'and' 'or' 'xor'> <InPorts = 2> <OutPorts = 1>
ST_2 : Operation 100 [1/1] (0.97ns) (out node of the LUT)   --->   "%empty_47 = and i1 %icmp_ln46_77, i1 %and_ln46_77" [firmware/nnet_utils/nnet_activation.h:46]   --->   Operation 100 'and' 'empty_47' <Predicate = true> <Delay = 0.97> <CoreInst = "LogicGate">   --->   Core 74 'LogicGate' <Latency = 0> <II = 1> <Delay = 0.97> <FuncUnit> <Opcode : 'and' 'or' 'xor'> <InPorts = 2> <OutPorts = 1>
ST_2 : Operation 101 [1/1] (0.00ns) (grouped into LUT with out node select_ln46_116)   --->   "%or_ln46_116 = or i1 %empty_47, i1 %tmp_227" [firmware/nnet_utils/nnet_activation.h:46]   --->   Operation 101 'or' 'or_ln46_116' <Predicate = true> <Delay = 0.00> <CoreInst = "LogicGate">   --->   Core 74 'LogicGate' <Latency = 0> <II = 1> <Delay = 0.97> <FuncUnit> <Opcode : 'and' 'or' 'xor'> <InPorts = 2> <OutPorts = 1>
ST_2 : Operation 102 [1/1] (0.00ns) (grouped into LUT with out node res_4_0)   --->   "%xor_ln46_37 = xor i1 %empty_47, i1 1" [firmware/nnet_utils/nnet_activation.h:46]   --->   Operation 102 'xor' 'xor_ln46_37' <Predicate = true> <Delay = 0.00> <CoreInst = "LogicGate">   --->   Core 74 'LogicGate' <Latency = 0> <II = 1> <Delay = 0.97> <FuncUnit> <Opcode : 'and' 'or' 'xor'> <InPorts = 2> <OutPorts = 1>
ST_2 : Operation 103 [1/1] (0.00ns) (grouped into LUT with out node res_4_0)   --->   "%or_ln46_117 = or i1 %tmp_227, i1 %xor_ln46_37" [firmware/nnet_utils/nnet_activation.h:46]   --->   Operation 103 'or' 'or_ln46_117' <Predicate = true> <Delay = 0.00> <CoreInst = "LogicGate">   --->   Core 74 'LogicGate' <Latency = 0> <II = 1> <Delay = 0.97> <FuncUnit> <Opcode : 'and' 'or' 'xor'> <InPorts = 2> <OutPorts = 1>
ST_2 : Operation 104 [1/1] (0.00ns) (grouped into LUT with out node select_ln46_116)   --->   "%select_ln46_115 = select i1 %tmp_227, i2 0, i2 %add_ln46_37" [firmware/nnet_utils/nnet_activation.h:46]   --->   Operation 104 'select' 'select_ln46_115' <Predicate = true> <Delay = 0.00> <CoreInst = "Sel">   --->   Core 73 'Sel' <Latency = 0> <II = 1> <Delay = 0.99> <FuncUnit> <Opcode : 'select'> <InPorts = 3> <OutPorts = 1>
ST_2 : Operation 105 [1/1] (0.99ns) (out node of the LUT)   --->   "%select_ln46_116 = select i1 %or_ln46_116, i2 %select_ln46_115, i2 3" [firmware/nnet_utils/nnet_activation.h:46]   --->   Operation 105 'select' 'select_ln46_116' <Predicate = true> <Delay = 0.99> <CoreInst = "Sel">   --->   Core 73 'Sel' <Latency = 0> <II = 1> <Delay = 0.99> <FuncUnit> <Opcode : 'select'> <InPorts = 3> <OutPorts = 1>
ST_2 : Operation 106 [1/1] (0.00ns) (grouped into LUT with out node res_4_0)   --->   "%select_ln46_117 = select i1 %or_ln46_117, i2 %select_ln46_116, i2 %add_ln46_37" [firmware/nnet_utils/nnet_activation.h:46]   --->   Operation 106 'select' 'select_ln46_117' <Predicate = true> <Delay = 0.00> <CoreInst = "Sel">   --->   Core 73 'Sel' <Latency = 0> <II = 1> <Delay = 0.99> <FuncUnit> <Opcode : 'select'> <InPorts = 3> <OutPorts = 1>
ST_2 : Operation 107 [1/1] (0.99ns) (out node of the LUT)   --->   "%res_4_0 = select i1 %icmp_ln45_37, i2 %select_ln46_117, i2 0" [firmware/nnet_utils/nnet_activation.h:45]   --->   Operation 107 'select' 'res_4_0' <Predicate = true> <Delay = 0.99> <CoreInst = "Sel">   --->   Core 73 'Sel' <Latency = 0> <II = 1> <Delay = 0.99> <FuncUnit> <Opcode : 'select'> <InPorts = 3> <OutPorts = 1>
ST_2 : Operation 108 [1/1] (2.07ns)   --->   "%icmp_ln45_38 = icmp_sgt  i16 %data_5_val_read, i16 0" [firmware/nnet_utils/nnet_activation.h:45]   --->   Operation 108 'icmp' 'icmp_ln45_38' <Predicate = true> <Delay = 2.07> <CoreInst = "Cmp">   --->   Core 9 'Cmp' <Latency = 0> <II = 1> <Delay = 2.07> <FuncUnit> <Opcode : 'seteq' 'setne' 'setle' 'setge' 'setlt' 'setgt'> <InPorts = 2> <OutPorts = 1>
ST_2 : Operation 109 [1/1] (0.00ns) (grouped into LUT with out node empty_48)   --->   "%tmp_235 = bitselect i1 @_ssdm_op_BitSelect.i1.i16.i32, i16 %data_5_val_read, i32 9" [firmware/nnet_utils/nnet_activation.h:46]   --->   Operation 109 'bitselect' 'tmp_235' <Predicate = true> <Delay = 0.00>
ST_2 : Operation 110 [1/1] (0.00ns) (grouped into LUT with out node empty_48)   --->   "%tmp_238 = bitselect i1 @_ssdm_op_BitSelect.i1.i2.i32, i2 %add_ln46_38, i32 1" [firmware/nnet_utils/nnet_activation.h:46]   --->   Operation 110 'bitselect' 'tmp_238' <Predicate = true> <Delay = 0.00>
ST_2 : Operation 111 [1/1] (0.00ns) (grouped into LUT with out node empty_48)   --->   "%not_tmp_278 = xor i1 %tmp_235, i1 1" [firmware/nnet_utils/nnet_activation.h:46]   --->   Operation 111 'xor' 'not_tmp_278' <Predicate = true> <Delay = 0.00> <CoreInst = "LogicGate">   --->   Core 74 'LogicGate' <Latency = 0> <II = 1> <Delay = 0.97> <FuncUnit> <Opcode : 'and' 'or' 'xor'> <InPorts = 2> <OutPorts = 1>
ST_2 : Operation 112 [1/1] (0.00ns) (grouped into LUT with out node empty_48)   --->   "%and_ln46_79 = or i1 %tmp_238, i1 %not_tmp_278" [firmware/nnet_utils/nnet_activation.h:46]   --->   Operation 112 'or' 'and_ln46_79' <Predicate = true> <Delay = 0.00> <CoreInst = "LogicGate">   --->   Core 74 'LogicGate' <Latency = 0> <II = 1> <Delay = 0.97> <FuncUnit> <Opcode : 'and' 'or' 'xor'> <InPorts = 2> <OutPorts = 1>
ST_2 : Operation 113 [1/1] (0.97ns) (out node of the LUT)   --->   "%empty_48 = and i1 %icmp_ln46_79, i1 %and_ln46_79" [firmware/nnet_utils/nnet_activation.h:46]   --->   Operation 113 'and' 'empty_48' <Predicate = true> <Delay = 0.97> <CoreInst = "LogicGate">   --->   Core 74 'LogicGate' <Latency = 0> <II = 1> <Delay = 0.97> <FuncUnit> <Opcode : 'and' 'or' 'xor'> <InPorts = 2> <OutPorts = 1>
ST_2 : Operation 114 [1/1] (0.00ns) (grouped into LUT with out node select_ln46_119)   --->   "%or_ln46_119 = or i1 %empty_48, i1 %tmp_233" [firmware/nnet_utils/nnet_activation.h:46]   --->   Operation 114 'or' 'or_ln46_119' <Predicate = true> <Delay = 0.00> <CoreInst = "LogicGate">   --->   Core 74 'LogicGate' <Latency = 0> <II = 1> <Delay = 0.97> <FuncUnit> <Opcode : 'and' 'or' 'xor'> <InPorts = 2> <OutPorts = 1>
ST_2 : Operation 115 [1/1] (0.00ns) (grouped into LUT with out node res_5_0)   --->   "%xor_ln46_38 = xor i1 %empty_48, i1 1" [firmware/nnet_utils/nnet_activation.h:46]   --->   Operation 115 'xor' 'xor_ln46_38' <Predicate = true> <Delay = 0.00> <CoreInst = "LogicGate">   --->   Core 74 'LogicGate' <Latency = 0> <II = 1> <Delay = 0.97> <FuncUnit> <Opcode : 'and' 'or' 'xor'> <InPorts = 2> <OutPorts = 1>
ST_2 : Operation 116 [1/1] (0.00ns) (grouped into LUT with out node res_5_0)   --->   "%or_ln46_120 = or i1 %tmp_233, i1 %xor_ln46_38" [firmware/nnet_utils/nnet_activation.h:46]   --->   Operation 116 'or' 'or_ln46_120' <Predicate = true> <Delay = 0.00> <CoreInst = "LogicGate">   --->   Core 74 'LogicGate' <Latency = 0> <II = 1> <Delay = 0.97> <FuncUnit> <Opcode : 'and' 'or' 'xor'> <InPorts = 2> <OutPorts = 1>
ST_2 : Operation 117 [1/1] (0.00ns) (grouped into LUT with out node select_ln46_119)   --->   "%select_ln46_118 = select i1 %tmp_233, i2 0, i2 %add_ln46_38" [firmware/nnet_utils/nnet_activation.h:46]   --->   Operation 117 'select' 'select_ln46_118' <Predicate = true> <Delay = 0.00> <CoreInst = "Sel">   --->   Core 73 'Sel' <Latency = 0> <II = 1> <Delay = 0.99> <FuncUnit> <Opcode : 'select'> <InPorts = 3> <OutPorts = 1>
ST_2 : Operation 118 [1/1] (0.99ns) (out node of the LUT)   --->   "%select_ln46_119 = select i1 %or_ln46_119, i2 %select_ln46_118, i2 3" [firmware/nnet_utils/nnet_activation.h:46]   --->   Operation 118 'select' 'select_ln46_119' <Predicate = true> <Delay = 0.99> <CoreInst = "Sel">   --->   Core 73 'Sel' <Latency = 0> <II = 1> <Delay = 0.99> <FuncUnit> <Opcode : 'select'> <InPorts = 3> <OutPorts = 1>
ST_2 : Operation 119 [1/1] (0.00ns) (grouped into LUT with out node res_5_0)   --->   "%select_ln46_120 = select i1 %or_ln46_120, i2 %select_ln46_119, i2 %add_ln46_38" [firmware/nnet_utils/nnet_activation.h:46]   --->   Operation 119 'select' 'select_ln46_120' <Predicate = true> <Delay = 0.00> <CoreInst = "Sel">   --->   Core 73 'Sel' <Latency = 0> <II = 1> <Delay = 0.99> <FuncUnit> <Opcode : 'select'> <InPorts = 3> <OutPorts = 1>
ST_2 : Operation 120 [1/1] (0.99ns) (out node of the LUT)   --->   "%res_5_0 = select i1 %icmp_ln45_38, i2 %select_ln46_120, i2 0" [firmware/nnet_utils/nnet_activation.h:45]   --->   Operation 120 'select' 'res_5_0' <Predicate = true> <Delay = 0.99> <CoreInst = "Sel">   --->   Core 73 'Sel' <Latency = 0> <II = 1> <Delay = 0.99> <FuncUnit> <Opcode : 'select'> <InPorts = 3> <OutPorts = 1>
ST_2 : Operation 121 [1/1] (2.07ns)   --->   "%icmp_ln45_39 = icmp_sgt  i16 %data_6_val_read, i16 0" [firmware/nnet_utils/nnet_activation.h:45]   --->   Operation 121 'icmp' 'icmp_ln45_39' <Predicate = true> <Delay = 2.07> <CoreInst = "Cmp">   --->   Core 9 'Cmp' <Latency = 0> <II = 1> <Delay = 2.07> <FuncUnit> <Opcode : 'seteq' 'setne' 'setle' 'setge' 'setlt' 'setgt'> <InPorts = 2> <OutPorts = 1>
ST_2 : Operation 122 [1/1] (0.00ns) (grouped into LUT with out node empty_49)   --->   "%tmp_241 = bitselect i1 @_ssdm_op_BitSelect.i1.i16.i32, i16 %data_6_val_read, i32 9" [firmware/nnet_utils/nnet_activation.h:46]   --->   Operation 122 'bitselect' 'tmp_241' <Predicate = true> <Delay = 0.00>
ST_2 : Operation 123 [1/1] (0.00ns) (grouped into LUT with out node empty_49)   --->   "%tmp_244 = bitselect i1 @_ssdm_op_BitSelect.i1.i2.i32, i2 %add_ln46_39, i32 1" [firmware/nnet_utils/nnet_activation.h:46]   --->   Operation 123 'bitselect' 'tmp_244' <Predicate = true> <Delay = 0.00>
ST_2 : Operation 124 [1/1] (0.00ns) (grouped into LUT with out node empty_49)   --->   "%not_tmp_285 = xor i1 %tmp_241, i1 1" [firmware/nnet_utils/nnet_activation.h:46]   --->   Operation 124 'xor' 'not_tmp_285' <Predicate = true> <Delay = 0.00> <CoreInst = "LogicGate">   --->   Core 74 'LogicGate' <Latency = 0> <II = 1> <Delay = 0.97> <FuncUnit> <Opcode : 'and' 'or' 'xor'> <InPorts = 2> <OutPorts = 1>
ST_2 : Operation 125 [1/1] (0.00ns) (grouped into LUT with out node empty_49)   --->   "%and_ln46_81 = or i1 %tmp_244, i1 %not_tmp_285" [firmware/nnet_utils/nnet_activation.h:46]   --->   Operation 125 'or' 'and_ln46_81' <Predicate = true> <Delay = 0.00> <CoreInst = "LogicGate">   --->   Core 74 'LogicGate' <Latency = 0> <II = 1> <Delay = 0.97> <FuncUnit> <Opcode : 'and' 'or' 'xor'> <InPorts = 2> <OutPorts = 1>
ST_2 : Operation 126 [1/1] (0.97ns) (out node of the LUT)   --->   "%empty_49 = and i1 %icmp_ln46_81, i1 %and_ln46_81" [firmware/nnet_utils/nnet_activation.h:46]   --->   Operation 126 'and' 'empty_49' <Predicate = true> <Delay = 0.97> <CoreInst = "LogicGate">   --->   Core 74 'LogicGate' <Latency = 0> <II = 1> <Delay = 0.97> <FuncUnit> <Opcode : 'and' 'or' 'xor'> <InPorts = 2> <OutPorts = 1>
ST_2 : Operation 127 [1/1] (0.00ns) (grouped into LUT with out node select_ln46_122)   --->   "%or_ln46_122 = or i1 %empty_49, i1 %tmp_239" [firmware/nnet_utils/nnet_activation.h:46]   --->   Operation 127 'or' 'or_ln46_122' <Predicate = true> <Delay = 0.00> <CoreInst = "LogicGate">   --->   Core 74 'LogicGate' <Latency = 0> <II = 1> <Delay = 0.97> <FuncUnit> <Opcode : 'and' 'or' 'xor'> <InPorts = 2> <OutPorts = 1>
ST_2 : Operation 128 [1/1] (0.00ns) (grouped into LUT with out node res_6_0)   --->   "%xor_ln46_39 = xor i1 %empty_49, i1 1" [firmware/nnet_utils/nnet_activation.h:46]   --->   Operation 128 'xor' 'xor_ln46_39' <Predicate = true> <Delay = 0.00> <CoreInst = "LogicGate">   --->   Core 74 'LogicGate' <Latency = 0> <II = 1> <Delay = 0.97> <FuncUnit> <Opcode : 'and' 'or' 'xor'> <InPorts = 2> <OutPorts = 1>
ST_2 : Operation 129 [1/1] (0.00ns) (grouped into LUT with out node res_6_0)   --->   "%or_ln46_123 = or i1 %tmp_239, i1 %xor_ln46_39" [firmware/nnet_utils/nnet_activation.h:46]   --->   Operation 129 'or' 'or_ln46_123' <Predicate = true> <Delay = 0.00> <CoreInst = "LogicGate">   --->   Core 74 'LogicGate' <Latency = 0> <II = 1> <Delay = 0.97> <FuncUnit> <Opcode : 'and' 'or' 'xor'> <InPorts = 2> <OutPorts = 1>
ST_2 : Operation 130 [1/1] (0.00ns) (grouped into LUT with out node select_ln46_122)   --->   "%select_ln46_121 = select i1 %tmp_239, i2 0, i2 %add_ln46_39" [firmware/nnet_utils/nnet_activation.h:46]   --->   Operation 130 'select' 'select_ln46_121' <Predicate = true> <Delay = 0.00> <CoreInst = "Sel">   --->   Core 73 'Sel' <Latency = 0> <II = 1> <Delay = 0.99> <FuncUnit> <Opcode : 'select'> <InPorts = 3> <OutPorts = 1>
ST_2 : Operation 131 [1/1] (0.99ns) (out node of the LUT)   --->   "%select_ln46_122 = select i1 %or_ln46_122, i2 %select_ln46_121, i2 3" [firmware/nnet_utils/nnet_activation.h:46]   --->   Operation 131 'select' 'select_ln46_122' <Predicate = true> <Delay = 0.99> <CoreInst = "Sel">   --->   Core 73 'Sel' <Latency = 0> <II = 1> <Delay = 0.99> <FuncUnit> <Opcode : 'select'> <InPorts = 3> <OutPorts = 1>
ST_2 : Operation 132 [1/1] (0.00ns) (grouped into LUT with out node res_6_0)   --->   "%select_ln46_123 = select i1 %or_ln46_123, i2 %select_ln46_122, i2 %add_ln46_39" [firmware/nnet_utils/nnet_activation.h:46]   --->   Operation 132 'select' 'select_ln46_123' <Predicate = true> <Delay = 0.00> <CoreInst = "Sel">   --->   Core 73 'Sel' <Latency = 0> <II = 1> <Delay = 0.99> <FuncUnit> <Opcode : 'select'> <InPorts = 3> <OutPorts = 1>
ST_2 : Operation 133 [1/1] (0.99ns) (out node of the LUT)   --->   "%res_6_0 = select i1 %icmp_ln45_39, i2 %select_ln46_123, i2 0" [firmware/nnet_utils/nnet_activation.h:45]   --->   Operation 133 'select' 'res_6_0' <Predicate = true> <Delay = 0.99> <CoreInst = "Sel">   --->   Core 73 'Sel' <Latency = 0> <II = 1> <Delay = 0.99> <FuncUnit> <Opcode : 'select'> <InPorts = 3> <OutPorts = 1>
ST_2 : Operation 134 [1/1] (0.00ns)   --->   "%newret = insertvalue i10 <undef>, i2 %res_0_0" [firmware/nnet_utils/nnet_activation.h:45]   --->   Operation 134 'insertvalue' 'newret' <Predicate = true> <Delay = 0.00>
ST_2 : Operation 135 [1/1] (0.00ns)   --->   "%newret2 = insertvalue i10 %newret, i2 %res_1_0" [firmware/nnet_utils/nnet_activation.h:45]   --->   Operation 135 'insertvalue' 'newret2' <Predicate = true> <Delay = 0.00>
ST_2 : Operation 136 [1/1] (0.00ns)   --->   "%newret4 = insertvalue i10 %newret2, i2 %res_4_0" [firmware/nnet_utils/nnet_activation.h:45]   --->   Operation 136 'insertvalue' 'newret4' <Predicate = true> <Delay = 0.00>
ST_2 : Operation 137 [1/1] (0.00ns)   --->   "%newret6 = insertvalue i10 %newret4, i2 %res_5_0" [firmware/nnet_utils/nnet_activation.h:45]   --->   Operation 137 'insertvalue' 'newret6' <Predicate = true> <Delay = 0.00>
ST_2 : Operation 138 [1/1] (0.00ns)   --->   "%newret8 = insertvalue i10 %newret6, i2 %res_6_0" [firmware/nnet_utils/nnet_activation.h:45]   --->   Operation 138 'insertvalue' 'newret8' <Predicate = true> <Delay = 0.00>
ST_2 : Operation 139 [1/1] (0.00ns)   --->   "%ret_ln45 = ret i10 %newret8" [firmware/nnet_utils/nnet_activation.h:45]   --->   Operation 139 'ret' 'ret_ln45' <Predicate = true> <Delay = 0.00>


============================================================
+ Verbose Summary: Timing violations
============================================================
Target clock period: 5.000ns, clock uncertainty: 0.625ns.

 <State 1>: 3.435ns
The critical path consists of the following:
	wire read operation ('data_0_val_read', firmware/nnet_utils/nnet_activation.h:42) on port 'data_0_val' (firmware/nnet_utils/nnet_activation.h:42) [11]  (0.000 ns)
	'icmp' operation 1 bit ('icmp_ln46', firmware/nnet_utils/nnet_activation.h:46) [17]  (1.870 ns)
	'or' operation 1 bit ('or_ln46', firmware/nnet_utils/nnet_activation.h:46) [20]  (0.000 ns)
	'and' operation 1 bit ('and_ln46', firmware/nnet_utils/nnet_activation.h:46) [21]  (0.000 ns)
	'add' operation 2 bit ('add_ln46', firmware/nnet_utils/nnet_activation.h:46) [23]  (1.565 ns)

 <State 2>: 3.070ns
The critical path consists of the following:
	'icmp' operation 1 bit ('icmp_ln45', firmware/nnet_utils/nnet_activation.h:45) [12]  (2.077 ns)
	'select' operation 2 bit ('res_0_0', firmware/nnet_utils/nnet_activation.h:45) [36]  (0.993 ns)


============================================================
+ Verbose Summary: Binding
============================================================
N/A
* FSMD analyzer results:
  - Output states:
 - Input state : 
  - Chain level:
	State 1
	State 2


============================================================
+ Verbose Summary: Datapath Resource usage 
============================================================
N/A
