

================================================================
== Vitis HLS Report for 'relu_ap_fixed_16_6_5_3_0_ap_ufixed_2_0_4_0_0_relu_config12_s'
================================================================
* Date:           Mon Oct 20 15:01:55 2025

* Version:        2024.1 (Build 5069499 on May 21 2024)
* Project:        myproject_prj
* Solution:       solution1 (Vivado IP Flow Target)
* Product family: zynq
* Target device:  xc7z020-clg400-1


================================================================
== Performance Estimates
================================================================
+ Timing: 
    * Summary: 
    +--------+---------+----------+------------+
    |  Clock |  Target | Estimated| Uncertainty|
    +--------+---------+----------+------------+
    |ap_clk  |  5.00 ns|  3.435 ns|     0.62 ns|
    +--------+---------+----------+------------+

+ Latency: 
    * Summary: 
    +---------+---------+----------+----------+-----+-----+---------+
    |  Latency (cycles) |  Latency (absolute) |  Interval | Pipeline|
    |   min   |   max   |    min   |    max   | min | max |   Type  |
    +---------+---------+----------+----------+-----+-----+---------+
    |        1|        1|  5.000 ns|  5.000 ns|    1|    1|      yes|
    +---------+---------+----------+----------+-----+-----+---------+

    + Detail: 
        * Instance: 
        N/A

        * Loop: 
        N/A

============================================================
+ Verbose Summary: Synthesis Manager
============================================================
InlineROM: 1
ExposeGlobal: 0
============================================================
+ Verbose Summary: CDFG Model
============================================================
IsTopModel: 0
ResetActiveHigh: 1
IsCombinational: 0
IsDatapathOnly: 0
HasWiredReturn: 1
HasMFsm: 2
HasVarLatency: 0
IsPipeline: 1
IsRtlPipelined: 1
IsInstanceOverlapped: 0
IsDontTouch: 0
HasImplIP: 0
IsGatedGlobalClock: 0

+ Individual pipeline summary: 
  * Pipeline-0: initiation interval (II) = 1, depth = 2


============================================================
+ Verbose Summary: Schedule
============================================================
* Number of FSM states : 2
* Pipeline : 1
  Pipeline-0 : II = 1, D = 2, States = { 1 2 }
* Dataflow Pipeline: 0

* FSM state transitions: 
1 --> 2 
2 --> 

* FSM state operations: 

State 1 <SV = 0> <Delay = 3.43>
ST_1 : Operation 3 [1/1] (0.00ns)   --->   "%data_8_val_read = read i16 @_ssdm_op_Read.ap_auto.i16, i16 %data_8_val" [firmware/nnet_utils/nnet_activation.h:42]   --->   Operation 3 'read' 'data_8_val_read' <Predicate = true> <Delay = 0.00>
ST_1 : Operation 4 [1/1] (0.00ns)   --->   "%data_7_val_read = read i16 @_ssdm_op_Read.ap_auto.i16, i16 %data_7_val" [firmware/nnet_utils/nnet_activation.h:42]   --->   Operation 4 'read' 'data_7_val_read' <Predicate = true> <Delay = 0.00>
ST_1 : Operation 5 [1/1] (0.00ns)   --->   "%data_6_val_read = read i16 @_ssdm_op_Read.ap_auto.i16, i16 %data_6_val" [firmware/nnet_utils/nnet_activation.h:42]   --->   Operation 5 'read' 'data_6_val_read' <Predicate = true> <Delay = 0.00>
ST_1 : Operation 6 [1/1] (0.00ns)   --->   "%data_5_val_read = read i16 @_ssdm_op_Read.ap_auto.i16, i16 %data_5_val" [firmware/nnet_utils/nnet_activation.h:42]   --->   Operation 6 'read' 'data_5_val_read' <Predicate = true> <Delay = 0.00>
ST_1 : Operation 7 [1/1] (0.00ns)   --->   "%data_4_val_read = read i16 @_ssdm_op_Read.ap_auto.i16, i16 %data_4_val" [firmware/nnet_utils/nnet_activation.h:42]   --->   Operation 7 'read' 'data_4_val_read' <Predicate = true> <Delay = 0.00>
ST_1 : Operation 8 [1/1] (0.00ns)   --->   "%data_3_val_read = read i16 @_ssdm_op_Read.ap_auto.i16, i16 %data_3_val" [firmware/nnet_utils/nnet_activation.h:42]   --->   Operation 8 'read' 'data_3_val_read' <Predicate = true> <Delay = 0.00>
ST_1 : Operation 9 [1/1] (0.00ns)   --->   "%data_2_val_read = read i16 @_ssdm_op_Read.ap_auto.i16, i16 %data_2_val" [firmware/nnet_utils/nnet_activation.h:42]   --->   Operation 9 'read' 'data_2_val_read' <Predicate = true> <Delay = 0.00>
ST_1 : Operation 10 [1/1] (0.00ns)   --->   "%data_1_val_read = read i16 @_ssdm_op_Read.ap_auto.i16, i16 %data_1_val" [firmware/nnet_utils/nnet_activation.h:42]   --->   Operation 10 'read' 'data_1_val_read' <Predicate = true> <Delay = 0.00>
ST_1 : Operation 11 [1/1] (0.00ns)   --->   "%data_0_val_read = read i16 @_ssdm_op_Read.ap_auto.i16, i16 %data_0_val" [firmware/nnet_utils/nnet_activation.h:42]   --->   Operation 11 'read' 'data_0_val_read' <Predicate = true> <Delay = 0.00>
ST_1 : Operation 12 [1/1] (0.00ns)   --->   "%tmp = bitselect i1 @_ssdm_op_BitSelect.i1.i16.i32, i16 %data_0_val_read, i32 15" [firmware/nnet_utils/nnet_activation.h:46]   --->   Operation 12 'bitselect' 'tmp' <Predicate = true> <Delay = 0.00>
ST_1 : Operation 13 [1/1] (0.00ns) (grouped into LUT with out node add_ln46)   --->   "%trunc_ln = partselect i2 @_ssdm_op_PartSelect.i2.i16.i32.i32, i16 %data_0_val_read, i32 8, i32 9" [firmware/nnet_utils/nnet_activation.h:46]   --->   Operation 13 'partselect' 'trunc_ln' <Predicate = true> <Delay = 0.00>
ST_1 : Operation 14 [1/1] (0.00ns) (grouped into LUT with out node add_ln46)   --->   "%tmp_338 = bitselect i1 @_ssdm_op_BitSelect.i1.i16.i32, i16 %data_0_val_read, i32 7" [firmware/nnet_utils/nnet_activation.h:46]   --->   Operation 14 'bitselect' 'tmp_338' <Predicate = true> <Delay = 0.00>
ST_1 : Operation 15 [1/1] (0.00ns)   --->   "%trunc_ln46 = trunc i16 %data_0_val_read" [firmware/nnet_utils/nnet_activation.h:46]   --->   Operation 15 'trunc' 'trunc_ln46' <Predicate = true> <Delay = 0.00>
ST_1 : Operation 16 [1/1] (1.87ns)   --->   "%icmp_ln46 = icmp_ne  i7 %trunc_ln46, i7 0" [firmware/nnet_utils/nnet_activation.h:46]   --->   Operation 16 'icmp' 'icmp_ln46' <Predicate = true> <Delay = 1.87> <CoreInst = "Cmp">   --->   Core 9 'Cmp' <Latency = 0> <II = 1> <Delay = 1.87> <FuncUnit> <Opcode : 'seteq' 'setne' 'setle' 'setge' 'setlt' 'setgt'> <InPorts = 2> <OutPorts = 1>
ST_1 : Operation 17 [1/1] (0.00ns) (grouped into LUT with out node add_ln46)   --->   "%tmp_340 = bitselect i1 @_ssdm_op_BitSelect.i1.i16.i32, i16 %data_0_val_read, i32 8" [firmware/nnet_utils/nnet_activation.h:46]   --->   Operation 17 'bitselect' 'tmp_340' <Predicate = true> <Delay = 0.00>
ST_1 : Operation 18 [1/1] (0.00ns) (grouped into LUT with out node add_ln46)   --->   "%or_ln46 = or i1 %tmp_340, i1 %icmp_ln46" [firmware/nnet_utils/nnet_activation.h:46]   --->   Operation 18 'or' 'or_ln46' <Predicate = true> <Delay = 0.00> <CoreInst = "LogicGate">   --->   Core 74 'LogicGate' <Latency = 0> <II = 1> <Delay = 0.97> <FuncUnit> <Opcode : 'and' 'or' 'xor'> <InPorts = 2> <OutPorts = 1>
ST_1 : Operation 19 [1/1] (0.00ns) (grouped into LUT with out node add_ln46)   --->   "%and_ln46 = and i1 %or_ln46, i1 %tmp_338" [firmware/nnet_utils/nnet_activation.h:46]   --->   Operation 19 'and' 'and_ln46' <Predicate = true> <Delay = 0.00> <CoreInst = "LogicGate">   --->   Core 74 'LogicGate' <Latency = 0> <II = 1> <Delay = 0.97> <FuncUnit> <Opcode : 'and' 'or' 'xor'> <InPorts = 2> <OutPorts = 1>
ST_1 : Operation 20 [1/1] (0.00ns) (grouped into LUT with out node add_ln46)   --->   "%zext_ln46 = zext i1 %and_ln46" [firmware/nnet_utils/nnet_activation.h:46]   --->   Operation 20 'zext' 'zext_ln46' <Predicate = true> <Delay = 0.00>
ST_1 : Operation 21 [1/1] (1.56ns) (out node of the LUT)   --->   "%add_ln46 = add i2 %trunc_ln, i2 %zext_ln46" [firmware/nnet_utils/nnet_activation.h:46]   --->   Operation 21 'add' 'add_ln46' <Predicate = true> <Delay = 1.56> <CoreInst = "Adder">   --->   Core 1 'Adder' <Latency = 0> <II = 1> <Delay = 1.56> <FuncUnit> <Opcode : 'add' 'sub'> <InPorts = 2> <OutPorts = 1>
ST_1 : Operation 22 [1/1] (0.00ns)   --->   "%tmp_s = partselect i6 @_ssdm_op_PartSelect.i6.i16.i32.i32, i16 %data_0_val_read, i32 10, i32 15" [firmware/nnet_utils/nnet_activation.h:46]   --->   Operation 22 'partselect' 'tmp_s' <Predicate = true> <Delay = 0.00>
ST_1 : Operation 23 [1/1] (1.82ns)   --->   "%icmp_ln46_113 = icmp_eq  i6 %tmp_s, i6 0" [firmware/nnet_utils/nnet_activation.h:46]   --->   Operation 23 'icmp' 'icmp_ln46_113' <Predicate = true> <Delay = 1.82> <CoreInst = "Cmp">   --->   Core 9 'Cmp' <Latency = 0> <II = 1> <Delay = 1.82> <FuncUnit> <Opcode : 'seteq' 'setne' 'setle' 'setge' 'setlt' 'setgt'> <InPorts = 2> <OutPorts = 1>
ST_1 : Operation 24 [1/1] (0.00ns)   --->   "%tmp_342 = bitselect i1 @_ssdm_op_BitSelect.i1.i16.i32, i16 %data_1_val_read, i32 15" [firmware/nnet_utils/nnet_activation.h:46]   --->   Operation 24 'bitselect' 'tmp_342' <Predicate = true> <Delay = 0.00>
ST_1 : Operation 25 [1/1] (0.00ns) (grouped into LUT with out node add_ln46_55)   --->   "%trunc_ln46_s = partselect i2 @_ssdm_op_PartSelect.i2.i16.i32.i32, i16 %data_1_val_read, i32 8, i32 9" [firmware/nnet_utils/nnet_activation.h:46]   --->   Operation 25 'partselect' 'trunc_ln46_s' <Predicate = true> <Delay = 0.00>
ST_1 : Operation 26 [1/1] (0.00ns) (grouped into LUT with out node add_ln46_55)   --->   "%tmp_343 = bitselect i1 @_ssdm_op_BitSelect.i1.i16.i32, i16 %data_1_val_read, i32 7" [firmware/nnet_utils/nnet_activation.h:46]   --->   Operation 26 'bitselect' 'tmp_343' <Predicate = true> <Delay = 0.00>
ST_1 : Operation 27 [1/1] (0.00ns)   --->   "%trunc_ln46_73 = trunc i16 %data_1_val_read" [firmware/nnet_utils/nnet_activation.h:46]   --->   Operation 27 'trunc' 'trunc_ln46_73' <Predicate = true> <Delay = 0.00>
ST_1 : Operation 28 [1/1] (1.87ns)   --->   "%icmp_ln46_114 = icmp_ne  i7 %trunc_ln46_73, i7 0" [firmware/nnet_utils/nnet_activation.h:46]   --->   Operation 28 'icmp' 'icmp_ln46_114' <Predicate = true> <Delay = 1.87> <CoreInst = "Cmp">   --->   Core 9 'Cmp' <Latency = 0> <II = 1> <Delay = 1.87> <FuncUnit> <Opcode : 'seteq' 'setne' 'setle' 'setge' 'setlt' 'setgt'> <InPorts = 2> <OutPorts = 1>
ST_1 : Operation 29 [1/1] (0.00ns) (grouped into LUT with out node add_ln46_55)   --->   "%tmp_345 = bitselect i1 @_ssdm_op_BitSelect.i1.i16.i32, i16 %data_1_val_read, i32 8" [firmware/nnet_utils/nnet_activation.h:46]   --->   Operation 29 'bitselect' 'tmp_345' <Predicate = true> <Delay = 0.00>
ST_1 : Operation 30 [1/1] (0.00ns) (grouped into LUT with out node add_ln46_55)   --->   "%or_ln46_173 = or i1 %tmp_345, i1 %icmp_ln46_114" [firmware/nnet_utils/nnet_activation.h:46]   --->   Operation 30 'or' 'or_ln46_173' <Predicate = true> <Delay = 0.00> <CoreInst = "LogicGate">   --->   Core 74 'LogicGate' <Latency = 0> <II = 1> <Delay = 0.97> <FuncUnit> <Opcode : 'and' 'or' 'xor'> <InPorts = 2> <OutPorts = 1>
ST_1 : Operation 31 [1/1] (0.00ns) (grouped into LUT with out node add_ln46_55)   --->   "%and_ln46_98 = and i1 %or_ln46_173, i1 %tmp_343" [firmware/nnet_utils/nnet_activation.h:46]   --->   Operation 31 'and' 'and_ln46_98' <Predicate = true> <Delay = 0.00> <CoreInst = "LogicGate">   --->   Core 74 'LogicGate' <Latency = 0> <II = 1> <Delay = 0.97> <FuncUnit> <Opcode : 'and' 'or' 'xor'> <InPorts = 2> <OutPorts = 1>
ST_1 : Operation 32 [1/1] (0.00ns) (grouped into LUT with out node add_ln46_55)   --->   "%zext_ln46_55 = zext i1 %and_ln46_98" [firmware/nnet_utils/nnet_activation.h:46]   --->   Operation 32 'zext' 'zext_ln46_55' <Predicate = true> <Delay = 0.00>
ST_1 : Operation 33 [1/1] (1.56ns) (out node of the LUT)   --->   "%add_ln46_55 = add i2 %trunc_ln46_s, i2 %zext_ln46_55" [firmware/nnet_utils/nnet_activation.h:46]   --->   Operation 33 'add' 'add_ln46_55' <Predicate = true> <Delay = 1.56> <CoreInst = "Adder">   --->   Core 1 'Adder' <Latency = 0> <II = 1> <Delay = 1.56> <FuncUnit> <Opcode : 'add' 'sub'> <InPorts = 2> <OutPorts = 1>
ST_1 : Operation 34 [1/1] (0.00ns)   --->   "%tmp_337 = partselect i6 @_ssdm_op_PartSelect.i6.i16.i32.i32, i16 %data_1_val_read, i32 10, i32 15" [firmware/nnet_utils/nnet_activation.h:46]   --->   Operation 34 'partselect' 'tmp_337' <Predicate = true> <Delay = 0.00>
ST_1 : Operation 35 [1/1] (1.82ns)   --->   "%icmp_ln46_115 = icmp_eq  i6 %tmp_337, i6 0" [firmware/nnet_utils/nnet_activation.h:46]   --->   Operation 35 'icmp' 'icmp_ln46_115' <Predicate = true> <Delay = 1.82> <CoreInst = "Cmp">   --->   Core 9 'Cmp' <Latency = 0> <II = 1> <Delay = 1.82> <FuncUnit> <Opcode : 'seteq' 'setne' 'setle' 'setge' 'setlt' 'setgt'> <InPorts = 2> <OutPorts = 1>
ST_1 : Operation 36 [1/1] (0.00ns)   --->   "%tmp_347 = bitselect i1 @_ssdm_op_BitSelect.i1.i16.i32, i16 %data_2_val_read, i32 15" [firmware/nnet_utils/nnet_activation.h:46]   --->   Operation 36 'bitselect' 'tmp_347' <Predicate = true> <Delay = 0.00>
ST_1 : Operation 37 [1/1] (0.00ns) (grouped into LUT with out node add_ln46_56)   --->   "%trunc_ln46_51 = partselect i2 @_ssdm_op_PartSelect.i2.i16.i32.i32, i16 %data_2_val_read, i32 8, i32 9" [firmware/nnet_utils/nnet_activation.h:46]   --->   Operation 37 'partselect' 'trunc_ln46_51' <Predicate = true> <Delay = 0.00>
ST_1 : Operation 38 [1/1] (0.00ns) (grouped into LUT with out node add_ln46_56)   --->   "%tmp_348 = bitselect i1 @_ssdm_op_BitSelect.i1.i16.i32, i16 %data_2_val_read, i32 7" [firmware/nnet_utils/nnet_activation.h:46]   --->   Operation 38 'bitselect' 'tmp_348' <Predicate = true> <Delay = 0.00>
ST_1 : Operation 39 [1/1] (0.00ns)   --->   "%trunc_ln46_74 = trunc i16 %data_2_val_read" [firmware/nnet_utils/nnet_activation.h:46]   --->   Operation 39 'trunc' 'trunc_ln46_74' <Predicate = true> <Delay = 0.00>
ST_1 : Operation 40 [1/1] (1.87ns)   --->   "%icmp_ln46_116 = icmp_ne  i7 %trunc_ln46_74, i7 0" [firmware/nnet_utils/nnet_activation.h:46]   --->   Operation 40 'icmp' 'icmp_ln46_116' <Predicate = true> <Delay = 1.87> <CoreInst = "Cmp">   --->   Core 9 'Cmp' <Latency = 0> <II = 1> <Delay = 1.87> <FuncUnit> <Opcode : 'seteq' 'setne' 'setle' 'setge' 'setlt' 'setgt'> <InPorts = 2> <OutPorts = 1>
ST_1 : Operation 41 [1/1] (0.00ns) (grouped into LUT with out node add_ln46_56)   --->   "%tmp_350 = bitselect i1 @_ssdm_op_BitSelect.i1.i16.i32, i16 %data_2_val_read, i32 8" [firmware/nnet_utils/nnet_activation.h:46]   --->   Operation 41 'bitselect' 'tmp_350' <Predicate = true> <Delay = 0.00>
ST_1 : Operation 42 [1/1] (0.00ns) (grouped into LUT with out node add_ln46_56)   --->   "%or_ln46_176 = or i1 %tmp_350, i1 %icmp_ln46_116" [firmware/nnet_utils/nnet_activation.h:46]   --->   Operation 42 'or' 'or_ln46_176' <Predicate = true> <Delay = 0.00> <CoreInst = "LogicGate">   --->   Core 74 'LogicGate' <Latency = 0> <II = 1> <Delay = 0.97> <FuncUnit> <Opcode : 'and' 'or' 'xor'> <InPorts = 2> <OutPorts = 1>
ST_1 : Operation 43 [1/1] (0.00ns) (grouped into LUT with out node add_ln46_56)   --->   "%and_ln46_99 = and i1 %or_ln46_176, i1 %tmp_348" [firmware/nnet_utils/nnet_activation.h:46]   --->   Operation 43 'and' 'and_ln46_99' <Predicate = true> <Delay = 0.00> <CoreInst = "LogicGate">   --->   Core 74 'LogicGate' <Latency = 0> <II = 1> <Delay = 0.97> <FuncUnit> <Opcode : 'and' 'or' 'xor'> <InPorts = 2> <OutPorts = 1>
ST_1 : Operation 44 [1/1] (0.00ns) (grouped into LUT with out node add_ln46_56)   --->   "%zext_ln46_56 = zext i1 %and_ln46_99" [firmware/nnet_utils/nnet_activation.h:46]   --->   Operation 44 'zext' 'zext_ln46_56' <Predicate = true> <Delay = 0.00>
ST_1 : Operation 45 [1/1] (1.56ns) (out node of the LUT)   --->   "%add_ln46_56 = add i2 %trunc_ln46_51, i2 %zext_ln46_56" [firmware/nnet_utils/nnet_activation.h:46]   --->   Operation 45 'add' 'add_ln46_56' <Predicate = true> <Delay = 1.56> <CoreInst = "Adder">   --->   Core 1 'Adder' <Latency = 0> <II = 1> <Delay = 1.56> <FuncUnit> <Opcode : 'add' 'sub'> <InPorts = 2> <OutPorts = 1>
ST_1 : Operation 46 [1/1] (0.00ns)   --->   "%tmp_351 = partselect i6 @_ssdm_op_PartSelect.i6.i16.i32.i32, i16 %data_2_val_read, i32 10, i32 15" [firmware/nnet_utils/nnet_activation.h:46]   --->   Operation 46 'partselect' 'tmp_351' <Predicate = true> <Delay = 0.00>
ST_1 : Operation 47 [1/1] (1.82ns)   --->   "%icmp_ln46_117 = icmp_eq  i6 %tmp_351, i6 0" [firmware/nnet_utils/nnet_activation.h:46]   --->   Operation 47 'icmp' 'icmp_ln46_117' <Predicate = true> <Delay = 1.82> <CoreInst = "Cmp">   --->   Core 9 'Cmp' <Latency = 0> <II = 1> <Delay = 1.82> <FuncUnit> <Opcode : 'seteq' 'setne' 'setle' 'setge' 'setlt' 'setgt'> <InPorts = 2> <OutPorts = 1>
ST_1 : Operation 48 [1/1] (0.00ns)   --->   "%tmp_353 = bitselect i1 @_ssdm_op_BitSelect.i1.i16.i32, i16 %data_3_val_read, i32 15" [firmware/nnet_utils/nnet_activation.h:46]   --->   Operation 48 'bitselect' 'tmp_353' <Predicate = true> <Delay = 0.00>
ST_1 : Operation 49 [1/1] (0.00ns) (grouped into LUT with out node add_ln46_57)   --->   "%trunc_ln46_52 = partselect i2 @_ssdm_op_PartSelect.i2.i16.i32.i32, i16 %data_3_val_read, i32 8, i32 9" [firmware/nnet_utils/nnet_activation.h:46]   --->   Operation 49 'partselect' 'trunc_ln46_52' <Predicate = true> <Delay = 0.00>
ST_1 : Operation 50 [1/1] (0.00ns) (grouped into LUT with out node add_ln46_57)   --->   "%tmp_354 = bitselect i1 @_ssdm_op_BitSelect.i1.i16.i32, i16 %data_3_val_read, i32 7" [firmware/nnet_utils/nnet_activation.h:46]   --->   Operation 50 'bitselect' 'tmp_354' <Predicate = true> <Delay = 0.00>
ST_1 : Operation 51 [1/1] (0.00ns)   --->   "%trunc_ln46_75 = trunc i16 %data_3_val_read" [firmware/nnet_utils/nnet_activation.h:46]   --->   Operation 51 'trunc' 'trunc_ln46_75' <Predicate = true> <Delay = 0.00>
ST_1 : Operation 52 [1/1] (1.87ns)   --->   "%icmp_ln46_118 = icmp_ne  i7 %trunc_ln46_75, i7 0" [firmware/nnet_utils/nnet_activation.h:46]   --->   Operation 52 'icmp' 'icmp_ln46_118' <Predicate = true> <Delay = 1.87> <CoreInst = "Cmp">   --->   Core 9 'Cmp' <Latency = 0> <II = 1> <Delay = 1.87> <FuncUnit> <Opcode : 'seteq' 'setne' 'setle' 'setge' 'setlt' 'setgt'> <InPorts = 2> <OutPorts = 1>
ST_1 : Operation 53 [1/1] (0.00ns) (grouped into LUT with out node add_ln46_57)   --->   "%tmp_356 = bitselect i1 @_ssdm_op_BitSelect.i1.i16.i32, i16 %data_3_val_read, i32 8" [firmware/nnet_utils/nnet_activation.h:46]   --->   Operation 53 'bitselect' 'tmp_356' <Predicate = true> <Delay = 0.00>
ST_1 : Operation 54 [1/1] (0.00ns) (grouped into LUT with out node add_ln46_57)   --->   "%or_ln46_179 = or i1 %tmp_356, i1 %icmp_ln46_118" [firmware/nnet_utils/nnet_activation.h:46]   --->   Operation 54 'or' 'or_ln46_179' <Predicate = true> <Delay = 0.00> <CoreInst = "LogicGate">   --->   Core 74 'LogicGate' <Latency = 0> <II = 1> <Delay = 0.97> <FuncUnit> <Opcode : 'and' 'or' 'xor'> <InPorts = 2> <OutPorts = 1>
ST_1 : Operation 55 [1/1] (0.00ns) (grouped into LUT with out node add_ln46_57)   --->   "%and_ln46_100 = and i1 %or_ln46_179, i1 %tmp_354" [firmware/nnet_utils/nnet_activation.h:46]   --->   Operation 55 'and' 'and_ln46_100' <Predicate = true> <Delay = 0.00> <CoreInst = "LogicGate">   --->   Core 74 'LogicGate' <Latency = 0> <II = 1> <Delay = 0.97> <FuncUnit> <Opcode : 'and' 'or' 'xor'> <InPorts = 2> <OutPorts = 1>
ST_1 : Operation 56 [1/1] (0.00ns) (grouped into LUT with out node add_ln46_57)   --->   "%zext_ln46_57 = zext i1 %and_ln46_100" [firmware/nnet_utils/nnet_activation.h:46]   --->   Operation 56 'zext' 'zext_ln46_57' <Predicate = true> <Delay = 0.00>
ST_1 : Operation 57 [1/1] (1.56ns) (out node of the LUT)   --->   "%add_ln46_57 = add i2 %trunc_ln46_52, i2 %zext_ln46_57" [firmware/nnet_utils/nnet_activation.h:46]   --->   Operation 57 'add' 'add_ln46_57' <Predicate = true> <Delay = 1.56> <CoreInst = "Adder">   --->   Core 1 'Adder' <Latency = 0> <II = 1> <Delay = 1.56> <FuncUnit> <Opcode : 'add' 'sub'> <InPorts = 2> <OutPorts = 1>
ST_1 : Operation 58 [1/1] (0.00ns)   --->   "%tmp_357 = partselect i6 @_ssdm_op_PartSelect.i6.i16.i32.i32, i16 %data_3_val_read, i32 10, i32 15" [firmware/nnet_utils/nnet_activation.h:46]   --->   Operation 58 'partselect' 'tmp_357' <Predicate = true> <Delay = 0.00>
ST_1 : Operation 59 [1/1] (1.82ns)   --->   "%icmp_ln46_119 = icmp_eq  i6 %tmp_357, i6 0" [firmware/nnet_utils/nnet_activation.h:46]   --->   Operation 59 'icmp' 'icmp_ln46_119' <Predicate = true> <Delay = 1.82> <CoreInst = "Cmp">   --->   Core 9 'Cmp' <Latency = 0> <II = 1> <Delay = 1.82> <FuncUnit> <Opcode : 'seteq' 'setne' 'setle' 'setge' 'setlt' 'setgt'> <InPorts = 2> <OutPorts = 1>
ST_1 : Operation 60 [1/1] (0.00ns)   --->   "%tmp_359 = bitselect i1 @_ssdm_op_BitSelect.i1.i16.i32, i16 %data_4_val_read, i32 15" [firmware/nnet_utils/nnet_activation.h:46]   --->   Operation 60 'bitselect' 'tmp_359' <Predicate = true> <Delay = 0.00>
ST_1 : Operation 61 [1/1] (0.00ns) (grouped into LUT with out node add_ln46_58)   --->   "%trunc_ln46_53 = partselect i2 @_ssdm_op_PartSelect.i2.i16.i32.i32, i16 %data_4_val_read, i32 8, i32 9" [firmware/nnet_utils/nnet_activation.h:46]   --->   Operation 61 'partselect' 'trunc_ln46_53' <Predicate = true> <Delay = 0.00>
ST_1 : Operation 62 [1/1] (0.00ns) (grouped into LUT with out node add_ln46_58)   --->   "%tmp_360 = bitselect i1 @_ssdm_op_BitSelect.i1.i16.i32, i16 %data_4_val_read, i32 7" [firmware/nnet_utils/nnet_activation.h:46]   --->   Operation 62 'bitselect' 'tmp_360' <Predicate = true> <Delay = 0.00>
ST_1 : Operation 63 [1/1] (0.00ns)   --->   "%trunc_ln46_76 = trunc i16 %data_4_val_read" [firmware/nnet_utils/nnet_activation.h:46]   --->   Operation 63 'trunc' 'trunc_ln46_76' <Predicate = true> <Delay = 0.00>
ST_1 : Operation 64 [1/1] (1.87ns)   --->   "%icmp_ln46_120 = icmp_ne  i7 %trunc_ln46_76, i7 0" [firmware/nnet_utils/nnet_activation.h:46]   --->   Operation 64 'icmp' 'icmp_ln46_120' <Predicate = true> <Delay = 1.87> <CoreInst = "Cmp">   --->   Core 9 'Cmp' <Latency = 0> <II = 1> <Delay = 1.87> <FuncUnit> <Opcode : 'seteq' 'setne' 'setle' 'setge' 'setlt' 'setgt'> <InPorts = 2> <OutPorts = 1>
ST_1 : Operation 65 [1/1] (0.00ns) (grouped into LUT with out node add_ln46_58)   --->   "%tmp_362 = bitselect i1 @_ssdm_op_BitSelect.i1.i16.i32, i16 %data_4_val_read, i32 8" [firmware/nnet_utils/nnet_activation.h:46]   --->   Operation 65 'bitselect' 'tmp_362' <Predicate = true> <Delay = 0.00>
ST_1 : Operation 66 [1/1] (0.00ns) (grouped into LUT with out node add_ln46_58)   --->   "%or_ln46_182 = or i1 %tmp_362, i1 %icmp_ln46_120" [firmware/nnet_utils/nnet_activation.h:46]   --->   Operation 66 'or' 'or_ln46_182' <Predicate = true> <Delay = 0.00> <CoreInst = "LogicGate">   --->   Core 74 'LogicGate' <Latency = 0> <II = 1> <Delay = 0.97> <FuncUnit> <Opcode : 'and' 'or' 'xor'> <InPorts = 2> <OutPorts = 1>
ST_1 : Operation 67 [1/1] (0.00ns) (grouped into LUT with out node add_ln46_58)   --->   "%and_ln46_101 = and i1 %or_ln46_182, i1 %tmp_360" [firmware/nnet_utils/nnet_activation.h:46]   --->   Operation 67 'and' 'and_ln46_101' <Predicate = true> <Delay = 0.00> <CoreInst = "LogicGate">   --->   Core 74 'LogicGate' <Latency = 0> <II = 1> <Delay = 0.97> <FuncUnit> <Opcode : 'and' 'or' 'xor'> <InPorts = 2> <OutPorts = 1>
ST_1 : Operation 68 [1/1] (0.00ns) (grouped into LUT with out node add_ln46_58)   --->   "%zext_ln46_58 = zext i1 %and_ln46_101" [firmware/nnet_utils/nnet_activation.h:46]   --->   Operation 68 'zext' 'zext_ln46_58' <Predicate = true> <Delay = 0.00>
ST_1 : Operation 69 [1/1] (1.56ns) (out node of the LUT)   --->   "%add_ln46_58 = add i2 %trunc_ln46_53, i2 %zext_ln46_58" [firmware/nnet_utils/nnet_activation.h:46]   --->   Operation 69 'add' 'add_ln46_58' <Predicate = true> <Delay = 1.56> <CoreInst = "Adder">   --->   Core 1 'Adder' <Latency = 0> <II = 1> <Delay = 1.56> <FuncUnit> <Opcode : 'add' 'sub'> <InPorts = 2> <OutPorts = 1>
ST_1 : Operation 70 [1/1] (0.00ns)   --->   "%tmp_363 = partselect i6 @_ssdm_op_PartSelect.i6.i16.i32.i32, i16 %data_4_val_read, i32 10, i32 15" [firmware/nnet_utils/nnet_activation.h:46]   --->   Operation 70 'partselect' 'tmp_363' <Predicate = true> <Delay = 0.00>
ST_1 : Operation 71 [1/1] (1.82ns)   --->   "%icmp_ln46_121 = icmp_eq  i6 %tmp_363, i6 0" [firmware/nnet_utils/nnet_activation.h:46]   --->   Operation 71 'icmp' 'icmp_ln46_121' <Predicate = true> <Delay = 1.82> <CoreInst = "Cmp">   --->   Core 9 'Cmp' <Latency = 0> <II = 1> <Delay = 1.82> <FuncUnit> <Opcode : 'seteq' 'setne' 'setle' 'setge' 'setlt' 'setgt'> <InPorts = 2> <OutPorts = 1>
ST_1 : Operation 72 [1/1] (0.00ns)   --->   "%tmp_365 = bitselect i1 @_ssdm_op_BitSelect.i1.i16.i32, i16 %data_5_val_read, i32 15" [firmware/nnet_utils/nnet_activation.h:46]   --->   Operation 72 'bitselect' 'tmp_365' <Predicate = true> <Delay = 0.00>
ST_1 : Operation 73 [1/1] (0.00ns) (grouped into LUT with out node add_ln46_59)   --->   "%trunc_ln46_54 = partselect i2 @_ssdm_op_PartSelect.i2.i16.i32.i32, i16 %data_5_val_read, i32 8, i32 9" [firmware/nnet_utils/nnet_activation.h:46]   --->   Operation 73 'partselect' 'trunc_ln46_54' <Predicate = true> <Delay = 0.00>
ST_1 : Operation 74 [1/1] (0.00ns) (grouped into LUT with out node add_ln46_59)   --->   "%tmp_366 = bitselect i1 @_ssdm_op_BitSelect.i1.i16.i32, i16 %data_5_val_read, i32 7" [firmware/nnet_utils/nnet_activation.h:46]   --->   Operation 74 'bitselect' 'tmp_366' <Predicate = true> <Delay = 0.00>
ST_1 : Operation 75 [1/1] (0.00ns)   --->   "%trunc_ln46_77 = trunc i16 %data_5_val_read" [firmware/nnet_utils/nnet_activation.h:46]   --->   Operation 75 'trunc' 'trunc_ln46_77' <Predicate = true> <Delay = 0.00>
ST_1 : Operation 76 [1/1] (1.87ns)   --->   "%icmp_ln46_122 = icmp_ne  i7 %trunc_ln46_77, i7 0" [firmware/nnet_utils/nnet_activation.h:46]   --->   Operation 76 'icmp' 'icmp_ln46_122' <Predicate = true> <Delay = 1.87> <CoreInst = "Cmp">   --->   Core 9 'Cmp' <Latency = 0> <II = 1> <Delay = 1.87> <FuncUnit> <Opcode : 'seteq' 'setne' 'setle' 'setge' 'setlt' 'setgt'> <InPorts = 2> <OutPorts = 1>
ST_1 : Operation 77 [1/1] (0.00ns) (grouped into LUT with out node add_ln46_59)   --->   "%tmp_368 = bitselect i1 @_ssdm_op_BitSelect.i1.i16.i32, i16 %data_5_val_read, i32 8" [firmware/nnet_utils/nnet_activation.h:46]   --->   Operation 77 'bitselect' 'tmp_368' <Predicate = true> <Delay = 0.00>
ST_1 : Operation 78 [1/1] (0.00ns) (grouped into LUT with out node add_ln46_59)   --->   "%or_ln46_185 = or i1 %tmp_368, i1 %icmp_ln46_122" [firmware/nnet_utils/nnet_activation.h:46]   --->   Operation 78 'or' 'or_ln46_185' <Predicate = true> <Delay = 0.00> <CoreInst = "LogicGate">   --->   Core 74 'LogicGate' <Latency = 0> <II = 1> <Delay = 0.97> <FuncUnit> <Opcode : 'and' 'or' 'xor'> <InPorts = 2> <OutPorts = 1>
ST_1 : Operation 79 [1/1] (0.00ns) (grouped into LUT with out node add_ln46_59)   --->   "%and_ln46_102 = and i1 %or_ln46_185, i1 %tmp_366" [firmware/nnet_utils/nnet_activation.h:46]   --->   Operation 79 'and' 'and_ln46_102' <Predicate = true> <Delay = 0.00> <CoreInst = "LogicGate">   --->   Core 74 'LogicGate' <Latency = 0> <II = 1> <Delay = 0.97> <FuncUnit> <Opcode : 'and' 'or' 'xor'> <InPorts = 2> <OutPorts = 1>
ST_1 : Operation 80 [1/1] (0.00ns) (grouped into LUT with out node add_ln46_59)   --->   "%zext_ln46_59 = zext i1 %and_ln46_102" [firmware/nnet_utils/nnet_activation.h:46]   --->   Operation 80 'zext' 'zext_ln46_59' <Predicate = true> <Delay = 0.00>
ST_1 : Operation 81 [1/1] (1.56ns) (out node of the LUT)   --->   "%add_ln46_59 = add i2 %trunc_ln46_54, i2 %zext_ln46_59" [firmware/nnet_utils/nnet_activation.h:46]   --->   Operation 81 'add' 'add_ln46_59' <Predicate = true> <Delay = 1.56> <CoreInst = "Adder">   --->   Core 1 'Adder' <Latency = 0> <II = 1> <Delay = 1.56> <FuncUnit> <Opcode : 'add' 'sub'> <InPorts = 2> <OutPorts = 1>
ST_1 : Operation 82 [1/1] (0.00ns)   --->   "%tmp_369 = partselect i6 @_ssdm_op_PartSelect.i6.i16.i32.i32, i16 %data_5_val_read, i32 10, i32 15" [firmware/nnet_utils/nnet_activation.h:46]   --->   Operation 82 'partselect' 'tmp_369' <Predicate = true> <Delay = 0.00>
ST_1 : Operation 83 [1/1] (1.82ns)   --->   "%icmp_ln46_123 = icmp_eq  i6 %tmp_369, i6 0" [firmware/nnet_utils/nnet_activation.h:46]   --->   Operation 83 'icmp' 'icmp_ln46_123' <Predicate = true> <Delay = 1.82> <CoreInst = "Cmp">   --->   Core 9 'Cmp' <Latency = 0> <II = 1> <Delay = 1.82> <FuncUnit> <Opcode : 'seteq' 'setne' 'setle' 'setge' 'setlt' 'setgt'> <InPorts = 2> <OutPorts = 1>
ST_1 : Operation 84 [1/1] (0.00ns)   --->   "%tmp_371 = bitselect i1 @_ssdm_op_BitSelect.i1.i16.i32, i16 %data_6_val_read, i32 15" [firmware/nnet_utils/nnet_activation.h:46]   --->   Operation 84 'bitselect' 'tmp_371' <Predicate = true> <Delay = 0.00>
ST_1 : Operation 85 [1/1] (0.00ns) (grouped into LUT with out node add_ln46_60)   --->   "%trunc_ln46_55 = partselect i2 @_ssdm_op_PartSelect.i2.i16.i32.i32, i16 %data_6_val_read, i32 8, i32 9" [firmware/nnet_utils/nnet_activation.h:46]   --->   Operation 85 'partselect' 'trunc_ln46_55' <Predicate = true> <Delay = 0.00>
ST_1 : Operation 86 [1/1] (0.00ns) (grouped into LUT with out node add_ln46_60)   --->   "%tmp_372 = bitselect i1 @_ssdm_op_BitSelect.i1.i16.i32, i16 %data_6_val_read, i32 7" [firmware/nnet_utils/nnet_activation.h:46]   --->   Operation 86 'bitselect' 'tmp_372' <Predicate = true> <Delay = 0.00>
ST_1 : Operation 87 [1/1] (0.00ns)   --->   "%trunc_ln46_78 = trunc i16 %data_6_val_read" [firmware/nnet_utils/nnet_activation.h:46]   --->   Operation 87 'trunc' 'trunc_ln46_78' <Predicate = true> <Delay = 0.00>
ST_1 : Operation 88 [1/1] (1.87ns)   --->   "%icmp_ln46_124 = icmp_ne  i7 %trunc_ln46_78, i7 0" [firmware/nnet_utils/nnet_activation.h:46]   --->   Operation 88 'icmp' 'icmp_ln46_124' <Predicate = true> <Delay = 1.87> <CoreInst = "Cmp">   --->   Core 9 'Cmp' <Latency = 0> <II = 1> <Delay = 1.87> <FuncUnit> <Opcode : 'seteq' 'setne' 'setle' 'setge' 'setlt' 'setgt'> <InPorts = 2> <OutPorts = 1>
ST_1 : Operation 89 [1/1] (0.00ns) (grouped into LUT with out node add_ln46_60)   --->   "%tmp_374 = bitselect i1 @_ssdm_op_BitSelect.i1.i16.i32, i16 %data_6_val_read, i32 8" [firmware/nnet_utils/nnet_activation.h:46]   --->   Operation 89 'bitselect' 'tmp_374' <Predicate = true> <Delay = 0.00>
ST_1 : Operation 90 [1/1] (0.00ns) (grouped into LUT with out node add_ln46_60)   --->   "%or_ln46_188 = or i1 %tmp_374, i1 %icmp_ln46_124" [firmware/nnet_utils/nnet_activation.h:46]   --->   Operation 90 'or' 'or_ln46_188' <Predicate = true> <Delay = 0.00> <CoreInst = "LogicGate">   --->   Core 74 'LogicGate' <Latency = 0> <II = 1> <Delay = 0.97> <FuncUnit> <Opcode : 'and' 'or' 'xor'> <InPorts = 2> <OutPorts = 1>
ST_1 : Operation 91 [1/1] (0.00ns) (grouped into LUT with out node add_ln46_60)   --->   "%and_ln46_103 = and i1 %or_ln46_188, i1 %tmp_372" [firmware/nnet_utils/nnet_activation.h:46]   --->   Operation 91 'and' 'and_ln46_103' <Predicate = true> <Delay = 0.00> <CoreInst = "LogicGate">   --->   Core 74 'LogicGate' <Latency = 0> <II = 1> <Delay = 0.97> <FuncUnit> <Opcode : 'and' 'or' 'xor'> <InPorts = 2> <OutPorts = 1>
ST_1 : Operation 92 [1/1] (0.00ns) (grouped into LUT with out node add_ln46_60)   --->   "%zext_ln46_60 = zext i1 %and_ln46_103" [firmware/nnet_utils/nnet_activation.h:46]   --->   Operation 92 'zext' 'zext_ln46_60' <Predicate = true> <Delay = 0.00>
ST_1 : Operation 93 [1/1] (1.56ns) (out node of the LUT)   --->   "%add_ln46_60 = add i2 %trunc_ln46_55, i2 %zext_ln46_60" [firmware/nnet_utils/nnet_activation.h:46]   --->   Operation 93 'add' 'add_ln46_60' <Predicate = true> <Delay = 1.56> <CoreInst = "Adder">   --->   Core 1 'Adder' <Latency = 0> <II = 1> <Delay = 1.56> <FuncUnit> <Opcode : 'add' 'sub'> <InPorts = 2> <OutPorts = 1>
ST_1 : Operation 94 [1/1] (0.00ns)   --->   "%tmp_375 = partselect i6 @_ssdm_op_PartSelect.i6.i16.i32.i32, i16 %data_6_val_read, i32 10, i32 15" [firmware/nnet_utils/nnet_activation.h:46]   --->   Operation 94 'partselect' 'tmp_375' <Predicate = true> <Delay = 0.00>
ST_1 : Operation 95 [1/1] (1.82ns)   --->   "%icmp_ln46_125 = icmp_eq  i6 %tmp_375, i6 0" [firmware/nnet_utils/nnet_activation.h:46]   --->   Operation 95 'icmp' 'icmp_ln46_125' <Predicate = true> <Delay = 1.82> <CoreInst = "Cmp">   --->   Core 9 'Cmp' <Latency = 0> <II = 1> <Delay = 1.82> <FuncUnit> <Opcode : 'seteq' 'setne' 'setle' 'setge' 'setlt' 'setgt'> <InPorts = 2> <OutPorts = 1>
ST_1 : Operation 96 [1/1] (0.00ns)   --->   "%tmp_377 = bitselect i1 @_ssdm_op_BitSelect.i1.i16.i32, i16 %data_7_val_read, i32 15" [firmware/nnet_utils/nnet_activation.h:46]   --->   Operation 96 'bitselect' 'tmp_377' <Predicate = true> <Delay = 0.00>
ST_1 : Operation 97 [1/1] (0.00ns) (grouped into LUT with out node add_ln46_61)   --->   "%trunc_ln46_56 = partselect i2 @_ssdm_op_PartSelect.i2.i16.i32.i32, i16 %data_7_val_read, i32 8, i32 9" [firmware/nnet_utils/nnet_activation.h:46]   --->   Operation 97 'partselect' 'trunc_ln46_56' <Predicate = true> <Delay = 0.00>
ST_1 : Operation 98 [1/1] (0.00ns) (grouped into LUT with out node add_ln46_61)   --->   "%tmp_378 = bitselect i1 @_ssdm_op_BitSelect.i1.i16.i32, i16 %data_7_val_read, i32 7" [firmware/nnet_utils/nnet_activation.h:46]   --->   Operation 98 'bitselect' 'tmp_378' <Predicate = true> <Delay = 0.00>
ST_1 : Operation 99 [1/1] (0.00ns)   --->   "%trunc_ln46_79 = trunc i16 %data_7_val_read" [firmware/nnet_utils/nnet_activation.h:46]   --->   Operation 99 'trunc' 'trunc_ln46_79' <Predicate = true> <Delay = 0.00>
ST_1 : Operation 100 [1/1] (1.87ns)   --->   "%icmp_ln46_126 = icmp_ne  i7 %trunc_ln46_79, i7 0" [firmware/nnet_utils/nnet_activation.h:46]   --->   Operation 100 'icmp' 'icmp_ln46_126' <Predicate = true> <Delay = 1.87> <CoreInst = "Cmp">   --->   Core 9 'Cmp' <Latency = 0> <II = 1> <Delay = 1.87> <FuncUnit> <Opcode : 'seteq' 'setne' 'setle' 'setge' 'setlt' 'setgt'> <InPorts = 2> <OutPorts = 1>
ST_1 : Operation 101 [1/1] (0.00ns) (grouped into LUT with out node add_ln46_61)   --->   "%tmp_380 = bitselect i1 @_ssdm_op_BitSelect.i1.i16.i32, i16 %data_7_val_read, i32 8" [firmware/nnet_utils/nnet_activation.h:46]   --->   Operation 101 'bitselect' 'tmp_380' <Predicate = true> <Delay = 0.00>
ST_1 : Operation 102 [1/1] (0.00ns) (grouped into LUT with out node add_ln46_61)   --->   "%or_ln46_191 = or i1 %tmp_380, i1 %icmp_ln46_126" [firmware/nnet_utils/nnet_activation.h:46]   --->   Operation 102 'or' 'or_ln46_191' <Predicate = true> <Delay = 0.00> <CoreInst = "LogicGate">   --->   Core 74 'LogicGate' <Latency = 0> <II = 1> <Delay = 0.97> <FuncUnit> <Opcode : 'and' 'or' 'xor'> <InPorts = 2> <OutPorts = 1>
ST_1 : Operation 103 [1/1] (0.00ns) (grouped into LUT with out node add_ln46_61)   --->   "%and_ln46_104 = and i1 %or_ln46_191, i1 %tmp_378" [firmware/nnet_utils/nnet_activation.h:46]   --->   Operation 103 'and' 'and_ln46_104' <Predicate = true> <Delay = 0.00> <CoreInst = "LogicGate">   --->   Core 74 'LogicGate' <Latency = 0> <II = 1> <Delay = 0.97> <FuncUnit> <Opcode : 'and' 'or' 'xor'> <InPorts = 2> <OutPorts = 1>
ST_1 : Operation 104 [1/1] (0.00ns) (grouped into LUT with out node add_ln46_61)   --->   "%zext_ln46_61 = zext i1 %and_ln46_104" [firmware/nnet_utils/nnet_activation.h:46]   --->   Operation 104 'zext' 'zext_ln46_61' <Predicate = true> <Delay = 0.00>
ST_1 : Operation 105 [1/1] (1.56ns) (out node of the LUT)   --->   "%add_ln46_61 = add i2 %trunc_ln46_56, i2 %zext_ln46_61" [firmware/nnet_utils/nnet_activation.h:46]   --->   Operation 105 'add' 'add_ln46_61' <Predicate = true> <Delay = 1.56> <CoreInst = "Adder">   --->   Core 1 'Adder' <Latency = 0> <II = 1> <Delay = 1.56> <FuncUnit> <Opcode : 'add' 'sub'> <InPorts = 2> <OutPorts = 1>
ST_1 : Operation 106 [1/1] (0.00ns)   --->   "%tmp_381 = partselect i6 @_ssdm_op_PartSelect.i6.i16.i32.i32, i16 %data_7_val_read, i32 10, i32 15" [firmware/nnet_utils/nnet_activation.h:46]   --->   Operation 106 'partselect' 'tmp_381' <Predicate = true> <Delay = 0.00>
ST_1 : Operation 107 [1/1] (1.82ns)   --->   "%icmp_ln46_127 = icmp_eq  i6 %tmp_381, i6 0" [firmware/nnet_utils/nnet_activation.h:46]   --->   Operation 107 'icmp' 'icmp_ln46_127' <Predicate = true> <Delay = 1.82> <CoreInst = "Cmp">   --->   Core 9 'Cmp' <Latency = 0> <II = 1> <Delay = 1.82> <FuncUnit> <Opcode : 'seteq' 'setne' 'setle' 'setge' 'setlt' 'setgt'> <InPorts = 2> <OutPorts = 1>
ST_1 : Operation 108 [1/1] (0.00ns)   --->   "%tmp_383 = bitselect i1 @_ssdm_op_BitSelect.i1.i16.i32, i16 %data_8_val_read, i32 15" [firmware/nnet_utils/nnet_activation.h:46]   --->   Operation 108 'bitselect' 'tmp_383' <Predicate = true> <Delay = 0.00>
ST_1 : Operation 109 [1/1] (0.00ns) (grouped into LUT with out node add_ln46_62)   --->   "%trunc_ln46_57 = partselect i2 @_ssdm_op_PartSelect.i2.i16.i32.i32, i16 %data_8_val_read, i32 8, i32 9" [firmware/nnet_utils/nnet_activation.h:46]   --->   Operation 109 'partselect' 'trunc_ln46_57' <Predicate = true> <Delay = 0.00>
ST_1 : Operation 110 [1/1] (0.00ns) (grouped into LUT with out node add_ln46_62)   --->   "%tmp_384 = bitselect i1 @_ssdm_op_BitSelect.i1.i16.i32, i16 %data_8_val_read, i32 7" [firmware/nnet_utils/nnet_activation.h:46]   --->   Operation 110 'bitselect' 'tmp_384' <Predicate = true> <Delay = 0.00>
ST_1 : Operation 111 [1/1] (0.00ns)   --->   "%trunc_ln46_80 = trunc i16 %data_8_val_read" [firmware/nnet_utils/nnet_activation.h:46]   --->   Operation 111 'trunc' 'trunc_ln46_80' <Predicate = true> <Delay = 0.00>
ST_1 : Operation 112 [1/1] (1.87ns)   --->   "%icmp_ln46_128 = icmp_ne  i7 %trunc_ln46_80, i7 0" [firmware/nnet_utils/nnet_activation.h:46]   --->   Operation 112 'icmp' 'icmp_ln46_128' <Predicate = true> <Delay = 1.87> <CoreInst = "Cmp">   --->   Core 9 'Cmp' <Latency = 0> <II = 1> <Delay = 1.87> <FuncUnit> <Opcode : 'seteq' 'setne' 'setle' 'setge' 'setlt' 'setgt'> <InPorts = 2> <OutPorts = 1>
ST_1 : Operation 113 [1/1] (0.00ns) (grouped into LUT with out node add_ln46_62)   --->   "%tmp_386 = bitselect i1 @_ssdm_op_BitSelect.i1.i16.i32, i16 %data_8_val_read, i32 8" [firmware/nnet_utils/nnet_activation.h:46]   --->   Operation 113 'bitselect' 'tmp_386' <Predicate = true> <Delay = 0.00>
ST_1 : Operation 114 [1/1] (0.00ns) (grouped into LUT with out node add_ln46_62)   --->   "%or_ln46_194 = or i1 %tmp_386, i1 %icmp_ln46_128" [firmware/nnet_utils/nnet_activation.h:46]   --->   Operation 114 'or' 'or_ln46_194' <Predicate = true> <Delay = 0.00> <CoreInst = "LogicGate">   --->   Core 74 'LogicGate' <Latency = 0> <II = 1> <Delay = 0.97> <FuncUnit> <Opcode : 'and' 'or' 'xor'> <InPorts = 2> <OutPorts = 1>
ST_1 : Operation 115 [1/1] (0.00ns) (grouped into LUT with out node add_ln46_62)   --->   "%and_ln46_105 = and i1 %or_ln46_194, i1 %tmp_384" [firmware/nnet_utils/nnet_activation.h:46]   --->   Operation 115 'and' 'and_ln46_105' <Predicate = true> <Delay = 0.00> <CoreInst = "LogicGate">   --->   Core 74 'LogicGate' <Latency = 0> <II = 1> <Delay = 0.97> <FuncUnit> <Opcode : 'and' 'or' 'xor'> <InPorts = 2> <OutPorts = 1>
ST_1 : Operation 116 [1/1] (0.00ns) (grouped into LUT with out node add_ln46_62)   --->   "%zext_ln46_62 = zext i1 %and_ln46_105" [firmware/nnet_utils/nnet_activation.h:46]   --->   Operation 116 'zext' 'zext_ln46_62' <Predicate = true> <Delay = 0.00>
ST_1 : Operation 117 [1/1] (1.56ns) (out node of the LUT)   --->   "%add_ln46_62 = add i2 %trunc_ln46_57, i2 %zext_ln46_62" [firmware/nnet_utils/nnet_activation.h:46]   --->   Operation 117 'add' 'add_ln46_62' <Predicate = true> <Delay = 1.56> <CoreInst = "Adder">   --->   Core 1 'Adder' <Latency = 0> <II = 1> <Delay = 1.56> <FuncUnit> <Opcode : 'add' 'sub'> <InPorts = 2> <OutPorts = 1>
ST_1 : Operation 118 [1/1] (0.00ns)   --->   "%tmp_387 = partselect i6 @_ssdm_op_PartSelect.i6.i16.i32.i32, i16 %data_8_val_read, i32 10, i32 15" [firmware/nnet_utils/nnet_activation.h:46]   --->   Operation 118 'partselect' 'tmp_387' <Predicate = true> <Delay = 0.00>
ST_1 : Operation 119 [1/1] (1.82ns)   --->   "%icmp_ln46_129 = icmp_eq  i6 %tmp_387, i6 0" [firmware/nnet_utils/nnet_activation.h:46]   --->   Operation 119 'icmp' 'icmp_ln46_129' <Predicate = true> <Delay = 1.82> <CoreInst = "Cmp">   --->   Core 9 'Cmp' <Latency = 0> <II = 1> <Delay = 1.82> <FuncUnit> <Opcode : 'seteq' 'setne' 'setle' 'setge' 'setlt' 'setgt'> <InPorts = 2> <OutPorts = 1>

State 2 <SV = 1> <Delay = 3.07>
ST_2 : Operation 120 [1/1] (0.00ns)   --->   "%specpipeline_ln42 = specpipeline void @_ssdm_op_SpecPipeline, i32 4294967295, i32 0, i32 0, i32 0, void @empty_0" [firmware/nnet_utils/nnet_activation.h:42]   --->   Operation 120 'specpipeline' 'specpipeline_ln42' <Predicate = true> <Delay = 0.00>
ST_2 : Operation 121 [1/1] (2.07ns)   --->   "%icmp_ln45 = icmp_sgt  i16 %data_0_val_read, i16 0" [firmware/nnet_utils/nnet_activation.h:45]   --->   Operation 121 'icmp' 'icmp_ln45' <Predicate = true> <Delay = 2.07> <CoreInst = "Cmp">   --->   Core 9 'Cmp' <Latency = 0> <II = 1> <Delay = 2.07> <FuncUnit> <Opcode : 'seteq' 'setne' 'setle' 'setge' 'setlt' 'setgt'> <InPorts = 2> <OutPorts = 1>
ST_2 : Operation 122 [1/1] (0.00ns) (grouped into LUT with out node empty)   --->   "%tmp_339 = bitselect i1 @_ssdm_op_BitSelect.i1.i16.i32, i16 %data_0_val_read, i32 9" [firmware/nnet_utils/nnet_activation.h:46]   --->   Operation 122 'bitselect' 'tmp_339' <Predicate = true> <Delay = 0.00>
ST_2 : Operation 123 [1/1] (0.00ns) (grouped into LUT with out node empty)   --->   "%tmp_341 = bitselect i1 @_ssdm_op_BitSelect.i1.i2.i32, i2 %add_ln46, i32 1" [firmware/nnet_utils/nnet_activation.h:46]   --->   Operation 123 'bitselect' 'tmp_341' <Predicate = true> <Delay = 0.00>
ST_2 : Operation 124 [1/1] (0.00ns) (grouped into LUT with out node empty)   --->   "%not_tmp_400 = xor i1 %tmp_339, i1 1" [firmware/nnet_utils/nnet_activation.h:46]   --->   Operation 124 'xor' 'not_tmp_400' <Predicate = true> <Delay = 0.00> <CoreInst = "LogicGate">   --->   Core 74 'LogicGate' <Latency = 0> <II = 1> <Delay = 0.97> <FuncUnit> <Opcode : 'and' 'or' 'xor'> <InPorts = 2> <OutPorts = 1>
ST_2 : Operation 125 [1/1] (0.00ns) (grouped into LUT with out node empty)   --->   "%and_ln46_113 = or i1 %tmp_341, i1 %not_tmp_400" [firmware/nnet_utils/nnet_activation.h:46]   --->   Operation 125 'or' 'and_ln46_113' <Predicate = true> <Delay = 0.00> <CoreInst = "LogicGate">   --->   Core 74 'LogicGate' <Latency = 0> <II = 1> <Delay = 0.97> <FuncUnit> <Opcode : 'and' 'or' 'xor'> <InPorts = 2> <OutPorts = 1>
ST_2 : Operation 126 [1/1] (0.97ns) (out node of the LUT)   --->   "%empty = and i1 %icmp_ln46_113, i1 %and_ln46_113" [firmware/nnet_utils/nnet_activation.h:46]   --->   Operation 126 'and' 'empty' <Predicate = true> <Delay = 0.97> <CoreInst = "LogicGate">   --->   Core 74 'LogicGate' <Latency = 0> <II = 1> <Delay = 0.97> <FuncUnit> <Opcode : 'and' 'or' 'xor'> <InPorts = 2> <OutPorts = 1>
ST_2 : Operation 127 [1/1] (0.00ns) (grouped into LUT with out node select_ln46_171)   --->   "%or_ln46_171 = or i1 %empty, i1 %tmp" [firmware/nnet_utils/nnet_activation.h:46]   --->   Operation 127 'or' 'or_ln46_171' <Predicate = true> <Delay = 0.00> <CoreInst = "LogicGate">   --->   Core 74 'LogicGate' <Latency = 0> <II = 1> <Delay = 0.97> <FuncUnit> <Opcode : 'and' 'or' 'xor'> <InPorts = 2> <OutPorts = 1>
ST_2 : Operation 128 [1/1] (0.00ns) (grouped into LUT with out node res_0_0)   --->   "%xor_ln46 = xor i1 %empty, i1 1" [firmware/nnet_utils/nnet_activation.h:46]   --->   Operation 128 'xor' 'xor_ln46' <Predicate = true> <Delay = 0.00> <CoreInst = "LogicGate">   --->   Core 74 'LogicGate' <Latency = 0> <II = 1> <Delay = 0.97> <FuncUnit> <Opcode : 'and' 'or' 'xor'> <InPorts = 2> <OutPorts = 1>
ST_2 : Operation 129 [1/1] (0.00ns) (grouped into LUT with out node res_0_0)   --->   "%or_ln46_172 = or i1 %tmp, i1 %xor_ln46" [firmware/nnet_utils/nnet_activation.h:46]   --->   Operation 129 'or' 'or_ln46_172' <Predicate = true> <Delay = 0.00> <CoreInst = "LogicGate">   --->   Core 74 'LogicGate' <Latency = 0> <II = 1> <Delay = 0.97> <FuncUnit> <Opcode : 'and' 'or' 'xor'> <InPorts = 2> <OutPorts = 1>
ST_2 : Operation 130 [1/1] (0.00ns) (grouped into LUT with out node select_ln46_171)   --->   "%select_ln46 = select i1 %tmp, i2 0, i2 %add_ln46" [firmware/nnet_utils/nnet_activation.h:46]   --->   Operation 130 'select' 'select_ln46' <Predicate = true> <Delay = 0.00> <CoreInst = "Sel">   --->   Core 73 'Sel' <Latency = 0> <II = 1> <Delay = 0.99> <FuncUnit> <Opcode : 'select'> <InPorts = 3> <OutPorts = 1>
ST_2 : Operation 131 [1/1] (0.99ns) (out node of the LUT)   --->   "%select_ln46_171 = select i1 %or_ln46_171, i2 %select_ln46, i2 3" [firmware/nnet_utils/nnet_activation.h:46]   --->   Operation 131 'select' 'select_ln46_171' <Predicate = true> <Delay = 0.99> <CoreInst = "Sel">   --->   Core 73 'Sel' <Latency = 0> <II = 1> <Delay = 0.99> <FuncUnit> <Opcode : 'select'> <InPorts = 3> <OutPorts = 1>
ST_2 : Operation 132 [1/1] (0.00ns) (grouped into LUT with out node res_0_0)   --->   "%select_ln46_172 = select i1 %or_ln46_172, i2 %select_ln46_171, i2 %add_ln46" [firmware/nnet_utils/nnet_activation.h:46]   --->   Operation 132 'select' 'select_ln46_172' <Predicate = true> <Delay = 0.00> <CoreInst = "Sel">   --->   Core 73 'Sel' <Latency = 0> <II = 1> <Delay = 0.99> <FuncUnit> <Opcode : 'select'> <InPorts = 3> <OutPorts = 1>
ST_2 : Operation 133 [1/1] (0.99ns) (out node of the LUT)   --->   "%res_0_0 = select i1 %icmp_ln45, i2 %select_ln46_172, i2 0" [firmware/nnet_utils/nnet_activation.h:45]   --->   Operation 133 'select' 'res_0_0' <Predicate = true> <Delay = 0.99> <CoreInst = "Sel">   --->   Core 73 'Sel' <Latency = 0> <II = 1> <Delay = 0.99> <FuncUnit> <Opcode : 'select'> <InPorts = 3> <OutPorts = 1>
ST_2 : Operation 134 [1/1] (2.07ns)   --->   "%icmp_ln45_55 = icmp_sgt  i16 %data_1_val_read, i16 0" [firmware/nnet_utils/nnet_activation.h:45]   --->   Operation 134 'icmp' 'icmp_ln45_55' <Predicate = true> <Delay = 2.07> <CoreInst = "Cmp">   --->   Core 9 'Cmp' <Latency = 0> <II = 1> <Delay = 2.07> <FuncUnit> <Opcode : 'seteq' 'setne' 'setle' 'setge' 'setlt' 'setgt'> <InPorts = 2> <OutPorts = 1>
ST_2 : Operation 135 [1/1] (0.00ns) (grouped into LUT with out node empty_65)   --->   "%tmp_344 = bitselect i1 @_ssdm_op_BitSelect.i1.i16.i32, i16 %data_1_val_read, i32 9" [firmware/nnet_utils/nnet_activation.h:46]   --->   Operation 135 'bitselect' 'tmp_344' <Predicate = true> <Delay = 0.00>
ST_2 : Operation 136 [1/1] (0.00ns) (grouped into LUT with out node empty_65)   --->   "%tmp_346 = bitselect i1 @_ssdm_op_BitSelect.i1.i2.i32, i2 %add_ln46_55, i32 1" [firmware/nnet_utils/nnet_activation.h:46]   --->   Operation 136 'bitselect' 'tmp_346' <Predicate = true> <Delay = 0.00>
ST_2 : Operation 137 [1/1] (0.00ns) (grouped into LUT with out node empty_65)   --->   "%not_tmp_407 = xor i1 %tmp_344, i1 1" [firmware/nnet_utils/nnet_activation.h:46]   --->   Operation 137 'xor' 'not_tmp_407' <Predicate = true> <Delay = 0.00> <CoreInst = "LogicGate">   --->   Core 74 'LogicGate' <Latency = 0> <II = 1> <Delay = 0.97> <FuncUnit> <Opcode : 'and' 'or' 'xor'> <InPorts = 2> <OutPorts = 1>
ST_2 : Operation 138 [1/1] (0.00ns) (grouped into LUT with out node empty_65)   --->   "%and_ln46_115 = or i1 %tmp_346, i1 %not_tmp_407" [firmware/nnet_utils/nnet_activation.h:46]   --->   Operation 138 'or' 'and_ln46_115' <Predicate = true> <Delay = 0.00> <CoreInst = "LogicGate">   --->   Core 74 'LogicGate' <Latency = 0> <II = 1> <Delay = 0.97> <FuncUnit> <Opcode : 'and' 'or' 'xor'> <InPorts = 2> <OutPorts = 1>
ST_2 : Operation 139 [1/1] (0.97ns) (out node of the LUT)   --->   "%empty_65 = and i1 %icmp_ln46_115, i1 %and_ln46_115" [firmware/nnet_utils/nnet_activation.h:46]   --->   Operation 139 'and' 'empty_65' <Predicate = true> <Delay = 0.97> <CoreInst = "LogicGate">   --->   Core 74 'LogicGate' <Latency = 0> <II = 1> <Delay = 0.97> <FuncUnit> <Opcode : 'and' 'or' 'xor'> <InPorts = 2> <OutPorts = 1>
ST_2 : Operation 140 [1/1] (0.00ns) (grouped into LUT with out node select_ln46_174)   --->   "%or_ln46_174 = or i1 %empty_65, i1 %tmp_342" [firmware/nnet_utils/nnet_activation.h:46]   --->   Operation 140 'or' 'or_ln46_174' <Predicate = true> <Delay = 0.00> <CoreInst = "LogicGate">   --->   Core 74 'LogicGate' <Latency = 0> <II = 1> <Delay = 0.97> <FuncUnit> <Opcode : 'and' 'or' 'xor'> <InPorts = 2> <OutPorts = 1>
ST_2 : Operation 141 [1/1] (0.00ns) (grouped into LUT with out node res_1_0)   --->   "%xor_ln46_55 = xor i1 %empty_65, i1 1" [firmware/nnet_utils/nnet_activation.h:46]   --->   Operation 141 'xor' 'xor_ln46_55' <Predicate = true> <Delay = 0.00> <CoreInst = "LogicGate">   --->   Core 74 'LogicGate' <Latency = 0> <II = 1> <Delay = 0.97> <FuncUnit> <Opcode : 'and' 'or' 'xor'> <InPorts = 2> <OutPorts = 1>
ST_2 : Operation 142 [1/1] (0.00ns) (grouped into LUT with out node res_1_0)   --->   "%or_ln46_175 = or i1 %tmp_342, i1 %xor_ln46_55" [firmware/nnet_utils/nnet_activation.h:46]   --->   Operation 142 'or' 'or_ln46_175' <Predicate = true> <Delay = 0.00> <CoreInst = "LogicGate">   --->   Core 74 'LogicGate' <Latency = 0> <II = 1> <Delay = 0.97> <FuncUnit> <Opcode : 'and' 'or' 'xor'> <InPorts = 2> <OutPorts = 1>
ST_2 : Operation 143 [1/1] (0.00ns) (grouped into LUT with out node select_ln46_174)   --->   "%select_ln46_173 = select i1 %tmp_342, i2 0, i2 %add_ln46_55" [firmware/nnet_utils/nnet_activation.h:46]   --->   Operation 143 'select' 'select_ln46_173' <Predicate = true> <Delay = 0.00> <CoreInst = "Sel">   --->   Core 73 'Sel' <Latency = 0> <II = 1> <Delay = 0.99> <FuncUnit> <Opcode : 'select'> <InPorts = 3> <OutPorts = 1>
ST_2 : Operation 144 [1/1] (0.99ns) (out node of the LUT)   --->   "%select_ln46_174 = select i1 %or_ln46_174, i2 %select_ln46_173, i2 3" [firmware/nnet_utils/nnet_activation.h:46]   --->   Operation 144 'select' 'select_ln46_174' <Predicate = true> <Delay = 0.99> <CoreInst = "Sel">   --->   Core 73 'Sel' <Latency = 0> <II = 1> <Delay = 0.99> <FuncUnit> <Opcode : 'select'> <InPorts = 3> <OutPorts = 1>
ST_2 : Operation 145 [1/1] (0.00ns) (grouped into LUT with out node res_1_0)   --->   "%select_ln46_175 = select i1 %or_ln46_175, i2 %select_ln46_174, i2 %add_ln46_55" [firmware/nnet_utils/nnet_activation.h:46]   --->   Operation 145 'select' 'select_ln46_175' <Predicate = true> <Delay = 0.00> <CoreInst = "Sel">   --->   Core 73 'Sel' <Latency = 0> <II = 1> <Delay = 0.99> <FuncUnit> <Opcode : 'select'> <InPorts = 3> <OutPorts = 1>
ST_2 : Operation 146 [1/1] (0.99ns) (out node of the LUT)   --->   "%res_1_0 = select i1 %icmp_ln45_55, i2 %select_ln46_175, i2 0" [firmware/nnet_utils/nnet_activation.h:45]   --->   Operation 146 'select' 'res_1_0' <Predicate = true> <Delay = 0.99> <CoreInst = "Sel">   --->   Core 73 'Sel' <Latency = 0> <II = 1> <Delay = 0.99> <FuncUnit> <Opcode : 'select'> <InPorts = 3> <OutPorts = 1>
ST_2 : Operation 147 [1/1] (2.07ns)   --->   "%icmp_ln45_56 = icmp_sgt  i16 %data_2_val_read, i16 0" [firmware/nnet_utils/nnet_activation.h:45]   --->   Operation 147 'icmp' 'icmp_ln45_56' <Predicate = true> <Delay = 2.07> <CoreInst = "Cmp">   --->   Core 9 'Cmp' <Latency = 0> <II = 1> <Delay = 2.07> <FuncUnit> <Opcode : 'seteq' 'setne' 'setle' 'setge' 'setlt' 'setgt'> <InPorts = 2> <OutPorts = 1>
ST_2 : Operation 148 [1/1] (0.00ns) (grouped into LUT with out node empty_66)   --->   "%tmp_349 = bitselect i1 @_ssdm_op_BitSelect.i1.i16.i32, i16 %data_2_val_read, i32 9" [firmware/nnet_utils/nnet_activation.h:46]   --->   Operation 148 'bitselect' 'tmp_349' <Predicate = true> <Delay = 0.00>
ST_2 : Operation 149 [1/1] (0.00ns) (grouped into LUT with out node empty_66)   --->   "%tmp_352 = bitselect i1 @_ssdm_op_BitSelect.i1.i2.i32, i2 %add_ln46_56, i32 1" [firmware/nnet_utils/nnet_activation.h:46]   --->   Operation 149 'bitselect' 'tmp_352' <Predicate = true> <Delay = 0.00>
ST_2 : Operation 150 [1/1] (0.00ns) (grouped into LUT with out node empty_66)   --->   "%not_tmp_414 = xor i1 %tmp_349, i1 1" [firmware/nnet_utils/nnet_activation.h:46]   --->   Operation 150 'xor' 'not_tmp_414' <Predicate = true> <Delay = 0.00> <CoreInst = "LogicGate">   --->   Core 74 'LogicGate' <Latency = 0> <II = 1> <Delay = 0.97> <FuncUnit> <Opcode : 'and' 'or' 'xor'> <InPorts = 2> <OutPorts = 1>
ST_2 : Operation 151 [1/1] (0.00ns) (grouped into LUT with out node empty_66)   --->   "%and_ln46_117 = or i1 %tmp_352, i1 %not_tmp_414" [firmware/nnet_utils/nnet_activation.h:46]   --->   Operation 151 'or' 'and_ln46_117' <Predicate = true> <Delay = 0.00> <CoreInst = "LogicGate">   --->   Core 74 'LogicGate' <Latency = 0> <II = 1> <Delay = 0.97> <FuncUnit> <Opcode : 'and' 'or' 'xor'> <InPorts = 2> <OutPorts = 1>
ST_2 : Operation 152 [1/1] (0.97ns) (out node of the LUT)   --->   "%empty_66 = and i1 %icmp_ln46_117, i1 %and_ln46_117" [firmware/nnet_utils/nnet_activation.h:46]   --->   Operation 152 'and' 'empty_66' <Predicate = true> <Delay = 0.97> <CoreInst = "LogicGate">   --->   Core 74 'LogicGate' <Latency = 0> <II = 1> <Delay = 0.97> <FuncUnit> <Opcode : 'and' 'or' 'xor'> <InPorts = 2> <OutPorts = 1>
ST_2 : Operation 153 [1/1] (0.00ns) (grouped into LUT with out node select_ln46_177)   --->   "%or_ln46_177 = or i1 %empty_66, i1 %tmp_347" [firmware/nnet_utils/nnet_activation.h:46]   --->   Operation 153 'or' 'or_ln46_177' <Predicate = true> <Delay = 0.00> <CoreInst = "LogicGate">   --->   Core 74 'LogicGate' <Latency = 0> <II = 1> <Delay = 0.97> <FuncUnit> <Opcode : 'and' 'or' 'xor'> <InPorts = 2> <OutPorts = 1>
ST_2 : Operation 154 [1/1] (0.00ns) (grouped into LUT with out node res_2_0)   --->   "%xor_ln46_56 = xor i1 %empty_66, i1 1" [firmware/nnet_utils/nnet_activation.h:46]   --->   Operation 154 'xor' 'xor_ln46_56' <Predicate = true> <Delay = 0.00> <CoreInst = "LogicGate">   --->   Core 74 'LogicGate' <Latency = 0> <II = 1> <Delay = 0.97> <FuncUnit> <Opcode : 'and' 'or' 'xor'> <InPorts = 2> <OutPorts = 1>
ST_2 : Operation 155 [1/1] (0.00ns) (grouped into LUT with out node res_2_0)   --->   "%or_ln46_178 = or i1 %tmp_347, i1 %xor_ln46_56" [firmware/nnet_utils/nnet_activation.h:46]   --->   Operation 155 'or' 'or_ln46_178' <Predicate = true> <Delay = 0.00> <CoreInst = "LogicGate">   --->   Core 74 'LogicGate' <Latency = 0> <II = 1> <Delay = 0.97> <FuncUnit> <Opcode : 'and' 'or' 'xor'> <InPorts = 2> <OutPorts = 1>
ST_2 : Operation 156 [1/1] (0.00ns) (grouped into LUT with out node select_ln46_177)   --->   "%select_ln46_176 = select i1 %tmp_347, i2 0, i2 %add_ln46_56" [firmware/nnet_utils/nnet_activation.h:46]   --->   Operation 156 'select' 'select_ln46_176' <Predicate = true> <Delay = 0.00> <CoreInst = "Sel">   --->   Core 73 'Sel' <Latency = 0> <II = 1> <Delay = 0.99> <FuncUnit> <Opcode : 'select'> <InPorts = 3> <OutPorts = 1>
ST_2 : Operation 157 [1/1] (0.99ns) (out node of the LUT)   --->   "%select_ln46_177 = select i1 %or_ln46_177, i2 %select_ln46_176, i2 3" [firmware/nnet_utils/nnet_activation.h:46]   --->   Operation 157 'select' 'select_ln46_177' <Predicate = true> <Delay = 0.99> <CoreInst = "Sel">   --->   Core 73 'Sel' <Latency = 0> <II = 1> <Delay = 0.99> <FuncUnit> <Opcode : 'select'> <InPorts = 3> <OutPorts = 1>
ST_2 : Operation 158 [1/1] (0.00ns) (grouped into LUT with out node res_2_0)   --->   "%select_ln46_178 = select i1 %or_ln46_178, i2 %select_ln46_177, i2 %add_ln46_56" [firmware/nnet_utils/nnet_activation.h:46]   --->   Operation 158 'select' 'select_ln46_178' <Predicate = true> <Delay = 0.00> <CoreInst = "Sel">   --->   Core 73 'Sel' <Latency = 0> <II = 1> <Delay = 0.99> <FuncUnit> <Opcode : 'select'> <InPorts = 3> <OutPorts = 1>
ST_2 : Operation 159 [1/1] (0.99ns) (out node of the LUT)   --->   "%res_2_0 = select i1 %icmp_ln45_56, i2 %select_ln46_178, i2 0" [firmware/nnet_utils/nnet_activation.h:45]   --->   Operation 159 'select' 'res_2_0' <Predicate = true> <Delay = 0.99> <CoreInst = "Sel">   --->   Core 73 'Sel' <Latency = 0> <II = 1> <Delay = 0.99> <FuncUnit> <Opcode : 'select'> <InPorts = 3> <OutPorts = 1>
ST_2 : Operation 160 [1/1] (2.07ns)   --->   "%icmp_ln45_57 = icmp_sgt  i16 %data_3_val_read, i16 0" [firmware/nnet_utils/nnet_activation.h:45]   --->   Operation 160 'icmp' 'icmp_ln45_57' <Predicate = true> <Delay = 2.07> <CoreInst = "Cmp">   --->   Core 9 'Cmp' <Latency = 0> <II = 1> <Delay = 2.07> <FuncUnit> <Opcode : 'seteq' 'setne' 'setle' 'setge' 'setlt' 'setgt'> <InPorts = 2> <OutPorts = 1>
ST_2 : Operation 161 [1/1] (0.00ns) (grouped into LUT with out node empty_67)   --->   "%tmp_355 = bitselect i1 @_ssdm_op_BitSelect.i1.i16.i32, i16 %data_3_val_read, i32 9" [firmware/nnet_utils/nnet_activation.h:46]   --->   Operation 161 'bitselect' 'tmp_355' <Predicate = true> <Delay = 0.00>
ST_2 : Operation 162 [1/1] (0.00ns) (grouped into LUT with out node empty_67)   --->   "%tmp_358 = bitselect i1 @_ssdm_op_BitSelect.i1.i2.i32, i2 %add_ln46_57, i32 1" [firmware/nnet_utils/nnet_activation.h:46]   --->   Operation 162 'bitselect' 'tmp_358' <Predicate = true> <Delay = 0.00>
ST_2 : Operation 163 [1/1] (0.00ns) (grouped into LUT with out node empty_67)   --->   "%not_tmp_421 = xor i1 %tmp_355, i1 1" [firmware/nnet_utils/nnet_activation.h:46]   --->   Operation 163 'xor' 'not_tmp_421' <Predicate = true> <Delay = 0.00> <CoreInst = "LogicGate">   --->   Core 74 'LogicGate' <Latency = 0> <II = 1> <Delay = 0.97> <FuncUnit> <Opcode : 'and' 'or' 'xor'> <InPorts = 2> <OutPorts = 1>
ST_2 : Operation 164 [1/1] (0.00ns) (grouped into LUT with out node empty_67)   --->   "%and_ln46_119 = or i1 %tmp_358, i1 %not_tmp_421" [firmware/nnet_utils/nnet_activation.h:46]   --->   Operation 164 'or' 'and_ln46_119' <Predicate = true> <Delay = 0.00> <CoreInst = "LogicGate">   --->   Core 74 'LogicGate' <Latency = 0> <II = 1> <Delay = 0.97> <FuncUnit> <Opcode : 'and' 'or' 'xor'> <InPorts = 2> <OutPorts = 1>
ST_2 : Operation 165 [1/1] (0.97ns) (out node of the LUT)   --->   "%empty_67 = and i1 %icmp_ln46_119, i1 %and_ln46_119" [firmware/nnet_utils/nnet_activation.h:46]   --->   Operation 165 'and' 'empty_67' <Predicate = true> <Delay = 0.97> <CoreInst = "LogicGate">   --->   Core 74 'LogicGate' <Latency = 0> <II = 1> <Delay = 0.97> <FuncUnit> <Opcode : 'and' 'or' 'xor'> <InPorts = 2> <OutPorts = 1>
ST_2 : Operation 166 [1/1] (0.00ns) (grouped into LUT with out node select_ln46_180)   --->   "%or_ln46_180 = or i1 %empty_67, i1 %tmp_353" [firmware/nnet_utils/nnet_activation.h:46]   --->   Operation 166 'or' 'or_ln46_180' <Predicate = true> <Delay = 0.00> <CoreInst = "LogicGate">   --->   Core 74 'LogicGate' <Latency = 0> <II = 1> <Delay = 0.97> <FuncUnit> <Opcode : 'and' 'or' 'xor'> <InPorts = 2> <OutPorts = 1>
ST_2 : Operation 167 [1/1] (0.00ns) (grouped into LUT with out node res_3_0)   --->   "%xor_ln46_57 = xor i1 %empty_67, i1 1" [firmware/nnet_utils/nnet_activation.h:46]   --->   Operation 167 'xor' 'xor_ln46_57' <Predicate = true> <Delay = 0.00> <CoreInst = "LogicGate">   --->   Core 74 'LogicGate' <Latency = 0> <II = 1> <Delay = 0.97> <FuncUnit> <Opcode : 'and' 'or' 'xor'> <InPorts = 2> <OutPorts = 1>
ST_2 : Operation 168 [1/1] (0.00ns) (grouped into LUT with out node res_3_0)   --->   "%or_ln46_181 = or i1 %tmp_353, i1 %xor_ln46_57" [firmware/nnet_utils/nnet_activation.h:46]   --->   Operation 168 'or' 'or_ln46_181' <Predicate = true> <Delay = 0.00> <CoreInst = "LogicGate">   --->   Core 74 'LogicGate' <Latency = 0> <II = 1> <Delay = 0.97> <FuncUnit> <Opcode : 'and' 'or' 'xor'> <InPorts = 2> <OutPorts = 1>
ST_2 : Operation 169 [1/1] (0.00ns) (grouped into LUT with out node select_ln46_180)   --->   "%select_ln46_179 = select i1 %tmp_353, i2 0, i2 %add_ln46_57" [firmware/nnet_utils/nnet_activation.h:46]   --->   Operation 169 'select' 'select_ln46_179' <Predicate = true> <Delay = 0.00> <CoreInst = "Sel">   --->   Core 73 'Sel' <Latency = 0> <II = 1> <Delay = 0.99> <FuncUnit> <Opcode : 'select'> <InPorts = 3> <OutPorts = 1>
ST_2 : Operation 170 [1/1] (0.99ns) (out node of the LUT)   --->   "%select_ln46_180 = select i1 %or_ln46_180, i2 %select_ln46_179, i2 3" [firmware/nnet_utils/nnet_activation.h:46]   --->   Operation 170 'select' 'select_ln46_180' <Predicate = true> <Delay = 0.99> <CoreInst = "Sel">   --->   Core 73 'Sel' <Latency = 0> <II = 1> <Delay = 0.99> <FuncUnit> <Opcode : 'select'> <InPorts = 3> <OutPorts = 1>
ST_2 : Operation 171 [1/1] (0.00ns) (grouped into LUT with out node res_3_0)   --->   "%select_ln46_181 = select i1 %or_ln46_181, i2 %select_ln46_180, i2 %add_ln46_57" [firmware/nnet_utils/nnet_activation.h:46]   --->   Operation 171 'select' 'select_ln46_181' <Predicate = true> <Delay = 0.00> <CoreInst = "Sel">   --->   Core 73 'Sel' <Latency = 0> <II = 1> <Delay = 0.99> <FuncUnit> <Opcode : 'select'> <InPorts = 3> <OutPorts = 1>
ST_2 : Operation 172 [1/1] (0.99ns) (out node of the LUT)   --->   "%res_3_0 = select i1 %icmp_ln45_57, i2 %select_ln46_181, i2 0" [firmware/nnet_utils/nnet_activation.h:45]   --->   Operation 172 'select' 'res_3_0' <Predicate = true> <Delay = 0.99> <CoreInst = "Sel">   --->   Core 73 'Sel' <Latency = 0> <II = 1> <Delay = 0.99> <FuncUnit> <Opcode : 'select'> <InPorts = 3> <OutPorts = 1>
ST_2 : Operation 173 [1/1] (2.07ns)   --->   "%icmp_ln45_58 = icmp_sgt  i16 %data_4_val_read, i16 0" [firmware/nnet_utils/nnet_activation.h:45]   --->   Operation 173 'icmp' 'icmp_ln45_58' <Predicate = true> <Delay = 2.07> <CoreInst = "Cmp">   --->   Core 9 'Cmp' <Latency = 0> <II = 1> <Delay = 2.07> <FuncUnit> <Opcode : 'seteq' 'setne' 'setle' 'setge' 'setlt' 'setgt'> <InPorts = 2> <OutPorts = 1>
ST_2 : Operation 174 [1/1] (0.00ns) (grouped into LUT with out node empty_68)   --->   "%tmp_361 = bitselect i1 @_ssdm_op_BitSelect.i1.i16.i32, i16 %data_4_val_read, i32 9" [firmware/nnet_utils/nnet_activation.h:46]   --->   Operation 174 'bitselect' 'tmp_361' <Predicate = true> <Delay = 0.00>
ST_2 : Operation 175 [1/1] (0.00ns) (grouped into LUT with out node empty_68)   --->   "%tmp_364 = bitselect i1 @_ssdm_op_BitSelect.i1.i2.i32, i2 %add_ln46_58, i32 1" [firmware/nnet_utils/nnet_activation.h:46]   --->   Operation 175 'bitselect' 'tmp_364' <Predicate = true> <Delay = 0.00>
ST_2 : Operation 176 [1/1] (0.00ns) (grouped into LUT with out node empty_68)   --->   "%not_tmp_428 = xor i1 %tmp_361, i1 1" [firmware/nnet_utils/nnet_activation.h:46]   --->   Operation 176 'xor' 'not_tmp_428' <Predicate = true> <Delay = 0.00> <CoreInst = "LogicGate">   --->   Core 74 'LogicGate' <Latency = 0> <II = 1> <Delay = 0.97> <FuncUnit> <Opcode : 'and' 'or' 'xor'> <InPorts = 2> <OutPorts = 1>
ST_2 : Operation 177 [1/1] (0.00ns) (grouped into LUT with out node empty_68)   --->   "%and_ln46_121 = or i1 %tmp_364, i1 %not_tmp_428" [firmware/nnet_utils/nnet_activation.h:46]   --->   Operation 177 'or' 'and_ln46_121' <Predicate = true> <Delay = 0.00> <CoreInst = "LogicGate">   --->   Core 74 'LogicGate' <Latency = 0> <II = 1> <Delay = 0.97> <FuncUnit> <Opcode : 'and' 'or' 'xor'> <InPorts = 2> <OutPorts = 1>
ST_2 : Operation 178 [1/1] (0.97ns) (out node of the LUT)   --->   "%empty_68 = and i1 %icmp_ln46_121, i1 %and_ln46_121" [firmware/nnet_utils/nnet_activation.h:46]   --->   Operation 178 'and' 'empty_68' <Predicate = true> <Delay = 0.97> <CoreInst = "LogicGate">   --->   Core 74 'LogicGate' <Latency = 0> <II = 1> <Delay = 0.97> <FuncUnit> <Opcode : 'and' 'or' 'xor'> <InPorts = 2> <OutPorts = 1>
ST_2 : Operation 179 [1/1] (0.00ns) (grouped into LUT with out node select_ln46_183)   --->   "%or_ln46_183 = or i1 %empty_68, i1 %tmp_359" [firmware/nnet_utils/nnet_activation.h:46]   --->   Operation 179 'or' 'or_ln46_183' <Predicate = true> <Delay = 0.00> <CoreInst = "LogicGate">   --->   Core 74 'LogicGate' <Latency = 0> <II = 1> <Delay = 0.97> <FuncUnit> <Opcode : 'and' 'or' 'xor'> <InPorts = 2> <OutPorts = 1>
ST_2 : Operation 180 [1/1] (0.00ns) (grouped into LUT with out node res_4_0)   --->   "%xor_ln46_58 = xor i1 %empty_68, i1 1" [firmware/nnet_utils/nnet_activation.h:46]   --->   Operation 180 'xor' 'xor_ln46_58' <Predicate = true> <Delay = 0.00> <CoreInst = "LogicGate">   --->   Core 74 'LogicGate' <Latency = 0> <II = 1> <Delay = 0.97> <FuncUnit> <Opcode : 'and' 'or' 'xor'> <InPorts = 2> <OutPorts = 1>
ST_2 : Operation 181 [1/1] (0.00ns) (grouped into LUT with out node res_4_0)   --->   "%or_ln46_184 = or i1 %tmp_359, i1 %xor_ln46_58" [firmware/nnet_utils/nnet_activation.h:46]   --->   Operation 181 'or' 'or_ln46_184' <Predicate = true> <Delay = 0.00> <CoreInst = "LogicGate">   --->   Core 74 'LogicGate' <Latency = 0> <II = 1> <Delay = 0.97> <FuncUnit> <Opcode : 'and' 'or' 'xor'> <InPorts = 2> <OutPorts = 1>
ST_2 : Operation 182 [1/1] (0.00ns) (grouped into LUT with out node select_ln46_183)   --->   "%select_ln46_182 = select i1 %tmp_359, i2 0, i2 %add_ln46_58" [firmware/nnet_utils/nnet_activation.h:46]   --->   Operation 182 'select' 'select_ln46_182' <Predicate = true> <Delay = 0.00> <CoreInst = "Sel">   --->   Core 73 'Sel' <Latency = 0> <II = 1> <Delay = 0.99> <FuncUnit> <Opcode : 'select'> <InPorts = 3> <OutPorts = 1>
ST_2 : Operation 183 [1/1] (0.99ns) (out node of the LUT)   --->   "%select_ln46_183 = select i1 %or_ln46_183, i2 %select_ln46_182, i2 3" [firmware/nnet_utils/nnet_activation.h:46]   --->   Operation 183 'select' 'select_ln46_183' <Predicate = true> <Delay = 0.99> <CoreInst = "Sel">   --->   Core 73 'Sel' <Latency = 0> <II = 1> <Delay = 0.99> <FuncUnit> <Opcode : 'select'> <InPorts = 3> <OutPorts = 1>
ST_2 : Operation 184 [1/1] (0.00ns) (grouped into LUT with out node res_4_0)   --->   "%select_ln46_184 = select i1 %or_ln46_184, i2 %select_ln46_183, i2 %add_ln46_58" [firmware/nnet_utils/nnet_activation.h:46]   --->   Operation 184 'select' 'select_ln46_184' <Predicate = true> <Delay = 0.00> <CoreInst = "Sel">   --->   Core 73 'Sel' <Latency = 0> <II = 1> <Delay = 0.99> <FuncUnit> <Opcode : 'select'> <InPorts = 3> <OutPorts = 1>
ST_2 : Operation 185 [1/1] (0.99ns) (out node of the LUT)   --->   "%res_4_0 = select i1 %icmp_ln45_58, i2 %select_ln46_184, i2 0" [firmware/nnet_utils/nnet_activation.h:45]   --->   Operation 185 'select' 'res_4_0' <Predicate = true> <Delay = 0.99> <CoreInst = "Sel">   --->   Core 73 'Sel' <Latency = 0> <II = 1> <Delay = 0.99> <FuncUnit> <Opcode : 'select'> <InPorts = 3> <OutPorts = 1>
ST_2 : Operation 186 [1/1] (2.07ns)   --->   "%icmp_ln45_59 = icmp_sgt  i16 %data_5_val_read, i16 0" [firmware/nnet_utils/nnet_activation.h:45]   --->   Operation 186 'icmp' 'icmp_ln45_59' <Predicate = true> <Delay = 2.07> <CoreInst = "Cmp">   --->   Core 9 'Cmp' <Latency = 0> <II = 1> <Delay = 2.07> <FuncUnit> <Opcode : 'seteq' 'setne' 'setle' 'setge' 'setlt' 'setgt'> <InPorts = 2> <OutPorts = 1>
ST_2 : Operation 187 [1/1] (0.00ns) (grouped into LUT with out node empty_69)   --->   "%tmp_367 = bitselect i1 @_ssdm_op_BitSelect.i1.i16.i32, i16 %data_5_val_read, i32 9" [firmware/nnet_utils/nnet_activation.h:46]   --->   Operation 187 'bitselect' 'tmp_367' <Predicate = true> <Delay = 0.00>
ST_2 : Operation 188 [1/1] (0.00ns) (grouped into LUT with out node empty_69)   --->   "%tmp_370 = bitselect i1 @_ssdm_op_BitSelect.i1.i2.i32, i2 %add_ln46_59, i32 1" [firmware/nnet_utils/nnet_activation.h:46]   --->   Operation 188 'bitselect' 'tmp_370' <Predicate = true> <Delay = 0.00>
ST_2 : Operation 189 [1/1] (0.00ns) (grouped into LUT with out node empty_69)   --->   "%not_tmp_435 = xor i1 %tmp_367, i1 1" [firmware/nnet_utils/nnet_activation.h:46]   --->   Operation 189 'xor' 'not_tmp_435' <Predicate = true> <Delay = 0.00> <CoreInst = "LogicGate">   --->   Core 74 'LogicGate' <Latency = 0> <II = 1> <Delay = 0.97> <FuncUnit> <Opcode : 'and' 'or' 'xor'> <InPorts = 2> <OutPorts = 1>
ST_2 : Operation 190 [1/1] (0.00ns) (grouped into LUT with out node empty_69)   --->   "%and_ln46_123 = or i1 %tmp_370, i1 %not_tmp_435" [firmware/nnet_utils/nnet_activation.h:46]   --->   Operation 190 'or' 'and_ln46_123' <Predicate = true> <Delay = 0.00> <CoreInst = "LogicGate">   --->   Core 74 'LogicGate' <Latency = 0> <II = 1> <Delay = 0.97> <FuncUnit> <Opcode : 'and' 'or' 'xor'> <InPorts = 2> <OutPorts = 1>
ST_2 : Operation 191 [1/1] (0.97ns) (out node of the LUT)   --->   "%empty_69 = and i1 %icmp_ln46_123, i1 %and_ln46_123" [firmware/nnet_utils/nnet_activation.h:46]   --->   Operation 191 'and' 'empty_69' <Predicate = true> <Delay = 0.97> <CoreInst = "LogicGate">   --->   Core 74 'LogicGate' <Latency = 0> <II = 1> <Delay = 0.97> <FuncUnit> <Opcode : 'and' 'or' 'xor'> <InPorts = 2> <OutPorts = 1>
ST_2 : Operation 192 [1/1] (0.00ns) (grouped into LUT with out node select_ln46_186)   --->   "%or_ln46_186 = or i1 %empty_69, i1 %tmp_365" [firmware/nnet_utils/nnet_activation.h:46]   --->   Operation 192 'or' 'or_ln46_186' <Predicate = true> <Delay = 0.00> <CoreInst = "LogicGate">   --->   Core 74 'LogicGate' <Latency = 0> <II = 1> <Delay = 0.97> <FuncUnit> <Opcode : 'and' 'or' 'xor'> <InPorts = 2> <OutPorts = 1>
ST_2 : Operation 193 [1/1] (0.00ns) (grouped into LUT with out node res_5_0)   --->   "%xor_ln46_59 = xor i1 %empty_69, i1 1" [firmware/nnet_utils/nnet_activation.h:46]   --->   Operation 193 'xor' 'xor_ln46_59' <Predicate = true> <Delay = 0.00> <CoreInst = "LogicGate">   --->   Core 74 'LogicGate' <Latency = 0> <II = 1> <Delay = 0.97> <FuncUnit> <Opcode : 'and' 'or' 'xor'> <InPorts = 2> <OutPorts = 1>
ST_2 : Operation 194 [1/1] (0.00ns) (grouped into LUT with out node res_5_0)   --->   "%or_ln46_187 = or i1 %tmp_365, i1 %xor_ln46_59" [firmware/nnet_utils/nnet_activation.h:46]   --->   Operation 194 'or' 'or_ln46_187' <Predicate = true> <Delay = 0.00> <CoreInst = "LogicGate">   --->   Core 74 'LogicGate' <Latency = 0> <II = 1> <Delay = 0.97> <FuncUnit> <Opcode : 'and' 'or' 'xor'> <InPorts = 2> <OutPorts = 1>
ST_2 : Operation 195 [1/1] (0.00ns) (grouped into LUT with out node select_ln46_186)   --->   "%select_ln46_185 = select i1 %tmp_365, i2 0, i2 %add_ln46_59" [firmware/nnet_utils/nnet_activation.h:46]   --->   Operation 195 'select' 'select_ln46_185' <Predicate = true> <Delay = 0.00> <CoreInst = "Sel">   --->   Core 73 'Sel' <Latency = 0> <II = 1> <Delay = 0.99> <FuncUnit> <Opcode : 'select'> <InPorts = 3> <OutPorts = 1>
ST_2 : Operation 196 [1/1] (0.99ns) (out node of the LUT)   --->   "%select_ln46_186 = select i1 %or_ln46_186, i2 %select_ln46_185, i2 3" [firmware/nnet_utils/nnet_activation.h:46]   --->   Operation 196 'select' 'select_ln46_186' <Predicate = true> <Delay = 0.99> <CoreInst = "Sel">   --->   Core 73 'Sel' <Latency = 0> <II = 1> <Delay = 0.99> <FuncUnit> <Opcode : 'select'> <InPorts = 3> <OutPorts = 1>
ST_2 : Operation 197 [1/1] (0.00ns) (grouped into LUT with out node res_5_0)   --->   "%select_ln46_187 = select i1 %or_ln46_187, i2 %select_ln46_186, i2 %add_ln46_59" [firmware/nnet_utils/nnet_activation.h:46]   --->   Operation 197 'select' 'select_ln46_187' <Predicate = true> <Delay = 0.00> <CoreInst = "Sel">   --->   Core 73 'Sel' <Latency = 0> <II = 1> <Delay = 0.99> <FuncUnit> <Opcode : 'select'> <InPorts = 3> <OutPorts = 1>
ST_2 : Operation 198 [1/1] (0.99ns) (out node of the LUT)   --->   "%res_5_0 = select i1 %icmp_ln45_59, i2 %select_ln46_187, i2 0" [firmware/nnet_utils/nnet_activation.h:45]   --->   Operation 198 'select' 'res_5_0' <Predicate = true> <Delay = 0.99> <CoreInst = "Sel">   --->   Core 73 'Sel' <Latency = 0> <II = 1> <Delay = 0.99> <FuncUnit> <Opcode : 'select'> <InPorts = 3> <OutPorts = 1>
ST_2 : Operation 199 [1/1] (2.07ns)   --->   "%icmp_ln45_60 = icmp_sgt  i16 %data_6_val_read, i16 0" [firmware/nnet_utils/nnet_activation.h:45]   --->   Operation 199 'icmp' 'icmp_ln45_60' <Predicate = true> <Delay = 2.07> <CoreInst = "Cmp">   --->   Core 9 'Cmp' <Latency = 0> <II = 1> <Delay = 2.07> <FuncUnit> <Opcode : 'seteq' 'setne' 'setle' 'setge' 'setlt' 'setgt'> <InPorts = 2> <OutPorts = 1>
ST_2 : Operation 200 [1/1] (0.00ns) (grouped into LUT with out node empty_70)   --->   "%tmp_373 = bitselect i1 @_ssdm_op_BitSelect.i1.i16.i32, i16 %data_6_val_read, i32 9" [firmware/nnet_utils/nnet_activation.h:46]   --->   Operation 200 'bitselect' 'tmp_373' <Predicate = true> <Delay = 0.00>
ST_2 : Operation 201 [1/1] (0.00ns) (grouped into LUT with out node empty_70)   --->   "%tmp_376 = bitselect i1 @_ssdm_op_BitSelect.i1.i2.i32, i2 %add_ln46_60, i32 1" [firmware/nnet_utils/nnet_activation.h:46]   --->   Operation 201 'bitselect' 'tmp_376' <Predicate = true> <Delay = 0.00>
ST_2 : Operation 202 [1/1] (0.00ns) (grouped into LUT with out node empty_70)   --->   "%not_tmp_442 = xor i1 %tmp_373, i1 1" [firmware/nnet_utils/nnet_activation.h:46]   --->   Operation 202 'xor' 'not_tmp_442' <Predicate = true> <Delay = 0.00> <CoreInst = "LogicGate">   --->   Core 74 'LogicGate' <Latency = 0> <II = 1> <Delay = 0.97> <FuncUnit> <Opcode : 'and' 'or' 'xor'> <InPorts = 2> <OutPorts = 1>
ST_2 : Operation 203 [1/1] (0.00ns) (grouped into LUT with out node empty_70)   --->   "%and_ln46_125 = or i1 %tmp_376, i1 %not_tmp_442" [firmware/nnet_utils/nnet_activation.h:46]   --->   Operation 203 'or' 'and_ln46_125' <Predicate = true> <Delay = 0.00> <CoreInst = "LogicGate">   --->   Core 74 'LogicGate' <Latency = 0> <II = 1> <Delay = 0.97> <FuncUnit> <Opcode : 'and' 'or' 'xor'> <InPorts = 2> <OutPorts = 1>
ST_2 : Operation 204 [1/1] (0.97ns) (out node of the LUT)   --->   "%empty_70 = and i1 %icmp_ln46_125, i1 %and_ln46_125" [firmware/nnet_utils/nnet_activation.h:46]   --->   Operation 204 'and' 'empty_70' <Predicate = true> <Delay = 0.97> <CoreInst = "LogicGate">   --->   Core 74 'LogicGate' <Latency = 0> <II = 1> <Delay = 0.97> <FuncUnit> <Opcode : 'and' 'or' 'xor'> <InPorts = 2> <OutPorts = 1>
ST_2 : Operation 205 [1/1] (0.00ns) (grouped into LUT with out node select_ln46_189)   --->   "%or_ln46_189 = or i1 %empty_70, i1 %tmp_371" [firmware/nnet_utils/nnet_activation.h:46]   --->   Operation 205 'or' 'or_ln46_189' <Predicate = true> <Delay = 0.00> <CoreInst = "LogicGate">   --->   Core 74 'LogicGate' <Latency = 0> <II = 1> <Delay = 0.97> <FuncUnit> <Opcode : 'and' 'or' 'xor'> <InPorts = 2> <OutPorts = 1>
ST_2 : Operation 206 [1/1] (0.00ns) (grouped into LUT with out node res_6_0)   --->   "%xor_ln46_60 = xor i1 %empty_70, i1 1" [firmware/nnet_utils/nnet_activation.h:46]   --->   Operation 206 'xor' 'xor_ln46_60' <Predicate = true> <Delay = 0.00> <CoreInst = "LogicGate">   --->   Core 74 'LogicGate' <Latency = 0> <II = 1> <Delay = 0.97> <FuncUnit> <Opcode : 'and' 'or' 'xor'> <InPorts = 2> <OutPorts = 1>
ST_2 : Operation 207 [1/1] (0.00ns) (grouped into LUT with out node res_6_0)   --->   "%or_ln46_190 = or i1 %tmp_371, i1 %xor_ln46_60" [firmware/nnet_utils/nnet_activation.h:46]   --->   Operation 207 'or' 'or_ln46_190' <Predicate = true> <Delay = 0.00> <CoreInst = "LogicGate">   --->   Core 74 'LogicGate' <Latency = 0> <II = 1> <Delay = 0.97> <FuncUnit> <Opcode : 'and' 'or' 'xor'> <InPorts = 2> <OutPorts = 1>
ST_2 : Operation 208 [1/1] (0.00ns) (grouped into LUT with out node select_ln46_189)   --->   "%select_ln46_188 = select i1 %tmp_371, i2 0, i2 %add_ln46_60" [firmware/nnet_utils/nnet_activation.h:46]   --->   Operation 208 'select' 'select_ln46_188' <Predicate = true> <Delay = 0.00> <CoreInst = "Sel">   --->   Core 73 'Sel' <Latency = 0> <II = 1> <Delay = 0.99> <FuncUnit> <Opcode : 'select'> <InPorts = 3> <OutPorts = 1>
ST_2 : Operation 209 [1/1] (0.99ns) (out node of the LUT)   --->   "%select_ln46_189 = select i1 %or_ln46_189, i2 %select_ln46_188, i2 3" [firmware/nnet_utils/nnet_activation.h:46]   --->   Operation 209 'select' 'select_ln46_189' <Predicate = true> <Delay = 0.99> <CoreInst = "Sel">   --->   Core 73 'Sel' <Latency = 0> <II = 1> <Delay = 0.99> <FuncUnit> <Opcode : 'select'> <InPorts = 3> <OutPorts = 1>
ST_2 : Operation 210 [1/1] (0.00ns) (grouped into LUT with out node res_6_0)   --->   "%select_ln46_190 = select i1 %or_ln46_190, i2 %select_ln46_189, i2 %add_ln46_60" [firmware/nnet_utils/nnet_activation.h:46]   --->   Operation 210 'select' 'select_ln46_190' <Predicate = true> <Delay = 0.00> <CoreInst = "Sel">   --->   Core 73 'Sel' <Latency = 0> <II = 1> <Delay = 0.99> <FuncUnit> <Opcode : 'select'> <InPorts = 3> <OutPorts = 1>
ST_2 : Operation 211 [1/1] (0.99ns) (out node of the LUT)   --->   "%res_6_0 = select i1 %icmp_ln45_60, i2 %select_ln46_190, i2 0" [firmware/nnet_utils/nnet_activation.h:45]   --->   Operation 211 'select' 'res_6_0' <Predicate = true> <Delay = 0.99> <CoreInst = "Sel">   --->   Core 73 'Sel' <Latency = 0> <II = 1> <Delay = 0.99> <FuncUnit> <Opcode : 'select'> <InPorts = 3> <OutPorts = 1>
ST_2 : Operation 212 [1/1] (2.07ns)   --->   "%icmp_ln45_61 = icmp_sgt  i16 %data_7_val_read, i16 0" [firmware/nnet_utils/nnet_activation.h:45]   --->   Operation 212 'icmp' 'icmp_ln45_61' <Predicate = true> <Delay = 2.07> <CoreInst = "Cmp">   --->   Core 9 'Cmp' <Latency = 0> <II = 1> <Delay = 2.07> <FuncUnit> <Opcode : 'seteq' 'setne' 'setle' 'setge' 'setlt' 'setgt'> <InPorts = 2> <OutPorts = 1>
ST_2 : Operation 213 [1/1] (0.00ns) (grouped into LUT with out node empty_71)   --->   "%tmp_379 = bitselect i1 @_ssdm_op_BitSelect.i1.i16.i32, i16 %data_7_val_read, i32 9" [firmware/nnet_utils/nnet_activation.h:46]   --->   Operation 213 'bitselect' 'tmp_379' <Predicate = true> <Delay = 0.00>
ST_2 : Operation 214 [1/1] (0.00ns) (grouped into LUT with out node empty_71)   --->   "%tmp_382 = bitselect i1 @_ssdm_op_BitSelect.i1.i2.i32, i2 %add_ln46_61, i32 1" [firmware/nnet_utils/nnet_activation.h:46]   --->   Operation 214 'bitselect' 'tmp_382' <Predicate = true> <Delay = 0.00>
ST_2 : Operation 215 [1/1] (0.00ns) (grouped into LUT with out node empty_71)   --->   "%not_tmp_449 = xor i1 %tmp_379, i1 1" [firmware/nnet_utils/nnet_activation.h:46]   --->   Operation 215 'xor' 'not_tmp_449' <Predicate = true> <Delay = 0.00> <CoreInst = "LogicGate">   --->   Core 74 'LogicGate' <Latency = 0> <II = 1> <Delay = 0.97> <FuncUnit> <Opcode : 'and' 'or' 'xor'> <InPorts = 2> <OutPorts = 1>
ST_2 : Operation 216 [1/1] (0.00ns) (grouped into LUT with out node empty_71)   --->   "%and_ln46_127 = or i1 %tmp_382, i1 %not_tmp_449" [firmware/nnet_utils/nnet_activation.h:46]   --->   Operation 216 'or' 'and_ln46_127' <Predicate = true> <Delay = 0.00> <CoreInst = "LogicGate">   --->   Core 74 'LogicGate' <Latency = 0> <II = 1> <Delay = 0.97> <FuncUnit> <Opcode : 'and' 'or' 'xor'> <InPorts = 2> <OutPorts = 1>
ST_2 : Operation 217 [1/1] (0.97ns) (out node of the LUT)   --->   "%empty_71 = and i1 %icmp_ln46_127, i1 %and_ln46_127" [firmware/nnet_utils/nnet_activation.h:46]   --->   Operation 217 'and' 'empty_71' <Predicate = true> <Delay = 0.97> <CoreInst = "LogicGate">   --->   Core 74 'LogicGate' <Latency = 0> <II = 1> <Delay = 0.97> <FuncUnit> <Opcode : 'and' 'or' 'xor'> <InPorts = 2> <OutPorts = 1>
ST_2 : Operation 218 [1/1] (0.00ns) (grouped into LUT with out node select_ln46_192)   --->   "%or_ln46_192 = or i1 %empty_71, i1 %tmp_377" [firmware/nnet_utils/nnet_activation.h:46]   --->   Operation 218 'or' 'or_ln46_192' <Predicate = true> <Delay = 0.00> <CoreInst = "LogicGate">   --->   Core 74 'LogicGate' <Latency = 0> <II = 1> <Delay = 0.97> <FuncUnit> <Opcode : 'and' 'or' 'xor'> <InPorts = 2> <OutPorts = 1>
ST_2 : Operation 219 [1/1] (0.00ns) (grouped into LUT with out node res_7_0)   --->   "%xor_ln46_61 = xor i1 %empty_71, i1 1" [firmware/nnet_utils/nnet_activation.h:46]   --->   Operation 219 'xor' 'xor_ln46_61' <Predicate = true> <Delay = 0.00> <CoreInst = "LogicGate">   --->   Core 74 'LogicGate' <Latency = 0> <II = 1> <Delay = 0.97> <FuncUnit> <Opcode : 'and' 'or' 'xor'> <InPorts = 2> <OutPorts = 1>
ST_2 : Operation 220 [1/1] (0.00ns) (grouped into LUT with out node res_7_0)   --->   "%or_ln46_193 = or i1 %tmp_377, i1 %xor_ln46_61" [firmware/nnet_utils/nnet_activation.h:46]   --->   Operation 220 'or' 'or_ln46_193' <Predicate = true> <Delay = 0.00> <CoreInst = "LogicGate">   --->   Core 74 'LogicGate' <Latency = 0> <II = 1> <Delay = 0.97> <FuncUnit> <Opcode : 'and' 'or' 'xor'> <InPorts = 2> <OutPorts = 1>
ST_2 : Operation 221 [1/1] (0.00ns) (grouped into LUT with out node select_ln46_192)   --->   "%select_ln46_191 = select i1 %tmp_377, i2 0, i2 %add_ln46_61" [firmware/nnet_utils/nnet_activation.h:46]   --->   Operation 221 'select' 'select_ln46_191' <Predicate = true> <Delay = 0.00> <CoreInst = "Sel">   --->   Core 73 'Sel' <Latency = 0> <II = 1> <Delay = 0.99> <FuncUnit> <Opcode : 'select'> <InPorts = 3> <OutPorts = 1>
ST_2 : Operation 222 [1/1] (0.99ns) (out node of the LUT)   --->   "%select_ln46_192 = select i1 %or_ln46_192, i2 %select_ln46_191, i2 3" [firmware/nnet_utils/nnet_activation.h:46]   --->   Operation 222 'select' 'select_ln46_192' <Predicate = true> <Delay = 0.99> <CoreInst = "Sel">   --->   Core 73 'Sel' <Latency = 0> <II = 1> <Delay = 0.99> <FuncUnit> <Opcode : 'select'> <InPorts = 3> <OutPorts = 1>
ST_2 : Operation 223 [1/1] (0.00ns) (grouped into LUT with out node res_7_0)   --->   "%select_ln46_193 = select i1 %or_ln46_193, i2 %select_ln46_192, i2 %add_ln46_61" [firmware/nnet_utils/nnet_activation.h:46]   --->   Operation 223 'select' 'select_ln46_193' <Predicate = true> <Delay = 0.00> <CoreInst = "Sel">   --->   Core 73 'Sel' <Latency = 0> <II = 1> <Delay = 0.99> <FuncUnit> <Opcode : 'select'> <InPorts = 3> <OutPorts = 1>
ST_2 : Operation 224 [1/1] (0.99ns) (out node of the LUT)   --->   "%res_7_0 = select i1 %icmp_ln45_61, i2 %select_ln46_193, i2 0" [firmware/nnet_utils/nnet_activation.h:45]   --->   Operation 224 'select' 'res_7_0' <Predicate = true> <Delay = 0.99> <CoreInst = "Sel">   --->   Core 73 'Sel' <Latency = 0> <II = 1> <Delay = 0.99> <FuncUnit> <Opcode : 'select'> <InPorts = 3> <OutPorts = 1>
ST_2 : Operation 225 [1/1] (2.07ns)   --->   "%icmp_ln45_62 = icmp_sgt  i16 %data_8_val_read, i16 0" [firmware/nnet_utils/nnet_activation.h:45]   --->   Operation 225 'icmp' 'icmp_ln45_62' <Predicate = true> <Delay = 2.07> <CoreInst = "Cmp">   --->   Core 9 'Cmp' <Latency = 0> <II = 1> <Delay = 2.07> <FuncUnit> <Opcode : 'seteq' 'setne' 'setle' 'setge' 'setlt' 'setgt'> <InPorts = 2> <OutPorts = 1>
ST_2 : Operation 226 [1/1] (0.00ns) (grouped into LUT with out node empty_72)   --->   "%tmp_385 = bitselect i1 @_ssdm_op_BitSelect.i1.i16.i32, i16 %data_8_val_read, i32 9" [firmware/nnet_utils/nnet_activation.h:46]   --->   Operation 226 'bitselect' 'tmp_385' <Predicate = true> <Delay = 0.00>
ST_2 : Operation 227 [1/1] (0.00ns) (grouped into LUT with out node empty_72)   --->   "%tmp_388 = bitselect i1 @_ssdm_op_BitSelect.i1.i2.i32, i2 %add_ln46_62, i32 1" [firmware/nnet_utils/nnet_activation.h:46]   --->   Operation 227 'bitselect' 'tmp_388' <Predicate = true> <Delay = 0.00>
ST_2 : Operation 228 [1/1] (0.00ns) (grouped into LUT with out node empty_72)   --->   "%not_tmp_456 = xor i1 %tmp_385, i1 1" [firmware/nnet_utils/nnet_activation.h:46]   --->   Operation 228 'xor' 'not_tmp_456' <Predicate = true> <Delay = 0.00> <CoreInst = "LogicGate">   --->   Core 74 'LogicGate' <Latency = 0> <II = 1> <Delay = 0.97> <FuncUnit> <Opcode : 'and' 'or' 'xor'> <InPorts = 2> <OutPorts = 1>
ST_2 : Operation 229 [1/1] (0.00ns) (grouped into LUT with out node empty_72)   --->   "%and_ln46_129 = or i1 %tmp_388, i1 %not_tmp_456" [firmware/nnet_utils/nnet_activation.h:46]   --->   Operation 229 'or' 'and_ln46_129' <Predicate = true> <Delay = 0.00> <CoreInst = "LogicGate">   --->   Core 74 'LogicGate' <Latency = 0> <II = 1> <Delay = 0.97> <FuncUnit> <Opcode : 'and' 'or' 'xor'> <InPorts = 2> <OutPorts = 1>
ST_2 : Operation 230 [1/1] (0.97ns) (out node of the LUT)   --->   "%empty_72 = and i1 %icmp_ln46_129, i1 %and_ln46_129" [firmware/nnet_utils/nnet_activation.h:46]   --->   Operation 230 'and' 'empty_72' <Predicate = true> <Delay = 0.97> <CoreInst = "LogicGate">   --->   Core 74 'LogicGate' <Latency = 0> <II = 1> <Delay = 0.97> <FuncUnit> <Opcode : 'and' 'or' 'xor'> <InPorts = 2> <OutPorts = 1>
ST_2 : Operation 231 [1/1] (0.00ns) (grouped into LUT with out node select_ln46_195)   --->   "%or_ln46_195 = or i1 %empty_72, i1 %tmp_383" [firmware/nnet_utils/nnet_activation.h:46]   --->   Operation 231 'or' 'or_ln46_195' <Predicate = true> <Delay = 0.00> <CoreInst = "LogicGate">   --->   Core 74 'LogicGate' <Latency = 0> <II = 1> <Delay = 0.97> <FuncUnit> <Opcode : 'and' 'or' 'xor'> <InPorts = 2> <OutPorts = 1>
ST_2 : Operation 232 [1/1] (0.00ns) (grouped into LUT with out node res_8_0)   --->   "%xor_ln46_62 = xor i1 %empty_72, i1 1" [firmware/nnet_utils/nnet_activation.h:46]   --->   Operation 232 'xor' 'xor_ln46_62' <Predicate = true> <Delay = 0.00> <CoreInst = "LogicGate">   --->   Core 74 'LogicGate' <Latency = 0> <II = 1> <Delay = 0.97> <FuncUnit> <Opcode : 'and' 'or' 'xor'> <InPorts = 2> <OutPorts = 1>
ST_2 : Operation 233 [1/1] (0.00ns) (grouped into LUT with out node res_8_0)   --->   "%or_ln46_196 = or i1 %tmp_383, i1 %xor_ln46_62" [firmware/nnet_utils/nnet_activation.h:46]   --->   Operation 233 'or' 'or_ln46_196' <Predicate = true> <Delay = 0.00> <CoreInst = "LogicGate">   --->   Core 74 'LogicGate' <Latency = 0> <II = 1> <Delay = 0.97> <FuncUnit> <Opcode : 'and' 'or' 'xor'> <InPorts = 2> <OutPorts = 1>
ST_2 : Operation 234 [1/1] (0.00ns) (grouped into LUT with out node select_ln46_195)   --->   "%select_ln46_194 = select i1 %tmp_383, i2 0, i2 %add_ln46_62" [firmware/nnet_utils/nnet_activation.h:46]   --->   Operation 234 'select' 'select_ln46_194' <Predicate = true> <Delay = 0.00> <CoreInst = "Sel">   --->   Core 73 'Sel' <Latency = 0> <II = 1> <Delay = 0.99> <FuncUnit> <Opcode : 'select'> <InPorts = 3> <OutPorts = 1>
ST_2 : Operation 235 [1/1] (0.99ns) (out node of the LUT)   --->   "%select_ln46_195 = select i1 %or_ln46_195, i2 %select_ln46_194, i2 3" [firmware/nnet_utils/nnet_activation.h:46]   --->   Operation 235 'select' 'select_ln46_195' <Predicate = true> <Delay = 0.99> <CoreInst = "Sel">   --->   Core 73 'Sel' <Latency = 0> <II = 1> <Delay = 0.99> <FuncUnit> <Opcode : 'select'> <InPorts = 3> <OutPorts = 1>
ST_2 : Operation 236 [1/1] (0.00ns) (grouped into LUT with out node res_8_0)   --->   "%select_ln46_196 = select i1 %or_ln46_196, i2 %select_ln46_195, i2 %add_ln46_62" [firmware/nnet_utils/nnet_activation.h:46]   --->   Operation 236 'select' 'select_ln46_196' <Predicate = true> <Delay = 0.00> <CoreInst = "Sel">   --->   Core 73 'Sel' <Latency = 0> <II = 1> <Delay = 0.99> <FuncUnit> <Opcode : 'select'> <InPorts = 3> <OutPorts = 1>
ST_2 : Operation 237 [1/1] (0.99ns) (out node of the LUT)   --->   "%res_8_0 = select i1 %icmp_ln45_62, i2 %select_ln46_196, i2 0" [firmware/nnet_utils/nnet_activation.h:45]   --->   Operation 237 'select' 'res_8_0' <Predicate = true> <Delay = 0.99> <CoreInst = "Sel">   --->   Core 73 'Sel' <Latency = 0> <II = 1> <Delay = 0.99> <FuncUnit> <Opcode : 'select'> <InPorts = 3> <OutPorts = 1>
ST_2 : Operation 238 [1/1] (0.00ns)   --->   "%mrv = insertvalue i18 <undef>, i2 %res_0_0" [firmware/nnet_utils/nnet_activation.h:50]   --->   Operation 238 'insertvalue' 'mrv' <Predicate = true> <Delay = 0.00>
ST_2 : Operation 239 [1/1] (0.00ns)   --->   "%mrv_1 = insertvalue i18 %mrv, i2 %res_1_0" [firmware/nnet_utils/nnet_activation.h:50]   --->   Operation 239 'insertvalue' 'mrv_1' <Predicate = true> <Delay = 0.00>
ST_2 : Operation 240 [1/1] (0.00ns)   --->   "%mrv_2 = insertvalue i18 %mrv_1, i2 %res_2_0" [firmware/nnet_utils/nnet_activation.h:50]   --->   Operation 240 'insertvalue' 'mrv_2' <Predicate = true> <Delay = 0.00>
ST_2 : Operation 241 [1/1] (0.00ns)   --->   "%mrv_3 = insertvalue i18 %mrv_2, i2 %res_3_0" [firmware/nnet_utils/nnet_activation.h:50]   --->   Operation 241 'insertvalue' 'mrv_3' <Predicate = true> <Delay = 0.00>
ST_2 : Operation 242 [1/1] (0.00ns)   --->   "%mrv_4 = insertvalue i18 %mrv_3, i2 %res_4_0" [firmware/nnet_utils/nnet_activation.h:50]   --->   Operation 242 'insertvalue' 'mrv_4' <Predicate = true> <Delay = 0.00>
ST_2 : Operation 243 [1/1] (0.00ns)   --->   "%mrv_5 = insertvalue i18 %mrv_4, i2 %res_5_0" [firmware/nnet_utils/nnet_activation.h:50]   --->   Operation 243 'insertvalue' 'mrv_5' <Predicate = true> <Delay = 0.00>
ST_2 : Operation 244 [1/1] (0.00ns)   --->   "%mrv_6 = insertvalue i18 %mrv_5, i2 %res_6_0" [firmware/nnet_utils/nnet_activation.h:50]   --->   Operation 244 'insertvalue' 'mrv_6' <Predicate = true> <Delay = 0.00>
ST_2 : Operation 245 [1/1] (0.00ns)   --->   "%mrv_7 = insertvalue i18 %mrv_6, i2 %res_7_0" [firmware/nnet_utils/nnet_activation.h:50]   --->   Operation 245 'insertvalue' 'mrv_7' <Predicate = true> <Delay = 0.00>
ST_2 : Operation 246 [1/1] (0.00ns)   --->   "%mrv_8 = insertvalue i18 %mrv_7, i2 %res_8_0" [firmware/nnet_utils/nnet_activation.h:50]   --->   Operation 246 'insertvalue' 'mrv_8' <Predicate = true> <Delay = 0.00>
ST_2 : Operation 247 [1/1] (0.00ns)   --->   "%ret_ln50 = ret i18 %mrv_8" [firmware/nnet_utils/nnet_activation.h:50]   --->   Operation 247 'ret' 'ret_ln50' <Predicate = true> <Delay = 0.00>


============================================================
+ Verbose Summary: Timing violations
============================================================
Target clock period: 5.000ns, clock uncertainty: 0.625ns.

 <State 1>: 3.435ns
The critical path consists of the following:
	wire read operation ('data_0_val_read', firmware/nnet_utils/nnet_activation.h:42) on port 'data_0_val' (firmware/nnet_utils/nnet_activation.h:42) [19]  (0.000 ns)
	'icmp' operation 1 bit ('icmp_ln46', firmware/nnet_utils/nnet_activation.h:46) [25]  (1.870 ns)
	'or' operation 1 bit ('or_ln46', firmware/nnet_utils/nnet_activation.h:46) [28]  (0.000 ns)
	'and' operation 1 bit ('and_ln46', firmware/nnet_utils/nnet_activation.h:46) [29]  (0.000 ns)
	'add' operation 2 bit ('add_ln46', firmware/nnet_utils/nnet_activation.h:46) [31]  (1.565 ns)

 <State 2>: 3.070ns
The critical path consists of the following:
	'icmp' operation 1 bit ('icmp_ln45', firmware/nnet_utils/nnet_activation.h:45) [20]  (2.077 ns)
	'select' operation 2 bit ('res_0_0', firmware/nnet_utils/nnet_activation.h:45) [44]  (0.993 ns)


============================================================
+ Verbose Summary: Binding
============================================================
N/A
* FSMD analyzer results:
  - Output states:
 - Input state : 
  - Chain level:
	State 1
	State 2


============================================================
+ Verbose Summary: Datapath Resource usage 
============================================================
N/A
