#-----------------------------------------------------------
# xsim v2024.1 (64-bit)
# SW Build 5076996 on Wed May 22 18:36:09 MDT 2024
# IP Build 5075265 on Wed May 22 21:45:21 MDT 2024
# SharedData Build 5076995 on Wed May 22 18:29:18 MDT 2024
# Start of session at: Mon Oct 20 15:02:23 2025
# Process ID: 1098086
# Current directory: /home/dabadjiev/smartpixels_ml_dsabadjiev/smart-pixels-ml/hlsTmp/myproject_prj/solution1/sim/verilog
# Command line: xsim -mode tcl -source {xsim.dir/myproject/xsim_script.tcl}
# Log file: /home/dabadjiev/smartpixels_ml_dsabadjiev/smart-pixels-ml/hlsTmp/myproject_prj/solution1/sim/verilog/xsim.log
# Journal file: /home/dabadjiev/smartpixels_ml_dsabadjiev/smart-pixels-ml/hlsTmp/myproject_prj/solution1/sim/verilog/xsim.jou
# Running On        :kdplab01
# Platform          :unknown
# Operating System  :unknown
# Processor Detail  :Intel(R) Xeon(R) Silver 4314 CPU @ 2.40GHz
# CPU Frequency     :3400.000 MHz
# CPU Physical cores:32
# CPU Logical cores :64
# Host memory       :134212 MB
# Swap memory       :4294 MB
# Total Virtual     :138507 MB
# Available Virtual :114617 MB
#-----------------------------------------------------------
source xsim.dir/myproject/xsim_script.tcl
# xsim {myproject} -view {{myproject_dataflow_ana.wcfg}} -tclbatch {myproject.tcl} -protoinst {myproject.protoinst}
INFO: [Wavedata 42-565] Reading protoinst file myproject.protoinst
INFO: [Wavedata 42-564]   Found protocol instance at /apatb_myproject_top/AESL_inst_myproject//AESL_inst_myproject_activity
INFO: [Wavedata 42-564]   Found protocol instance at /apatb_myproject_top/AESL_inst_myproject/grp_dense_latency_ap_ufixed_2_0_4_0_0_ap_fixed_16_6_5_3_0_config13_s_fu_302/grp_dense_latency_ap_ufixed_2_0_4_0_0_ap_fixed_16_6_5_3_0_config13_s_fu_302_activity
INFO: [Wavedata 42-564]   Found protocol instance at /apatb_myproject_top/AESL_inst_myproject/grp_dense_latency_ap_ufixed_2_0_4_0_0_ap_fixed_16_6_5_3_0_config16_s_fu_355/grp_dense_latency_ap_ufixed_2_0_4_0_0_ap_fixed_16_6_5_3_0_config16_s_fu_355_activity
INFO: [Wavedata 42-564]   Found protocol instance at /apatb_myproject_top/AESL_inst_myproject/grp_dense_latency_ap_ufixed_2_0_4_0_0_ap_fixed_16_6_5_3_0_config19_s_fu_393/grp_dense_latency_ap_ufixed_2_0_4_0_0_ap_fixed_16_6_5_3_0_config19_s_fu_393_activity
INFO: [Wavedata 42-564]   Found protocol instance at /apatb_myproject_top/AESL_inst_myproject/grp_relu_ap_fixed_16_6_5_3_0_ap_ufixed_2_0_4_0_0_relu_config12_s_fu_289/grp_relu_ap_fixed_16_6_5_3_0_ap_ufixed_2_0_4_0_0_relu_config12_s_fu_289_activity
INFO: [Wavedata 42-564]   Found protocol instance at /apatb_myproject_top/AESL_inst_myproject/grp_relu_ap_fixed_16_6_5_3_0_ap_ufixed_2_0_4_0_0_relu_config15_s_fu_335/grp_relu_ap_fixed_16_6_5_3_0_ap_ufixed_2_0_4_0_0_relu_config15_s_fu_335_activity
INFO: [Wavedata 42-564]   Found protocol instance at /apatb_myproject_top/AESL_inst_myproject/grp_relu_ap_fixed_16_6_5_3_0_ap_ufixed_2_0_4_0_0_relu_config18_s_fu_384/grp_relu_ap_fixed_16_6_5_3_0_ap_ufixed_2_0_4_0_0_relu_config18_s_fu_384_activity
INFO: [Wavedata 42-564]   Found protocol instance at /apatb_myproject_top/AESL_inst_myproject/grp_relu_ap_fixed_16_6_5_3_0_ap_ufixed_2_0_4_0_0_relu_config6_s_fu_162/grp_relu_ap_fixed_16_6_5_3_0_ap_ufixed_2_0_4_0_0_relu_config6_s_fu_162_activity
INFO: [Wavedata 42-564]   Found protocol instance at /apatb_myproject_top/AESL_inst_myproject/grp_relu_ap_fixed_16_6_5_3_0_ap_ufixed_2_0_4_0_0_relu_config9_s_fu_228/grp_relu_ap_fixed_16_6_5_3_0_ap_ufixed_2_0_4_0_0_relu_config9_s_fu_228_activity
Time resolution is 1 ps
open_wave_config myproject_dataflow_ana.wcfg
source myproject.tcl
## set designtopgroup [add_wave_group "Design Top Signals"]
## set coutputgroup [add_wave_group "C Outputs" -into $designtopgroup]
## set return_group [add_wave_group return(wire) -into $coutputgroup]
## add_wave /apatb_myproject_top/AESL_inst_myproject/layer21_out_ap_vld -into $return_group -color #ffff00 -radix hex
## add_wave /apatb_myproject_top/AESL_inst_myproject/layer21_out -into $return_group -radix hex
## set cinputgroup [add_wave_group "C Inputs" -into $designtopgroup]
## set return_group [add_wave_group return(wire) -into $cinputgroup]
## add_wave /apatb_myproject_top/AESL_inst_myproject/y_local -into $return_group -radix hex
## add_wave /apatb_myproject_top/AESL_inst_myproject/y_size -into $return_group -radix hex
## add_wave /apatb_myproject_top/AESL_inst_myproject/y_local_ap_vld -into $return_group -color #ffff00 -radix hex
## add_wave /apatb_myproject_top/AESL_inst_myproject/y_size_ap_vld -into $return_group -color #ffff00 -radix hex
## set blocksiggroup [add_wave_group "Block-level IO Handshake" -into $designtopgroup]
## add_wave /apatb_myproject_top/AESL_inst_myproject/ap_start -into $blocksiggroup
## add_wave /apatb_myproject_top/AESL_inst_myproject/ap_done -into $blocksiggroup
## add_wave /apatb_myproject_top/AESL_inst_myproject/ap_idle -into $blocksiggroup
## add_wave /apatb_myproject_top/AESL_inst_myproject/ap_ready -into $blocksiggroup
## set resetgroup [add_wave_group "Reset" -into $designtopgroup]
## add_wave /apatb_myproject_top/AESL_inst_myproject/ap_rst -into $resetgroup
## set clockgroup [add_wave_group "Clock" -into $designtopgroup]
## add_wave /apatb_myproject_top/AESL_inst_myproject/ap_clk -into $clockgroup
## set testbenchgroup [add_wave_group "Test Bench Signals"]
## set tbinternalsiggroup [add_wave_group "Internal Signals" -into $testbenchgroup]
## set tb_simstatus_group [add_wave_group "Simulation Status" -into $tbinternalsiggroup]
## set tb_portdepth_group [add_wave_group "Port Depth" -into $tbinternalsiggroup]
## add_wave /apatb_myproject_top/AUTOTB_TRANSACTION_NUM -into $tb_simstatus_group -radix hex
## add_wave /apatb_myproject_top/ready_cnt -into $tb_simstatus_group -radix hex
## add_wave /apatb_myproject_top/done_cnt -into $tb_simstatus_group -radix hex
## add_wave /apatb_myproject_top/LENGTH_layer21_out -into $tb_portdepth_group -radix hex
## add_wave /apatb_myproject_top/LENGTH_y_local -into $tb_portdepth_group -radix hex
## add_wave /apatb_myproject_top/LENGTH_y_size -into $tb_portdepth_group -radix hex
## set tbcoutputgroup [add_wave_group "C Outputs" -into $testbenchgroup]
## set tb_return_group [add_wave_group return(wire) -into $tbcoutputgroup]
## add_wave /apatb_myproject_top/layer21_out_ap_vld -into $tb_return_group -color #ffff00 -radix hex
## add_wave /apatb_myproject_top/layer21_out -into $tb_return_group -radix hex
## set tbcinputgroup [add_wave_group "C Inputs" -into $testbenchgroup]
## set tb_return_group [add_wave_group return(wire) -into $tbcinputgroup]
## add_wave /apatb_myproject_top/y_local -into $tb_return_group -radix hex
## add_wave /apatb_myproject_top/y_size -into $tb_return_group -radix hex
## add_wave /apatb_myproject_top/y_local_ap_vld -into $tb_return_group -color #ffff00 -radix hex
## add_wave /apatb_myproject_top/y_size_ap_vld -into $tb_return_group -color #ffff00 -radix hex
## save_wave_config myproject.wcfg
## run all
////////////////////////////////////////////////////////////////////////////////////
// Inter-Transaction Progress: Completed Transaction / Total Transaction
// Intra-Transaction Progress: Measured Latency / Latency Estimation * 100%
//
// RTL Simulation : "Inter-Transaction Progress" ["Intra-Transaction Progress"] @ "Simulation Time"
////////////////////////////////////////////////////////////////////////////////////
// RTL Simulation : 0 / 1 [0.00%] @ "113000"
// RTL Simulation : 1 / 1 [100.00%] @ "273000"
////////////////////////////////////////////////////////////////////////////////////
$finish called at time : 302500 ps : File "/home/dabadjiev/smartpixels_ml_dsabadjiev/smart-pixels-ml/hlsTmp/myproject_prj/solution1/sim/verilog/myproject.autotb.v" Line 359
## quit
INFO: [Common 17-206] Exiting xsim at Mon Oct 20 15:02:26 2025...
