#-----------------------------------------------------------
# Vivado v2024.1 (64-bit)
# SW Build 5076996 on Wed May 22 18:36:09 MDT 2024
# IP Build 5075265 on Wed May 22 21:45:21 MDT 2024
# SharedData Build 5076995 on Wed May 22 18:29:18 MDT 2024
# Start of session at: Mon Oct 27 14:29:01 2025
# Process ID: 992494
# Current directory: /home/dabadjiev/smartpixels_ml_dsabadjiev/smart-pixels-ml/hlsTmpModel2/myproject_prj/solution1/impl/ip
# Command line: vivado -notrace -mode batch -source run_ippack.tcl
# Log file: /home/dabadjiev/smartpixels_ml_dsabadjiev/smart-pixels-ml/hlsTmpModel2/myproject_prj/solution1/impl/ip/vivado.log
# Journal file: /home/dabadjiev/smartpixels_ml_dsabadjiev/smart-pixels-ml/hlsTmpModel2/myproject_prj/solution1/impl/ip/vivado.jou
# Running On        :kdplab01
# Platform          :unknown
# Operating System  :unknown
# Processor Detail  :Intel(R) Xeon(R) Silver 4314 CPU @ 2.40GHz
# CPU Frequency     :3400.000 MHz
# CPU Physical cores:32
# CPU Logical cores :64
# Host memory       :134212 MB
# Swap memory       :4294 MB
# Total Virtual     :138507 MB
# Available Virtual :116827 MB
#-----------------------------------------------------------
source run_ippack.tcl -notrace
INFO: calling package_hls_ip ip_types=vitis sysgen json_file=/home/dabadjiev/smartpixels_ml_dsabadjiev/smart-pixels-ml/hlsTmpModel2/myproject_prj/solution1/solution1_data.json outdir=/home/dabadjiev/smartpixels_ml_dsabadjiev/smart-pixels-ml/hlsTmpModel2/myproject_prj/solution1/impl/ip srcdir=/home/dabadjiev/smartpixels_ml_dsabadjiev/smart-pixels-ml/hlsTmpModel2/myproject_prj/solution1 sort_interfaces_ports=false
INFO: Copied 1 ipmisc file(s) to /home/dabadjiev/smartpixels_ml_dsabadjiev/smart-pixels-ml/hlsTmpModel2/myproject_prj/solution1/impl/ip/misc
INFO: Copied 15 verilog file(s) to /home/dabadjiev/smartpixels_ml_dsabadjiev/smart-pixels-ml/hlsTmpModel2/myproject_prj/solution1/impl/ip/hdl/verilog
INFO: Copied 15 vhdl file(s) to /home/dabadjiev/smartpixels_ml_dsabadjiev/smart-pixels-ml/hlsTmpModel2/myproject_prj/solution1/impl/ip/hdl/vhdl
INFO: Import ports from HDL: /home/dabadjiev/smartpixels_ml_dsabadjiev/smart-pixels-ml/hlsTmpModel2/myproject_prj/solution1/impl/ip/hdl/vhdl/myproject.vhd (myproject)
INFO: Add clock interface ap_clk
INFO: Add reset interface ap_rst
INFO: Add ap_ctrl interface ap_ctrl
INFO: Add data interface x_profile
INFO: Add data interface z_global
INFO: Add data interface y_profile
INFO: Add data interface y_local
INFO: Add data interface layer25_out
INFO: [IP_Flow 19-234] Refreshing IP repositories
INFO: [IP_Flow 19-1704] No user IP repositories specified
INFO: [IP_Flow 19-2313] Loaded Vivado IP repository '/code/Xilinx_2024.1/Vivado/2024.1/data/ip'.
INFO: Calling post_process_vitis to specialize IP
INFO: Calling post_process_sysgen to specialize IP
Generating sysgen info xml from json file
INFO: Created IP /home/dabadjiev/smartpixels_ml_dsabadjiev/smart-pixels-ml/hlsTmpModel2/myproject_prj/solution1/impl/ip/component.xml
INFO: Created IP archive /home/dabadjiev/smartpixels_ml_dsabadjiev/smart-pixels-ml/hlsTmpModel2/myproject_prj/solution1/impl/ip/xilinx_com_hls_myproject_1_0.zip
INFO: [Common 17-206] Exiting Vivado at Mon Oct 27 14:29:16 2025...
